RUN_BEGIN cells=263 noise=1 iters=20 warmup=3 every=25 1790154463.983183
MARK CELL_BEGIN N0000 1790154463.983288
MARK CELL_END N0000 1790154464.489479
CELL {"seq":0,"id":"N0000","group":"N","rw":1024,"rh":1024,"sw":1024,"sh":1024,"ratio":"1x","reuse":1,"batch":1,"residency":"warm","readback":"none","iters":20,"iter_ns_p50":19094843,"iter_ns_p95":23261875,"per_op_ns_p50":19094843,"x_cpu_ticks":37,"errors":0,"pixel_ok":true,"wall":[1790154463.983288,1790154464.489479],"iter_ns":[18462917,19429635,18108959,17699166,19094843,19466042,23261875,16993645,18202083,17917605,19423594,21333386,18190156,20257552,18855885,20530937,19683906,20539844,17544740,17470625]}
MARK CELL_BEGIN C0226 1790154464.489545
MARK CELL_END C0226 1790154464.580174
CELL {"seq":1,"id":"C0226","group":"C","rw":128,"rh":128,"sw":128,"sh":128,"ratio":"1x","reuse":1,"batch":1,"residency":"cold","readback":"delayed","iters":20,"iter_ns_p50":2665625,"iter_ns_p95":8226146,"per_op_ns_p50":2665625,"x_cpu_ticks":2,"errors":0,"pixel_ok":true,"wall":[1790154464.489545,1790154464.580174],"iter_ns":[2665625,5421250,2464583,2033907,2074010,2005729,8226146,2333958,2130782,2212448,2212812,2325938,7194635,3241875,3892031,3356146,2802708,2476146,3190208,2956302]}
MARK CELL_BEGIN A0114 1790154464.580204
MARK CELL_END A0114 1790154475.642763
CELL {"seq":2,"id":"A0114","group":"A","rw":1200,"rh":2608,"sw":1200,"sh":2608,"ratio":"1x","reuse":1,"batch":8,"residency":"warm","readback":"none","iters":20,"iter_ns_p50":460617500,"iter_ns_p95":589583698,"per_op_ns_p50":57577187,"x_cpu_ticks":857,"errors":0,"pixel_ok":true,"wall":[1790154464.580204,1790154475.642763],"iter_ns":[392163386,397280469,430439531,444347813,412858437,417024375,411610989,419023541,466490781,454172968,440461511,461739843,486691302,563226250,589583698,526683489,486916771,510499323,460617500,460983802]}
MARK CELL_BEGIN A0008 1790154475.643016
MARK CELL_END A0008 1790154476.312302
CELL {"seq":3,"id":"A0008","group":"A","rw":1,"rh":1,"sw":1,"sh":1,"ratio":"1x","reuse":1,"batch":8,"residency":"warm","readback":"delayed","iters":20,"iter_ns_p50":28197604,"iter_ns_p95":41719479,"per_op_ns_p50":3524700,"x_cpu_ticks":8,"errors":0,"pixel_ok":true,"wall":[1790154475.643016,1790154476.312302],"iter_ns":[40436719,40346823,30731823,39106406,28197604,41719479,15756927,20838385,23521666,29483125,18760677,34064479,23933958,29430208,18631146,13315052,12869375,18774115,19500312,33385208]}
MARK CELL_BEGIN A0007 1790154476.312367
MARK CELL_END A0007 1790154477.113588
CELL {"seq":4,"id":"A0007","group":"A","rw":1,"rh":1,"sw":1,"sh":1,"ratio":"1x","reuse":1,"batch":8,"residency":"warm","readback":"immediate","iters":20,"iter_ns_p50":32719427,"iter_ns_p95":44429531,"per_op_ns_p50":4089928,"x_cpu_ticks":13,"errors":0,"pixel_ok":true,"wall":[1790154476.312367,1790154477.113588],"iter_ns":[29526875,30920625,21095000,36984427,27306198,31785365,36597187,40251771,33469688,24239271,40530208,40209635,44429531,43966458,32719427,34776718,28930625,20107865,25584010,29161406]}
MARK CELL_BEGIN A0118 1790154477.113640
MARK CELL_END A0118 1790154504.508457
CELL {"seq":5,"id":"A0118","group":"A","rw":1200,"rh":2608,"sw":1200,"sh":2608,"ratio":"1x","reuse":1,"batch":16,"residency":"warm","readback":"immediate","iters":20,"iter_ns_p50":1100182708,"iter_ns_p95":1836972864,"per_op_ns_p50":68761419,"x_cpu_ticks":1783,"errors":0,"pixel_ok":true,"wall":[1790154477.113640,1790154504.508457],"iter_ns":[1225087291,1087814271,922595521,1060797239,1836972864,1309362395,1201443385,1084716562,1110651822,937136614,940079270,1100182708,1030822969,1351574687,1174439792,957601406,778103021,864866927,1251488802,1244388176]}
MARK CELL_BEGIN B0151 1790154504.508960
MARK CELL_END B0151 1790154504.636757
CELL {"seq":6,"id":"B0151","group":"B","rw":16,"rh":16,"sw":64,"sh":64,"ratio":"16x","reuse":1,"batch":1,"residency":"warm","readback":"none","iters":20,"iter_ns_p50":3249791,"iter_ns_p95":14069584,"per_op_ns_p50":3249791,"x_cpu_ticks":1,"errors":0,"pixel_ok":true,"wall":[1790154504.508960,1790154504.636757],"iter_ns":[4662969,3249791,2340989,1086458,9341719,14069584,8776458,2295052,1740156,3720364,6692084,5424740,1384792,3107656,6106823,1495105,1873697,4505625,1666927,1245834]}
MARK CELL_BEGIN A0082 1790154504.636797
MARK CELL_END A0082 1790154505.851005
CELL {"seq":7,"id":"A0082","group":"A","rw":256,"rh":256,"sw":256,"sh":256,"ratio":"1x","reuse":1,"batch":16,"residency":"warm","readback":"immediate","iters":20,"iter_ns_p50":41686875,"iter_ns_p95":88806250,"per_op_ns_p50":2605429,"x_cpu_ticks":47,"errors":0,"pixel_ok":true,"wall":[1790154504.636797,1790154505.851005],"iter_ns":[45584531,34947604,41686875,36338229,35244167,37877500,45740990,56692344,88806250,59755469,34786823,31460782,33611614,41681406,36493073,61168073,47021979,59517343,36016042,54584635]}
MARK CELL_BEGIN B0172 1790154505.851169
MARK CELL_END B0172 1790154505.967432
CELL {"seq":8,"id":"B0172","group":"B","rw":64,"rh":64,"sw":64,"sh":64,"ratio":"1x","reuse":16,"batch":1,"residency":"warm","readback":"none","iters":20,"iter_ns_p50":3925000,"iter_ns_p95":8942969,"per_op_ns_p50":3925000,"x_cpu_ticks":3,"errors":0,"pixel_ok":true,"wall":[1790154505.851169,1790154505.967432],"iter_ns":[1897344,1797083,7711979,7720573,7056823,2794584,3610261,7865052,8680208,4247500,8942969,3925000,8157812,1704375,3912812,1510104,2668958,1528073,6650417,2205052]}
MARK CELL_BEGIN C0237 1790154505.967469
