dbus-daemon[13038]: [session uid=0 pid=13038] org.freedesktop.DBus.Error.AccessDenied: Failed to set fd limit to 65536: Operation not permitted
dbus-daemon[13038]: [session uid=0 pid=13038] Activating service name='org.xfce.Xfconf' requested by ':1.0' (uid=0 pid=13042 comm="xfce4-session" label="u:r:untrusted_app_27:s0:c109,c257,c512,c768")
dbus-daemon[13038]: [session uid=0 pid=13038] Successfully activated service 'org.xfce.Xfconf'
/usr/bin/iceauth:  creating new authority file /tmp/xfce-x3-run-20260925173850-11343/runtime/ICEauthority
dbus-daemon[13038]: [session uid=0 pid=13038] Activating service name='org.gtk.vfs.Daemon' requested by ':1.2' (uid=0 pid=13089 comm="xfwm4" label="u:r:untrusted_app_27:s0:c109,c257,c512,c768")
dbus-daemon[13038]: [session uid=0 pid=13038] Successfully activated service 'org.gtk.vfs.Daemon'

(xfsettingsd:13289): libupower-glib-WARNING **: 17:39:17.504: Couldn't connect to proxy: Could not connect: No such file or directory
dbus-daemon[13038]: [session uid=0 pid=13038] Activating service name='org.freedesktop.thumbnails.Thumbnailer1' requested by ':1.7' (uid=0 pid=13341 comm="xfdesktop" label="u:r:untrusted_app_27:s0:c109,c257,c512,c768")

(tumblerd:13370): tumblerd-WARNING **: 17:39:18.880: Couldn't change nice value of process.
libclock-Message: 17:39:19.041: could not get proxy for org.freedesktop.login1

(xfce4-panel:13296): libclock-WARNING **: 17:39:19.043: could not instantiate a sleep monitor

(xfce4-session:13042): xfce4-session-WARNING **: 17:39:20.517: failed to run script: Failed to execute child process “/usr/bin/pm-is-supported” (No such file or directory)

(xfce4-session:13042): xfce4-session-WARNING **: 17:39:20.524: failed to run script: Failed to execute child process “/usr/bin/pm-is-supported” (No such file or directory)

(xfce4-session:13042): xfce4-session-WARNING **: 17:39:20.531: failed to run script: Failed to execute child process “/usr/bin/pm-is-supported” (No such file or directory)
dbus-daemon[13038]: [session uid=0 pid=13038] Activating service name='org.xfce.Notifyd' requested by ':1.9' (uid=0 pid=13403 comm="/usr/lib/aarch64-linux-gnu/xfce4/panel/wrapper-2.0" label="u:r:untrusted_app_27:s0:c109,c257,c512,c768")
dbus-daemon[13038]: [session uid=0 pid=13038] Activating service name='org.gtk.vfs.UDisks2VolumeMonitor' requested by ':1.8' (uid=0 pid=13370 comm="/usr/lib/aarch64-linux-gnu/tumbler-1/tumblerd" label="u:r:untrusted_app_27:s0:c109,c257,c512,c768")

(process:13717): GVFS-UDisks2-WARNING **: 17:39:20.646: Failed to connect to UDisks: Could not connect: No such file or directory

(process:13717): GVFS-RemoteVolumeMonitorDaemon-WARNING **: 17:39:20.647: monitor says it's not supported
dbus-daemon[13038]: [session uid=0 pid=13038] Successfully activated service 'org.gtk.vfs.UDisks2VolumeMonitor'

(process:13717): GVFS-RemoteVolumeMonitorDaemon-WARNING **: 17:39:20.657: monitor says it's not supported

(tumblerd:13370): GVFS-RemoteVolumeMonitor-WARNING **: 17:39:20.658: remote volume monitor with dbus name org.gtk.vfs.UDisks2VolumeMonitor is not supported

(tumblerd:13370): GLib-GIO-WARNING **: 17:39:20.671: Error creating IO channel for /proc/self/mountinfo: Operation not permitted (g-io-error-quark, 14)
dbus-daemon[13038]: [session uid=0 pid=13038] Activating service name='org.gtk.vfs.AfcVolumeMonitor' requested by ':1.8' (uid=0 pid=13370 comm="/usr/lib/aarch64-linux-gnu/tumbler-1/tumblerd" label="u:r:untrusted_app_27:s0:c109,c257,c512,c768")
dbus-daemon[13038]: [session uid=0 pid=13038] Successfully activated service 'org.xfce.Notifyd'
dbus-daemon[13038]: [session uid=0 pid=13038] Successfully activated service 'org.gtk.vfs.AfcVolumeMonitor'
dbus-daemon[13038]: [session uid=0 pid=13038] Activating service name='org.gtk.vfs.MTPVolumeMonitor' requested by ':1.8' (uid=0 pid=13370 comm="/usr/lib/aarch64-linux-gnu/tumbler-1/tumblerd" label="u:r:untrusted_app_27:s0:c109,c257,c512,c768")
dbus-daemon[13038]: [session uid=0 pid=13038] Successfully activated service 'org.gtk.vfs.MTPVolumeMonitor'
dbus-daemon[13038]: [session uid=0 pid=13038] Activating service name='org.gtk.vfs.GPhoto2VolumeMonitor' requested by ':1.8' (uid=0 pid=13370 comm="/usr/lib/aarch64-linux-gnu/tumbler-1/tumblerd" label="u:r:untrusted_app_27:s0:c109,c257,c512,c768")
dbus-daemon[13038]: [session uid=0 pid=13038] Successfully activated service 'org.gtk.vfs.GPhoto2VolumeMonitor'
dbus-daemon[13038]: [session uid=0 pid=13038] Activating service name='org.gtk.vfs.GoaVolumeMonitor' requested by ':1.8' (uid=0 pid=13370 comm="/usr/lib/aarch64-linux-gnu/tumbler-1/tumblerd" label="u:r:untrusted_app_27:s0:c109,c257,c512,c768")
dbus-daemon[13038]: [session uid=0 pid=13038] Successfully activated service 'org.gtk.vfs.GoaVolumeMonitor'
dbus-daemon[13038]: [session uid=0 pid=13038] Successfully activated service 'org.freedesktop.thumbnails.Thumbnailer1'

(xfdesktop:13341): GLib-GObject-CRITICAL **: 17:39:20.864: g_object_unref: assertion 'G_IS_OBJECT (object)' failed

(process:13717): GVFS-RemoteVolumeMonitorDaemon-WARNING **: 17:39:20.891: monitor says it's not supported

(xfdesktop:13341): GVFS-RemoteVolumeMonitor-WARNING **: 17:39:20.891: remote volume monitor with dbus name org.gtk.vfs.UDisks2VolumeMonitor is not supported

(xfdesktop:13341): GLib-GIO-WARNING **: 17:39:20.895: Error creating IO channel for /proc/self/mountinfo: Operation not permitted (g-io-error-quark, 14)

(process:13782): GLib-GIO-WARNING **: 17:39:20.962: Error creating IO channel for /proc/self/mountinfo: Operation not permitted (g-io-error-quark, 14)
dbus-daemon[13038]: [session uid=0 pid=13038] Activating service name='org.gtk.vfs.Metadata' requested by ':1.7' (uid=0 pid=13341 comm="xfdesktop" label="u:r:untrusted_app_27:s0:c109,c257,c512,c768")
dbus-daemon[13038]: [session uid=0 pid=13038] Successfully activated service 'org.gtk.vfs.Metadata'

** (xfdesktop:13341): WARNING **: 17:39:21.228: Failed to get system bus: Could not connect: No such file or directory
A connection to the bus can't be made

(xfconfd:13076): xfconfd-WARNING **: 17:42:16.837: Name org.xfce.Xfconf lost on the message dbus, exiting.

(tumblerd:13370): tumblerd-CRITICAL **: 17:42:16.840: Name org.freedesktop.thumbnails.Cache1 lost on the message dbus, exiting.

(tumblerd:13370): tumblerd-CRITICAL **: 17:42:16.841: Name org.freedesktop.thumbnails.Manager1 lost on the message dbus, exiting.

(tumblerd:13370): tumblerd-CRITICAL **: 17:42:16.841: Name org.freedesktop.thumbnails.Thumbnailer1 lost on the message dbus, exiting.
A connection to the bus can't be made
Another notification daemon is running, exiting
Another notification daemon is running, exiting

(xfsettingsd:13289): xfconf-WARNING **: 17:42:16.875: Failed to set property "keyboards::/Default/Numlock": The connection is closed
