dbus-daemon[25970]: [session uid=0 pid=25970] org.freedesktop.DBus.Error.AccessDenied: Failed to set fd limit to 65536: Operation not permitted
dbus-daemon[25970]: [session uid=0 pid=25970] Activating service name='org.xfce.Xfconf' requested by ':1.0' (uid=0 pid=25976 comm="xfce4-session" label="u:r:untrusted_app_27:s0:c109,c257,c512,c768")
dbus-daemon[25970]: [session uid=0 pid=25970] Successfully activated service 'org.xfce.Xfconf'
/usr/bin/iceauth:  creating new authority file /tmp/xfce-x3-run-20260923151113-24675/runtime/ICEauthority
dbus-daemon[25970]: [session uid=0 pid=25970] Activating service name='org.gtk.vfs.Daemon' requested by ':1.2' (uid=0 pid=25992 comm="xfwm4" label="u:r:untrusted_app_27:s0:c109,c257,c512,c768")
dbus-daemon[25970]: [session uid=0 pid=25970] Successfully activated service 'org.gtk.vfs.Daemon'

(xfsettingsd:26127): libupower-glib-WARNING **: 15:11:34.379: Couldn't connect to proxy: Could not connect: No such file or directory
dbus-daemon[25970]: [session uid=0 pid=25970] Activating service name='org.freedesktop.thumbnails.Thumbnailer1' requested by ':1.7' (uid=0 pid=26213 comm="xfdesktop" label="u:r:untrusted_app_27:s0:c109,c257,c512,c768")

(tumblerd:26225): tumblerd-WARNING **: 15:11:35.697: Couldn't change nice value of process.
libclock-Message: 15:11:35.956: could not get proxy for org.freedesktop.login1

(xfce4-panel:26192): libclock-WARNING **: 15:11:35.956: could not instantiate a sleep monitor
dbus-daemon[25970]: [session uid=0 pid=25970] Activating service name='org.gtk.vfs.UDisks2VolumeMonitor' requested by ':1.8' (uid=0 pid=26225 comm="/usr/lib/aarch64-linux-gnu/tumbler-1/tumblerd" label="u:r:untrusted_app_27:s0:c109,c257,c512,c768")

(process:26285): GVFS-UDisks2-WARNING **: 15:11:37.164: Failed to connect to UDisks: Could not connect: No such file or directory

(process:26285): GVFS-RemoteVolumeMonitorDaemon-WARNING **: 15:11:37.165: monitor says it's not supported
dbus-daemon[25970]: [session uid=0 pid=25970] Successfully activated service 'org.gtk.vfs.UDisks2VolumeMonitor'

(process:26285): GVFS-RemoteVolumeMonitorDaemon-WARNING **: 15:11:37.174: monitor says it's not supported

(tumblerd:26225): GVFS-RemoteVolumeMonitor-WARNING **: 15:11:37.175: remote volume monitor with dbus name org.gtk.vfs.UDisks2VolumeMonitor is not supported

(tumblerd:26225): GLib-GIO-WARNING **: 15:11:37.178: Error creating IO channel for /proc/self/mountinfo: Operation not permitted (g-io-error-quark, 14)
dbus-daemon[25970]: [session uid=0 pid=25970] Activating service name='org.gtk.vfs.AfcVolumeMonitor' requested by ':1.8' (uid=0 pid=26225 comm="/usr/lib/aarch64-linux-gnu/tumbler-1/tumblerd" label="u:r:untrusted_app_27:s0:c109,c257,c512,c768")
dbus-daemon[25970]: [session uid=0 pid=25970] Successfully activated service 'org.gtk.vfs.AfcVolumeMonitor'
dbus-daemon[25970]: [session uid=0 pid=25970] Activating service name='org.gtk.vfs.MTPVolumeMonitor' requested by ':1.8' (uid=0 pid=26225 comm="/usr/lib/aarch64-linux-gnu/tumbler-1/tumblerd" label="u:r:untrusted_app_27:s0:c109,c257,c512,c768")
dbus-daemon[25970]: [session uid=0 pid=25970] Successfully activated service 'org.gtk.vfs.MTPVolumeMonitor'
dbus-daemon[25970]: [session uid=0 pid=25970] Activating service name='org.gtk.vfs.GPhoto2VolumeMonitor' requested by ':1.8' (uid=0 pid=26225 comm="/usr/lib/aarch64-linux-gnu/tumbler-1/tumblerd" label="u:r:untrusted_app_27:s0:c109,c257,c512,c768")
dbus-daemon[25970]: [session uid=0 pid=25970] Successfully activated service 'org.gtk.vfs.GPhoto2VolumeMonitor'
dbus-daemon[25970]: [session uid=0 pid=25970] Activating service name='org.gtk.vfs.GoaVolumeMonitor' requested by ':1.8' (uid=0 pid=26225 comm="/usr/lib/aarch64-linux-gnu/tumbler-1/tumblerd" label="u:r:untrusted_app_27:s0:c109,c257,c512,c768")
dbus-daemon[25970]: [session uid=0 pid=25970] Successfully activated service 'org.gtk.vfs.GoaVolumeMonitor'
dbus-daemon[25970]: [session uid=0 pid=25970] Successfully activated service 'org.freedesktop.thumbnails.Thumbnailer1'

(xfdesktop:26213): GLib-GObject-CRITICAL **: 15:11:37.375: g_object_unref: assertion 'G_IS_OBJECT (object)' failed

(process:26285): GVFS-RemoteVolumeMonitorDaemon-WARNING **: 15:11:37.527: monitor says it's not supported

(xfdesktop:26213): GVFS-RemoteVolumeMonitor-WARNING **: 15:11:37.528: remote volume monitor with dbus name org.gtk.vfs.UDisks2VolumeMonitor is not supported

(xfdesktop:26213): GLib-GIO-WARNING **: 15:11:37.531: Error creating IO channel for /proc/self/mountinfo: Operation not permitted (g-io-error-quark, 14)

(process:26341): GLib-GIO-WARNING **: 15:11:37.636: Error creating IO channel for /proc/self/mountinfo: Operation not permitted (g-io-error-quark, 14)

(xfce4-session:25976): xfce4-session-WARNING **: 15:11:37.696: failed to run script: Failed to execute child process “/usr/bin/pm-is-supported” (No such file or directory)

(xfce4-session:25976): xfce4-session-WARNING **: 15:11:37.701: failed to run script: Failed to execute child process “/usr/bin/pm-is-supported” (No such file or directory)

(xfce4-session:25976): xfce4-session-WARNING **: 15:11:37.705: failed to run script: Failed to execute child process “/usr/bin/pm-is-supported” (No such file or directory)
dbus-daemon[25970]: [session uid=0 pid=25970] Activating service name='org.gtk.vfs.Metadata' requested by ':1.7' (uid=0 pid=26213 comm="xfdesktop" label="u:r:untrusted_app_27:s0:c109,c257,c512,c768")
dbus-daemon[25970]: [session uid=0 pid=25970] Successfully activated service 'org.gtk.vfs.Metadata'
dbus-daemon[25970]: [session uid=0 pid=25970] Activating service name='org.xfce.Notifyd' requested by ':1.9' (uid=0 pid=26236 comm="/usr/lib/aarch64-linux-gnu/xfce4/panel/wrapper-2.0" label="u:r:untrusted_app_27:s0:c109,c257,c512,c768")

** (xfdesktop:26213): WARNING **: 15:11:38.196: Failed to get system bus: Could not connect: No such file or directory
dbus-daemon[25970]: [session uid=0 pid=25970] Successfully activated service 'org.xfce.Notifyd'

(xfconfd:25981): xfconfd-WARNING **: 15:14:42.195: Name org.xfce.Xfconf lost on the message dbus, exiting.
A connection to the bus can't be made

(tumblerd:26225): tumblerd-CRITICAL **: 15:14:42.205: Name org.freedesktop.thumbnails.Cache1 lost on the message dbus, exiting.

(tumblerd:26225): tumblerd-CRITICAL **: 15:14:42.205: Name org.freedesktop.thumbnails.Manager1 lost on the message dbus, exiting.

(tumblerd:26225): tumblerd-CRITICAL **: 15:14:42.206: Name org.freedesktop.thumbnails.Thumbnailer1 lost on the message dbus, exiting.
A connection to the bus can't be made
Another notification daemon is running, exiting
Another notification daemon is running, exiting
