dbus-daemon[5681]: [session uid=0 pid=5681] org.freedesktop.DBus.Error.AccessDenied: Failed to set fd limit to 65536: Operation not permitted
dbus-daemon[5681]: [session uid=0 pid=5681] Activating service name='org.xfce.Xfconf' requested by ':1.0' (uid=0 pid=5685 comm="xfce4-session" label="u:r:untrusted_app_27:s0:c109,c257,c512,c768")
dbus-daemon[5681]: [session uid=0 pid=5681] Successfully activated service 'org.xfce.Xfconf'
/usr/bin/iceauth:  creating new authority file /tmp/xfce-x3-run-20260926023637-1545/runtime/ICEauthority
dbus-daemon[5681]: [session uid=0 pid=5681] Activating service name='org.gtk.vfs.Daemon' requested by ':1.2' (uid=0 pid=5722 comm="xfwm4" label="u:r:untrusted_app_27:s0:c109,c257,c512,c768")
dbus-daemon[5681]: [session uid=0 pid=5681] Successfully activated service 'org.gtk.vfs.Daemon'

(xfsettingsd:5846): libupower-glib-WARNING **: 02:36:55.209: Couldn't connect to proxy: Could not connect: No such file or directory
dbus-daemon[5681]: [session uid=0 pid=5681] Activating service name='org.freedesktop.thumbnails.Thumbnailer1' requested by ':1.7' (uid=0 pid=5933 comm="xfdesktop" label="u:r:untrusted_app_27:s0:c109,c257,c512,c768")

(tumblerd:5955): tumblerd-WARNING **: 02:36:55.672: Couldn't change nice value of process.
libclock-Message: 02:36:55.855: could not get proxy for org.freedesktop.login1

(xfce4-panel:5904): libclock-WARNING **: 02:36:55.855: could not instantiate a sleep monitor
dbus-daemon[5681]: [session uid=0 pid=5681] Activating service name='org.gtk.vfs.UDisks2VolumeMonitor' requested by ':1.8' (uid=0 pid=5955 comm="/usr/lib/aarch64-linux-gnu/tumbler-1/tumblerd" label="u:r:untrusted_app_27:s0:c109,c257,c512,c768")

(process:6462): GVFS-UDisks2-WARNING **: 02:36:56.496: Failed to connect to UDisks: Could not connect: No such file or directory

(process:6462): GVFS-RemoteVolumeMonitorDaemon-WARNING **: 02:36:56.496: monitor says it's not supported
dbus-daemon[5681]: [session uid=0 pid=5681] Successfully activated service 'org.gtk.vfs.UDisks2VolumeMonitor'

(process:6462): GVFS-RemoteVolumeMonitorDaemon-WARNING **: 02:36:56.500: monitor says it's not supported

(tumblerd:5955): GVFS-RemoteVolumeMonitor-WARNING **: 02:36:56.500: remote volume monitor with dbus name org.gtk.vfs.UDisks2VolumeMonitor is not supported

(tumblerd:5955): GLib-GIO-WARNING **: 02:36:56.503: Error creating IO channel for /proc/self/mountinfo: Operation not permitted (g-io-error-quark, 14)
dbus-daemon[5681]: [session uid=0 pid=5681] Activating service name='org.gtk.vfs.AfcVolumeMonitor' requested by ':1.8' (uid=0 pid=5955 comm="/usr/lib/aarch64-linux-gnu/tumbler-1/tumblerd" label="u:r:untrusted_app_27:s0:c109,c257,c512,c768")
dbus-daemon[5681]: [session uid=0 pid=5681] Successfully activated service 'org.gtk.vfs.AfcVolumeMonitor'
dbus-daemon[5681]: [session uid=0 pid=5681] Activating service name='org.gtk.vfs.MTPVolumeMonitor' requested by ':1.8' (uid=0 pid=5955 comm="/usr/lib/aarch64-linux-gnu/tumbler-1/tumblerd" label="u:r:untrusted_app_27:s0:c109,c257,c512,c768")
dbus-daemon[5681]: [session uid=0 pid=5681] Successfully activated service 'org.gtk.vfs.MTPVolumeMonitor'
dbus-daemon[5681]: [session uid=0 pid=5681] Activating service name='org.gtk.vfs.GPhoto2VolumeMonitor' requested by ':1.8' (uid=0 pid=5955 comm="/usr/lib/aarch64-linux-gnu/tumbler-1/tumblerd" label="u:r:untrusted_app_27:s0:c109,c257,c512,c768")
dbus-daemon[5681]: [session uid=0 pid=5681] Successfully activated service 'org.gtk.vfs.GPhoto2VolumeMonitor'
dbus-daemon[5681]: [session uid=0 pid=5681] Activating service name='org.gtk.vfs.GoaVolumeMonitor' requested by ':1.8' (uid=0 pid=5955 comm="/usr/lib/aarch64-linux-gnu/tumbler-1/tumblerd" label="u:r:untrusted_app_27:s0:c109,c257,c512,c768")

(xfce4-session:5685): xfce4-session-WARNING **: 02:36:56.585: failed to run script: Failed to execute child process “/usr/bin/pm-is-supported” (No such file or directory)

(xfce4-session:5685): xfce4-session-WARNING **: 02:36:56.590: failed to run script: Failed to execute child process “/usr/bin/pm-is-supported” (No such file or directory)
dbus-daemon[5681]: [session uid=0 pid=5681] Successfully activated service 'org.gtk.vfs.GoaVolumeMonitor'

(xfce4-session:5685): xfce4-session-WARNING **: 02:36:56.599: failed to run script: Failed to execute child process “/usr/bin/pm-is-supported” (No such file or directory)
dbus-daemon[5681]: [session uid=0 pid=5681] Activating service name='org.xfce.Notifyd' requested by ':1.9' (uid=0 pid=6049 comm="/usr/lib/aarch64-linux-gnu/xfce4/panel/wrapper-2.0" label="u:r:untrusted_app_27:s0:c109,c257,c512,c768")
dbus-daemon[5681]: [session uid=0 pid=5681] Successfully activated service 'org.freedesktop.thumbnails.Thumbnailer1'

(xfdesktop:5933): GLib-GObject-CRITICAL **: 02:36:56.644: g_object_unref: assertion 'G_IS_OBJECT (object)' failed

(process:6462): GVFS-RemoteVolumeMonitorDaemon-WARNING **: 02:36:56.674: monitor says it's not supported

(xfdesktop:5933): GVFS-RemoteVolumeMonitor-WARNING **: 02:36:56.675: remote volume monitor with dbus name org.gtk.vfs.UDisks2VolumeMonitor is not supported

(xfdesktop:5933): GLib-GIO-WARNING **: 02:36:56.678: Error creating IO channel for /proc/self/mountinfo: Operation not permitted (g-io-error-quark, 14)
dbus-daemon[5681]: [session uid=0 pid=5681] Successfully activated service 'org.xfce.Notifyd'

(process:6536): GLib-GIO-WARNING **: 02:36:56.729: Error creating IO channel for /proc/self/mountinfo: Operation not permitted (g-io-error-quark, 14)
dbus-daemon[5681]: [session uid=0 pid=5681] Activating service name='org.gtk.vfs.Metadata' requested by ':1.7' (uid=0 pid=5933 comm="xfdesktop" label="u:r:untrusted_app_27:s0:c109,c257,c512,c768")
dbus-daemon[5681]: [session uid=0 pid=5681] Successfully activated service 'org.gtk.vfs.Metadata'

** (xfdesktop:5933): WARNING **: 02:36:56.896: Failed to get system bus: Could not connect: No such file or directory
A connection to the bus can't be made

(xfsettingsd:5846): xfconf-WARNING **: 02:39:50.453: Failed to set property "keyboards::/Default/Numlock": The connection is closed

(xfconfd:5710): xfconfd-WARNING **: 02:39:50.456: Name org.xfce.Xfconf lost on the message dbus, exiting.

(tumblerd:5955): tumblerd-CRITICAL **: 02:39:50.457: Name org.freedesktop.thumbnails.Cache1 lost on the message dbus, exiting.

(tumblerd:5955): tumblerd-CRITICAL **: 02:39:50.457: Name org.freedesktop.thumbnails.Manager1 lost on the message dbus, exiting.

(tumblerd:5955): tumblerd-CRITICAL **: 02:39:50.457: Name org.freedesktop.thumbnails.Thumbnailer1 lost on the message dbus, exiting.
A connection to the bus can't be made
Another notification daemon is running, exiting
Another notification daemon is running, exiting
