dbus-daemon[9190]: [session uid=0 pid=9190] org.freedesktop.DBus.Error.AccessDenied: Failed to set fd limit to 65536: Operation not permitted
dbus-daemon[9190]: [session uid=0 pid=9190] Activating service name='org.xfce.Xfconf' requested by ':1.0' (uid=0 pid=9210 comm="xfce4-session" label="u:r:untrusted_app_27:s0:c109,c257,c512,c768")
dbus-daemon[9190]: [session uid=0 pid=9190] Successfully activated service 'org.xfce.Xfconf'
/usr/bin/iceauth:  creating new authority file /tmp/xfce-x3-run-20260923105121-7031/runtime/ICEauthority
dbus-daemon[9190]: [session uid=0 pid=9190] Activating service name='org.gtk.vfs.Daemon' requested by ':1.2' (uid=0 pid=9236 comm="xfwm4" label="u:r:untrusted_app_27:s0:c109,c257,c512,c768")
dbus-daemon[9190]: [session uid=0 pid=9190] Successfully activated service 'org.gtk.vfs.Daemon'

(xfsettingsd:9599): libupower-glib-WARNING **: 10:51:44.318: Couldn't connect to proxy: Could not connect: No such file or directory
dbus-daemon[9190]: [session uid=0 pid=9190] Activating service name='org.freedesktop.thumbnails.Thumbnailer1' requested by ':1.7' (uid=0 pid=9657 comm="xfdesktop" label="u:r:untrusted_app_27:s0:c109,c257,c512,c768")

(tumblerd:9687): tumblerd-WARNING **: 10:51:45.998: Couldn't change nice value of process.
libclock-Message: 10:51:46.064: could not get proxy for org.freedesktop.login1

(xfce4-panel:9637): libclock-WARNING **: 10:51:46.064: could not instantiate a sleep monitor
dbus-daemon[9190]: [session uid=0 pid=9190] Activating service name='org.gtk.vfs.UDisks2VolumeMonitor' requested by ':1.8' (uid=0 pid=9687 comm="/usr/lib/aarch64-linux-gnu/tumbler-1/tumblerd" label="u:r:untrusted_app_27:s0:c109,c257,c512,c768")

(process:9719): GVFS-UDisks2-WARNING **: 10:51:47.327: Failed to connect to UDisks: Could not connect: No such file or directory

(process:9719): GVFS-RemoteVolumeMonitorDaemon-WARNING **: 10:51:47.328: monitor says it's not supported
dbus-daemon[9190]: [session uid=0 pid=9190] Successfully activated service 'org.gtk.vfs.UDisks2VolumeMonitor'

(process:9719): GVFS-RemoteVolumeMonitorDaemon-WARNING **: 10:51:47.343: monitor says it's not supported

(tumblerd:9687): GVFS-RemoteVolumeMonitor-WARNING **: 10:51:47.344: remote volume monitor with dbus name org.gtk.vfs.UDisks2VolumeMonitor is not supported

(tumblerd:9687): GLib-GIO-WARNING **: 10:51:47.350: Error creating IO channel for /proc/self/mountinfo: Operation not permitted (g-io-error-quark, 14)
dbus-daemon[9190]: [session uid=0 pid=9190] Activating service name='org.gtk.vfs.AfcVolumeMonitor' requested by ':1.8' (uid=0 pid=9687 comm="/usr/lib/aarch64-linux-gnu/tumbler-1/tumblerd" label="u:r:untrusted_app_27:s0:c109,c257,c512,c768")
dbus-daemon[9190]: [session uid=0 pid=9190] Successfully activated service 'org.gtk.vfs.AfcVolumeMonitor'
dbus-daemon[9190]: [session uid=0 pid=9190] Activating service name='org.gtk.vfs.MTPVolumeMonitor' requested by ':1.8' (uid=0 pid=9687 comm="/usr/lib/aarch64-linux-gnu/tumbler-1/tumblerd" label="u:r:untrusted_app_27:s0:c109,c257,c512,c768")
dbus-daemon[9190]: [session uid=0 pid=9190] Successfully activated service 'org.gtk.vfs.MTPVolumeMonitor'
dbus-daemon[9190]: [session uid=0 pid=9190] Activating service name='org.gtk.vfs.GPhoto2VolumeMonitor' requested by ':1.8' (uid=0 pid=9687 comm="/usr/lib/aarch64-linux-gnu/tumbler-1/tumblerd" label="u:r:untrusted_app_27:s0:c109,c257,c512,c768")
dbus-daemon[9190]: [session uid=0 pid=9190] Successfully activated service 'org.gtk.vfs.GPhoto2VolumeMonitor'
dbus-daemon[9190]: [session uid=0 pid=9190] Activating service name='org.gtk.vfs.GoaVolumeMonitor' requested by ':1.8' (uid=0 pid=9687 comm="/usr/lib/aarch64-linux-gnu/tumbler-1/tumblerd" label="u:r:untrusted_app_27:s0:c109,c257,c512,c768")
dbus-daemon[9190]: [session uid=0 pid=9190] Successfully activated service 'org.gtk.vfs.GoaVolumeMonitor'
dbus-daemon[9190]: [session uid=0 pid=9190] Successfully activated service 'org.freedesktop.thumbnails.Thumbnailer1'

(xfdesktop:9657): GLib-GObject-CRITICAL **: 10:51:47.601: g_object_unref: assertion 'G_IS_OBJECT (object)' failed

(process:9719): GVFS-RemoteVolumeMonitorDaemon-WARNING **: 10:51:47.681: monitor says it's not supported

(xfdesktop:9657): GVFS-RemoteVolumeMonitor-WARNING **: 10:51:47.682: remote volume monitor with dbus name org.gtk.vfs.UDisks2VolumeMonitor is not supported

(xfdesktop:9657): GLib-GIO-WARNING **: 10:51:47.685: Error creating IO channel for /proc/self/mountinfo: Operation not permitted (g-io-error-quark, 14)

(process:9809): GLib-GIO-WARNING **: 10:51:47.783: Error creating IO channel for /proc/self/mountinfo: Operation not permitted (g-io-error-quark, 14)
dbus-daemon[9190]: [session uid=0 pid=9190] Activating service name='org.gtk.vfs.Metadata' requested by ':1.7' (uid=0 pid=9657 comm="xfdesktop" label="u:r:untrusted_app_27:s0:c109,c257,c512,c768")

(xfce4-session:9210): xfce4-session-WARNING **: 10:51:47.869: failed to run script: Failed to execute child process “/usr/bin/pm-is-supported” (No such file or directory)

(xfce4-session:9210): xfce4-session-WARNING **: 10:51:47.877: failed to run script: Failed to execute child process “/usr/bin/pm-is-supported” (No such file or directory)

(xfce4-session:9210): xfce4-session-WARNING **: 10:51:47.885: failed to run script: Failed to execute child process “/usr/bin/pm-is-supported” (No such file or directory)
dbus-daemon[9190]: [session uid=0 pid=9190] Successfully activated service 'org.gtk.vfs.Metadata'
dbus-daemon[9190]: [session uid=0 pid=9190] Activating service name='org.xfce.Notifyd' requested by ':1.9' (uid=0 pid=9684 comm="/usr/lib/aarch64-linux-gnu/xfce4/panel/wrapper-2.0" label="u:r:untrusted_app_27:s0:c109,c257,c512,c768")

** (xfdesktop:9657): WARNING **: 10:51:48.322: Failed to get system bus: Could not connect: No such file or directory
dbus-daemon[9190]: [session uid=0 pid=9190] Successfully activated service 'org.xfce.Notifyd'
A connection to the bus can't be made

(tumblerd:9687): tumblerd-CRITICAL **: 10:54:57.719: Name org.freedesktop.thumbnails.Cache1 lost on the message dbus, exiting.

(tumblerd:9687): tumblerd-CRITICAL **: 10:54:57.719: Name org.freedesktop.thumbnails.Manager1 lost on the message dbus, exiting.

(tumblerd:9687): tumblerd-CRITICAL **: 10:54:57.720: Name org.freedesktop.thumbnails.Thumbnailer1 lost on the message dbus, exiting.

(xfconfd:9223): xfconfd-WARNING **: 10:54:57.720: Name org.xfce.Xfconf lost on the message dbus, exiting.
A connection to the bus can't be made

(wrapper-2.0:9683): GLib-GIO-WARNING **: 10:54:57.726: Error releasing name org.kde.StatusNotifierWatcher: The connection is closed
Another notification daemon is running, exiting
Another notification daemon is running, exiting

(xfsettingsd:9599): xfconf-WARNING **: 10:54:57.804: Failed to set property "keyboards::/Default/Numlock": The connection is closed
