dbus-daemon[30702]: [session uid=0 pid=30702] org.freedesktop.DBus.Error.AccessDenied: Failed to set fd limit to 65536: Operation not permitted
dbus-daemon[30702]: [session uid=0 pid=30702] Activating service name='org.gtk.vfs.Daemon' requested by ':1.0' (uid=0 pid=30749 comm="/usr/share/cursor/cursor --no-sandbox --disable-gp" label="u:r:untrusted_app_27:s0:c109,c257,c512,c768")
dbus-daemon[30702]: [session uid=0 pid=30702] Successfully activated service 'org.gtk.vfs.Daemon'
dbus-daemon[30702]: [session uid=0 pid=30702] Activating service name='org.freedesktop.portal.Desktop' requested by ':1.3' (uid=0 pid=30749 comm="/usr/share/cursor/cursor --no-sandbox --disable-gp" label="u:r:untrusted_app_27:s0:c109,c257,c512,c768")
dbus-daemon[30702]: [session uid=0 pid=30702] Activating service name='org.freedesktop.portal.Documents' requested by ':1.4' (uid=0 pid=30953 comm="/usr/libexec/xdg-desktop-portal" label="u:r:untrusted_app_27:s0:c109,c257,c512,c768")
dbus-daemon[30702]: [session uid=0 pid=30702] Activating service name='org.freedesktop.impl.portal.PermissionStore' requested by ':1.5' (uid=0 pid=30980 comm="/usr/libexec/xdg-document-portal" label="u:r:untrusted_app_27:s0:c109,c257,c512,c768")
dbus-daemon[30702]: [session uid=0 pid=30702] Successfully activated service 'org.freedesktop.impl.portal.PermissionStore'
dbus-daemon[30702]: [session uid=0 pid=30702] Successfully activated service 'org.freedesktop.portal.Documents'
fusermount3: failed to open /dev/fuse: Permission denied
error: fuse init failed: Can't mount path /tmp/runtime-root/doc

(/usr/libexec/xdg-desktop-portal:30953): xdg-desktop-portal-WARNING **: 16:10:04.061: Choosing gtk.portal for org.freedesktop.impl.portal.Lockdown as a last-resort fallback

(/usr/libexec/xdg-desktop-portal:30953): xdg-desktop-portal-WARNING **: 16:10:04.061: The preferred method to match portal implementations to desktop environments is to use the portals.conf(5) configuration file
dbus-daemon[30702]: [session uid=0 pid=30702] Activating service name='org.freedesktop.impl.portal.desktop.gtk' requested by ':1.4' (uid=0 pid=30953 comm="/usr/libexec/xdg-desktop-portal" label="u:r:untrusted_app_27:s0:c109,c257,c512,c768")

(xdg-desktop-portal-gtk:31006): xdg-desktop-portal-gtk-WARNING **: 16:10:04.135: error: Could not connect: No such file or directory

dbus-daemon[30702]: [session uid=0 pid=30702] Successfully activated service 'org.freedesktop.impl.portal.desktop.gtk'

(/usr/libexec/xdg-desktop-portal:30953): xdg-desktop-portal-WARNING **: 16:10:04.319: Failed to create RealtimeKit proxy: Could not connect: No such file or directory

(/usr/libexec/xdg-desktop-portal:30953): xdg-desktop-portal-WARNING **: 16:10:04.319: No skeleton to export

(/usr/libexec/xdg-desktop-portal:30953): xdg-desktop-portal-WARNING **: 16:10:04.319: Choosing gtk.portal for org.freedesktop.impl.portal.FileChooser as a last-resort fallback

(/usr/libexec/xdg-desktop-portal:30953): xdg-desktop-portal-WARNING **: 16:10:04.321: Choosing gtk.portal for org.freedesktop.impl.portal.AppChooser as a last-resort fallback

(/usr/libexec/xdg-desktop-portal:30953): xdg-desktop-portal-WARNING **: 16:10:04.323: Choosing gtk.portal for org.freedesktop.impl.portal.Print as a last-resort fallback

(/usr/libexec/xdg-desktop-portal:30953): xdg-desktop-portal-WARNING **: 16:10:04.325: Choosing gtk.portal for org.freedesktop.impl.portal.Notification as a last-resort fallback

(/usr/libexec/xdg-desktop-portal:30953): xdg-desktop-portal-WARNING **: 16:10:04.326: Choosing gtk.portal for org.freedesktop.impl.portal.Inhibit as a last-resort fallback

(/usr/libexec/xdg-desktop-portal:30953): xdg-desktop-portal-WARNING **: 16:10:04.328: Choosing gtk.portal for org.freedesktop.impl.portal.Access as a last-resort fallback
[W][65690.171411] pw.conf      | [          conf.c: 1031 try_load_conf()] can't load config client.conf: No such file or directory
[E][65690.171427] pw.conf      | [          conf.c: 1060 pw_conf_load_conf_for_context()] can't load config client.conf: No such file or directory

(/usr/libexec/xdg-desktop-portal:30953): xdg-desktop-portal-WARNING **: 16:10:04.335: Failed connect to PipeWire: Couldn't create PipeWire context

(/usr/libexec/xdg-desktop-portal:30953): xdg-desktop-portal-WARNING **: 16:10:04.335: Choosing gtk.portal for org.freedesktop.impl.portal.Account as a last-resort fallback

(/usr/libexec/xdg-desktop-portal:30953): xdg-desktop-portal-WARNING **: 16:10:04.337: Choosing gtk.portal for org.freedesktop.impl.portal.Email as a last-resort fallback

(/usr/libexec/xdg-desktop-portal:30953): xdg-desktop-portal-WARNING **: 16:10:04.339: Choosing gtk.portal for org.freedesktop.impl.portal.DynamicLauncher as a last-resort fallback
dbus-daemon[30702]: [session uid=0 pid=30702] Successfully activated service 'org.freedesktop.portal.Desktop'
dbus-daemon[30702]: [session uid=0 pid=30702] Activating service name='org.a11y.Bus' requested by ':1.0' (uid=0 pid=30749 comm="/usr/share/cursor/cursor --no-sandbox --disable-gp" label="u:r:untrusted_app_27:s0:c109,c257,c512,c768")
dbus-daemon[30702]: [session uid=0 pid=30702] Successfully activated service 'org.a11y.Bus'
dbus-daemon[31029]: org.freedesktop.DBus.Error.AccessDenied: Failed to set fd limit to 65536: Operation not permitted
dbus-daemon[31029]: Activating service name='org.a11y.atspi.Registry' requested by ':1.0' (uid=0 pid=30749 comm="/usr/share/cursor/cursor --no-sandbox --disable-gp" label="u:r:untrusted_app_27:s0:c109,c257,c512,c768")
dbus-daemon[31029]: Successfully activated service 'org.a11y.atspi.Registry'
SpiRegistry daemon is running with well-known name - org.a11y.atspi.Registry
A connection to the bus can't be made
