ROOT 1200x2191 depth 24
OPLAT {"op":"nop","w":16,"h":16,"shape":"single","n":100,"errors":0,"mean_us":183,"p50_us":158,"p90_us":253,"p99_us":549,"max_us":2028}
OPLAT {"op":"solid","w":16,"h":16,"shape":"single","n":100,"errors":0,"mean_us":1715,"p50_us":1252,"p90_us":4192,"p99_us":5926,"max_us":5999}
OPLAT {"op":"solid","w":16,"h":16,"shape":"burst16","n":100,"errors":0,"mean_us":13943,"p50_us":13948,"p90_us":20776,"p99_us":24841,"max_us":27088}
OPLAT {"op":"solid","w":64,"h":64,"shape":"single","n":100,"errors":0,"mean_us":1417,"p50_us":965,"p90_us":3874,"p99_us":5720,"max_us":5938}
OPLAT {"op":"solid","w":64,"h":64,"shape":"burst16","n":100,"errors":0,"mean_us":11965,"p50_us":10826,"p90_us":16988,"p99_us":23802,"max_us":23881}
OPLAT {"op":"solid","w":256,"h":256,"shape":"single","n":100,"errors":0,"mean_us":1791,"p50_us":1296,"p90_us":3329,"p99_us":5611,"max_us":6977}
OPLAT {"op":"solid","w":256,"h":256,"shape":"burst16","n":100,"errors":0,"mean_us":18434,"p50_us":18864,"p90_us":24598,"p99_us":35223,"max_us":35582}
OPLAT {"op":"solid","w":1024,"h":1024,"shape":"single","n":100,"errors":0,"mean_us":2654,"p50_us":2294,"p90_us":4913,"p99_us":6237,"max_us":6796}
OPLAT {"op":"solid","w":1024,"h":1024,"shape":"burst16","n":100,"errors":0,"mean_us":39500,"p50_us":41663,"p90_us":46338,"p99_us":49531,"max_us":50316}
OPLAT {"op":"copy_win","w":16,"h":16,"shape":"single","n":100,"errors":0,"mean_us":230,"p50_us":130,"p90_us":394,"p99_us":1548,"max_us":2279}
OPLAT {"op":"copy_win","w":16,"h":16,"shape":"burst16","n":100,"errors":0,"mean_us":330,"p50_us":174,"p90_us":530,"p99_us":2066,"max_us":2144}
OPLAT {"op":"copy_win","w":64,"h":64,"shape":"single","n":100,"errors":0,"mean_us":271,"p50_us":145,"p90_us":435,"p99_us":1539,"max_us":4659}
OPLAT {"op":"copy_win","w":64,"h":64,"shape":"burst16","n":100,"errors":0,"mean_us":430,"p50_us":190,"p90_us":1016,"p99_us":2041,"max_us":6010}
OPLAT {"op":"copy_win","w":256,"h":256,"shape":"single","n":100,"errors":0,"mean_us":243,"p50_us":143,"p90_us":333,"p99_us":1656,"max_us":1966}
OPLAT {"op":"copy_win","w":256,"h":256,"shape":"burst16","n":100,"errors":0,"mean_us":1068,"p50_us":651,"p90_us":2440,"p99_us":3528,"max_us":3697}
OPLAT {"op":"copy_win","w":1024,"h":1024,"shape":"single","n":100,"errors":0,"mean_us":1028,"p50_us":772,"p90_us":2090,"p99_us":4260,"max_us":4268}
OPLAT {"op":"copy_win","w":1024,"h":1024,"shape":"burst16","n":100,"errors":0,"mean_us":7333,"p50_us":7238,"p90_us":11340,"p99_us":19852,"max_us":20125}
OPLAT {"op":"copy_pix","w":16,"h":16,"shape":"single","n":100,"errors":0,"mean_us":1928,"p50_us":1041,"p90_us":5771,"p99_us":8966,"max_us":8997}
OPLAT {"op":"copy_pix","w":16,"h":16,"shape":"burst16","n":100,"errors":0,"mean_us":15355,"p50_us":15071,"p90_us":20223,"p99_us":30937,"max_us":34127}
OPLAT {"op":"copy_pix","w":64,"h":64,"shape":"single","n":100,"errors":0,"mean_us":1658,"p50_us":1191,"p90_us":3417,"p99_us":6016,"max_us":6408}
OPLAT {"op":"copy_pix","w":64,"h":64,"shape":"burst16","n":100,"errors":0,"mean_us":16959,"p50_us":16403,"p90_us":21642,"p99_us":28617,"max_us":30169}
OPLAT {"op":"copy_pix","w":256,"h":256,"shape":"single","n":100,"errors":0,"mean_us":2089,"p50_us":1222,"p90_us":5567,"p99_us":8434,"max_us":8738}
OPLAT {"op":"copy_pix","w":256,"h":256,"shape":"burst16","n":100,"errors":0,"mean_us":17324,"p50_us":16138,"p90_us":22219,"p99_us":28006,"max_us":31468}
OPLAT {"op":"copy_pix","w":1024,"h":1024,"shape":"single","n":100,"errors":0,"mean_us":3173,"p50_us":1829,"p90_us":7285,"p99_us":15079,"max_us":16386}
OPLAT {"op":"copy_pix","w":1024,"h":1024,"shape":"burst16","n":100,"errors":0,"mean_us":24949,"p50_us":25197,"p90_us":31756,"p99_us":38652,"max_us":42057}
OPLAT {"op":"over_argb","w":16,"h":16,"shape":"single","n":100,"errors":0,"mean_us":2289,"p50_us":1291,"p90_us":5225,"p99_us":13044,"max_us":13087}
OPLAT {"op":"over_argb","w":16,"h":16,"shape":"burst16","n":100,"errors":0,"mean_us":14736,"p50_us":12827,"p90_us":22613,"p99_us":27046,"max_us":28553}
OPLAT {"op":"over_argb","w":64,"h":64,"shape":"single","n":100,"errors":0,"mean_us":2460,"p50_us":1395,"p90_us":5536,"p99_us":9612,"max_us":12843}
OPLAT {"op":"over_argb","w":64,"h":64,"shape":"burst16","n":100,"errors":0,"mean_us":16912,"p50_us":18550,"p90_us":22343,"p99_us":26659,"max_us":27215}
OPLAT {"op":"over_argb","w":256,"h":256,"shape":"single","n":100,"errors":0,"mean_us":2562,"p50_us":1331,"p90_us":5400,"p99_us":9259,"max_us":10249}
OPLAT {"op":"over_argb","w":256,"h":256,"shape":"burst16","n":100,"errors":0,"mean_us":22291,"p50_us":22492,"p90_us":26909,"p99_us":34559,"max_us":35036}
OPLAT {"op":"over_argb","w":1024,"h":1024,"shape":"single","n":100,"errors":0,"mean_us":3726,"p50_us":3150,"p90_us":5706,"p99_us":7009,"max_us":7490}
OPLAT {"op":"over_argb","w":1024,"h":1024,"shape":"burst16","n":100,"errors":0,"mean_us":47831,"p50_us":47952,"p90_us":54344,"p99_us":59237,"max_us":59249}
OPLAT {"op":"src_argb","w":16,"h":16,"shape":"single","n":100,"errors":0,"mean_us":247,"p50_us":147,"p90_us":383,"p99_us":1541,"max_us":1585}
OPLAT {"op":"src_argb","w":16,"h":16,"shape":"burst16","n":100,"errors":0,"mean_us":792,"p50_us":630,"p90_us":1764,"p99_us":2388,"max_us":3364}
OPLAT {"op":"src_argb","w":64,"h":64,"shape":"single","n":100,"errors":0,"mean_us":260,"p50_us":190,"p90_us":318,"p99_us":1665,"max_us":1922}
OPLAT {"op":"src_argb","w":64,"h":64,"shape":"burst16","n":100,"errors":0,"mean_us":719,"p50_us":553,"p90_us":1580,"p99_us":2395,"max_us":4777}
OPLAT {"op":"src_argb","w":256,"h":256,"shape":"single","n":100,"errors":0,"mean_us":248,"p50_us":148,"p90_us":351,"p99_us":1779,"max_us":1829}
OPLAT {"op":"src_argb","w":256,"h":256,"shape":"burst16","n":100,"errors":0,"mean_us":1316,"p50_us":1041,"p90_us":2510,"p99_us":3522,"max_us":4214}
OPLAT {"op":"src_argb","w":1024,"h":1024,"shape":"single","n":100,"errors":0,"mean_us":1092,"p50_us":714,"p90_us":1772,"p99_us":3284,"max_us":14853}
OPLAT {"op":"src_argb","w":1024,"h":1024,"shape":"burst16","n":100,"errors":0,"mean_us":6224,"p50_us":4150,"p90_us":11831,"p99_us":23658,"max_us":29059}
OPLAT {"op":"putimage","w":16,"h":16,"shape":"single","n":100,"errors":0,"mean_us":298,"p50_us":150,"p90_us":332,"p99_us":5725,"max_us":5914}
OPLAT {"op":"putimage","w":16,"h":16,"shape":"burst16","n":100,"errors":0,"mean_us":331,"p50_us":238,"p90_us":486,"p99_us":2091,"max_us":2179}
OPLAT {"op":"putimage","w":64,"h":64,"shape":"single","n":100,"errors":0,"mean_us":275,"p50_us":197,"p90_us":401,"p99_us":1693,"max_us":1699}
OPLAT {"op":"putimage","w":64,"h":64,"shape":"burst16","n":100,"errors":0,"mean_us":720,"p50_us":468,"p90_us":1605,"p99_us":4025,"max_us":6545}
OPLAT {"op":"putimage","w":256,"h":256,"shape":"single","n":100,"errors":0,"mean_us":354,"p50_us":228,"p90_us":476,"p99_us":1567,"max_us":3911}
OPLAT {"op":"putimage","w":256,"h":256,"shape":"burst16","n":100,"errors":0,"mean_us":2281,"p50_us":1790,"p90_us":3465,"p99_us":6238,"max_us":7040}
OPLAT {"op":"putimage","w":1024,"h":1024,"shape":"single","n":100,"errors":0,"mean_us":3366,"p50_us":2984,"p90_us":5283,"p99_us":9910,"max_us":11208}
OPLAT {"op":"putimage","w":1024,"h":1024,"shape":"burst16","n":100,"errors":0,"mean_us":24633,"p50_us":20062,"p90_us":34940,"p99_us":37995,"max_us":41104}
RESULT p_oplat cases=49 rounds=10 reps=10 wall_s=34.2
