RUN_BEGIN cells=20 noise=1 iters=20 warmup=3 every=25 1790158369.561570
MARK CELL_BEGIN N0000 1790158369.561654
MARK CELL_END N0000 1790158370.118689
CELL {"seq":0,"id":"N0000","group":"N","rw":1024,"rh":1024,"sw":1024,"sh":1024,"ratio":"1x","reuse":1,"batch":1,"residency":"warm","readback":"none","iters":20,"iter_ns_p50":20364219,"iter_ns_p95":27241823,"per_op_ns_p50":20364219,"x_cpu_ticks":43,"errors":0,"pixel_ok":true,"wall":[1790158369.561654,1790158370.118689],"iter_ns":[19443333,19429322,20364219,21575885,17952343,21283177,18503594,19422240,20074167,22307084,20274948,20645209,18166667,21823073,19119427,20014844,20441458,24982344,27241823,25073385]}
MARK CELL_BEGIN A0008 1790158370.118740
MARK CELL_END A0008 1790158370.439131
CELL {"seq":1,"id":"A0008","group":"A","rw":1,"rh":1,"sw":1,"sh":1,"ratio":"1x","reuse":1,"batch":8,"residency":"warm","readback":"delayed","iters":20,"iter_ns_p50":11483125,"iter_ns_p95":30957656,"per_op_ns_p50":1435390,"x_cpu_ticks":7,"errors":0,"pixel_ok":true,"wall":[1790158370.118740,1790158370.439131],"iter_ns":[6958385,11483125,15973542,7831355,11136614,12058073,22274115,12076407,9144323,11187031,14232761,14517136,30957656,10382552,10080625,14176770,6699115,9766198,6791042,15375417]}
MARK CELL_BEGIN A0013 1790158370.439193
MARK CELL_END A0013 1790158370.515209
CELL {"seq":2,"id":"A0013","group":"A","rw":5,"rh":24,"sw":5,"sh":24,"ratio":"1x","reuse":1,"batch":1,"residency":"warm","readback":"immediate","iters":20,"iter_ns_p50":1862135,"iter_ns_p95":6649270,"per_op_ns_p50":1862135,"x_cpu_ticks":2,"errors":0,"pixel_ok":true,"wall":[1790158370.439193,1790158370.515209],"iter_ns":[1107188,6371302,1586562,2105104,5054219,1952188,6649270,1804636,1862135,3862969,1555990,1307240,6340417,5812083,3031823,1597552,1332396,1016979,1246041,1173334]}
MARK CELL_BEGIN B0146 1790158370.515251
MARK CELL_END B0146 1790158370.681958
CELL {"seq":3,"id":"B0146","group":"B","rw":5,"rh":24,"sw":5,"sh":24,"ratio":"1x","reuse":64,"batch":1,"residency":"warm","readback":"none","iters":20,"iter_ns_p50":7428959,"iter_ns_p95":9406510,"per_op_ns_p50":7428959,"x_cpu_ticks":3,"errors":0,"pixel_ok":true,"wall":[1790158370.515251,1790158370.681958],"iter_ns":[8658646,2764375,8742813,8658906,8488750,9406510,5598437,7455573,2836666,3952135,7219427,7428959,7849843,7198958,3513073,3597552,2580156,7375677,9219792,7795469]}
MARK CELL_BEGIN A0130 1790158370.682016
MARK CELL_END A0130 1790158402.261621
CELL {"seq":4,"id":"A0130","group":"A","rw":3440,"rh":1440,"sw":3440,"sh":1440,"ratio":"1x","reuse":1,"batch":16,"residency":"warm","readback":"immediate","iters":20,"iter_ns_p50":1305158020,"iter_ns_p95":1397300833,"per_op_ns_p50":81572376,"x_cpu_ticks":2715,"errors":0,"pixel_ok":true,"wall":[1790158370.682016,1790158402.261621],"iter_ns":[1218223229,1397300833,1305158020,1295946249,1336260104,1295883020,1382118437,1299451458,1227498542,1385021823,1225020676,1321339009,1324503541,1344076458,1219662656,1216226666,1373391198,1224642031,1296790468,1374452344]}
MARK CELL_BEGIN B0172 1790158402.261656
MARK CELL_END B0172 1790158402.350361
CELL {"seq":5,"id":"B0172","group":"B","rw":64,"rh":64,"sw":64,"sh":64,"ratio":"1x","reuse":16,"batch":1,"residency":"warm","readback":"none","iters":20,"iter_ns_p50":1796927,"iter_ns_p95":8582032,"per_op_ns_p50":1796927,"x_cpu_ticks":2,"errors":0,"pixel_ok":true,"wall":[1790158402.261656,1790158402.350361],"iter_ns":[1327969,1362448,6936979,2454323,1464114,1562604,1625312,1438645,1473541,4318229,2473178,7130730,8582032,1763541,3724219,1796927,1717031,1412083,5184844,2552656]}
MARK CELL_BEGIN A0063 1790158402.350420
MARK CELL_END A0063 1790158402.637422
CELL {"seq":6,"id":"A0063","group":"A","rw":128,"rh":128,"sw":128,"sh":128,"ratio":"1x","reuse":1,"batch":4,"residency":"warm","readback":"none","iters":20,"iter_ns_p50":10510469,"iter_ns_p95":17894896,"per_op_ns_p50":2627617,"x_cpu_ticks":11,"errors":0,"pixel_ok":true,"wall":[1790158402.350420,1790158402.637422],"iter_ns":[10115105,8640260,12302813,7261979,16130730,17894896,10510469,13412188,9621302,10631979,9200990,15856042,10907656,8579531,7798282,7424428,7817916,7376771,15749791,11262604]}
MARK CELL_BEGIN A0114 1790158402.637533
MARK CELL_END A0114 1790158415.325780
CELL {"seq":7,"id":"A0114","group":"A","rw":1200,"rh":2608,"sw":1200,"sh":2608,"ratio":"1x","reuse":1,"batch":8,"residency":"warm","readback":"none","iters":20,"iter_ns_p50":551188646,"iter_ns_p95":591752552,"per_op_ns_p50":68898580,"x_cpu_ticks":1052,"errors":0,"pixel_ok":true,"wall":[1790158402.637533,1790158415.325780],"iter_ns":[426007344,449963906,467288229,560109322,540245625,551188646,547137552,554982239,543779375,562688125,583008594,520644739,591752552,527003958,534660677,573112864,549744375,572705937,562451979,554047864]}
MARK CELL_BEGIN C0226 1790158415.325841
MARK CELL_END C0226 1790158415.531861
CELL {"seq":8,"id":"C0226","group":"C","rw":128,"rh":128,"sw":128,"sh":128,"ratio":"1x","reuse":1,"batch":1,"residency":"cold","readback":"delayed","iters":20,"iter_ns_p50":8490677,"iter_ns_p95":12389011,"per_op_ns_p50":8490677,"x_cpu_ticks":6,"errors":0,"pixel_ok":true,"wall":[1790158415.325841,1790158415.531861],"iter_ns":[8395833,7985678,9255677,8521146,9348021,4660000,3203594,7952240,8470625,8813125,9884948,4001302,9662031,9459427,12389011,9324271,8490677,4741823,8358385,7341771]}
MARK CELL_BEGIN B0152 1790158415.531922
MARK CELL_END B0152 1790158416.060800
CELL {"seq":9,"id":"B0152","group":"B","rw":16,"rh":16,"sw":1200,"sh":2191,"ratio":"redirected","reuse":1,"batch":1,"residency":"warm","readback":"none","iters":20,"iter_ns_p50":19147708,"iter_ns_p95":29697708,"per_op_ns_p50":19147708,"x_cpu_ticks":30,"errors":0,"pixel_ok":true,"wall":[1790158415.531922,1790158416.060800],"iter_ns":[26492708,18551146,13448698,15921145,13768542,22051042,19350573,29697708,21889479,18510521,25092552,19056719,18377709,19147708,18875729,21370677,21370469,14644740,21236406,14021666]}
MARK CELL_BEGIN C0237 1790158416.060848
MARK CELL_END C0237 1790158419.402754
CELL {"seq":10,"id":"C0237","group":"C","rw":1024,"rh":1024,"sw":1024,"sh":1024,"ratio":"1x","reuse":1,"batch":4,"residency":"cold","readback":"none","iters":20,"iter_ns_p50":126502708,"iter_ns_p95":156011614,"per_op_ns_p50":31625677,"x_cpu_ticks":244,"errors":0,"pixel_ok":true,"wall":[1790158416.060848,1790158419.402754],"iter_ns":[116414010,118025209,131840572,156011614,144895677,121419479,133965417,129126041,148705729,104480208,128299011,128309271,125913073,123182864,125374218,106810521,101663854,122208906,127852396,126502708]}
MARK CELL_BEGIN B0151 1790158419.402807
MARK CELL_END B0151 1790158419.465637
CELL {"seq":11,"id":"B0151","group":"B","rw":16,"rh":16,"sw":64,"sh":64,"ratio":"16x","reuse":1,"batch":1,"residency":"warm","readback":"none","iters":20,"iter_ns_p50":1268333,"iter_ns_p95":7612084,"per_op_ns_p50":1268333,"x_cpu_ticks":1,"errors":0,"pixel_ok":true,"wall":[1790158419.402807,1790158419.465637],"iter_ns":[1118646,3232604,1463646,1043594,6106093,1109792,1088177,1036041,1166667,7612084,1637500,1187292,1268333,1225209,1214114,1272552,1310365,4996771,1398073,1194636]}
MARK CELL_BEGIN C0224 1790158419.465683
MARK CELL_END C0224 1790158420.522449
CELL {"seq":12,"id":"C0224","group":"C","rw":32,"rh":32,"sw":64,"sh":64,"ratio":"4x","reuse":1,"batch":16,"residency":"cold","readback":"none","iters":20,"iter_ns_p50":42516355,"iter_ns_p95":65584375,"per_op_ns_p50":2657272,"x_cpu_ticks":21,"errors":0,"pixel_ok":true,"wall":[1790158419.465683,1790158420.522449],"iter_ns":[44912239,64992604,50574011,34417344,65584375,42516355,47316355,25508802,52151406,46911354,30462344,37770260,37087552,38942656,31468125,54003386,42136302,41818229,32783906,44354635]}
MARK CELL_BEGIN A0030 1790158420.522482
MARK CELL_END A0030 1790158421.039623
CELL {"seq":13,"id":"A0030","group":"A","rw":16,"rh":16,"sw":16,"sh":16,"ratio":"1x","reuse":1,"batch":8,"residency":"warm","readback":"none","iters":20,"iter_ns_p50":21565938,"iter_ns_p95":34865209,"per_op_ns_p50":2695742,"x_cpu_ticks":9,"errors":0,"pixel_ok":true,"wall":[1790158420.522482,1790158421.039623],"iter_ns":[10171719,19599740,25550416,34865209,17939063,18456302,25523281,19948229,21565938,23046459,23309375,15501302,31013542,17374166,23796771,21147083,24261771,17875156,21724896,15331823]}
MARK CELL_BEGIN B0182 1790158421.039661
MARK CELL_END B0182 1790158421.247411
CELL {"seq":14,"id":"B0182","group":"B","rw":128,"rh":128,"sw":128,"sh":128,"ratio":"1x","reuse":64,"batch":1,"residency":"warm","readback":"none","iters":20,"iter_ns_p50":8377917,"iter_ns_p95":13354323,"per_op_ns_p50":8377917,"x_cpu_ticks":7,"errors":0,"pixel_ok":true,"wall":[1790158421.039661,1790158421.247411],"iter_ns":[8377917,10163177,3925677,9714948,8358958,9804895,13354323,10012448,5432292,3329843,10737969,8273229,9152291,10380260,4403229,8103750,3392969,6411250,8563386,3812917]}
MARK CELL_BEGIN A0037 1790158421.247446
MARK CELL_END A0037 1790158421.326164
CELL {"seq":15,"id":"A0037","group":"A","rw":32,"rh":32,"sw":32,"sh":32,"ratio":"1x","reuse":1,"batch":1,"residency":"warm","readback":"immediate","iters":20,"iter_ns_p50":1548229,"iter_ns_p95":8531927,"per_op_ns_p50":1548229,"x_cpu_ticks":1,"errors":0,"pixel_ok":true,"wall":[1790158421.247446,1790158421.326164],"iter_ns":[1130312,1087604,8531927,2048542,1056354,1173281,1186979,1305521,6815104,8518541,6770521,7789896,2029271,1548229,1448594,1431302,1855469,3504167,1475989,1361458]}
MARK CELL_BEGIN A0082 1790158421.326216
MARK CELL_END A0082 1790158422.944905
CELL {"seq":16,"id":"A0082","group":"A","rw":256,"rh":256,"sw":256,"sh":256,"ratio":"1x","reuse":1,"batch":16,"residency":"warm","readback":"immediate","iters":20,"iter_ns_p50":65824896,"iter_ns_p95":100909740,"per_op_ns_p50":4114056,"x_cpu_ticks":84,"errors":0,"pixel_ok":true,"wall":[1790158421.326216,1790158422.944905],"iter_ns":[46566615,53473125,68063334,59406250,68867135,64701615,51100417,37477865,78054792,50203698,56865521,100213334,100909740,93688906,71686823,65434896,61911615,67652604,65824896,84157136]}
MARK CELL_BEGIN A0118 1790158422.944962
MARK CELL_END A0118 1790158445.314700
CELL {"seq":17,"id":"A0118","group":"A","rw":1200,"rh":2608,"sw":1200,"sh":2608,"ratio":"1x","reuse":1,"batch":16,"residency":"warm","readback":"immediate","iters":20,"iter_ns_p50":867544114,"iter_ns_p95":1169821875,"per_op_ns_p50":54221507,"x_cpu_ticks":1891,"errors":0,"pixel_ok":true,"wall":[1790158422.944962,1790158445.314700],"iter_ns":[1169821875,1169808333,1026195052,1041862917,982092239,922160833,868021666,894930781,867544114,851907083,814688854,870839531,802632656,785090625,864595469,786788073,865445208,791875885,821366822,823884479]}
MARK CELL_BEGIN B0159 1790158445.314742
MARK CELL_END B0159 1790158445.377865
CELL {"seq":18,"id":"B0159","group":"B","rw":32,"rh":32,"sw":64,"sh":64,"ratio":"4x","reuse":1,"batch":1,"residency":"warm","readback":"none","iters":20,"iter_ns_p50":1239219,"iter_ns_p95":6613698,"per_op_ns_p50":1239219,"x_cpu_ticks":1,"errors":0,"pixel_ok":true,"wall":[1790158445.314742,1790158445.377865],"iter_ns":[1101302,1190521,1600521,1089063,1337344,1208802,1253698,1226250,4186458,1436719,1202084,1186198,1190052,1239219,1182864,1239115,1276615,1266875,6613698,2216250]}
MARK CELL_BEGIN B0203 1790158445.377915
MARK CELL_END B0203 1790158445.791866
CELL {"seq":19,"id":"B0203","group":"B","rw":512,"rh":512,"sw":512,"sh":512,"ratio":"1x","reuse":1,"batch":1,"residency":"recreate","readback":"none","iters":20,"iter_ns_p50":15814687,"iter_ns_p95":30921615,"per_op_ns_p50":15814687,"x_cpu_ticks":22,"errors":0,"pixel_ok":true,"wall":[1790158445.377915,1790158445.791866],"iter_ns":[20326979,30921615,15814687,16858958,13714166,16170469,15755208,13041979,16224063,15277552,17884531,12369062,19512812,10035677,14135417,17400156,15012760,14832448,15636823,17621563]}
MARK CELL_BEGIN A0007 1790158445.791906
MARK CELL_END A0007 1790158446.321564
CELL {"seq":20,"id":"A0007","group":"A","rw":1,"rh":1,"sw":1,"sh":1,"ratio":"1x","reuse":1,"batch":8,"residency":"warm","readback":"immediate","iters":20,"iter_ns_p50":22514947,"iter_ns_p95":35592291,"per_op_ns_p50":2814368,"x_cpu_ticks":11,"errors":0,"pixel_ok":true,"wall":[1790158445.791906,1790158446.321564],"iter_ns":[20042500,13170208,10416823,23663438,13441562,23007396,26908333,24112395,22514947,13197240,23633698,10950156,25753177,28200104,22335886,20674219,35592291,23023385,20872448,13120156]}
MARK CELL_BEGIN N0000 1790158446.321665
MARK CELL_END N0000 1790158447.128740
CELL {"seq":21,"id":"N0000","group":"N","rw":1024,"rh":1024,"sw":1024,"sh":1024,"ratio":"1x","reuse":1,"batch":1,"residency":"warm","readback":"none","iters":20,"iter_ns_p50":32752240,"iter_ns_p95":39282292,"per_op_ns_p50":32752240,"x_cpu_ticks":58,"errors":0,"pixel_ok":true,"wall":[1790158446.321665,1790158447.128740],"iter_ns":[34555469,34537031,25952969,29816719,32090989,34844323,32762344,30842865,32420000,28728437,31225729,28300156,36872864,39282292,33911666,32752240,34619583,31801614,34518020,25531146]}
RUN_END 1790158447.128792
