dbus-daemon[507]: [session uid=0 pid=507] org.freedesktop.DBus.Error.AccessDenied: Failed to set fd limit to 65536: Operation not permitted
dbus-daemon[507]: [session uid=0 pid=507] Activating service name='org.xfce.Xfconf' requested by ':1.0' (uid=0 pid=513 comm="xfce4-session" label="u:r:untrusted_app_27:s0:c109,c257,c512,c768")
dbus-daemon[507]: [session uid=0 pid=507] Successfully activated service 'org.xfce.Xfconf'
/usr/bin/iceauth:  creating new authority file /tmp/xfce-x3-run-20260925173023-30957/runtime/ICEauthority
dbus-daemon[507]: [session uid=0 pid=507] Activating service name='org.gtk.vfs.Daemon' requested by ':1.2' (uid=0 pid=533 comm="xfwm4" label="u:r:untrusted_app_27:s0:c109,c257,c512,c768")
dbus-daemon[507]: [session uid=0 pid=507] Successfully activated service 'org.gtk.vfs.Daemon'

(xfsettingsd:611): libupower-glib-WARNING **: 17:30:43.362: Couldn't connect to proxy: Could not connect: No such file or directory
dbus-daemon[507]: [session uid=0 pid=507] Activating service name='org.freedesktop.thumbnails.Thumbnailer1' requested by ':1.7' (uid=0 pid=642 comm="xfdesktop" label="u:r:untrusted_app_27:s0:c109,c257,c512,c768")

(tumblerd:658): tumblerd-WARNING **: 17:30:44.000: Couldn't change nice value of process.
libclock-Message: 17:30:44.195: could not get proxy for org.freedesktop.login1

(xfce4-panel:625): libclock-WARNING **: 17:30:44.195: could not instantiate a sleep monitor
dbus-daemon[507]: [session uid=0 pid=507] Activating service name='org.gtk.vfs.UDisks2VolumeMonitor' requested by ':1.8' (uid=0 pid=658 comm="/usr/lib/aarch64-linux-gnu/tumbler-1/tumblerd" label="u:r:untrusted_app_27:s0:c109,c257,c512,c768")

(process:1018): GVFS-UDisks2-WARNING **: 17:30:45.297: Failed to connect to UDisks: Could not connect: No such file or directory

(process:1018): GVFS-RemoteVolumeMonitorDaemon-WARNING **: 17:30:45.297: monitor says it's not supported
dbus-daemon[507]: [session uid=0 pid=507] Successfully activated service 'org.gtk.vfs.UDisks2VolumeMonitor'

(process:1018): GVFS-RemoteVolumeMonitorDaemon-WARNING **: 17:30:45.302: monitor says it's not supported

(tumblerd:658): GVFS-RemoteVolumeMonitor-WARNING **: 17:30:45.302: remote volume monitor with dbus name org.gtk.vfs.UDisks2VolumeMonitor is not supported

(tumblerd:658): GLib-GIO-WARNING **: 17:30:45.304: Error creating IO channel for /proc/self/mountinfo: Operation not permitted (g-io-error-quark, 14)
dbus-daemon[507]: [session uid=0 pid=507] Activating service name='org.gtk.vfs.AfcVolumeMonitor' requested by ':1.8' (uid=0 pid=658 comm="/usr/lib/aarch64-linux-gnu/tumbler-1/tumblerd" label="u:r:untrusted_app_27:s0:c109,c257,c512,c768")

(xfce4-session:513): xfce4-session-WARNING **: 17:30:45.325: failed to run script: Failed to execute child process “/usr/bin/pm-is-supported” (No such file or directory)
dbus-daemon[507]: [session uid=0 pid=507] Successfully activated service 'org.gtk.vfs.AfcVolumeMonitor'

(xfce4-session:513): xfce4-session-WARNING **: 17:30:45.337: failed to run script: Failed to execute child process “/usr/bin/pm-is-supported” (No such file or directory)
dbus-daemon[507]: [session uid=0 pid=507] Activating service name='org.xfce.Notifyd' requested by ':1.9' (uid=0 pid=692 comm="/usr/lib/aarch64-linux-gnu/xfce4/panel/wrapper-2.0" label="u:r:untrusted_app_27:s0:c109,c257,c512,c768")

(xfce4-session:513): xfce4-session-WARNING **: 17:30:45.348: failed to run script: Failed to execute child process “/usr/bin/pm-is-supported” (No such file or directory)
dbus-daemon[507]: [session uid=0 pid=507] Activating service name='org.gtk.vfs.MTPVolumeMonitor' requested by ':1.8' (uid=0 pid=658 comm="/usr/lib/aarch64-linux-gnu/tumbler-1/tumblerd" label="u:r:untrusted_app_27:s0:c109,c257,c512,c768")
dbus-daemon[507]: [session uid=0 pid=507] Successfully activated service 'org.gtk.vfs.MTPVolumeMonitor'
dbus-daemon[507]: [session uid=0 pid=507] Activating service name='org.gtk.vfs.GPhoto2VolumeMonitor' requested by ':1.8' (uid=0 pid=658 comm="/usr/lib/aarch64-linux-gnu/tumbler-1/tumblerd" label="u:r:untrusted_app_27:s0:c109,c257,c512,c768")
dbus-daemon[507]: [session uid=0 pid=507] Successfully activated service 'org.gtk.vfs.GPhoto2VolumeMonitor'
dbus-daemon[507]: [session uid=0 pid=507] Activating service name='org.gtk.vfs.GoaVolumeMonitor' requested by ':1.8' (uid=0 pid=658 comm="/usr/lib/aarch64-linux-gnu/tumbler-1/tumblerd" label="u:r:untrusted_app_27:s0:c109,c257,c512,c768")
dbus-daemon[507]: [session uid=0 pid=507] Successfully activated service 'org.gtk.vfs.GoaVolumeMonitor'
dbus-daemon[507]: [session uid=0 pid=507] Successfully activated service 'org.freedesktop.thumbnails.Thumbnailer1'
dbus-daemon[507]: [session uid=0 pid=507] Successfully activated service 'org.xfce.Notifyd'

(xfdesktop:642): GLib-GObject-CRITICAL **: 17:30:45.520: g_object_unref: assertion 'G_IS_OBJECT (object)' failed

(process:1018): GVFS-RemoteVolumeMonitorDaemon-WARNING **: 17:30:45.540: monitor says it's not supported

(xfdesktop:642): GVFS-RemoteVolumeMonitor-WARNING **: 17:30:45.540: remote volume monitor with dbus name org.gtk.vfs.UDisks2VolumeMonitor is not supported

(xfdesktop:642): GLib-GIO-WARNING **: 17:30:45.543: Error creating IO channel for /proc/self/mountinfo: Operation not permitted (g-io-error-quark, 14)

(process:1314): GLib-GIO-WARNING **: 17:30:45.588: Error creating IO channel for /proc/self/mountinfo: Operation not permitted (g-io-error-quark, 14)
dbus-daemon[507]: [session uid=0 pid=507] Activating service name='org.gtk.vfs.Metadata' requested by ':1.7' (uid=0 pid=642 comm="xfdesktop" label="u:r:untrusted_app_27:s0:c109,c257,c512,c768")
dbus-daemon[507]: [session uid=0 pid=507] Successfully activated service 'org.gtk.vfs.Metadata'

** (xfdesktop:642): WARNING **: 17:30:45.800: Failed to get system bus: Could not connect: No such file or directory
A connection to the bus can't be made

(tumblerd:658): tumblerd-CRITICAL **: 17:33:41.170: Name org.freedesktop.thumbnails.Cache1 lost on the message dbus, exiting.

(tumblerd:658): tumblerd-CRITICAL **: 17:33:41.171: Name org.freedesktop.thumbnails.Manager1 lost on the message dbus, exiting.

(tumblerd:658): tumblerd-CRITICAL **: 17:33:41.171: Name org.freedesktop.thumbnails.Thumbnailer1 lost on the message dbus, exiting.

(xfconfd:525): xfconfd-WARNING **: 17:33:41.174: Name org.xfce.Xfconf lost on the message dbus, exiting.
A connection to the bus can't be made
Another notification daemon is running, exiting
Another notification daemon is running, exiting
