ROOT 1200x2191 depth 24
OPLAT {"op":"nop","w":16,"h":16,"shape":"single","n":100,"errors":0,"mean_us":89,"p50_us":63,"p90_us":120,"p99_us":427,"max_us":717}
OPLAT {"op":"solid","w":16,"h":16,"shape":"single","n":100,"errors":0,"mean_us":102,"p50_us":66,"p90_us":139,"p99_us":218,"max_us":2129}
OPLAT {"op":"solid","w":16,"h":16,"shape":"burst16","n":100,"errors":0,"mean_us":243,"p50_us":164,"p90_us":240,"p99_us":2178,"max_us":2194}
OPLAT {"op":"solid","w":64,"h":64,"shape":"single","n":100,"errors":0,"mean_us":166,"p50_us":69,"p90_us":170,"p99_us":1390,"max_us":2071}
OPLAT {"op":"solid","w":64,"h":64,"shape":"burst16","n":100,"errors":0,"mean_us":226,"p50_us":174,"p90_us":278,"p99_us":1470,"max_us":2163}
OPLAT {"op":"solid","w":256,"h":256,"shape":"single","n":100,"errors":0,"mean_us":114,"p50_us":72,"p90_us":158,"p99_us":1268,"max_us":1330}
OPLAT {"op":"solid","w":256,"h":256,"shape":"burst16","n":100,"errors":0,"mean_us":431,"p50_us":318,"p90_us":467,"p99_us":2190,"max_us":2378}
OPLAT {"op":"solid","w":1024,"h":1024,"shape":"single","n":100,"errors":0,"mean_us":235,"p50_us":191,"p90_us":251,"p99_us":1449,"max_us":2164}
OPLAT {"op":"solid","w":1024,"h":1024,"shape":"burst16","n":100,"errors":0,"mean_us":2254,"p50_us":1985,"p90_us":3181,"p99_us":3517,"max_us":3573}
OPLAT {"op":"copy_win","w":16,"h":16,"shape":"single","n":100,"errors":0,"mean_us":75,"p50_us":64,"p90_us":109,"p99_us":221,"max_us":271}
OPLAT {"op":"copy_win","w":16,"h":16,"shape":"burst16","n":100,"errors":0,"mean_us":153,"p50_us":135,"p90_us":224,"p99_us":275,"max_us":280}
OPLAT {"op":"copy_win","w":64,"h":64,"shape":"single","n":100,"errors":0,"mean_us":135,"p50_us":77,"p90_us":132,"p99_us":2048,"max_us":2773}
OPLAT {"op":"copy_win","w":64,"h":64,"shape":"burst16","n":100,"errors":0,"mean_us":210,"p50_us":153,"p90_us":229,"p99_us":394,"max_us":4432}
OPLAT {"op":"copy_win","w":256,"h":256,"shape":"single","n":100,"errors":0,"mean_us":124,"p50_us":106,"p90_us":201,"p99_us":280,"max_us":287}
OPLAT {"op":"copy_win","w":256,"h":256,"shape":"burst16","n":100,"errors":0,"mean_us":570,"p50_us":517,"p90_us":659,"p99_us":1146,"max_us":2352}
OPLAT {"op":"copy_win","w":1024,"h":1024,"shape":"single","n":100,"errors":0,"mean_us":574,"p50_us":545,"p90_us":757,"p99_us":880,"max_us":1219}
OPLAT {"op":"copy_win","w":1024,"h":1024,"shape":"burst16","n":100,"errors":0,"mean_us":6202,"p50_us":6151,"p90_us":7074,"p99_us":7652,"max_us":7656}
OPLAT {"op":"copy_pix","w":16,"h":16,"shape":"single","n":100,"errors":0,"mean_us":128,"p50_us":72,"p90_us":191,"p99_us":1158,"max_us":1203}
OPLAT {"op":"copy_pix","w":16,"h":16,"shape":"burst16","n":100,"errors":0,"mean_us":178,"p50_us":136,"p90_us":189,"p99_us":1257,"max_us":1352}
OPLAT {"op":"copy_pix","w":64,"h":64,"shape":"single","n":100,"errors":0,"mean_us":173,"p50_us":69,"p90_us":247,"p99_us":1403,"max_us":2127}
OPLAT {"op":"copy_pix","w":64,"h":64,"shape":"burst16","n":100,"errors":0,"mean_us":258,"p50_us":174,"p90_us":284,"p99_us":1517,"max_us":1549}
OPLAT {"op":"copy_pix","w":256,"h":256,"shape":"single","n":100,"errors":0,"mean_us":227,"p50_us":107,"p90_us":231,"p99_us":2168,"max_us":3855}
OPLAT {"op":"copy_pix","w":256,"h":256,"shape":"burst16","n":100,"errors":0,"mean_us":654,"p50_us":528,"p90_us":784,"p99_us":1853,"max_us":1894}
OPLAT {"op":"copy_pix","w":1024,"h":1024,"shape":"single","n":100,"errors":0,"mean_us":884,"p50_us":575,"p90_us":1698,"p99_us":2549,"max_us":13646}
OPLAT {"op":"copy_pix","w":1024,"h":1024,"shape":"burst16","n":100,"errors":0,"mean_us":7296,"p50_us":7448,"p90_us":8464,"p99_us":9005,"max_us":9130}
OPLAT {"op":"over_argb","w":16,"h":16,"shape":"single","n":100,"errors":0,"mean_us":148,"p50_us":72,"p90_us":126,"p99_us":1433,"max_us":1906}
OPLAT {"op":"over_argb","w":16,"h":16,"shape":"burst16","n":100,"errors":0,"mean_us":332,"p50_us":249,"p90_us":362,"p99_us":1595,"max_us":2180}
OPLAT {"op":"over_argb","w":64,"h":64,"shape":"single","n":100,"errors":0,"mean_us":109,"p50_us":75,"p90_us":164,"p99_us":310,"max_us":1395}
OPLAT {"op":"over_argb","w":64,"h":64,"shape":"burst16","n":100,"errors":0,"mean_us":432,"p50_us":329,"p90_us":409,"p99_us":1667,"max_us":2207}
OPLAT {"op":"over_argb","w":256,"h":256,"shape":"single","n":100,"errors":0,"mean_us":239,"p50_us":158,"p90_us":314,"p99_us":1393,"max_us":1568}
OPLAT {"op":"over_argb","w":256,"h":256,"shape":"burst16","n":100,"errors":0,"mean_us":1474,"p50_us":1276,"p90_us":2426,"p99_us":2977,"max_us":3017}
OPLAT {"op":"over_argb","w":1024,"h":1024,"shape":"single","n":100,"errors":0,"mean_us":1130,"p50_us":974,"p90_us":2042,"p99_us":2209,"max_us":2284}
OPLAT {"op":"over_argb","w":1024,"h":1024,"shape":"burst16","n":100,"errors":0,"mean_us":16163,"p50_us":16002,"p90_us":18426,"p99_us":21527,"max_us":22534}
OPLAT {"op":"src_argb","w":16,"h":16,"shape":"single","n":100,"errors":0,"mean_us":133,"p50_us":70,"p90_us":181,"p99_us":1364,"max_us":1407}
OPLAT {"op":"src_argb","w":16,"h":16,"shape":"burst16","n":100,"errors":0,"mean_us":377,"p50_us":245,"p90_us":347,"p99_us":2335,"max_us":4187}
OPLAT {"op":"src_argb","w":64,"h":64,"shape":"single","n":100,"errors":0,"mean_us":98,"p50_us":72,"p90_us":127,"p99_us":277,"max_us":1407}
OPLAT {"op":"src_argb","w":64,"h":64,"shape":"burst16","n":100,"errors":0,"mean_us":427,"p50_us":297,"p90_us":581,"p99_us":1675,"max_us":2333}
OPLAT {"op":"src_argb","w":256,"h":256,"shape":"single","n":100,"errors":0,"mean_us":167,"p50_us":102,"p90_us":218,"p99_us":1326,"max_us":1331}
OPLAT {"op":"src_argb","w":256,"h":256,"shape":"burst16","n":100,"errors":0,"mean_us":792,"p50_us":633,"p90_us":1624,"p99_us":2057,"max_us":2301}
OPLAT {"op":"src_argb","w":1024,"h":1024,"shape":"single","n":100,"errors":0,"mean_us":675,"p50_us":558,"p90_us":851,"p99_us":2030,"max_us":2431}
OPLAT {"op":"src_argb","w":1024,"h":1024,"shape":"burst16","n":100,"errors":0,"mean_us":7370,"p50_us":7576,"p90_us":8225,"p99_us":9468,"max_us":9657}
OPLAT {"op":"putimage","w":16,"h":16,"shape":"single","n":100,"errors":0,"mean_us":136,"p50_us":64,"p90_us":149,"p99_us":1230,"max_us":2099}
OPLAT {"op":"putimage","w":16,"h":16,"shape":"burst16","n":100,"errors":0,"mean_us":159,"p50_us":105,"p90_us":154,"p99_us":1418,"max_us":2145}
OPLAT {"op":"putimage","w":64,"h":64,"shape":"single","n":100,"errors":0,"mean_us":144,"p50_us":71,"p90_us":175,"p99_us":1240,"max_us":1980}
OPLAT {"op":"putimage","w":64,"h":64,"shape":"burst16","n":100,"errors":0,"mean_us":379,"p50_us":265,"p90_us":446,"p99_us":2019,"max_us":2195}
OPLAT {"op":"putimage","w":256,"h":256,"shape":"single","n":100,"errors":0,"mean_us":214,"p50_us":158,"p90_us":288,"p99_us":1462,"max_us":2292}
OPLAT {"op":"putimage","w":256,"h":256,"shape":"burst16","n":100,"errors":0,"mean_us":2070,"p50_us":1652,"p90_us":2916,"p99_us":4918,"max_us":4948}
OPLAT {"op":"putimage","w":1024,"h":1024,"shape":"single","n":100,"errors":0,"mean_us":2526,"p50_us":2388,"p90_us":3051,"p99_us":5378,"max_us":7389}
OPLAT {"op":"putimage","w":1024,"h":1024,"shape":"burst16","n":100,"errors":0,"mean_us":29973,"p50_us":30078,"p90_us":33232,"p99_us":35801,"max_us":36443}
RESULT p_oplat cases=49 rounds=10 reps=10 wall_s=8.8
