ATTENTION: default value of option vblank_mode overridden by environment.
=======================================================
    glmark2 2023.01
=======================================================
    OpenGL Information
    GL_VENDOR:      Mesa
    GL_RENDERER:    zink Vulkan 1.4(Adreno (TM) 840 (MESA_TURNIP))
    GL_VERSION:     4.6 (Compatibility Profile) Mesa 26.0.6
    Surface Config: buf=32 r=8 g=8 b=8 a=8 depth=24 stencil=0 samples=0
    Surface Size:   800x600 windowed
=======================================================
[build] duration=10.0:fps-pos=-1.0,-1.0:fps-size=0.03:fragment-precision=default,default,default,default:interleave=false:model=horse:nframes=:show-fps=false:title=:title-pos=-0.7,-1.0:title-size=0.03:use-vbo=false:vertex-precision=default,default,default,default: FPS: 579 FrameTime: 1.728 ms
[build] duration=10.0:fps-pos=-1.0,-1.0:fps-size=0.03:fragment-precision=default,default,default,default:interleave=false:model=horse:nframes=:show-fps=false:title=:title-pos=-0.7,-1.0:title-size=0.03:use-vbo=true:vertex-precision=default,default,default,default: FPS: 569 FrameTime: 1.760 ms
[texture] duration=10.0:fps-pos=-1.0,-1.0:fps-size=0.03:fragment-precision=default,default,default,default:model=cube:nframes=:show-fps=false:texgen=false:texture=crate-base:texture-filter=nearest:title=:title-pos=-0.7,-1.0:title-size=0.03:vertex-precision=default,default,default,default: FPS: 548 FrameTime: 1.826 ms
[texture] duration=10.0:fps-pos=-1.0,-1.0:fps-size=0.03:fragment-precision=default,default,default,default:model=cube:nframes=:show-fps=false:texgen=false:texture=crate-base:texture-filter=linear:title=:title-pos=-0.7,-1.0:title-size=0.03:vertex-precision=default,default,default,default: FPS: 564 FrameTime: 1.775 ms
[texture] duration=10.0:fps-pos=-1.0,-1.0:fps-size=0.03:fragment-precision=default,default,default,default:model=cube:nframes=:show-fps=false:texgen=false:texture=crate-base:texture-filter=mipmap:title=:title-pos=-0.7,-1.0:title-size=0.03:vertex-precision=default,default,default,default: FPS: 568 FrameTime: 1.763 ms
[shading] duration=10.0:fps-pos=-1.0,-1.0:fps-size=0.03:fragment-precision=default,default,default,default:model=cat:nframes=:num-lights=1:shading=gouraud:show-fps=false:title=:title-pos=-0.7,-1.0:title-size=0.03:vertex-precision=default,default,default,default: FPS: 548 FrameTime: 1.827 ms
[shading] duration=10.0:fps-pos=-1.0,-1.0:fps-size=0.03:fragment-precision=default,default,default,default:model=cat:nframes=:num-lights=1:shading=blinn-phong-inf:show-fps=false:title=:title-pos=-0.7,-1.0:title-size=0.03:vertex-precision=default,default,default,default: FPS: 547 FrameTime: 1.829 ms
[shading] duration=10.0:fps-pos=-1.0,-1.0:fps-size=0.03:fragment-precision=default,default,default,default:model=cat:nframes=:num-lights=1:shading=phong:show-fps=false:title=:title-pos=-0.7,-1.0:title-size=0.03:vertex-precision=default,default,default,default: FPS: 531 FrameTime: 1.885 ms
[shading] duration=10.0:fps-pos=-1.0,-1.0:fps-size=0.03:fragment-precision=default,default,default,default:model=cat:nframes=:num-lights=1:shading=cel:show-fps=false:title=:title-pos=-0.7,-1.0:title-size=0.03:vertex-precision=default,default,default,default: FPS: 530 FrameTime: 1.889 ms
[bump] bump-render=high-poly:duration=10.0:fps-pos=-1.0,-1.0:fps-size=0.03:fragment-precision=default,default,default,default:nframes=:show-fps=false:title=:title-pos=-0.7,-1.0:title-size=0.03:vertex-precision=default,default,default,default: FPS: 487 FrameTime: 2.056 ms
[bump] bump-render=normals:duration=10.0:fps-pos=-1.0,-1.0:fps-size=0.03:fragment-precision=default,default,default,default:nframes=:show-fps=false:title=:title-pos=-0.7,-1.0:title-size=0.03:vertex-precision=default,default,default,default: FPS: 586 FrameTime: 1.707 ms
[bump] bump-render=height:duration=10.0:fps-pos=-1.0,-1.0:fps-size=0.03:fragment-precision=default,default,default,default:nframes=:show-fps=false:title=:title-pos=-0.7,-1.0:title-size=0.03:vertex-precision=default,default,default,default: FPS: 571 FrameTime: 1.753 ms
[effect2d] duration=10.0:fps-pos=-1.0,-1.0:fps-size=0.03:fragment-precision=default,default,default,default:kernel=0,1,0;1,-4,1;0,1,0;:nframes=:normalize=true:show-fps=false:title=:title-pos=-0.7,-1.0:title-size=0.03:vertex-precision=default,default,default,default: FPS: 508 FrameTime: 1.971 ms
[effect2d] duration=10.0:fps-pos=-1.0,-1.0:fps-size=0.03:fragment-precision=default,default,default,default:kernel=1,1,1,1,1;1,1,1,1,1;1,1,1,1,1;:nframes=:normalize=true:show-fps=false:title=:title-pos=-0.7,-1.0:title-size=0.03:vertex-precision=default,default,default,default: FPS: 397 FrameTime: 2.522 ms
[pulsar] duration=10.0:fps-pos=-1.0,-1.0:fps-size=0.03:fragment-precision=default,default,default,default:light=false:nframes=:quads=5:random=false:show-fps=false:texture=false:title=:title-pos=-0.7,-1.0:title-size=0.03:vertex-precision=default,default,default,default: FPS: 561 FrameTime: 1.783 ms
[desktop] blur-radius=5:duration=10.0:effect=blur:fps-pos=-1.0,-1.0:fps-size=0.03:fragment-precision=default,default,default,default:nframes=:passes=1:separable=true:shadow-size=20:show-fps=false:title=:title-pos=-0.7,-1.0:title-size=0.03:vertex-precision=default,default,default,default:window-size=0.35:windows=4: FPS: 305 FrameTime: 3.280 ms
[desktop] blur-radius=5:duration=10.0:effect=shadow:fps-pos=-1.0,-1.0:fps-size=0.03:fragment-precision=default,default,default,default:nframes=:passes=1:separable=true:shadow-size=20:show-fps=false:title=:title-pos=-0.7,-1.0:title-size=0.03:vertex-precision=default,default,default,default:window-size=0.35:windows=4: FPS: 412 FrameTime: 2.432 ms
[buffer] buffer-usage=static:columns=200:duration=10.0:fps-pos=-1.0,-1.0:fps-size=0.03:fragment-precision=default,default,default,default:interleave=false:nframes=:rows=20:show-fps=false:title=:title-pos=-0.7,-1.0:title-size=0.03:update-dispersion=0.9:update-fraction=0.5:update-method=map:vertex-precision=default,default,default,default: FPS: 403 FrameTime: 2.482 ms
[buffer] buffer-usage=static:columns=200:duration=10.0:fps-pos=-1.0,-1.0:fps-size=0.03:fragment-precision=default,default,default,default:interleave=false:nframes=:rows=20:show-fps=false:title=:title-pos=-0.7,-1.0:title-size=0.03:update-dispersion=0.9:update-fraction=0.5:update-method=subdata:vertex-precision=default,default,default,default: FPS: 302 FrameTime: 3.313 ms
[buffer] buffer-usage=static:columns=200:duration=10.0:fps-pos=-1.0,-1.0:fps-size=0.03:fragment-precision=default,default,default,default:interleave=true:nframes=:rows=20:show-fps=false:title=:title-pos=-0.7,-1.0:title-size=0.03:update-dispersion=0.9:update-fraction=0.5:update-method=map:vertex-precision=default,default,default,default: FPS: 466 FrameTime: 2.146 ms
[ideas] duration=10.0:fps-pos=-1.0,-1.0:fps-size=0.03:fragment-precision=default,default,default,default:nframes=:show-fps=false:speed=duration:title=:title-pos=-0.7,-1.0:title-size=0.03:vertex-precision=default,default,default,default: FPS: 279 FrameTime: 3.588 ms
[jellyfish] duration=10.0:fps-pos=-1.0,-1.0:fps-size=0.03:fragment-precision=default,default,default,default:nframes=:show-fps=false:title=:title-pos=-0.7,-1.0:title-size=0.03:vertex-precision=default,default,default,default: FPS: 517 FrameTime: 1.937 ms
[terrain] bloom=true:duration=10.0:fps-pos=-1.0,-1.0:fps-size=0.03:fragment-precision=default,default,default,default:nframes=:repeat-overlay=6.0:show-fps=false:tilt-shift=true:title=:title-pos=-0.7,-1.0:title-size=0.03:vertex-precision=default,default,default,default: FPS: 108 FrameTime: 9.318 ms
[shadow] duration=10.0:fps-pos=-1.0,-1.0:fps-size=0.03:fragment-precision=default,default,default,default:interleave=false:nframes=:show-fps=false:title=:title-pos=-0.7,-1.0:title-size=0.03:use-vbo=true:vertex-precision=default,default,default,default: FPS: 487 FrameTime: 2.055 ms
[refract] duration=10.0:fps-pos=-1.0,-1.0:fps-size=0.03:fragment-precision=default,default,default,default:index=1.2:interleave=false:model=bunny:nframes=:show-fps=false:texture=nasa1:title=:title-pos=-0.7,-1.0:title-size=0.03:use-vbo=true:vertex-precision=default,default,default,default: FPS: 202 FrameTime: 4.972 ms
[conditionals] duration=10.0:fps-pos=-1.0,-1.0:fps-size=0.03:fragment-conditionals=true:fragment-precision=default,default,default,default:fragment-steps=0:grid-length=5.0:grid-size=32:nframes=:show-fps=false:title=:title-pos=-0.7,-1.0:title-size=0.03:vertex-conditionals=true:vertex-precision=default,default,default,default:vertex-steps=0: FPS: 554 FrameTime: 1.807 ms
[conditionals] duration=10.0:fps-pos=-1.0,-1.0:fps-size=0.03:fragment-conditionals=true:fragment-precision=default,default,default,default:fragment-steps=5:grid-length=5.0:grid-size=32:nframes=:show-fps=false:title=:title-pos=-0.7,-1.0:title-size=0.03:vertex-conditionals=true:vertex-precision=default,default,default,default:vertex-steps=0: FPS: 548 FrameTime: 1.826 ms
[conditionals] duration=10.0:fps-pos=-1.0,-1.0:fps-size=0.03:fragment-conditionals=true:fragment-precision=default,default,default,default:fragment-steps=0:grid-length=5.0:grid-size=32:nframes=:show-fps=false:title=:title-pos=-0.7,-1.0:title-size=0.03:vertex-conditionals=true:vertex-precision=default,default,default,default:vertex-steps=5: FPS: 540 FrameTime: 1.854 ms
[function] duration=10.0:fps-pos=-1.0,-1.0:fps-size=0.03:fragment-complexity=low:fragment-function=true:fragment-precision=default,default,default,default:fragment-steps=5:grid-length=5.0:grid-size=32:nframes=:show-fps=false:title=:title-pos=-0.7,-1.0:title-size=0.03:vertex-complexity=low:vertex-function=true:vertex-precision=default,default,default,default:vertex-steps=1: FPS: 542 FrameTime: 1.846 ms
[function] duration=10.0:fps-pos=-1.0,-1.0:fps-size=0.03:fragment-complexity=medium:fragment-function=true:fragment-precision=default,default,default,default:fragment-steps=5:grid-length=5.0:grid-size=32:nframes=:show-fps=false:title=:title-pos=-0.7,-1.0:title-size=0.03:vertex-complexity=low:vertex-function=true:vertex-precision=default,default,default,default:vertex-steps=1: FPS: 549 FrameTime: 1.823 ms
[loop] duration=10.0:fps-pos=-1.0,-1.0:fps-size=0.03:fragment-loop=false:fragment-precision=default,default,default,default:fragment-steps=5:fragment-uniform=true:grid-length=5.0:grid-size=32:nframes=:show-fps=false:title=:title-pos=-0.7,-1.0:title-size=0.03:vertex-loop=true:vertex-precision=default,default,default,default:vertex-steps=5:vertex-uniform=true: FPS: 552 FrameTime: 1.814 ms
[loop] duration=10.0:fps-pos=-1.0,-1.0:fps-size=0.03:fragment-loop=true:fragment-precision=default,default,default,default:fragment-steps=5:fragment-uniform=false:grid-length=5.0:grid-size=32:nframes=:show-fps=false:title=:title-pos=-0.7,-1.0:title-size=0.03:vertex-loop=true:vertex-precision=default,default,default,default:vertex-steps=5:vertex-uniform=true: FPS: 545 FrameTime: 1.836 ms
[loop] duration=10.0:fps-pos=-1.0,-1.0:fps-size=0.03:fragment-loop=true:fragment-precision=default,default,default,default:fragment-steps=5:fragment-uniform=true:grid-length=5.0:grid-size=32:nframes=:show-fps=false:title=:title-pos=-0.7,-1.0:title-size=0.03:vertex-loop=true:vertex-precision=default,default,default,default:vertex-steps=5:vertex-uniform=true: FPS: 499 FrameTime: 2.005 ms
=======================================================
                                  glmark2 Score: 480 
=======================================================
