=======================================================
    vkmark 2025.01
=======================================================
    Vendor ID:      0x5143
    Device ID:      0x44050A31
    Device Name:    Adreno (TM) 840
    Driver Version: 109051910
    Device UUID:    7f4bce943437cac6fc1921e23cef4bc3
=======================================================
[vertex] device-local=true:interleave=true:duration=10.0: FPS: 1280 FrameTime: 0.781 ms
[vertex] device-local=false:interleave=true:duration=10.0: FPS: 995 FrameTime: 1.005 ms
[texture] anisotropy=0:texture-filter=linear:duration=10.0: FPS: 974 FrameTime: 1.027 ms
[texture] anisotropy=16:texture-filter=linear:duration=10.0: FPS: 1043 FrameTime: 0.959 ms
[shading] shading=gouraud:duration=10.0: FPS: 1256 FrameTime: 0.796 ms
[shading] shading=blinn-phong-inf:duration=10.0: FPS: 1251 FrameTime: 0.799 ms
[shading] shading=phong:duration=10.0: FPS: 1261 FrameTime: 0.793 ms
[shading] shading=cel:duration=10.0: FPS: 1247 FrameTime: 0.802 ms
[effect2d] background-resolution=800x600:kernel=edge:duration=10.0: FPS: 1235 FrameTime: 0.810 ms
[effect2d] background-resolution=800x600:kernel=blur:duration=10.0: FPS: 1274 FrameTime: 0.785 ms
[desktop] background-resolution=800x600:windows=4:window-size=0.35:duration=10.0: FPS: 1257 FrameTime: 0.796 ms
[cube] duration=10.0: FPS: 1307 FrameTime: 0.765 ms
[clear] color=cycle:duration=10.0: FPS: 1088 FrameTime: 0.919 ms
=======================================================
                                   vkmark Score: 1189
=======================================================
