proot warning: can't sanitize binding "/storage/self/primary": Permission denied
proot warning: can't sanitize binding "/storage/self/primary": Permission denied
proot warning: can't sanitize binding "/storage/self/primary": Permission denied
proot warning: can't sanitize binding "/storage/self/primary": Permission denied
dbus-daemon[23206]: [session uid=0 pid=23206] org.freedesktop.DBus.Error.AccessDenied: Failed to set fd limit to 65536: Operation not permitted
[23218:0924/203215.662793:ERROR:dbus/bus.cc:406] Failed to connect to the bus: Failed to connect to socket /run/dbus/system_bus_socket: No such file or directory
Error: Unable to retrieve mac address (unexpected format)
    at uJe (file:///usr/share/cursor/resources/app/out/main.js:385:1979)
    at mJe (file:///usr/share/cursor/resources/app/out/main.js:385:2071)
    at file:///usr/share/cursor/resources/app/out/main.js:385:7270
    at ModuleJob.run (node:internal/modules/esm/module_job:437:25)
    at process.processTicksAndRejections (node:internal/process/task_queues:104:5)
    at async onImport.tracePromise.__proto__ (node:internal/modules/esm/loader:639:26)
    at async node:electron/js2c/browser_init:2:144690
    at async asyncRunEntryPointWithESMLoader (node:internal/modules/run_main:116:5)
(node:23218) [DEP0040] DeprecationWarning: The `punycode` module is deprecated. Please use a userland alternative instead.
(Use `cursor --trace-deprecation ...` to show where the warning was created)
dbus-daemon[23206]: [session uid=0 pid=23206] Activating service name='org.gtk.vfs.Daemon' requested by ':1.0' (uid=0 pid=23218 comm="/usr/share/cursor/cursor --no-sandbox --disable-gp" label="u:r:runas_app:s0:c109,c257,c512,c768")
dbus-daemon[23206]: [session uid=0 pid=23206] Successfully activated service 'org.gtk.vfs.Daemon'
[23218:0924/203218.568702:ERROR:dbus/bus.cc:406] Failed to connect to the bus: Failed to connect to socket /run/dbus/system_bus_socket: No such file or directory
[23218:0924/203218.569356:ERROR:dbus/bus.cc:406] Failed to connect to the bus: Failed to connect to socket /run/dbus/system_bus_socket: No such file or directory
[23218:0924/203218.569894:ERROR:dbus/bus.cc:406] Failed to connect to the bus: Failed to connect to socket /run/dbus/system_bus_socket: No such file or directory
[23218:0924/203218.574272:ERROR:dbus/bus.cc:406] Failed to connect to the bus: Failed to connect to socket /run/dbus/system_bus_socket: No such file or directory
[23218:0924/203218.574588:ERROR:dbus/bus.cc:406] Failed to connect to the bus: Failed to connect to socket /run/dbus/system_bus_socket: No such file or directory
[23218:0924/203218.603661:ERROR:device/udev_linux/udev_watcher.cc:51] Failed to initialize a udev monitor.

DevTools listening on ws://127.0.0.1:9263/devtools/browser/5770304c-0389-44ae-aa2e-cefc9adc31e1
[23218:0924/203218.717882:WARNING:device/bluetooth/dbus/bluez_dbus_manager.cc:209] Floss manager service not available, cannot set Floss enable/disable.
[23218:0924/203218.718677:WARNING:electron/shell/browser/lib/power_observer_linux.cc:181] Failed to connect to PrepareForShutdown
[23218:0924/203218.718900:WARNING:electron/shell/browser/lib/power_observer_linux.cc:181] Failed to connect to PrepareForSleep
[23218:0924/203218.719173:WARNING:electron/shell/browser/lib/power_observer_linux.cc:70] org.freedesktop.login1 not available
dbus-daemon[23206]: [session uid=0 pid=23206] Activating service name='org.freedesktop.portal.Desktop' requested by ':1.3' (uid=0 pid=23218 comm="/usr/share/cursor/cursor --no-sandbox --disable-gp" label="u:r:runas_app:s0:c109,c257,c512,c768")
dbus-daemon[23206]: [session uid=0 pid=23206] Activating service name='org.freedesktop.portal.Documents' requested by ':1.4' (uid=0 pid=23352 comm="/usr/libexec/xdg-desktop-portal" label="u:r:runas_app:s0:c109,c257,c512,c768")
dbus-daemon[23206]: [session uid=0 pid=23206] Activating service name='org.freedesktop.impl.portal.PermissionStore' requested by ':1.5' (uid=0 pid=23368 comm="/usr/libexec/xdg-document-portal" label="u:r:runas_app:s0:c109,c257,c512,c768")
dbus-daemon[23206]: [session uid=0 pid=23206] Successfully activated service 'org.freedesktop.impl.portal.PermissionStore'
dbus-daemon[23206]: [session uid=0 pid=23206] Successfully activated service 'org.freedesktop.portal.Documents'
fusermount3: failed to open /dev/fuse: Permission denied
error: fuse init failed: Can't mount path /root/build/proot-bench/home-r01-3-p0/runtime/doc

(/usr/libexec/xdg-desktop-portal:23352): xdg-desktop-portal-WARNING **: 20:32:18.847: Choosing gtk.portal for org.freedesktop.impl.portal.Lockdown as a last-resort fallback

(/usr/libexec/xdg-desktop-portal:23352): xdg-desktop-portal-WARNING **: 20:32:18.847: The preferred method to match portal implementations to desktop environments is to use the portals.conf(5) configuration file
dbus-daemon[23206]: [session uid=0 pid=23206] Activating service name='org.freedesktop.impl.portal.desktop.gtk' requested by ':1.4' (uid=0 pid=23352 comm="/usr/libexec/xdg-desktop-portal" label="u:r:runas_app:s0:c109,c257,c512,c768")

(xdg-desktop-portal-gtk:23384): dbind-WARNING **: 20:32:18.901: Couldn't connect to accessibility bus: Failed to connect to socket /root/build/proot-bench/home-r01-1-p0/runtime/at-spi/bus_3: No such file or directory

(xdg-desktop-portal-gtk:23384): xdg-desktop-portal-gtk-WARNING **: 20:32:18.913: error: Could not connect: No such file or directory

Warning: 'remote-debugging-port' is not in the list of known options, but still passed to Electron/Chromium.
Warning: 'enable-logging' is not in the list of known options, but still passed to Electron/Chromium.
dbus-daemon[23206]: [session uid=0 pid=23206] Successfully activated service 'org.freedesktop.impl.portal.desktop.gtk'

(/usr/libexec/xdg-desktop-portal:23352): xdg-desktop-portal-WARNING **: 20:32:19.097: Failed to create RealtimeKit proxy: Could not connect: No such file or directory

(/usr/libexec/xdg-desktop-portal:23352): xdg-desktop-portal-WARNING **: 20:32:19.098: No skeleton to export

(/usr/libexec/xdg-desktop-portal:23352): xdg-desktop-portal-WARNING **: 20:32:19.098: Choosing gtk.portal for org.freedesktop.impl.portal.FileChooser as a last-resort fallback

(/usr/libexec/xdg-desktop-portal:23352): xdg-desktop-portal-WARNING **: 20:32:19.101: Choosing gtk.portal for org.freedesktop.impl.portal.AppChooser as a last-resort fallback

(/usr/libexec/xdg-desktop-portal:23352): xdg-desktop-portal-WARNING **: 20:32:19.105: Choosing gtk.portal for org.freedesktop.impl.portal.Print as a last-resort fallback

(/usr/libexec/xdg-desktop-portal:23352): xdg-desktop-portal-WARNING **: 20:32:19.109: Choosing gtk.portal for org.freedesktop.impl.portal.Notification as a last-resort fallback

(/usr/libexec/xdg-desktop-portal:23352): xdg-desktop-portal-WARNING **: 20:32:19.112: Choosing gtk.portal for org.freedesktop.impl.portal.Inhibit as a last-resort fallback

(/usr/libexec/xdg-desktop-portal:23352): xdg-desktop-portal-WARNING **: 20:32:19.115: Choosing gtk.portal for org.freedesktop.impl.portal.Access as a last-resort fallback
[W][08624.963505] pw.conf      | [          conf.c: 1031 try_load_conf()] can't load config client.conf: No such file or directory
[E][08624.963525] pw.conf      | [          conf.c: 1060 pw_conf_load_conf_for_context()] can't load config client.conf: No such file or directory

(/usr/libexec/xdg-desktop-portal:23352): xdg-desktop-portal-WARNING **: 20:32:19.127: Failed connect to PipeWire: Couldn't create PipeWire context

(/usr/libexec/xdg-desktop-portal:23352): xdg-desktop-portal-WARNING **: 20:32:19.127: Choosing gtk.portal for org.freedesktop.impl.portal.Account as a last-resort fallback

(/usr/libexec/xdg-desktop-portal:23352): xdg-desktop-portal-WARNING **: 20:32:19.132: Choosing gtk.portal for org.freedesktop.impl.portal.Email as a last-resort fallback

(/usr/libexec/xdg-desktop-portal:23352): xdg-desktop-portal-WARNING **: 20:32:19.135: Choosing gtk.portal for org.freedesktop.impl.portal.DynamicLauncher as a last-resort fallback
dbus-daemon[23206]: [session uid=0 pid=23206] Successfully activated service 'org.freedesktop.portal.Desktop'
[23218:0924/203219.143597:WARNING:components/dbus/xdg/portal.cc:122] Failed to register with org.freedesktop.host.portal.Registry
[23218:0924/203219.186038:ERROR:dbus/bus.cc:406] Failed to connect to the bus: Failed to connect to socket /run/dbus/system_bus_socket: No such file or directory
[91m[main 2026-09-24T12:32:19.191Z][0m [uncaught exception in main]: Error: write EFAULT Error: write EFAULT
    at afterWriteDispatched (node:internal/stream_base_commons:159:15)
    at writeGeneric (node:internal/stream_base_commons:150:3)
    at Socket._writeGeneric (node:net:1025:11)
    at Socket._write (node:net:1037:8)
    at writeOrBuffer (node:internal/streams/writable:570:12)
    at _write (node:internal/streams/writable:499:10)
    at Writable.write (node:internal/streams/writable:508:10)
    at execSync (node:child_process:1009:20)
    at K6 (file:///usr/share/cursor/resources/app/out/main.js:66:391)
    at $w._getTrueMachineId (file:///usr/share/cursor/resources/app/out/main.js:201:32229)
    at new $w (file:///usr/share/cursor/resources/app/out/main.js:201:31887)
    at GO._createInstance (file:///usr/share/cursor/resources/app/out/main.js:367:1498)
    at GO._createServiceInstance (file:///usr/share/cursor/resources/app/out/main.js:367:5220)
    at GO._createServiceInstanceWithOwner (file:///usr/share/cursor/resources/app/out/main.js:367:3719)
    at GO._createAndCacheServiceInstance (file:///usr/share/cursor/resources/app/out/main.js:367:3366)
    at GO._safeCreateAndCacheServiceInstance (file:///usr/share/cursor/resources/app/out/main.js:367:2413)
    at GO._getOrCreateServiceInstance (file:///usr/share/cursor/resources/app/out/main.js:367:2134)
    at Object.get (file:///usr/share/cursor/resources/app/out/main.js:367:552)
    at ou.initChannels (file:///usr/share/cursor/resources/app/out/main.js:331:19896)
    at file:///usr/share/cursor/resources/app/out/main.js:331:7827
    at GO.invokeFunction (file:///usr/share/cursor/resources/app/out/main.js:367:437)
    at ou.startup (file:///usr/share/cursor/resources/app/out/main.js:331:7804)
    at async sCe.startup (file:///usr/share/cursor/resources/app/out/main.js:371:43868) {
  errno: -14,
  code: 'EFAULT',
  syscall: 'write'
}
[23218:0924/203219.194278:ERROR:dbus/object_proxy.cc:573] Failed to call method: org.freedesktop.login1.Manager.Inhibit: object_path= /org/freedesktop/login1: unknown error type: 
dbus-daemon[23206]: [session uid=0 pid=23206] Activating service name='org.a11y.Bus' requested by ':1.0' (uid=0 pid=23218 comm="/usr/share/cursor/cursor --no-sandbox --disable-gp" label="u:r:runas_app:s0:c109,c257,c512,c768")
dbus-daemon[23206]: [session uid=0 pid=23206] Successfully activated service 'org.a11y.Bus'
[90m[main 2026-09-24T12:32:19.432Z][0m update#ctor - updates are managed by the deb package manager
[90m[main 2026-09-24T12:32:19.433Z][0m update#setState disabled
[90m[main 2026-09-24T12:32:19.433Z][0m update#ctor - updates are disabled by the platform installation method
[23218:0924/203221.184708:INFO:CONSOLE:702] "This document requires 'TrustedScript' assignment. The action has been blocked.", source: vscode-file://vscode-app/usr/share/cursor/resources/app/out/vs/workbench/workbench.desktop.main.js (702)
[23218:0924/203221.184852:INFO:CONSOLE:702] "The JavaScript Function constructor does not accept TrustedString arguments. See https://github.com/w3c/webappsec-trusted-types/wiki/Trusted-Types-for-function-constructor for more information.", source: vscode-file://vscode-app/usr/share/cursor/resources/app/out/vs/workbench/workbench.desktop.main.js (702)
[23218:0924/203221.386648:INFO:CONSOLE:6693] "This document requires 'TrustedScript' assignment. The action has been blocked.", source: vscode-file://vscode-app/usr/share/cursor/resources/app/out/vs/workbench/workbench.desktop.main.js (6693)
[23218:0924/203221.386718:INFO:CONSOLE:6693] "The JavaScript Function constructor does not accept TrustedString arguments. See https://github.com/w3c/webappsec-trusted-types/wiki/Trusted-Types-for-function-constructor for more information.", source: vscode-file://vscode-app/usr/share/cursor/resources/app/out/vs/workbench/workbench.desktop.main.js (6693)
[23218:0924/203222.285249:INFO:CONSOLE:64] "%c WARN color: #993 Missing property "alwaysKeepComposerInBound" in oldValue. Filling with value from initValue. Please add a migration if necessary.", source: vscode-file://vscode-app/usr/share/cursor/resources/app/out/vs/workbench/workbench.desktop.main.js (64)
[23218:0924/203222.285361:INFO:CONSOLE:64] "%c WARN color: #993 Missing property "defaultCapabilities" in oldValue. Filling with value from initValue. Please add a migration if necessary.", source: vscode-file://vscode-app/usr/share/cursor/resources/app/out/vs/workbench/workbench.desktop.main.js (64)
[23218:0924/203222.286051:INFO:CONSOLE:64] "%c WARN color: #993 Missing property "autoApplyFilesOutsideContext" in oldValue. Filling with value from initValue. Please add a migration if necessary.", source: vscode-file://vscode-app/usr/share/cursor/resources/app/out/vs/workbench/workbench.desktop.main.js (64)
[23218:0924/203222.286099:INFO:CONSOLE:64] "%c WARN color: #993 Missing property "yoloCommandAllowlist" in oldValue. Filling with value from initValue. Please add a migration if necessary.", source: vscode-file://vscode-app/usr/share/cursor/resources/app/out/vs/workbench/workbench.desktop.main.js (64)
[23218:0924/203222.286416:INFO:CONSOLE:64] "%c WARN color: #993 Missing property "yoloCommandDenylist" in oldValue. Filling with value from initValue. Please add a migration if necessary.", source: vscode-file://vscode-app/usr/share/cursor/resources/app/out/vs/workbench/workbench.desktop.main.js (64)
[23218:0924/203222.286456:INFO:CONSOLE:64] "%c WARN color: #993 Missing property "smartAllowlistDenylist" in oldValue. Filling with value from initValue. Please add a migration if necessary.", source: vscode-file://vscode-app/usr/share/cursor/resources/app/out/vs/workbench/workbench.desktop.main.js (64)
[23218:0924/203222.286887:INFO:CONSOLE:64] "%c WARN color: #993 Missing property "yoloMcpToolsDisabled" in oldValue. Filling with value from initValue. Please add a migration if necessary.", source: vscode-file://vscode-app/usr/share/cursor/resources/app/out/vs/workbench/workbench.desktop.main.js (64)
[23218:0924/203222.286924:INFO:CONSOLE:64] "%c WARN color: #993 Missing property "doNotShowYoloModeWarningAgain" in oldValue. Filling with value from initValue. Please add a migration if necessary.", source: vscode-file://vscode-app/usr/share/cursor/resources/app/out/vs/workbench/workbench.desktop.main.js (64)
[23218:0924/203222.287350:INFO:CONSOLE:64] "%c WARN color: #993 Missing property "doNotShowFullYoloModeWarningAgain" in oldValue. Filling with value from initValue. Please add a migration if necessary.", source: vscode-file://vscode-app/usr/share/cursor/resources/app/out/vs/workbench/workbench.desktop.main.js (64)
[23218:0924/203222.287481:INFO:CONSOLE:64] "%c WARN color: #993 Missing property "selectedFakeStreamerId" in oldValue. Filling with value from initValue. Please add a migration if necessary.", source: vscode-file://vscode-app/usr/share/cursor/resources/app/out/vs/workbench/workbench.desktop.main.js (64)
[23218:0924/203222.287914:INFO:CONSOLE:64] "%c WARN color: #993 Missing property "yoloDeleteFileDisabled" in oldValue. Filling with value from initValue. Please add a migration if necessary.", source: vscode-file://vscode-app/usr/share/cursor/resources/app/out/vs/workbench/workbench.desktop.main.js (64)
[23218:0924/203222.287968:INFO:CONSOLE:64] "%c WARN color: #993 Missing property "yoloOutsideWorkspaceDisabled" in oldValue. Filling with value from initValue. Please add a migration if necessary.", source: vscode-file://vscode-app/usr/share/cursor/resources/app/out/vs/workbench/workbench.desktop.main.js (64)
[23218:0924/203222.288372:INFO:CONSOLE:64] "%c WARN color: #993 Missing property "yoloEnableRunEverything" in oldValue. Filling with value from initValue. Please add a migration if necessary.", source: vscode-file://vscode-app/usr/share/cursor/resources/app/out/vs/workbench/workbench.desktop.main.js (64)
[23218:0924/203222.288485:INFO:CONSOLE:64] "%c WARN color: #993 Missing property "enableSmartAuto" in oldValue. Filling with value from initValue. Please add a migration if necessary.", source: vscode-file://vscode-app/usr/share/cursor/resources/app/out/vs/workbench/workbench.desktop.main.js (64)
[23218:0924/203222.288821:INFO:CONSOLE:64] "%c WARN color: #993 Missing property "isWebSearchToolEnabled" in oldValue. Filling with value from initValue. Please add a migration if necessary.", source: vscode-file://vscode-app/usr/share/cursor/resources/app/out/vs/workbench/workbench.desktop.main.js (64)
[23218:0924/203222.289324:INFO:CONSOLE:64] "%c WARN color: #993 Missing property "isWebSearchToolEnabled2" in oldValue. Filling with value from initValue. Please add a migration if necessary.", source: vscode-file://vscode-app/usr/share/cursor/resources/app/out/vs/workbench/workbench.desktop.main.js (64)
[23218:0924/203222.289364:INFO:CONSOLE:64] "%c WARN color: #993 Missing property "isWebSearchToolEnabled3" in oldValue. Filling with value from initValue. Please add a migration if necessary.", source: vscode-file://vscode-app/usr/share/cursor/resources/app/out/vs/workbench/workbench.desktop.main.js (64)
[23218:0924/203222.289649:INFO:CONSOLE:64] "%c WARN color: #993 Missing property "autoAcceptWebSearchTool" in oldValue. Filling with value from initValue. Please add a migration if necessary.", source: vscode-file://vscode-app/usr/share/cursor/resources/app/out/vs/workbench/workbench.desktop.main.js (64)
[23218:0924/203222.289686:INFO:CONSOLE:64] "%c WARN color: #993 Missing property "isWebFetchToolEnabled" in oldValue. Filling with value from initValue. Please add a migration if necessary.", source: vscode-file://vscode-app/usr/share/cursor/resources/app/out/vs/workbench/workbench.desktop.main.js (64)
[23218:0924/203222.290115:INFO:CONSOLE:64] "%c WARN color: #993 Missing property "webFetchDomainAllowlist" in oldValue. Filling with value from initValue. Please add a migration if necessary.", source: vscode-file://vscode-app/usr/share/cursor/resources/app/out/vs/workbench/workbench.desktop.main.js (64)
[23218:0924/203222.290164:INFO:CONSOLE:64] "%c WARN color: #993 Missing property "autoApproveModeTransitions" in oldValue. Filling with value from initValue. Please add a migration if necessary.", source: vscode-file://vscode-app/usr/share/cursor/resources/app/out/vs/workbench/workbench.desktop.main.js (64)
[23218:0924/203222.290628:INFO:CONSOLE:64] "%c WARN color: #993 Missing property "mcpAuthBlocking" in oldValue. Filling with value from initValue. Please add a migration if necessary.", source: vscode-file://vscode-app/usr/share/cursor/resources/app/out/vs/workbench/workbench.desktop.main.js (64)
[23218:0924/203222.290663:INFO:CONSOLE:64] "%c WARN color: #993 Missing property "autoApprovedModeTransitions" in oldValue. Filling with value from initValue. Please add a migration if necessary.", source: vscode-file://vscode-app/usr/share/cursor/resources/app/out/vs/workbench/workbench.desktop.main.js (64)
[23218:0924/203222.290976:INFO:CONSOLE:64] "%c WARN color: #993 Missing property "autoRejectedModeTransitions" in oldValue. Filling with value from initValue. Please add a migration if necessary.", source: vscode-file://vscode-app/usr/share/cursor/resources/app/out/vs/workbench/workbench.desktop.main.js (64)
[23218:0924/203222.291015:INFO:CONSOLE:64] "%c WARN color: #993 Missing property "backgroundComposerEnv" in oldValue. Filling with value from initValue. Please add a migration if necessary.", source: vscode-file://vscode-app/usr/share/cursor/resources/app/out/vs/workbench/workbench.desktop.main.js (64)
[23218:0924/203222.291273:INFO:CONSOLE:64] "%c WARN color: #993 Missing property "useLegacyTerminalTool" in oldValue. Filling with value from initValue. Please add a migration if necessary.", source: vscode-file://vscode-app/usr/share/cursor/resources/app/out/vs/workbench/workbench.desktop.main.js (64)
[23218:0924/203222.291304:INFO:CONSOLE:64] "%c WARN color: #993 Missing property "modes4" in oldValue. Filling with value from initValue. Please add a migration if necessary.", source: vscode-file://vscode-app/usr/share/cursor/resources/app/out/vs/workbench/workbench.desktop.main.js (64)
[23218:0924/203222.291564:INFO:CONSOLE:64] "%c WARN color: #993 Missing property "codeBlockDisplayPreference" in oldValue. Filling with value from initValue. Please add a migration if necessary.", source: vscode-file://vscode-app/usr/share/cursor/resources/app/out/vs/workbench/workbench.desktop.main.js (64)
[23218:0924/203222.291594:INFO:CONSOLE:64] "%c WARN color: #993 Missing property "thinkingLevel" in oldValue. Filling with value from initValue. Please add a migration if necessary.", source: vscode-file://vscode-app/usr/share/cursor/resources/app/out/vs/workbench/workbench.desktop.main.js (64)
[23218:0924/203222.291896:INFO:CONSOLE:64] "%c WARN color: #993 Missing property "composerMigrationVersion" in oldValue. Filling with value from initValue. Please add a migration if necessary.", source: vscode-file://vscode-app/usr/share/cursor/resources/app/out/vs/workbench/workbench.desktop.main.js (64)
[23218:0924/203222.291981:INFO:CONSOLE:64] "%c WARN color: #993 Missing property "mcpServers" in oldValue. Filling with value from initValue. Please add a migration if necessary.", source: vscode-file://vscode-app/usr/share/cursor/resources/app/out/vs/workbench/workbench.desktop.main.js (64)
[23218:0924/203222.292337:INFO:CONSOLE:64] "%c WARN color: #993 Missing property "mcpDisabledTools" in oldValue. Filling with value from initValue. Please add a migration if necessary.", source: vscode-file://vscode-app/usr/share/cursor/resources/app/out/vs/workbench/workbench.desktop.main.js (64)
[23218:0924/203222.292373:INFO:CONSOLE:64] "%c WARN color: #993 Missing property "availableDefaultModels2" in oldValue. Filling with value from initValue. Please add a migration if necessary.", source: vscode-file://vscode-app/usr/share/cursor/resources/app/out/vs/workbench/workbench.desktop.main.js (64)
[23218:0924/203222.292667:INFO:CONSOLE:64] "%c WARN color: #993 Missing property "featureModelConfigs" in oldValue. Filling with value from initValue. Please add a migration if necessary.", source: vscode-file://vscode-app/usr/share/cursor/resources/app/out/vs/workbench/workbench.desktop.main.js (64)
[23218:0924/203222.292707:INFO:CONSOLE:64] "%c WARN color: #993 Missing property "backgroundComposerState" in oldValue. Filling with value from initValue. Please add a migration if necessary.", source: vscode-file://vscode-app/usr/share/cursor/resources/app/out/vs/workbench/workbench.desktop.main.js (64)
[23218:0924/203222.292982:INFO:CONSOLE:64] "%c WARN color: #993 Missing property "dialogDontAskAgainPreferences" in oldValue. Filling with value from initValue. Please add a migration if necessary.", source: vscode-file://vscode-app/usr/share/cursor/resources/app/out/vs/workbench/workbench.desktop.main.js (64)
[23218:0924/203222.293022:INFO:CONSOLE:64] "%c WARN color: #993 Missing property "cursorIgnore" in oldValue. Filling with value from initValue. Please add a migration if necessary.", source: vscode-file://vscode-app/usr/share/cursor/resources/app/out/vs/workbench/workbench.desktop.main.js (64)
[23218:0924/203222.293300:INFO:CONSOLE:64] "%c WARN color: #993 Missing property "teamAdminSettings" in oldValue. Filling with value from initValue. Please add a migration if necessary.", source: vscode-file://vscode-app/usr/share/cursor/resources/app/out/vs/workbench/workbench.desktop.main.js (64)
[23218:0924/203222.293330:INFO:CONSOLE:64] "%c WARN color: #993 Missing property "shouldShowViewZoneWhenPreviewBoxIsClipped6" in oldValue. Filling with value from initValue. Please add a migration if necessary.", source: vscode-file://vscode-app/usr/share/cursor/resources/app/out/vs/workbench/workbench.desktop.main.js (64)
[23218:0924/203222.293605:INFO:CONSOLE:64] "%c WARN color: #993 Missing property "cppModelsState" in oldValue. Filling with value from initValue. Please add a migration if necessary.", source: vscode-file://vscode-app/usr/share/cursor/resources/app/out/vs/workbench/workbench.desktop.main.js (64)
[23218:0924/203222.293634:INFO:CONSOLE:64] "%c WARN color: #993 Missing property "aiSettings" in oldValue. Filling with value from initValue. Please add a migration if necessary.", source: vscode-file://vscode-app/usr/share/cursor/resources/app/out/vs/workbench/workbench.desktop.main.js (64)
[23218:0924/203222.293884:INFO:CONSOLE:64] "%c WARN color: #993 Missing property "authenticationSettings" in oldValue. Filling with value from initValue. Please add a migration if necessary.", source: vscode-file://vscode-app/usr/share/cursor/resources/app/out/vs/workbench/workbench.desktop.main.js (64)
[23218:0924/203222.293917:INFO:CONSOLE:64] "%c WARN color: #993 Missing property "websiteUrl" in oldValue. Filling with value from initValue. Please add a migration if necessary.", source: vscode-file://vscode-app/usr/share/cursor/resources/app/out/vs/workbench/workbench.desktop.main.js (64)
[23218:0924/203222.294204:INFO:CONSOLE:64] "%c WARN color: #993 Missing property "backendUrl" in oldValue. Filling with value from initValue. Please add a migration if necessary.", source: vscode-file://vscode-app/usr/share/cursor/resources/app/out/vs/workbench/workbench.desktop.main.js (64)
[23218:0924/203222.294244:INFO:CONSOLE:64] "%c WARN color: #993 Missing property "authClientId" in oldValue. Filling with value from initValue. Please add a migration if necessary.", source: vscode-file://vscode-app/usr/share/cursor/resources/app/out/vs/workbench/workbench.desktop.main.js (64)
[23218:0924/203222.294529:INFO:CONSOLE:64] "%c WARN color: #993 Missing property "authDomain" in oldValue. Filling with value from initValue. Please add a migration if necessary.", source: vscode-file://vscode-app/usr/share/cursor/resources/app/out/vs/workbench/workbench.desktop.main.js (64)
[23218:0924/203222.294562:INFO:CONSOLE:64] "%c WARN color: #993 Missing property "repoBackendUrl" in oldValue. Filling with value from initValue. Please add a migration if necessary.", source: vscode-file://vscode-app/usr/share/cursor/resources/app/out/vs/workbench/workbench.desktop.main.js (64)
[23218:0924/203222.294833:INFO:CONSOLE:64] "%c WARN color: #993 Missing property "telemBackendUrl" in oldValue. Filling with value from initValue. Please add a migration if necessary.", source: vscode-file://vscode-app/usr/share/cursor/resources/app/out/vs/workbench/workbench.desktop.main.js (64)
[23218:0924/203222.294871:INFO:CONSOLE:64] "%c WARN color: #993 Missing property "cmdkBackendUrl" in oldValue. Filling with value from initValue. Please add a migration if necessary.", source: vscode-file://vscode-app/usr/share/cursor/resources/app/out/vs/workbench/workbench.desktop.main.js (64)
[23218:0924/203222.295125:INFO:CONSOLE:64] "%c WARN color: #993 Missing property "geoCppBackendUrl" in oldValue. Filling with value from initValue. Please add a migration if necessary.", source: vscode-file://vscode-app/usr/share/cursor/resources/app/out/vs/workbench/workbench.desktop.main.js (64)
[23218:0924/203222.295158:INFO:CONSOLE:64] "%c WARN color: #993 Missing property "cppConfigBackendUrl" in oldValue. Filling with value from initValue. Please add a migration if necessary.", source: vscode-file://vscode-app/usr/share/cursor/resources/app/out/vs/workbench/workbench.desktop.main.js (64)
[23218:0924/203222.295424:INFO:CONSOLE:64] "%c WARN color: #993 Missing property "originBackendUrl" in oldValue. Filling with value from initValue. Please add a migration if necessary.", source: vscode-file://vscode-app/usr/share/cursor/resources/app/out/vs/workbench/workbench.desktop.main.js (64)
[23218:0924/203222.295458:INFO:CONSOLE:64] "%c WARN color: #993 Missing property "bcProxyUrl" in oldValue. Filling with value from initValue. Please add a migration if necessary.", source: vscode-file://vscode-app/usr/share/cursor/resources/app/out/vs/workbench/workbench.desktop.main.js (64)
[23218:0924/203222.295731:INFO:CONSOLE:64] "%c WARN color: #993 Missing property "agentBackendUrlPrivacy" in oldValue. Filling with value from initValue. Please add a migration if necessary.", source: vscode-file://vscode-app/usr/share/cursor/resources/app/out/vs/workbench/workbench.desktop.main.js (64)
[23218:0924/203222.295764:INFO:CONSOLE:64] "%c WARN color: #993 Missing property "agentBackendUrlNonPrivacy" in oldValue. Filling with value from initValue. Please add a migration if necessary.", source: vscode-file://vscode-app/usr/share/cursor/resources/app/out/vs/workbench/workbench.desktop.main.js (64)
[23218:0924/203222.296024:INFO:CONSOLE:64] "%c WARN color: #993 Missing property "credentialsDisplayName" in oldValue. Filling with value from initValue. Please add a migration if necessary.", source: vscode-file://vscode-app/usr/share/cursor/resources/app/out/vs/workbench/workbench.desktop.main.js (64)
[23218:0924/203222.296068:INFO:CONSOLE:64] "%c WARN color: #993 Missing property "cmdLineHookState" in oldValue. Filling with value from initValue. Please add a migration if necessary.", source: vscode-file://vscode-app/usr/share/cursor/resources/app/out/vs/workbench/workbench.desktop.main.js (64)
[23218:0924/203222.296346:INFO:CONSOLE:64] "%c WARN color: #993 Missing property "shouldOnlyImportOnAccept" in oldValue. Filling with value from initValue. Please add a migration if necessary.", source: vscode-file://vscode-app/usr/share/cursor/resources/app/out/vs/workbench/workbench.desktop.main.js (64)
[23218:0924/203222.296383:INFO:CONSOLE:64] "%c WARN color: #993 Missing property "cppAutoImportDecorationStyle" in oldValue. Filling with value from initValue. Please add a migration if necessary.", source: vscode-file://vscode-app/usr/share/cursor/resources/app/out/vs/workbench/workbench.desktop.main.js (64)
[23218:0924/203222.296631:INFO:CONSOLE:64] "%c WARN color: #993 Missing property "newUserData" in oldValue. Filling with value from initValue. Please add a migration if necessary.", source: vscode-file://vscode-app/usr/share/cursor/resources/app/out/vs/workbench/workbench.desktop.main.js (64)
[23218:0924/203222.296661:INFO:CONSOLE:64] "%c WARN color: #993 Missing property "azureState" in oldValue. Filling with value from initValue. Please add a migration if necessary.", source: vscode-file://vscode-app/usr/share/cursor/resources/app/out/vs/workbench/workbench.desktop.main.js (64)
[23218:0924/203222.296987:INFO:CONSOLE:64] "%c WARN color: #993 Missing property "personalDocs" in oldValue. Filling with value from initValue. Please add a migration if necessary.", source: vscode-file://vscode-app/usr/share/cursor/resources/app/out/vs/workbench/workbench.desktop.main.js (64)
[23218:0924/203222.297023:INFO:CONSOLE:64] "%c WARN color: #993 Missing property "cppInCmdF" in oldValue. Filling with value from initValue. Please add a migration if necessary.", source: vscode-file://vscode-app/usr/share/cursor/resources/app/out/vs/workbench/workbench.desktop.main.js (64)
[23218:0924/203222.297329:INFO:CONSOLE:64] "%c WARN color: #993 Missing property "cppTriggerInComments" in oldValue. Filling with value from initValue. Please add a migration if necessary.", source: vscode-file://vscode-app/usr/share/cursor/resources/app/out/vs/workbench/workbench.desktop.main.js (64)
[23218:0924/203222.297377:INFO:CONSOLE:64] "%c WARN color: #993 Missing property "cppShowWhitespaceOnlyChanges" in oldValue. Filling with value from initValue. Please add a migration if necessary.", source: vscode-file://vscode-app/usr/share/cursor/resources/app/out/vs/workbench/workbench.desktop.main.js (64)
[23218:0924/203222.297635:INFO:CONSOLE:64] "%c WARN color: #993 Missing property "cppConfig" in oldValue. Filling with value from initValue. Please add a migration if necessary.", source: vscode-file://vscode-app/usr/share/cursor/resources/app/out/vs/workbench/workbench.desktop.main.js (64)
[23218:0924/203222.297667:INFO:CONSOLE:64] "%c WARN color: #993 Missing property "indexRepository" in oldValue. Filling with value from initValue. Please add a migration if necessary.", source: vscode-file://vscode-app/usr/share/cursor/resources/app/out/vs/workbench/workbench.desktop.main.js (64)
[23218:0924/203222.297970:INFO:CONSOLE:64] "%c WARN color: #993 Missing property "haveNotImportedFromVSC" in oldValue. Filling with value from initValue. Please add a migration if necessary.", source: vscode-file://vscode-app/usr/share/cursor/resources/app/out/vs/workbench/workbench.desktop.main.js (64)
[23218:0924/203222.298003:INFO:CONSOLE:64] "%c WARN color: #993 Missing property "shouldAutoParseCmdKLinks" in oldValue. Filling with value from initValue. Please add a migration if necessary.", source: vscode-file://vscode-app/usr/share/cursor/resources/app/out/vs/workbench/workbench.desktop.main.js (64)
[23218:0924/203222.298338:INFO:CONSOLE:64] "%c WARN color: #993 Missing property "isFileSyncClientEnabled" in oldValue. Filling with value from initValue. Please add a migration if necessary.", source: vscode-file://vscode-app/usr/share/cursor/resources/app/out/vs/workbench/workbench.desktop.main.js (64)
[23218:0924/203222.298376:INFO:CONSOLE:64] "%c WARN color: #993 Missing property "membershipType" in oldValue. Filling with value from initValue. Please add a migration if necessary.", source: vscode-file://vscode-app/usr/share/cursor/resources/app/out/vs/workbench/workbench.desktop.main.js (64)
[23218:0924/203222.298688:INFO:CONSOLE:64] "%c WARN color: #993 Missing property "fastApplyModelType" in oldValue. Filling with value from initValue. Please add a migration if necessary.", source: vscode-file://vscode-app/usr/share/cursor/resources/app/out/vs/workbench/workbench.desktop.main.js (64)
[23218:0924/203222.298721:INFO:CONSOLE:64] "%c WARN color: #993 Missing property "explicitlyEnableSemanticSearch" in oldValue. Filling with value from initValue. Please add a migration if necessary.", source: vscode-file://vscode-app/usr/share/cursor/resources/app/out/vs/workbench/workbench.desktop.main.js (64)
[23218:0924/203222.299000:INFO:CONSOLE:64] "%c WARN color: #993 Missing property "backgroundComposerEnv" in oldValue. Filling with value from initValue. Please add a migration if necessary.", source: vscode-file://vscode-app/usr/share/cursor/resources/app/out/vs/workbench/workbench.desktop.main.js (64)
[23218:0924/203222.299037:INFO:CONSOLE:64] "%c WARN color: #993 Missing property "preferredEmbeddingModel" in oldValue. Filling with value from initValue. Please add a migration if necessary.", source: vscode-file://vscode-app/usr/share/cursor/resources/app/out/vs/workbench/workbench.desktop.main.js (64)
[23218:0924/203222.299284:INFO:CONSOLE:64] "%c WARN color: #993 Missing property "oneTimeSettings" in oldValue. Filling with value from initValue. Please add a migration if necessary.", source: vscode-file://vscode-app/usr/share/cursor/resources/app/out/vs/workbench/workbench.desktop.main.js (64)
[23218:0924/203222.299316:INFO:CONSOLE:64] "%c WARN color: #993 Missing property "eligibleForSnippetLearning" in oldValue. Filling with value from initValue. Please add a migration if necessary.", source: vscode-file://vscode-app/usr/share/cursor/resources/app/out/vs/workbench/workbench.desktop.main.js (64)
[23218:0924/203222.299661:INFO:CONSOLE:64] "%c WARN color: #993 Missing property "goneThroughCodeSnippetOnboarding" in oldValue. Filling with value from initValue. Please add a migration if necessary.", source: vscode-file://vscode-app/usr/share/cursor/resources/app/out/vs/workbench/workbench.desktop.main.js (64)
[23218:0924/203222.299693:INFO:CONSOLE:64] "%c WARN color: #993 Missing property "goneThroughCodeSnippetChangeManagement" in oldValue. Filling with value from initValue. Please add a migration if necessary.", source: vscode-file://vscode-app/usr/share/cursor/resources/app/out/vs/workbench/workbench.desktop.main.js (64)
[23218:0924/203222.300027:INFO:CONSOLE:64] "%c WARN color: #993 Missing property "hasResetModelOnce" in oldValue. Filling with value from initValue. Please add a migration if necessary.", source: vscode-file://vscode-app/usr/share/cursor/resources/app/out/vs/workbench/workbench.desktop.main.js (64)
[23218:0924/203222.300065:INFO:CONSOLE:64] "%c WARN color: #993 Missing property "rpcFileLoggerEnabled" in oldValue. Filling with value from initValue. Please add a migration if necessary.", source: vscode-file://vscode-app/usr/share/cursor/resources/app/out/vs/workbench/workbench.desktop.main.js (64)
[23218:0924/203222.377623:INFO:CONSOLE:64] "%c WARN color: #993 Creation of workbench contribution 'workbench.contrib.complexCustomWorkingCopyEditorHandler' took 29ms.", source: vscode-file://vscode-app/usr/share/cursor/resources/app/out/vs/workbench/workbench.desktop.main.js (64)
[23218:0924/203222.595730:INFO:CONSOLE:17393] "[layout] AgentLayoutService constructor initialized missing SIDEBAR_LOCATION from primary config fallback undefined [object Object]", source: vscode-file://vscode-app/usr/share/cursor/resources/app/out/vs/workbench/workbench.desktop.main.js (17393)
[23874:0924/203224.750578:WARNING:media/audio/linux/audio_manager_linux.cc:54] Falling back to ALSA for audio output. PulseAudio is not available or could not be initialized.
[23218:0924/203234.198591:INFO:CONSOLE:17393] "[github_auth] Provider registered [object Object]", source: vscode-file://vscode-app/usr/share/cursor/resources/app/out/vs/workbench/workbench.desktop.main.js (17393)
[23218:0924/203234.199234:INFO:CONSOLE:17393] "[github_auth] Provider registered [object Object]", source: vscode-file://vscode-app/usr/share/cursor/resources/app/out/vs/workbench/workbench.desktop.main.js (17393)
[23218:0924/203235.795373:INFO:CONSOLE:64] "%c  ERR color: #f33 [Extension Host:retrieval] (node:24245) [DEP0040] DeprecationWarning: The `punycode` module is deprecated. Please use a userland alternative instead.
(Use `exe --trace-deprecation ...` to show where the warning was created)", source: vscode-file://vscode-app/usr/share/cursor/resources/app/out/vs/workbench/workbench.desktop.main.js (64)
[23218:0924/203235.795470:INFO:CONSOLE:11845] "%c[Extension Host:retrieval] %c(node:24245) [DEP0040] DeprecationWarning: The `punycode` module is deprecated. Please use a userland alternative instead.
(Use `exe --trace-deprecation ...` to show where the warning was created) color: blue color: ", source: vscode-file://vscode-app/usr/share/cursor/resources/app/out/vs/workbench/workbench.desktop.main.js (11845)
[23218:0924/203235.799669:INFO:CONSOLE:64] "%c  ERR color: #f33 [Extension Host:user] 12:32:35.258 ERROR [sandboxPreflight] Preflight failed: Command failed: /usr/share/cursor/resources/app/resources/helpers/cursorsandbox --policy /root/build/proot-bench/home-r01-3-p0/.cursor/sandbox-policies/sandbox-policy-5fe6f5611ead6b1b --preflight-only -- /bin/true
Error: Failed to resolve Linux sandbox backend: Unsupported sandbox configuration: Linux auto backend selection failed. Landlock error: Unsupported sandbox configuration: Failed to apply Landlock: Step 5/7 (landlock) failed: Failed to apply Landlock: Landlock V3 filesystem restrictions not supported. Error: fully incompatible access-rights: BitFlags<AccessFs>(0b111111111110010, WriteFile | RemoveDir | RemoveFile | MakeChar | MakeDir | MakeReg | MakeSock | MakeFifo | MakeBlock | MakeSym | Refer | Truncate). Ensure Landlock LSM is enabled (CONFIG_SECURITY_LANDLOCK=y) on a kernel with V3 support.. Bubblewrap error: Unsupported sandbox configuration: Unsupported sandbox configuration: Bubblewrap preflight failed with exit code Some(1): bwrap: fchdir to oldroot: No such file or directory
", source: vscode-file://vscode-app/usr/share/cursor/resources/app/out/vs/workbench/workbench.desktop.main.js (64)
[23218:0924/203235.799737:INFO:CONSOLE:11845] "%c[Extension Host:user] %c12:32:35.258 ERROR [sandboxPreflight] Preflight failed: Command failed: /usr/share/cursor/resources/app/resources/helpers/cursorsandbox --policy /root/build/proot-bench/home-r01-3-p0/.cursor/sandbox-policies/sandbox-policy-5fe6f5611ead6b1b --preflight-only -- /bin/true
Error: Failed to resolve Linux sandbox backend: Unsupported sandbox configuration: Linux auto backend selection failed. Landlock error: Unsupported sandbox configuration: Failed to apply Landlock: Step 5/7 (landlock) failed: Failed to apply Landlock: Landlock V3 filesystem restrictions not supported. Error: fully incompatible access-rights: BitFlags<AccessFs>(0b111111111110010, WriteFile | RemoveDir | RemoveFile | MakeChar | MakeDir | MakeReg | MakeSock | MakeFifo | MakeBlock | MakeSym | Refer | Truncate). Ensure Landlock LSM is enabled (CONFIG_SECURITY_LANDLOCK=y) on a kernel with V3 support.. Bubblewrap error: Unsupported sandbox configuration: Unsupported sandbox configuration: Bubblewrap preflight failed with exit code Some(1): bwrap: fchdir to oldroot: No such file or directory
 color: blue color: ", source: vscode-file://vscode-app/usr/share/cursor/resources/app/out/vs/workbench/workbench.desktop.main.js (11845)
[23218:0924/203235.801173:INFO:CONSOLE:64] "%c  ERR color: #f33 [Extension Host:user] 12:32:35.259 ERROR [sandboxPreflight] Exit status: 2", source: vscode-file://vscode-app/usr/share/cursor/resources/app/out/vs/workbench/workbench.desktop.main.js (64)
[23218:0924/203235.802369:INFO:CONSOLE:11845] "%c[Extension Host:user] %c12:32:35.259 ERROR [sandboxPreflight] Exit status: 2 color: blue color: ", source: vscode-file://vscode-app/usr/share/cursor/resources/app/out/vs/workbench/workbench.desktop.main.js (11845)
[23218:0924/203235.804384:INFO:CONSOLE:64] "%c  ERR color: #f33 [Extension Host:user] 12:32:35.259 ERROR [sandboxPreflight] Stderr: Error: Failed to resolve Linux sandbox backend: Unsupported sandbox configuration: Linux auto backend selection failed. Landlock error: Unsupported sandbox configuration: Failed to apply Landlock: Step 5/7 (landlock) failed: Failed to apply Landlock: Landlock V3 filesystem restrictions not supported. Error: fully incompatible access-rights: BitFlags<AccessFs>(0b111111111110010, WriteFile | RemoveDir | RemoveFile | MakeChar | MakeDir | MakeReg | MakeSock | MakeFifo | MakeBlock | MakeSym | Refer | Truncate). Ensure Landlock LSM is enabled (CONFIG_SECURITY_LANDLOCK=y) on a kernel with V3 support.. Bubblewrap error: Unsupported sandbox configuration: Unsupported sandbox configuration: Bubblewrap preflight failed with exit code Some(1): bwrap: fchdir to oldroot: No such file or directory
", source: vscode-file://vscode-app/usr/share/cursor/resources/app/out/vs/workbench/workbench.desktop.main.js (64)
[23218:0924/203235.804432:INFO:CONSOLE:11845] "%c[Extension Host:user] %c12:32:35.259 ERROR [sandboxPreflight] Stderr: Error: Failed to resolve Linux sandbox backend: Unsupported sandbox configuration: Linux auto backend selection failed. Landlock error: Unsupported sandbox configuration: Failed to apply Landlock: Step 5/7 (landlock) failed: Failed to apply Landlock: Landlock V3 filesystem restrictions not supported. Error: fully incompatible access-rights: BitFlags<AccessFs>(0b111111111110010, WriteFile | RemoveDir | RemoveFile | MakeChar | MakeDir | MakeReg | MakeSock | MakeFifo | MakeBlock | MakeSym | Refer | Truncate). Ensure Landlock LSM is enabled (CONFIG_SECURITY_LANDLOCK=y) on a kernel with V3 support.. Bubblewrap error: Unsupported sandbox configuration: Unsupported sandbox configuration: Bubblewrap preflight failed with exit code Some(1): bwrap: fchdir to oldroot: No such file or directory
 color: blue color: ", source: vscode-file://vscode-app/usr/share/cursor/resources/app/out/vs/workbench/workbench.desktop.main.js (11845)
[23218:0924/203235.825239:INFO:CONSOLE:17566] "Failed to get git telemetry attributes: Error: Failed to execute git", source: vscode-file://vscode-app/usr/share/cursor/resources/app/out/vs/workbench/workbench.desktop.main.js (17566)
[23218:0924/203235.831089:INFO:CONSOLE:7004] "[PluginsProviderService] getInstalledGitHubPlugins took 9456.8ms", source: vscode-file://vscode-app/usr/share/cursor/resources/app/out/vs/workbench/workbench.desktop.main.js (7004)
[23218:0924/203235.832517:INFO:CONSOLE:7004] "[PluginsProviderService] getPluginMcpServers took 12356.9ms", source: vscode-file://vscode-app/usr/share/cursor/resources/app/out/vs/workbench/workbench.desktop.main.js (7004)
[23218:0924/203235.833019:INFO:CONSOLE:7004] "[PluginsProviderService] getPluginHooks took 8811.2ms", source: vscode-file://vscode-app/usr/share/cursor/resources/app/out/vs/workbench/workbench.desktop.main.js (7004)
[23218:0924/203235.833060:INFO:CONSOLE:7004] "[PluginsProviderService] getPluginLoadFailures took 9475.9ms", source: vscode-file://vscode-app/usr/share/cursor/resources/app/out/vs/workbench/workbench.desktop.main.js (7004)
[23218:0924/203235.833363:INFO:CONSOLE:7004] "[PluginsProviderService] getPluginSetIncomplete took 9475.9ms", source: vscode-file://vscode-app/usr/share/cursor/resources/app/out/vs/workbench/workbench.desktop.main.js (7004)
[23218:0924/203235.833401:INFO:CONSOLE:7004] "[PluginsProviderService] getLoadedPluginsSummary took 9475.9ms", source: vscode-file://vscode-app/usr/share/cursor/resources/app/out/vs/workbench/workbench.desktop.main.js (7004)
[23218:0924/203235.836016:INFO:CONSOLE:7004] "[PluginsProviderService] getPluginComponentFiles took 9500.6ms", source: vscode-file://vscode-app/usr/share/cursor/resources/app/out/vs/workbench/workbench.desktop.main.js (7004)
[23218:0924/203236.184413:INFO:CONSOLE:17393] "[background_composer] Refreshing background composers [object Object]", source: vscode-file://vscode-app/usr/share/cursor/resources/app/out/vs/workbench/workbench.desktop.main.js (17393)
[23218:0924/203236.184479:INFO:CONSOLE:17393] "[background_composer] Background composer disabled, not refreshing background composers [object Object]", source: vscode-file://vscode-app/usr/share/cursor/resources/app/out/vs/workbench/workbench.desktop.main.js (17393)
[23218:0924/203238.036495:INFO:CONSOLE:17393] "[transport] Connect error in unary AI connect ConnectError: [deadline_exceeded] the operation timed out [object Object]", source: vscode-file://vscode-app/usr/share/cursor/resources/app/out/vs/workbench/workbench.desktop.main.js (17393)
[23218:0924/203238.203290:INFO:CONSOLE:17393] "[transport] Connect error in unary AI connect ConnectError: [unauthenticated] No authorization header found [object Object]", source: vscode-file://vscode-app/usr/share/cursor/resources/app/out/vs/workbench/workbench.desktop.main.js (17393)
[23218:0924/203238.211552:INFO:CONSOLE:64] "%c  ERR color: #f33 [unauthenticated] No authorization header found: ConnectError: [unauthenticated] No authorization header found
    at t (vscode-file://vscode-app/usr/share/cursor/resources/app/out/vs/workbench/workbench.desktop.main.js:11881:598847)
    at async Object.cppConfig (vscode-file://vscode-app/usr/share/cursor/resources/app/out/vs/workbench/workbench.desktop.main.js:6752:60939)
    at async wKo.loadCppConfigIncludingHandlingProAccess (vscode-file://vscode-app/usr/share/cursor/resources/app/out/vs/workbench/workbench.desktop.main.js:19463:1305) ConnectError: [unauthenticated] No authorization header found", source: vscode-file://vscode-app/usr/share/cursor/resources/app/out/vs/workbench/workbench.desktop.main.js (64)
[23218:0924/203238.741252:INFO:CONSOLE:17393] "[transport] Connect error in unary AI connect ConnectError: [unauthenticated] No authorization header found [object Object]", source: vscode-file://vscode-app/usr/share/cursor/resources/app/out/vs/workbench/workbench.desktop.main.js (17393)
[23218:0924/203238.742795:INFO:CONSOLE:17393] "[transport] Connect error in unary AI connect ConnectError: [unauthenticated] Error [object Object]", source: vscode-file://vscode-app/usr/share/cursor/resources/app/out/vs/workbench/workbench.desktop.main.js (17393)
[23218:0924/203239.027814:INFO:CONSOLE:17393] "[transport] Connect error in unary AI connect ConnectError: [unauthenticated] Error [object Object]", source: vscode-file://vscode-app/usr/share/cursor/resources/app/out/vs/workbench/workbench.desktop.main.js (17393)
[23218:0924/203239.027897:INFO:CONSOLE:7004] "[MCPWellKnownDetection] Failed to fetch known servers for icon pre-resolution: ConnectError: [unauthenticated] Error", source: vscode-file://vscode-app/usr/share/cursor/resources/app/out/vs/workbench/workbench.desktop.main.js (7004)
[23218:0924/203239.131165:INFO:CONSOLE:17393] "[transport] Connect error in unary AI connect ConnectError: [unauthenticated] Error [object Object]", source: vscode-file://vscode-app/usr/share/cursor/resources/app/out/vs/workbench/workbench.desktop.main.js (17393)
[23218:0924/203239.132942:INFO:CONSOLE:8098] "[KnowledgeBaseService] Failed to fetch knowledge: ConnectError: [unauthenticated] Error", source: vscode-file://vscode-app/usr/share/cursor/resources/app/out/vs/workbench/workbench.desktop.main.js (8098)
[23218:0924/203240.217424:INFO:CONSOLE:6750] "[browser-bridge] Initialized OTEL provider with collector callback", source: vscode-file://vscode-app/usr/share/cursor/resources/app/out/vs/workbench/workbench.desktop.main.js (6750)
[90m[main 2026-09-24T12:32:40.224Z][0m [CursorProclistService] Config enabled feature (subsample every 10s; memoryPressureMonitorEnabled=true)
[90m[main 2026-09-24T12:32:40.336Z][0m [RendererPing] enabled (intervalMs=5000, blockThresholdMs=15000, stacks=true)
[90m[main 2026-09-24T12:32:54.989Z][0m [WorktreeCleanupMainService] Granted cleanup lease id=1 owner=window:1 reason="startup-catchup-worktree-cleanup"
[23218:0924/203300.002129:INFO:CONSOLE:64] "%c WARN color: #993 [WorktreeManager] Timed out after 5000ms waiting for local agent scan; orphan classification disabled this pass", source: vscode-file://vscode-app/usr/share/cursor/resources/app/out/vs/workbench/workbench.desktop.main.js (64)
[90m[main 2026-09-24T12:33:00.009Z][0m [WorktreeCleanupMainService] Releasing cleanup lease id=1 owner=window:1 reason="startup-catchup-worktree-cleanup" releaseReason="released" heldForMs=5024
[23218:0924/203305.388616:INFO:CONSOLE:17393] "[agent_exec] Agent data cleanup completed [object Object]", source: vscode-file://vscode-app/usr/share/cursor/resources/app/out/vs/workbench/workbench.desktop.main.js (17393)
[23218:0924/203342.310059:INFO:CONSOLE:17393] "[transport] Connect error in unary AI connect ConnectError: [unauthenticated] Error [object Object]", source: vscode-file://vscode-app/usr/share/cursor/resources/app/out/vs/workbench/workbench.desktop.main.js (17393)
[23218:0924/203442.731516:INFO:CONSOLE:17393] "[transport] Connect error in unary AI connect ConnectError: [unauthenticated] Error [object Object]", source: vscode-file://vscode-app/usr/share/cursor/resources/app/out/vs/workbench/workbench.desktop.main.js (17393)
proot info: vpid 1: terminated with signal 15
LAUNCH_EXIT rc=0
