InstallProbe installed=0 saved=0x6fb27445ac new=lorieCompositeProbe current=0x6fb27445ac
Sprep-pre pix=0xb4000071a361dcd0 index=0 has_gpu_copy=1 fb_ptr=0x0 sys_ptr=0x0 sys_pitch=64 fb_pitch=64 dev_ptr_before=0x0 devKind_before=64 width=16 height=16 bpp=1
Sprep pix=0xb4000071a361dcd0 index=0 has_gpu_copy=1 fb_ptr=0x0 sys_ptr=0x0 sys_pitch=64 fb_pitch=64 dev_ptr_before=0x0 devKind_before=64 PrepareAccess_called=1 PrepareAccess_ret=1 dev_ptr_after=0xb40000708362e450 devKind_after=64 width=16 height=16 bpp=1 nested=0 skip=none ret=1
Sprep-pre pix=0xb4000071a361c990 index=0 has_gpu_copy=1 fb_ptr=0x0 sys_ptr=0x0 sys_pitch=64 fb_pitch=64 dev_ptr_before=0x0 devKind_before=64 width=16 height=16 bpp=1
Sprep pix=0xb4000071a361c990 index=0 has_gpu_copy=1 fb_ptr=0x0 sys_ptr=0x0 sys_pitch=64 fb_pitch=64 dev_ptr_before=0x0 devKind_before=64 PrepareAccess_called=1 PrepareAccess_ret=1 dev_ptr_after=0xb400007083627880 devKind_after=64 width=16 height=16 bpp=1 nested=0 skip=none ret=1
Sprep-pre pix=0xb4000071a361c990 index=0 has_gpu_copy=1 fb_ptr=0x0 sys_ptr=0x0 sys_pitch=64 fb_pitch=64 dev_ptr_before=0x0 devKind_before=64 width=16 height=16 bpp=1
Sprep pix=0xb4000071a361c990 index=0 has_gpu_copy=1 fb_ptr=0x0 sys_ptr=0x0 sys_pitch=64 fb_pitch=64 dev_ptr_before=0x0 devKind_before=64 PrepareAccess_called=1 PrepareAccess_ret=1 dev_ptr_after=0xb400007083627880 devKind_after=64 width=16 height=16 bpp=1 nested=0 skip=none ret=1
Sprep-pre pix=0xb4000071a361c990 index=1 has_gpu_copy=1 fb_ptr=0x0 sys_ptr=0x0 sys_pitch=64 fb_pitch=64 dev_ptr_before=0x0 devKind_before=64 width=16 height=16 bpp=1
Sprep pix=0xb4000071a361c990 index=1 has_gpu_copy=1 fb_ptr=0x0 sys_ptr=0x0 sys_pitch=64 fb_pitch=64 dev_ptr_before=0x0 devKind_before=64 PrepareAccess_called=1 PrepareAccess_ret=1 dev_ptr_after=0xb400007083627880 devKind_after=64 width=16 height=16 bpp=1 nested=0 skip=none ret=1
Sprep-pre pix=0xb4000071a361c990 index=0 has_gpu_copy=1 fb_ptr=0x0 sys_ptr=0x0 sys_pitch=64 fb_pitch=64 dev_ptr_before=0x0 devKind_before=64 width=16 height=16 bpp=1
Sprep pix=0xb4000071a361c990 index=0 has_gpu_copy=1 fb_ptr=0x0 sys_ptr=0x0 sys_pitch=64 fb_pitch=64 dev_ptr_before=0x0 devKind_before=64 PrepareAccess_called=1 PrepareAccess_ret=1 dev_ptr_after=0xb400007083627880 devKind_after=64 width=16 height=16 bpp=1 nested=0 skip=none ret=1
Sprep-pre pix=0xb4000071a361c990 index=0 has_gpu_copy=1 fb_ptr=0x0 sys_ptr=0x0 sys_pitch=64 fb_pitch=64 dev_ptr_before=0x0 devKind_before=64 width=16 height=16 bpp=1
Sprep pix=0xb4000071a361c990 index=0 has_gpu_copy=1 fb_ptr=0x0 sys_ptr=0x0 sys_pitch=64 fb_pitch=64 dev_ptr_before=0x0 devKind_before=64 PrepareAccess_called=1 PrepareAccess_ret=1 dev_ptr_after=0xb400007083627880 devKind_after=64 width=16 height=16 bpp=1 nested=0 skip=none ret=1
Sprep-pre pix=0xb4000071a361c990 index=1 has_gpu_copy=1 fb_ptr=0x0 sys_ptr=0x0 sys_pitch=64 fb_pitch=64 dev_ptr_before=0x0 devKind_before=64 width=16 height=16 bpp=1
Sprep pix=0xb4000071a361c990 index=1 has_gpu_copy=1 fb_ptr=0x0 sys_ptr=0x0 sys_pitch=64 fb_pitch=64 dev_ptr_before=0x0 devKind_before=64 PrepareAccess_called=1 PrepareAccess_ret=1 dev_ptr_after=0xb400007083627880 devKind_after=64 width=16 height=16 bpp=1 nested=0 skip=none ret=1
Sprep-pre pix=0xb4000071a361d330 index=0 has_gpu_copy=1 fb_ptr=0x0 sys_ptr=0x0 sys_pitch=5120 fb_pitch=5120 dev_ptr_before=0x0 devKind_before=5120 width=1280 height=1024 bpp=32
Sprep pix=0xb4000071a361d330 index=0 has_gpu_copy=1 fb_ptr=0x0 sys_ptr=0x0 sys_pitch=5120 fb_pitch=5120 dev_ptr_before=0x0 devKind_before=5120 PrepareAccess_called=1 PrepareAccess_ret=1 dev_ptr_after=0x6fa2e46000 devKind_after=5120 width=1280 height=1024 bpp=32 nested=0 skip=none ret=1
Sprep-pre pix=0xb4000071a361dcd0 index=2 has_gpu_copy=1 fb_ptr=0x0 sys_ptr=0x0 sys_pitch=64 fb_pitch=64 dev_ptr_before=0x0 devKind_before=64 width=16 height=16 bpp=1
Sprep pix=0xb4000071a361dcd0 index=2 has_gpu_copy=1 fb_ptr=0x0 sys_ptr=0x0 sys_pitch=64 fb_pitch=64 dev_ptr_before=0x0 devKind_before=64 PrepareAccess_called=1 PrepareAccess_ret=1 dev_ptr_after=0xb40000708362e450 devKind_after=64 width=16 height=16 bpp=1 nested=0 skip=none ret=1
Sprep-pre pix=0xb4000071a361c990 index=0 has_gpu_copy=1 fb_ptr=0x0 sys_ptr=0x0 sys_pitch=32 fb_pitch=32 dev_ptr_before=0x0 devKind_before=32 width=8 height=8 bpp=32
Sprep pix=0xb4000071a361c990 index=0 has_gpu_copy=1 fb_ptr=0x0 sys_ptr=0x0 sys_pitch=32 fb_pitch=32 dev_ptr_before=0x0 devKind_before=32 PrepareAccess_called=1 PrepareAccess_ret=1 dev_ptr_after=0xb400007093622b50 devKind_after=32 width=8 height=8 bpp=32 nested=0 skip=none ret=1
Sprep-pre pix=0xb4000071a361dcd0 index=2 has_gpu_copy=1 fb_ptr=0x0 sys_ptr=0x0 sys_pitch=64 fb_pitch=64 dev_ptr_before=0x0 devKind_before=64 width=16 height=16 bpp=1
Sprep pix=0xb4000071a361dcd0 index=2 has_gpu_copy=1 fb_ptr=0x0 sys_ptr=0x0 sys_pitch=64 fb_pitch=64 dev_ptr_before=0x0 devKind_before=64 PrepareAccess_called=1 PrepareAccess_ret=1 dev_ptr_after=0xb40000708362e450 devKind_after=64 width=16 height=16 bpp=1 nested=0 skip=none ret=1
Sprep-pre pix=0xb4000071a361cfb0 index=0 has_gpu_copy=1 fb_ptr=0x0 sys_ptr=0x0 sys_pitch=32 fb_pitch=32 dev_ptr_before=0x0 devKind_before=32 width=8 height=8 bpp=32
Sprep pix=0xb4000071a361cfb0 index=0 has_gpu_copy=1 fb_ptr=0x0 sys_ptr=0x0 sys_pitch=32 fb_pitch=32 dev_ptr_before=0x0 devKind_before=32 PrepareAccess_called=1 PrepareAccess_ret=1 dev_ptr_after=0xb400007093623210 devKind_after=32 width=8 height=8 bpp=32 nested=0 skip=none ret=1
D0 damageComposite ENTER depth=1 op=3 pSrc=0xb400007203620820 pMask=0x0 pDst=0xb400007203620040 srcDraw=0xb4000071a361c990 maskDraw=0x0 dstDraw=0xb4000071a361cfb0 current=0x6fb26a5ce8 saved=0x6fb2500914 saved_is_self=0
D1 BEFORE_UNWRAP depth=1 current=0x6fb26a5ce8 saved=0x6fb2500914
D2 AFTER_UNWRAP/BEFORE_CALL depth=1 current=0x6fb2500914 saved=0x6fb2500914 callee=0x6fb2500914 callee_is_self=0
Probe ENTER depth=1 max=1 enter=1 return=0 saved=0x6fb27445ac
E0 EXA_COMPOSITE_ENTER op=3 pSrc=0xb400007203620820 pMask=0x0 pDst=0xb400007203620040 xywh=0,0,8,8 srcDraw=0xb4000071a361c990 maskDraw=0x0 dstDraw=0xb4000071a361cfb0 swappedOut=0
R3 S0_REGULAR pix=0xb4000071a361c990 priv=0xb400007233638cd0 buf=0xb40000720361fe00 type=1 reqType=3 w=8 h=8 stride=8 depth=32 bpp=32 devKind=32 devptr=0x0 data=0xb400007093622b50 locked=0xb400007093622b50 mem=0x0 ahb=0x0 req=0,0 rect=1x1 addr=0xb400007093622b50 px=80800000 first=0000808000008080 hash=ca598a15
R3 S1_AHB buffer=0xb40000720361fe00 src=0xb400007093622b50 ahb=0xb4000070a360e0d0 dst=0x7340fbe000 w=8 h=8 srcStride=8 dstStride=64 format=5 req=0,0 srcPx=80800000 dstPx=00000000 hash=4b95f515
R3 S2_AHB_COPY buffer=0xb40000720361fe00 src=0xb400007093622b50 ahb=0xb4000070a360e0d0 dst=0x7340fbe000 w=8 h=8 srcStride=8 dstStride=64 format=5 req=0,0 srcPx=80800000 dstPx=80800000 hash=ca598a15
R3 S2_AHB pix=0xb4000071a361c990 priv=0xb400007233638cd0 buf=0xb40000720361fe00 type=3 reqType=3 w=8 h=8 stride=64 depth=32 bpp=32 devKind=256 devptr=0x0 data=0x0 locked=0x7340fbe000 mem=0x0 ahb=0xb4000070a360e0d0 req=0,0 rect=1x1 addr=0x7340fbe000 px=80800000 first=0000808000008080 hash=ca598a15
R3 S0_REGULAR pix=0xb4000071a361cfb0 priv=0xb400007233638e80 buf=0xb400007203621240 type=1 reqType=3 w=8 h=8 stride=8 depth=24 bpp=32 devKind=32 devptr=0x0 data=0xb400007093623210 locked=0xb400007093623210 mem=0x0 ahb=0x0 req=0,0 rect=1x1 addr=0xb400007093623210 px=00008000 first=0080000000800000 hash=beef9a95
R3 S1_AHB buffer=0xb400007203621240 src=0xb400007093623210 ahb=0xb4000070a3617160 dst=0x7340fbd000 w=8 h=8 srcStride=8 dstStride=64 format=2 req=0,0 srcPx=00008000 dstPx=00000000 hash=4b95f515
R3 S2_AHB_COPY buffer=0xb400007203621240 src=0xb400007093623210 ahb=0xb4000070a3617160 dst=0x7340fbd000 w=8 h=8 srcStride=8 dstStride=64 format=2 req=0,0 srcPx=00008000 dstPx=00008000 hash=beef9a95
R3 S2_AHB pix=0xb4000071a361cfb0 priv=0xb400007233638e80 buf=0xb400007203621240 type=3 reqType=3 w=8 h=8 stride=64 depth=24 bpp=32 devKind=256 devptr=0x0 data=0x0 locked=0x7340fbd000 mem=0x0 ahb=0xb4000070a3617160 req=0,0 rect=1x1 addr=0x7340fbd000 px=00008000 first=0080000000800000 hash=beef9a95
