end_begin sid=28230 tracer=28228 members=26
term sid=28230 pid=28230 cmd=/usr/bin/dbus-run-session -- /usr/share/cursor/cursor --no-sandbox --disable-gpu-sandbox --disable-dev-shm-usage --ozone-platform=x11 --disable-gpu --user-data-
term sid=28230 pid=28231 cmd=dbus-daemon --nofork --print-address 4 --session 
term sid=28230 pid=28237 cmd=/usr/share/cursor/cursor --no-sandbox --disable-gpu-sandbox --disable-dev-shm-usage --ozone-platform=x11 --disable-gpu --user-data-dir=/root/build/proot-bench/p
term sid=28230 pid=28248 cmd=/usr/share/cursor/cursor --type=zygote --no-zygote-sandbox --no-sandbox --enable-logging=stderr 
term sid=28230 pid=28249 cmd=/usr/share/cursor/cursor --type=zygote --no-sandbox --enable-logging=stderr 
term sid=28230 pid=28323 cmd=/usr/libexec/gvfsd 
term sid=28230 pid=28350 cmd=/proc/self/exe --type=gpu-process --disable-gpu-sandbox --no-sandbox --disable-dev-shm-usage --ozone-platform=x11 --crashpad-handler-pid=0 --enable-crash-report
term sid=28230 pid=28366 cmd=/proc/self/exe --type=utility --utility-sub-type=network.mojom.NetworkService --lang=en-US --service-sandbox-type=none --no-sandbox --disable-dev-shm-usage --cr
term sid=28230 pid=28372 cmd=/usr/libexec/xdg-desktop-portal 
term sid=28230 pid=28400 cmd=/usr/libexec/xdg-permission-store 
term sid=28230 pid=28412 cmd=/usr/libexec/xdg-desktop-portal-gtk 
term sid=28230 pid=28414 cmd=/usr/libexec/at-spi-bus-launcher 
term sid=28230 pid=28420 cmd=/usr/bin/dbus-daemon --config-file=/usr/share/defaults/at-spi2/accessibility.conf --nofork --print-address 11 --address=unix:path=/root/build/proot-bench/home-d
term sid=28230 pid=28427 cmd=/usr/libexec/at-spi2-registryd --use-gnome-session 
term sid=28230 pid=28451 cmd=/proc/self/exe --type=utility --utility-sub-type=node.mojom.NodeService --lang=en-US --service-sandbox-type=none --no-sandbox --disable-dev-shm-usage --crashpad
term sid=28230 pid=28454 cmd=/usr/share/cursor/cursor --type=zygote --no-sandbox --enable-logging=stderr 
term sid=28230 pid=28562 cmd=/proc/self/exe --type=utility --utility-sub-type=node.mojom.NodeService --lang=en-US --service-sandbox-type=none --no-sandbox --disable-dev-shm-usage --dns-resu
term sid=28230 pid=28569 cmd=/proc/self/exe --type=utility --utility-sub-type=audio.mojom.AudioService --lang=en-US --service-sandbox-type=none --no-sandbox --disable-dev-shm-usage --crashp
term sid=28230 pid=28606 cmd=/proc/self/exe --type=utility --utility-sub-type=node.mojom.NodeService --lang=en-US --service-sandbox-type=none --no-sandbox --disable-dev-shm-usage --crashpad
term sid=28230 pid=28639 cmd=/proc/self/exe --type=utility --utility-sub-type=node.mojom.NodeService --lang=en-US --service-sandbox-type=none --no-sandbox --disable-dev-shm-usage --crashpad
term sid=28230 pid=28713 cmd=/proc/self/exe --type=utility --utility-sub-type=node.mojom.NodeService --lang=en-US --service-sandbox-type=none --no-sandbox --disable-dev-shm-usage --dns-resu
term sid=28230 pid=28714 cmd=/proc/self/exe --type=utility --utility-sub-type=node.mojom.NodeService --lang=en-US --service-sandbox-type=none --no-sandbox --disable-dev-shm-usage --dns-resu
term sid=28230 pid=28715 cmd=/proc/self/exe --type=utility --utility-sub-type=node.mojom.NodeService --lang=en-US --service-sandbox-type=none --no-sandbox --disable-dev-shm-usage --dns-resu
term sid=28230 pid=28880 cmd=/usr/share/cursor/cursor /usr/share/cursor/resources/app/extensions/json-language-features/server/dist/node/jsonServerMain --node-ipc --clientProcessId=28562 
term sid=28230 pid=29004 cmd=/proc/self/exe --type=utility --utility-sub-type=node.mojom.NodeService --lang=en-US --service-sandbox-type=none --no-sandbox --disable-dev-shm-usage --crashpad
term sid=28230 pid=29037 cmd=/usr/share/cursor/cursor --dns-result-order=ipv4first --experimental-network-inspection /usr/share/cursor/resources/app/extensions/cursor-always-local/dist/gitW
END survivors=0 tracer_gone=true
