dbus-daemon[31654]: [session uid=0 pid=31654] org.freedesktop.DBus.Error.AccessDenied: Failed to set fd limit to 65536: Operation not permitted
[31655:0924/133903.785436:ERROR:dbus/bus.cc:406] Failed to connect to the bus: Failed to connect to socket /run/dbus/system_bus_socket: No such file or directory
Error: Unable to retrieve mac address (unexpected format)
    at uJe (file:///usr/share/cursor/resources/app/out/main.js:385:1979)
    at mJe (file:///usr/share/cursor/resources/app/out/main.js:385:2071)
    at file:///usr/share/cursor/resources/app/out/main.js:385:7270
    at ModuleJob.run (node:internal/modules/esm/module_job:437:25)
    at process.processTicksAndRejections (node:internal/process/task_queues:104:5)
    at async onImport.tracePromise.__proto__ (node:internal/modules/esm/loader:639:26)
    at async node:electron/js2c/browser_init:2:144690
    at async asyncRunEntryPointWithESMLoader (node:internal/modules/run_main:116:5)
(node:31655) [DEP0040] DeprecationWarning: The `punycode` module is deprecated. Please use a userland alternative instead.
(Use `cursor --trace-deprecation ...` to show where the warning was created)
dbus-daemon[31654]: [session uid=0 pid=31654] Activating service name='org.gtk.vfs.Daemon' requested by ':1.0' (uid=0 pid=31655 comm="/usr/share/cursor/cursor --no-sandbox --disable-gp" label="u:r:untrusted_app_27:s0:c109,c257,c512,c768")
dbus-daemon[31654]: [session uid=0 pid=31654] Successfully activated service 'org.gtk.vfs.Daemon'
[31655:0924/133907.294481:ERROR:dbus/bus.cc:406] Failed to connect to the bus: Failed to connect to socket /run/dbus/system_bus_socket: No such file or directory
[31655:0924/133907.294784:ERROR:dbus/bus.cc:406] Failed to connect to the bus: Failed to connect to socket /run/dbus/system_bus_socket: No such file or directory
[31655:0924/133907.295010:ERROR:dbus/bus.cc:406] Failed to connect to the bus: Failed to connect to socket /run/dbus/system_bus_socket: No such file or directory
[31655:0924/133907.295191:ERROR:dbus/bus.cc:406] Failed to connect to the bus: Failed to connect to socket /run/dbus/system_bus_socket: No such file or directory
[31655:0924/133907.295409:ERROR:dbus/bus.cc:406] Failed to connect to the bus: Failed to connect to socket /run/dbus/system_bus_socket: No such file or directory
[31655:0924/133907.326278:ERROR:device/udev_linux/udev_watcher.cc:51] Failed to initialize a udev monitor.

DevTools listening on ws://127.0.0.1:9250/devtools/browser/d75b1a4f-edf6-4d44-aa0c-81559c0a357a
[31655:0924/133907.449674:WARNING:device/bluetooth/dbus/bluez_dbus_manager.cc:209] Floss manager service not available, cannot set Floss enable/disable.
[31655:0924/133907.449946:WARNING:electron/shell/browser/lib/power_observer_linux.cc:181] Failed to connect to PrepareForShutdown
[31655:0924/133907.450047:WARNING:electron/shell/browser/lib/power_observer_linux.cc:181] Failed to connect to PrepareForSleep
[31655:0924/133907.450170:WARNING:electron/shell/browser/lib/power_observer_linux.cc:70] org.freedesktop.login1 not available
dbus-daemon[31654]: [session uid=0 pid=31654] Activating service name='org.freedesktop.portal.Desktop' requested by ':1.3' (uid=0 pid=31655 comm="/usr/share/cursor/cursor --no-sandbox --disable-gp" label="u:r:untrusted_app_27:s0:c109,c257,c512,c768")
dbus-daemon[31654]: [session uid=0 pid=31654] Activating service name='org.freedesktop.portal.Documents' requested by ':1.4' (uid=0 pid=31837 comm="/usr/libexec/xdg-desktop-portal" label="u:r:untrusted_app_27:s0:c109,c257,c512,c768")
dbus-daemon[31654]: [session uid=0 pid=31654] Activating service name='org.freedesktop.impl.portal.PermissionStore' requested by ':1.5' (uid=0 pid=31853 comm="/usr/libexec/xdg-document-portal" label="u:r:untrusted_app_27:s0:c109,c257,c512,c768")
dbus-daemon[31654]: [session uid=0 pid=31654] Successfully activated service 'org.freedesktop.impl.portal.PermissionStore'
dbus-daemon[31654]: [session uid=0 pid=31654] Successfully activated service 'org.freedesktop.portal.Documents'
fusermount3: failed to open /dev/fuse: Permission denied
error: fuse init failed: Can't mount path /root/build/electron-bench/home-dry-v0/runtime/doc
dbus-daemon[31654]: [session uid=0 pid=31654] Activating service name='org.freedesktop.portal.Documents' requested by ':1.4' (uid=0 pid=31837 comm="/usr/libexec/xdg-desktop-portal" label="u:r:untrusted_app_27:s0:c109,c257,c512,c768")
dbus-daemon[31654]: [session uid=0 pid=31654] Successfully activated service 'org.freedesktop.portal.Documents'
fusermount3: failed to open /dev/fuse: Permission denied
error: fuse init failed: Can't mount path /root/build/electron-bench/home-dry-v0/runtime/doc

(/usr/libexec/xdg-desktop-portal:31837): xdg-desktop-portal-WARNING **: 13:39:07.636: Choosing gtk.portal for org.freedesktop.impl.portal.Lockdown as a last-resort fallback

(/usr/libexec/xdg-desktop-portal:31837): xdg-desktop-portal-WARNING **: 13:39:07.637: The preferred method to match portal implementations to desktop environments is to use the portals.conf(5) configuration file
dbus-daemon[31654]: [session uid=0 pid=31654] Activating service name='org.freedesktop.impl.portal.desktop.gtk' requested by ':1.4' (uid=0 pid=31837 comm="/usr/libexec/xdg-desktop-portal" label="u:r:untrusted_app_27:s0:c109,c257,c512,c768")
dbus-daemon[31654]: [session uid=0 pid=31654] Activating service name='org.a11y.Bus' requested by ':1.8' (uid=0 pid=31878 comm="/usr/libexec/xdg-desktop-portal-gtk" label="u:r:untrusted_app_27:s0:c109,c257,c512,c768")
dbus-daemon[31654]: [session uid=0 pid=31654] Successfully activated service 'org.a11y.Bus'
Warning: 'remote-debugging-port' is not in the list of known options, but still passed to Electron/Chromium.
Warning: 'enable-logging' is not in the list of known options, but still passed to Electron/Chromium.
dbus-daemon[31886]: org.freedesktop.DBus.Error.AccessDenied: Failed to set fd limit to 65536: Operation not permitted
dbus-daemon[31886]: Activating service name='org.a11y.atspi.Registry' requested by ':1.0' (uid=0 pid=31878 comm="/usr/libexec/xdg-desktop-portal-gtk" label="u:r:untrusted_app_27:s0:c109,c257,c512,c768")

(xdg-desktop-portal-gtk:31878): xdg-desktop-portal-gtk-WARNING **: 13:39:07.753: error: Could not connect: No such file or directory

dbus-daemon[31886]: Successfully activated service 'org.a11y.atspi.Registry'
SpiRegistry daemon is running with well-known name - org.a11y.atspi.Registry
dbus-daemon[31654]: [session uid=0 pid=31654] Successfully activated service 'org.freedesktop.impl.portal.desktop.gtk'

(/usr/libexec/xdg-desktop-portal:31837): xdg-desktop-portal-WARNING **: 13:39:08.031: Failed to create RealtimeKit proxy: Could not connect: No such file or directory

(/usr/libexec/xdg-desktop-portal:31837): xdg-desktop-portal-WARNING **: 13:39:08.031: No skeleton to export

(/usr/libexec/xdg-desktop-portal:31837): xdg-desktop-portal-WARNING **: 13:39:08.031: Choosing gtk.portal for org.freedesktop.impl.portal.FileChooser as a last-resort fallback

(/usr/libexec/xdg-desktop-portal:31837): xdg-desktop-portal-WARNING **: 13:39:08.034: Choosing gtk.portal for org.freedesktop.impl.portal.AppChooser as a last-resort fallback

(/usr/libexec/xdg-desktop-portal:31837): xdg-desktop-portal-WARNING **: 13:39:08.037: Choosing gtk.portal for org.freedesktop.impl.portal.Print as a last-resort fallback

(/usr/libexec/xdg-desktop-portal:31837): xdg-desktop-portal-WARNING **: 13:39:08.040: Choosing gtk.portal for org.freedesktop.impl.portal.Notification as a last-resort fallback

(/usr/libexec/xdg-desktop-portal:31837): xdg-desktop-portal-WARNING **: 13:39:08.043: Choosing gtk.portal for org.freedesktop.impl.portal.Inhibit as a last-resort fallback

(/usr/libexec/xdg-desktop-portal:31837): xdg-desktop-portal-WARNING **: 13:39:08.046: Choosing gtk.portal for org.freedesktop.impl.portal.Access as a last-resort fallback
[W][64785.839683] pw.conf      | [          conf.c: 1031 try_load_conf()] can't load config client.conf: No such file or directory
[E][64785.839697] pw.conf      | [          conf.c: 1060 pw_conf_load_conf_for_context()] can't load config client.conf: No such file or directory

(/usr/libexec/xdg-desktop-portal:31837): xdg-desktop-portal-WARNING **: 13:39:08.056: Failed connect to PipeWire: Couldn't create PipeWire context

(/usr/libexec/xdg-desktop-portal:31837): xdg-desktop-portal-WARNING **: 13:39:08.056: Choosing gtk.portal for org.freedesktop.impl.portal.Account as a last-resort fallback

(/usr/libexec/xdg-desktop-portal:31837): xdg-desktop-portal-WARNING **: 13:39:08.059: Choosing gtk.portal for org.freedesktop.impl.portal.Email as a last-resort fallback

(/usr/libexec/xdg-desktop-portal:31837): xdg-desktop-portal-WARNING **: 13:39:08.066: Choosing gtk.portal for org.freedesktop.impl.portal.DynamicLauncher as a last-resort fallback
dbus-daemon[31654]: [session uid=0 pid=31654] Successfully activated service 'org.freedesktop.portal.Desktop'
[31655:0924/133908.097592:ERROR:dbus/bus.cc:406] Failed to connect to the bus: Failed to connect to socket /run/dbus/system_bus_socket: No such file or directory
[91m[main 2026-09-24T05:39:08.107Z][0m [uncaught exception in main]: Error: EFAULT: bad address in system call argument, write Error: EFAULT: bad address in system call argument, write
    at writeSync (node:fs:917:3)
    at SyncWriteStream._write (node:internal/fs/sync_write_stream:27:5)
    at writeOrBuffer (node:internal/streams/writable:570:12)
    at _write (node:internal/streams/writable:499:10)
    at Writable.write (node:internal/streams/writable:508:10)
    at execSync (node:child_process:1009:20)
    at K6 (file:///usr/share/cursor/resources/app/out/main.js:66:391)
    at $w._getTrueMachineId (file:///usr/share/cursor/resources/app/out/main.js:201:32229)
    at new $w (file:///usr/share/cursor/resources/app/out/main.js:201:31887)
    at GO._createInstance (file:///usr/share/cursor/resources/app/out/main.js:367:1498)
    at GO._createServiceInstance (file:///usr/share/cursor/resources/app/out/main.js:367:5220)
    at GO._createServiceInstanceWithOwner (file:///usr/share/cursor/resources/app/out/main.js:367:3719)
    at GO._createAndCacheServiceInstance (file:///usr/share/cursor/resources/app/out/main.js:367:3366)
    at GO._safeCreateAndCacheServiceInstance (file:///usr/share/cursor/resources/app/out/main.js:367:2413)
    at GO._getOrCreateServiceInstance (file:///usr/share/cursor/resources/app/out/main.js:367:2134)
    at Object.get (file:///usr/share/cursor/resources/app/out/main.js:367:552)
    at ou.initChannels (file:///usr/share/cursor/resources/app/out/main.js:331:19896)
    at file:///usr/share/cursor/resources/app/out/main.js:331:7827
    at GO.invokeFunction (file:///usr/share/cursor/resources/app/out/main.js:367:437)
    at ou.startup (file:///usr/share/cursor/resources/app/out/main.js:331:7804)
    at async sCe.startup (file:///usr/share/cursor/resources/app/out/main.js:371:43868) {
  errno: -14,
  syscall: 'write',
  code: 'EFAULT'
}
[31655:0924/133908.114148:ERROR:dbus/object_proxy.cc:573] Failed to call method: org.freedesktop.login1.Manager.Inhibit: object_path= /org/freedesktop/login1: unknown error type: 
[31655:0924/133908.117946:WARNING:components/dbus/xdg/portal.cc:122] Failed to register with org.freedesktop.host.portal.Registry
[90m[main 2026-09-24T05:39:08.329Z][0m update#ctor - updates are managed by the deb package manager
[90m[main 2026-09-24T05:39:08.329Z][0m update#setState disabled
[90m[main 2026-09-24T05:39:08.329Z][0m update#ctor - updates are disabled by the platform installation method
[31655:0924/133909.656074:INFO:CONSOLE:702] "This document requires 'TrustedScript' assignment. The action has been blocked.", source: vscode-file://vscode-app/usr/share/cursor/resources/app/out/vs/workbench/workbench.desktop.main.js (702)
[31655:0924/133909.656225:INFO:CONSOLE:702] "The JavaScript Function constructor does not accept TrustedString arguments. See https://github.com/w3c/webappsec-trusted-types/wiki/Trusted-Types-for-function-constructor for more information.", source: vscode-file://vscode-app/usr/share/cursor/resources/app/out/vs/workbench/workbench.desktop.main.js (702)
[31655:0924/133909.824295:INFO:CONSOLE:6693] "This document requires 'TrustedScript' assignment. The action has been blocked.", source: vscode-file://vscode-app/usr/share/cursor/resources/app/out/vs/workbench/workbench.desktop.main.js (6693)
[31655:0924/133909.824453:INFO:CONSOLE:6693] "The JavaScript Function constructor does not accept TrustedString arguments. See https://github.com/w3c/webappsec-trusted-types/wiki/Trusted-Types-for-function-constructor for more information.", source: vscode-file://vscode-app/usr/share/cursor/resources/app/out/vs/workbench/workbench.desktop.main.js (6693)
[31655:0924/133910.491660:INFO:CONSOLE:64] "%c WARN color: #993 Missing property "alwaysKeepComposerInBound" in oldValue. Filling with value from initValue. Please add a migration if necessary.", source: vscode-file://vscode-app/usr/share/cursor/resources/app/out/vs/workbench/workbench.desktop.main.js (64)
[31655:0924/133910.491749:INFO:CONSOLE:64] "%c WARN color: #993 Missing property "defaultCapabilities" in oldValue. Filling with value from initValue. Please add a migration if necessary.", source: vscode-file://vscode-app/usr/share/cursor/resources/app/out/vs/workbench/workbench.desktop.main.js (64)
[31655:0924/133910.493796:INFO:CONSOLE:64] "%c WARN color: #993 Missing property "autoApplyFilesOutsideContext" in oldValue. Filling with value from initValue. Please add a migration if necessary.", source: vscode-file://vscode-app/usr/share/cursor/resources/app/out/vs/workbench/workbench.desktop.main.js (64)
[31655:0924/133910.493850:INFO:CONSOLE:64] "%c WARN color: #993 Missing property "yoloCommandAllowlist" in oldValue. Filling with value from initValue. Please add a migration if necessary.", source: vscode-file://vscode-app/usr/share/cursor/resources/app/out/vs/workbench/workbench.desktop.main.js (64)
[31655:0924/133910.494658:INFO:CONSOLE:64] "%c WARN color: #993 Missing property "yoloCommandDenylist" in oldValue. Filling with value from initValue. Please add a migration if necessary.", source: vscode-file://vscode-app/usr/share/cursor/resources/app/out/vs/workbench/workbench.desktop.main.js (64)
[31655:0924/133910.494710:INFO:CONSOLE:64] "%c WARN color: #993 Missing property "smartAllowlistDenylist" in oldValue. Filling with value from initValue. Please add a migration if necessary.", source: vscode-file://vscode-app/usr/share/cursor/resources/app/out/vs/workbench/workbench.desktop.main.js (64)
[31655:0924/133910.497349:INFO:CONSOLE:64] "%c WARN color: #993 Missing property "yoloMcpToolsDisabled" in oldValue. Filling with value from initValue. Please add a migration if necessary.", source: vscode-file://vscode-app/usr/share/cursor/resources/app/out/vs/workbench/workbench.desktop.main.js (64)
[31655:0924/133910.497397:INFO:CONSOLE:64] "%c WARN color: #993 Missing property "doNotShowYoloModeWarningAgain" in oldValue. Filling with value from initValue. Please add a migration if necessary.", source: vscode-file://vscode-app/usr/share/cursor/resources/app/out/vs/workbench/workbench.desktop.main.js (64)
[31655:0924/133910.499370:INFO:CONSOLE:64] "%c WARN color: #993 Missing property "doNotShowFullYoloModeWarningAgain" in oldValue. Filling with value from initValue. Please add a migration if necessary.", source: vscode-file://vscode-app/usr/share/cursor/resources/app/out/vs/workbench/workbench.desktop.main.js (64)
[31655:0924/133910.499422:INFO:CONSOLE:64] "%c WARN color: #993 Missing property "selectedFakeStreamerId" in oldValue. Filling with value from initValue. Please add a migration if necessary.", source: vscode-file://vscode-app/usr/share/cursor/resources/app/out/vs/workbench/workbench.desktop.main.js (64)
[31655:0924/133910.500103:INFO:CONSOLE:64] "%c WARN color: #993 Missing property "yoloDeleteFileDisabled" in oldValue. Filling with value from initValue. Please add a migration if necessary.", source: vscode-file://vscode-app/usr/share/cursor/resources/app/out/vs/workbench/workbench.desktop.main.js (64)
[31655:0924/133910.500150:INFO:CONSOLE:64] "%c WARN color: #993 Missing property "yoloOutsideWorkspaceDisabled" in oldValue. Filling with value from initValue. Please add a migration if necessary.", source: vscode-file://vscode-app/usr/share/cursor/resources/app/out/vs/workbench/workbench.desktop.main.js (64)
[31655:0924/133910.500554:INFO:CONSOLE:64] "%c WARN color: #993 Missing property "yoloEnableRunEverything" in oldValue. Filling with value from initValue. Please add a migration if necessary.", source: vscode-file://vscode-app/usr/share/cursor/resources/app/out/vs/workbench/workbench.desktop.main.js (64)
[31655:0924/133910.500595:INFO:CONSOLE:64] "%c WARN color: #993 Missing property "enableSmartAuto" in oldValue. Filling with value from initValue. Please add a migration if necessary.", source: vscode-file://vscode-app/usr/share/cursor/resources/app/out/vs/workbench/workbench.desktop.main.js (64)
[31655:0924/133910.501136:INFO:CONSOLE:64] "%c WARN color: #993 Missing property "isWebSearchToolEnabled" in oldValue. Filling with value from initValue. Please add a migration if necessary.", source: vscode-file://vscode-app/usr/share/cursor/resources/app/out/vs/workbench/workbench.desktop.main.js (64)
[31655:0924/133910.501200:INFO:CONSOLE:64] "%c WARN color: #993 Missing property "isWebSearchToolEnabled2" in oldValue. Filling with value from initValue. Please add a migration if necessary.", source: vscode-file://vscode-app/usr/share/cursor/resources/app/out/vs/workbench/workbench.desktop.main.js (64)
[31655:0924/133910.501873:INFO:CONSOLE:64] "%c WARN color: #993 Missing property "isWebSearchToolEnabled3" in oldValue. Filling with value from initValue. Please add a migration if necessary.", source: vscode-file://vscode-app/usr/share/cursor/resources/app/out/vs/workbench/workbench.desktop.main.js (64)
[31655:0924/133910.501983:INFO:CONSOLE:64] "%c WARN color: #993 Missing property "autoAcceptWebSearchTool" in oldValue. Filling with value from initValue. Please add a migration if necessary.", source: vscode-file://vscode-app/usr/share/cursor/resources/app/out/vs/workbench/workbench.desktop.main.js (64)
[31655:0924/133910.502845:INFO:CONSOLE:64] "%c WARN color: #993 Missing property "isWebFetchToolEnabled" in oldValue. Filling with value from initValue. Please add a migration if necessary.", source: vscode-file://vscode-app/usr/share/cursor/resources/app/out/vs/workbench/workbench.desktop.main.js (64)
[31655:0924/133910.502956:INFO:CONSOLE:64] "%c WARN color: #993 Missing property "webFetchDomainAllowlist" in oldValue. Filling with value from initValue. Please add a migration if necessary.", source: vscode-file://vscode-app/usr/share/cursor/resources/app/out/vs/workbench/workbench.desktop.main.js (64)
[31655:0924/133910.503511:INFO:CONSOLE:64] "%c WARN color: #993 Missing property "autoApproveModeTransitions" in oldValue. Filling with value from initValue. Please add a migration if necessary.", source: vscode-file://vscode-app/usr/share/cursor/resources/app/out/vs/workbench/workbench.desktop.main.js (64)
[31655:0924/133910.503584:INFO:CONSOLE:64] "%c WARN color: #993 Missing property "mcpAuthBlocking" in oldValue. Filling with value from initValue. Please add a migration if necessary.", source: vscode-file://vscode-app/usr/share/cursor/resources/app/out/vs/workbench/workbench.desktop.main.js (64)
[31655:0924/133910.504084:INFO:CONSOLE:64] "%c WARN color: #993 Missing property "autoApprovedModeTransitions" in oldValue. Filling with value from initValue. Please add a migration if necessary.", source: vscode-file://vscode-app/usr/share/cursor/resources/app/out/vs/workbench/workbench.desktop.main.js (64)
[31655:0924/133910.504198:INFO:CONSOLE:64] "%c WARN color: #993 Missing property "autoRejectedModeTransitions" in oldValue. Filling with value from initValue. Please add a migration if necessary.", source: vscode-file://vscode-app/usr/share/cursor/resources/app/out/vs/workbench/workbench.desktop.main.js (64)
[31655:0924/133910.505078:INFO:CONSOLE:64] "%c WARN color: #993 Missing property "backgroundComposerEnv" in oldValue. Filling with value from initValue. Please add a migration if necessary.", source: vscode-file://vscode-app/usr/share/cursor/resources/app/out/vs/workbench/workbench.desktop.main.js (64)
[31655:0924/133910.505186:INFO:CONSOLE:64] "%c WARN color: #993 Missing property "useLegacyTerminalTool" in oldValue. Filling with value from initValue. Please add a migration if necessary.", source: vscode-file://vscode-app/usr/share/cursor/resources/app/out/vs/workbench/workbench.desktop.main.js (64)
[31655:0924/133910.505713:INFO:CONSOLE:64] "%c WARN color: #993 Missing property "modes4" in oldValue. Filling with value from initValue. Please add a migration if necessary.", source: vscode-file://vscode-app/usr/share/cursor/resources/app/out/vs/workbench/workbench.desktop.main.js (64)
[31655:0924/133910.505782:INFO:CONSOLE:64] "%c WARN color: #993 Missing property "codeBlockDisplayPreference" in oldValue. Filling with value from initValue. Please add a migration if necessary.", source: vscode-file://vscode-app/usr/share/cursor/resources/app/out/vs/workbench/workbench.desktop.main.js (64)
[31655:0924/133910.506613:INFO:CONSOLE:64] "%c WARN color: #993 Missing property "thinkingLevel" in oldValue. Filling with value from initValue. Please add a migration if necessary.", source: vscode-file://vscode-app/usr/share/cursor/resources/app/out/vs/workbench/workbench.desktop.main.js (64)
[31655:0924/133910.506686:INFO:CONSOLE:64] "%c WARN color: #993 Missing property "composerMigrationVersion" in oldValue. Filling with value from initValue. Please add a migration if necessary.", source: vscode-file://vscode-app/usr/share/cursor/resources/app/out/vs/workbench/workbench.desktop.main.js (64)
[31655:0924/133910.507503:INFO:CONSOLE:64] "%c WARN color: #993 Missing property "mcpServers" in oldValue. Filling with value from initValue. Please add a migration if necessary.", source: vscode-file://vscode-app/usr/share/cursor/resources/app/out/vs/workbench/workbench.desktop.main.js (64)
[31655:0924/133910.507602:INFO:CONSOLE:64] "%c WARN color: #993 Missing property "mcpDisabledTools" in oldValue. Filling with value from initValue. Please add a migration if necessary.", source: vscode-file://vscode-app/usr/share/cursor/resources/app/out/vs/workbench/workbench.desktop.main.js (64)
[31655:0924/133910.508289:INFO:CONSOLE:64] "%c WARN color: #993 Missing property "availableDefaultModels2" in oldValue. Filling with value from initValue. Please add a migration if necessary.", source: vscode-file://vscode-app/usr/share/cursor/resources/app/out/vs/workbench/workbench.desktop.main.js (64)
[31655:0924/133910.508352:INFO:CONSOLE:64] "%c WARN color: #993 Missing property "featureModelConfigs" in oldValue. Filling with value from initValue. Please add a migration if necessary.", source: vscode-file://vscode-app/usr/share/cursor/resources/app/out/vs/workbench/workbench.desktop.main.js (64)
[31655:0924/133910.521839:INFO:CONSOLE:64] "%c WARN color: #993 Missing property "backgroundComposerState" in oldValue. Filling with value from initValue. Please add a migration if necessary.", source: vscode-file://vscode-app/usr/share/cursor/resources/app/out/vs/workbench/workbench.desktop.main.js (64)
[31655:0924/133910.521924:INFO:CONSOLE:64] "%c WARN color: #993 Missing property "dialogDontAskAgainPreferences" in oldValue. Filling with value from initValue. Please add a migration if necessary.", source: vscode-file://vscode-app/usr/share/cursor/resources/app/out/vs/workbench/workbench.desktop.main.js (64)
[31655:0924/133910.540277:INFO:CONSOLE:64] "%c WARN color: #993 Missing property "cursorIgnore" in oldValue. Filling with value from initValue. Please add a migration if necessary.", source: vscode-file://vscode-app/usr/share/cursor/resources/app/out/vs/workbench/workbench.desktop.main.js (64)
[31655:0924/133910.540338:INFO:CONSOLE:64] "%c WARN color: #993 Missing property "teamAdminSettings" in oldValue. Filling with value from initValue. Please add a migration if necessary.", source: vscode-file://vscode-app/usr/share/cursor/resources/app/out/vs/workbench/workbench.desktop.main.js (64)
[31655:0924/133910.545689:INFO:CONSOLE:64] "%c WARN color: #993 Missing property "shouldShowViewZoneWhenPreviewBoxIsClipped6" in oldValue. Filling with value from initValue. Please add a migration if necessary.", source: vscode-file://vscode-app/usr/share/cursor/resources/app/out/vs/workbench/workbench.desktop.main.js (64)
[31655:0924/133910.545745:INFO:CONSOLE:64] "%c WARN color: #993 Missing property "cppModelsState" in oldValue. Filling with value from initValue. Please add a migration if necessary.", source: vscode-file://vscode-app/usr/share/cursor/resources/app/out/vs/workbench/workbench.desktop.main.js (64)
[31655:0924/133910.546101:INFO:CONSOLE:64] "%c WARN color: #993 Missing property "aiSettings" in oldValue. Filling with value from initValue. Please add a migration if necessary.", source: vscode-file://vscode-app/usr/share/cursor/resources/app/out/vs/workbench/workbench.desktop.main.js (64)
[31655:0924/133910.546125:INFO:CONSOLE:64] "%c WARN color: #993 Missing property "authenticationSettings" in oldValue. Filling with value from initValue. Please add a migration if necessary.", source: vscode-file://vscode-app/usr/share/cursor/resources/app/out/vs/workbench/workbench.desktop.main.js (64)
[31655:0924/133910.550841:INFO:CONSOLE:64] "%c WARN color: #993 Missing property "websiteUrl" in oldValue. Filling with value from initValue. Please add a migration if necessary.", source: vscode-file://vscode-app/usr/share/cursor/resources/app/out/vs/workbench/workbench.desktop.main.js (64)
[31655:0924/133910.550912:INFO:CONSOLE:64] "%c WARN color: #993 Missing property "backendUrl" in oldValue. Filling with value from initValue. Please add a migration if necessary.", source: vscode-file://vscode-app/usr/share/cursor/resources/app/out/vs/workbench/workbench.desktop.main.js (64)
[31655:0924/133910.551727:INFO:CONSOLE:64] "%c WARN color: #993 Missing property "authClientId" in oldValue. Filling with value from initValue. Please add a migration if necessary.", source: vscode-file://vscode-app/usr/share/cursor/resources/app/out/vs/workbench/workbench.desktop.main.js (64)
[31655:0924/133910.551750:INFO:CONSOLE:64] "%c WARN color: #993 Missing property "authDomain" in oldValue. Filling with value from initValue. Please add a migration if necessary.", source: vscode-file://vscode-app/usr/share/cursor/resources/app/out/vs/workbench/workbench.desktop.main.js (64)
[31655:0924/133910.557006:INFO:CONSOLE:64] "%c WARN color: #993 Missing property "repoBackendUrl" in oldValue. Filling with value from initValue. Please add a migration if necessary.", source: vscode-file://vscode-app/usr/share/cursor/resources/app/out/vs/workbench/workbench.desktop.main.js (64)
[31655:0924/133910.557080:INFO:CONSOLE:64] "%c WARN color: #993 Missing property "telemBackendUrl" in oldValue. Filling with value from initValue. Please add a migration if necessary.", source: vscode-file://vscode-app/usr/share/cursor/resources/app/out/vs/workbench/workbench.desktop.main.js (64)
[31655:0924/133910.561304:INFO:CONSOLE:64] "%c WARN color: #993 Missing property "cmdkBackendUrl" in oldValue. Filling with value from initValue. Please add a migration if necessary.", source: vscode-file://vscode-app/usr/share/cursor/resources/app/out/vs/workbench/workbench.desktop.main.js (64)
[31655:0924/133910.561349:INFO:CONSOLE:64] "%c WARN color: #993 Missing property "geoCppBackendUrl" in oldValue. Filling with value from initValue. Please add a migration if necessary.", source: vscode-file://vscode-app/usr/share/cursor/resources/app/out/vs/workbench/workbench.desktop.main.js (64)
[31655:0924/133910.561815:INFO:CONSOLE:64] "%c WARN color: #993 Missing property "cppConfigBackendUrl" in oldValue. Filling with value from initValue. Please add a migration if necessary.", source: vscode-file://vscode-app/usr/share/cursor/resources/app/out/vs/workbench/workbench.desktop.main.js (64)
[31655:0924/133910.561845:INFO:CONSOLE:64] "%c WARN color: #993 Missing property "originBackendUrl" in oldValue. Filling with value from initValue. Please add a migration if necessary.", source: vscode-file://vscode-app/usr/share/cursor/resources/app/out/vs/workbench/workbench.desktop.main.js (64)
[31655:0924/133910.561978:INFO:CONSOLE:64] "%c WARN color: #993 Missing property "bcProxyUrl" in oldValue. Filling with value from initValue. Please add a migration if necessary.", source: vscode-file://vscode-app/usr/share/cursor/resources/app/out/vs/workbench/workbench.desktop.main.js (64)
[31655:0924/133910.562036:INFO:CONSOLE:64] "%c WARN color: #993 Missing property "agentBackendUrlPrivacy" in oldValue. Filling with value from initValue. Please add a migration if necessary.", source: vscode-file://vscode-app/usr/share/cursor/resources/app/out/vs/workbench/workbench.desktop.main.js (64)
[31655:0924/133910.562183:INFO:CONSOLE:64] "%c WARN color: #993 Missing property "agentBackendUrlNonPrivacy" in oldValue. Filling with value from initValue. Please add a migration if necessary.", source: vscode-file://vscode-app/usr/share/cursor/resources/app/out/vs/workbench/workbench.desktop.main.js (64)
[31655:0924/133910.562203:INFO:CONSOLE:64] "%c WARN color: #993 Missing property "credentialsDisplayName" in oldValue. Filling with value from initValue. Please add a migration if necessary.", source: vscode-file://vscode-app/usr/share/cursor/resources/app/out/vs/workbench/workbench.desktop.main.js (64)
[31655:0924/133910.562323:INFO:CONSOLE:64] "%c WARN color: #993 Missing property "cmdLineHookState" in oldValue. Filling with value from initValue. Please add a migration if necessary.", source: vscode-file://vscode-app/usr/share/cursor/resources/app/out/vs/workbench/workbench.desktop.main.js (64)
[31655:0924/133910.562341:INFO:CONSOLE:64] "%c WARN color: #993 Missing property "shouldOnlyImportOnAccept" in oldValue. Filling with value from initValue. Please add a migration if necessary.", source: vscode-file://vscode-app/usr/share/cursor/resources/app/out/vs/workbench/workbench.desktop.main.js (64)
[31655:0924/133910.562468:INFO:CONSOLE:64] "%c WARN color: #993 Missing property "cppAutoImportDecorationStyle" in oldValue. Filling with value from initValue. Please add a migration if necessary.", source: vscode-file://vscode-app/usr/share/cursor/resources/app/out/vs/workbench/workbench.desktop.main.js (64)
[31655:0924/133910.562488:INFO:CONSOLE:64] "%c WARN color: #993 Missing property "newUserData" in oldValue. Filling with value from initValue. Please add a migration if necessary.", source: vscode-file://vscode-app/usr/share/cursor/resources/app/out/vs/workbench/workbench.desktop.main.js (64)
[31655:0924/133910.562614:INFO:CONSOLE:64] "%c WARN color: #993 Missing property "azureState" in oldValue. Filling with value from initValue. Please add a migration if necessary.", source: vscode-file://vscode-app/usr/share/cursor/resources/app/out/vs/workbench/workbench.desktop.main.js (64)
[31655:0924/133910.562634:INFO:CONSOLE:64] "%c WARN color: #993 Missing property "personalDocs" in oldValue. Filling with value from initValue. Please add a migration if necessary.", source: vscode-file://vscode-app/usr/share/cursor/resources/app/out/vs/workbench/workbench.desktop.main.js (64)
[31655:0924/133910.562773:INFO:CONSOLE:64] "%c WARN color: #993 Missing property "cppInCmdF" in oldValue. Filling with value from initValue. Please add a migration if necessary.", source: vscode-file://vscode-app/usr/share/cursor/resources/app/out/vs/workbench/workbench.desktop.main.js (64)
[31655:0924/133910.562799:INFO:CONSOLE:64] "%c WARN color: #993 Missing property "cppTriggerInComments" in oldValue. Filling with value from initValue. Please add a migration if necessary.", source: vscode-file://vscode-app/usr/share/cursor/resources/app/out/vs/workbench/workbench.desktop.main.js (64)
[31655:0924/133910.563077:INFO:CONSOLE:64] "%c WARN color: #993 Missing property "cppShowWhitespaceOnlyChanges" in oldValue. Filling with value from initValue. Please add a migration if necessary.", source: vscode-file://vscode-app/usr/share/cursor/resources/app/out/vs/workbench/workbench.desktop.main.js (64)
[31655:0924/133910.563111:INFO:CONSOLE:64] "%c WARN color: #993 Missing property "cppConfig" in oldValue. Filling with value from initValue. Please add a migration if necessary.", source: vscode-file://vscode-app/usr/share/cursor/resources/app/out/vs/workbench/workbench.desktop.main.js (64)
[31655:0924/133910.563290:INFO:CONSOLE:64] "%c WARN color: #993 Missing property "indexRepository" in oldValue. Filling with value from initValue. Please add a migration if necessary.", source: vscode-file://vscode-app/usr/share/cursor/resources/app/out/vs/workbench/workbench.desktop.main.js (64)
[31655:0924/133910.563320:INFO:CONSOLE:64] "%c WARN color: #993 Missing property "haveNotImportedFromVSC" in oldValue. Filling with value from initValue. Please add a migration if necessary.", source: vscode-file://vscode-app/usr/share/cursor/resources/app/out/vs/workbench/workbench.desktop.main.js (64)
[31655:0924/133910.566170:INFO:CONSOLE:64] "%c WARN color: #993 Missing property "shouldAutoParseCmdKLinks" in oldValue. Filling with value from initValue. Please add a migration if necessary.", source: vscode-file://vscode-app/usr/share/cursor/resources/app/out/vs/workbench/workbench.desktop.main.js (64)
[31655:0924/133910.566204:INFO:CONSOLE:64] "%c WARN color: #993 Missing property "isFileSyncClientEnabled" in oldValue. Filling with value from initValue. Please add a migration if necessary.", source: vscode-file://vscode-app/usr/share/cursor/resources/app/out/vs/workbench/workbench.desktop.main.js (64)
[31655:0924/133910.568072:INFO:CONSOLE:64] "%c WARN color: #993 Missing property "membershipType" in oldValue. Filling with value from initValue. Please add a migration if necessary.", source: vscode-file://vscode-app/usr/share/cursor/resources/app/out/vs/workbench/workbench.desktop.main.js (64)
[31655:0924/133910.568118:INFO:CONSOLE:64] "%c WARN color: #993 Missing property "fastApplyModelType" in oldValue. Filling with value from initValue. Please add a migration if necessary.", source: vscode-file://vscode-app/usr/share/cursor/resources/app/out/vs/workbench/workbench.desktop.main.js (64)
[31655:0924/133910.572679:INFO:CONSOLE:64] "%c WARN color: #993 Missing property "explicitlyEnableSemanticSearch" in oldValue. Filling with value from initValue. Please add a migration if necessary.", source: vscode-file://vscode-app/usr/share/cursor/resources/app/out/vs/workbench/workbench.desktop.main.js (64)
[31655:0924/133910.572712:INFO:CONSOLE:64] "%c WARN color: #993 Missing property "backgroundComposerEnv" in oldValue. Filling with value from initValue. Please add a migration if necessary.", source: vscode-file://vscode-app/usr/share/cursor/resources/app/out/vs/workbench/workbench.desktop.main.js (64)
[31655:0924/133910.575447:INFO:CONSOLE:64] "%c WARN color: #993 Missing property "preferredEmbeddingModel" in oldValue. Filling with value from initValue. Please add a migration if necessary.", source: vscode-file://vscode-app/usr/share/cursor/resources/app/out/vs/workbench/workbench.desktop.main.js (64)
[31655:0924/133910.575491:INFO:CONSOLE:64] "%c WARN color: #993 Missing property "oneTimeSettings" in oldValue. Filling with value from initValue. Please add a migration if necessary.", source: vscode-file://vscode-app/usr/share/cursor/resources/app/out/vs/workbench/workbench.desktop.main.js (64)
[31655:0924/133910.576137:INFO:CONSOLE:64] "%c WARN color: #993 Missing property "eligibleForSnippetLearning" in oldValue. Filling with value from initValue. Please add a migration if necessary.", source: vscode-file://vscode-app/usr/share/cursor/resources/app/out/vs/workbench/workbench.desktop.main.js (64)
[31655:0924/133910.576172:INFO:CONSOLE:64] "%c WARN color: #993 Missing property "goneThroughCodeSnippetOnboarding" in oldValue. Filling with value from initValue. Please add a migration if necessary.", source: vscode-file://vscode-app/usr/share/cursor/resources/app/out/vs/workbench/workbench.desktop.main.js (64)
[31655:0924/133910.576558:INFO:CONSOLE:64] "%c WARN color: #993 Missing property "goneThroughCodeSnippetChangeManagement" in oldValue. Filling with value from initValue. Please add a migration if necessary.", source: vscode-file://vscode-app/usr/share/cursor/resources/app/out/vs/workbench/workbench.desktop.main.js (64)
[31655:0924/133910.576579:INFO:CONSOLE:64] "%c WARN color: #993 Missing property "hasResetModelOnce" in oldValue. Filling with value from initValue. Please add a migration if necessary.", source: vscode-file://vscode-app/usr/share/cursor/resources/app/out/vs/workbench/workbench.desktop.main.js (64)
[31655:0924/133910.582550:INFO:CONSOLE:64] "%c WARN color: #993 Missing property "rpcFileLoggerEnabled" in oldValue. Filling with value from initValue. Please add a migration if necessary.", source: vscode-file://vscode-app/usr/share/cursor/resources/app/out/vs/workbench/workbench.desktop.main.js (64)
[31655:0924/133910.609304:INFO:CONSOLE:64] "%c WARN color: #993 Creation of workbench contribution 'workbench.contrib.editorStatus' took 22ms.", source: vscode-file://vscode-app/usr/share/cursor/resources/app/out/vs/workbench/workbench.desktop.main.js (64)
[31655:0924/133910.861459:INFO:CONSOLE:17393] "[layout] AgentLayoutService constructor initialized missing SIDEBAR_LOCATION from primary config fallback undefined [object Object]", source: vscode-file://vscode-app/usr/share/cursor/resources/app/out/vs/workbench/workbench.desktop.main.js (17393)
[32106:0924/133911.863765:WARNING:media/audio/linux/audio_manager_linux.cc:54] Falling back to ALSA for audio output. PulseAudio is not available or could not be initialized.
[31655:0924/133915.720390:INFO:CONSOLE:64] "%c WARN color: #993 Failed to create default profile extensions manifest in extensions installation folder. file:///root/build/electron-bench/home-dry-v0/.cursor/extensions Unable to create file 'vscode-userdata:/root/build/electron-bench/home-dry-v0/.cursor/extensions/extensions.json' that already exists when overwrite flag is not set", source: vscode-file://vscode-app/usr/share/cursor/resources/app/out/vs/workbench/workbench.desktop.main.js (64)
[31655:0924/133922.349478:INFO:CONSOLE:64] "%c  ERR color: #f33 [Extension Host:user] 05:39:21.958 ERROR [sandboxPreflight] Preflight failed: Command failed: /usr/share/cursor/resources/app/resources/helpers/cursorsandbox --policy /root/build/electron-bench/home-dry-v0/.cursor/sandbox-policies/sandbox-policy-f5f94c2b4c8c40ac --preflight-only -- /bin/true
Error: Failed to resolve Linux sandbox backend: Unsupported sandbox configuration: Linux auto backend selection failed. Landlock error: Unsupported sandbox configuration: Failed to apply Landlock: Step 5/7 (landlock) failed: Failed to apply Landlock: Landlock V3 filesystem restrictions not supported. Error: fully incompatible access-rights: BitFlags<AccessFs>(0b111111111110010, WriteFile | RemoveDir | RemoveFile | MakeChar | MakeDir | MakeReg | MakeSock | MakeFifo | MakeBlock | MakeSym | Refer | Truncate). Ensure Landlock LSM is enabled (CONFIG_SECURITY_LANDLOCK=y) on a kernel with V3 support.. Bubblewrap error: Unsupported sandbox configuration: Unsupported sandbox configuration: Bubblewrap preflight failed with exit code Some(1): bwrap: fchdir to oldroot: No such file or directory
", source: vscode-file://vscode-app/usr/share/cursor/resources/app/out/vs/workbench/workbench.desktop.main.js (64)
[31655:0924/133922.349810:INFO:CONSOLE:11845] "%c[Extension Host:user] %c05:39:21.958 ERROR [sandboxPreflight] Preflight failed: Command failed: /usr/share/cursor/resources/app/resources/helpers/cursorsandbox --policy /root/build/electron-bench/home-dry-v0/.cursor/sandbox-policies/sandbox-policy-f5f94c2b4c8c40ac --preflight-only -- /bin/true
Error: Failed to resolve Linux sandbox backend: Unsupported sandbox configuration: Linux auto backend selection failed. Landlock error: Unsupported sandbox configuration: Failed to apply Landlock: Step 5/7 (landlock) failed: Failed to apply Landlock: Landlock V3 filesystem restrictions not supported. Error: fully incompatible access-rights: BitFlags<AccessFs>(0b111111111110010, WriteFile | RemoveDir | RemoveFile | MakeChar | MakeDir | MakeReg | MakeSock | MakeFifo | MakeBlock | MakeSym | Refer | Truncate). Ensure Landlock LSM is enabled (CONFIG_SECURITY_LANDLOCK=y) on a kernel with V3 support.. Bubblewrap error: Unsupported sandbox configuration: Unsupported sandbox configuration: Bubblewrap preflight failed with exit code Some(1): bwrap: fchdir to oldroot: No such file or directory
 color: blue color: ", source: vscode-file://vscode-app/usr/share/cursor/resources/app/out/vs/workbench/workbench.desktop.main.js (11845)
[31655:0924/133922.351822:INFO:CONSOLE:64] "%c  ERR color: #f33 [Extension Host:user] 05:39:21.959 ERROR [sandboxPreflight] Exit status: 2", source: vscode-file://vscode-app/usr/share/cursor/resources/app/out/vs/workbench/workbench.desktop.main.js (64)
[31655:0924/133922.351857:INFO:CONSOLE:11845] "%c[Extension Host:user] %c05:39:21.959 ERROR [sandboxPreflight] Exit status: 2 color: blue color: ", source: vscode-file://vscode-app/usr/share/cursor/resources/app/out/vs/workbench/workbench.desktop.main.js (11845)
[31655:0924/133922.354432:INFO:CONSOLE:64] "%c  ERR color: #f33 [Extension Host:user] 05:39:21.959 ERROR [sandboxPreflight] Stderr: Error: Failed to resolve Linux sandbox backend: Unsupported sandbox configuration: Linux auto backend selection failed. Landlock error: Unsupported sandbox configuration: Failed to apply Landlock: Step 5/7 (landlock) failed: Failed to apply Landlock: Landlock V3 filesystem restrictions not supported. Error: fully incompatible access-rights: BitFlags<AccessFs>(0b111111111110010, WriteFile | RemoveDir | RemoveFile | MakeChar | MakeDir | MakeReg | MakeSock | MakeFifo | MakeBlock | MakeSym | Refer | Truncate). Ensure Landlock LSM is enabled (CONFIG_SECURITY_LANDLOCK=y) on a kernel with V3 support.. Bubblewrap error: Unsupported sandbox configuration: Unsupported sandbox configuration: Bubblewrap preflight failed with exit code Some(1): bwrap: fchdir to oldroot: No such file or directory
", source: vscode-file://vscode-app/usr/share/cursor/resources/app/out/vs/workbench/workbench.desktop.main.js (64)
[31655:0924/133922.354815:INFO:CONSOLE:11845] "%c[Extension Host:user] %c05:39:21.959 ERROR [sandboxPreflight] Stderr: Error: Failed to resolve Linux sandbox backend: Unsupported sandbox configuration: Linux auto backend selection failed. Landlock error: Unsupported sandbox configuration: Failed to apply Landlock: Step 5/7 (landlock) failed: Failed to apply Landlock: Landlock V3 filesystem restrictions not supported. Error: fully incompatible access-rights: BitFlags<AccessFs>(0b111111111110010, WriteFile | RemoveDir | RemoveFile | MakeChar | MakeDir | MakeReg | MakeSock | MakeFifo | MakeBlock | MakeSym | Refer | Truncate). Ensure Landlock LSM is enabled (CONFIG_SECURITY_LANDLOCK=y) on a kernel with V3 support.. Bubblewrap error: Unsupported sandbox configuration: Unsupported sandbox configuration: Bubblewrap preflight failed with exit code Some(1): bwrap: fchdir to oldroot: No such file or directory
 color: blue color: ", source: vscode-file://vscode-app/usr/share/cursor/resources/app/out/vs/workbench/workbench.desktop.main.js (11845)
[31655:0924/133922.989541:INFO:CONSOLE:64] "%c  ERR color: #f33 [Extension Host:retrieval] (node:32289) [DEP0040] DeprecationWarning: The `punycode` module is deprecated. Please use a userland alternative instead.
(Use `exe --trace-deprecation ...` to show where the warning was created)", source: vscode-file://vscode-app/usr/share/cursor/resources/app/out/vs/workbench/workbench.desktop.main.js (64)
[31655:0924/133922.989599:INFO:CONSOLE:11845] "%c[Extension Host:retrieval] %c(node:32289) [DEP0040] DeprecationWarning: The `punycode` module is deprecated. Please use a userland alternative instead.
(Use `exe --trace-deprecation ...` to show where the warning was created) color: blue color: ", source: vscode-file://vscode-app/usr/share/cursor/resources/app/out/vs/workbench/workbench.desktop.main.js (11845)
[31655:0924/133923.115927:INFO:CONSOLE:7004] "[PluginsProviderService] getInstalledGitHubPlugins took 8739.8ms", source: vscode-file://vscode-app/usr/share/cursor/resources/app/out/vs/workbench/workbench.desktop.main.js (7004)
[31655:0924/133923.141949:INFO:CONSOLE:7004] "[PluginsProviderService] getPluginMcpServers took 12049.9ms", source: vscode-file://vscode-app/usr/share/cursor/resources/app/out/vs/workbench/workbench.desktop.main.js (7004)
[31655:0924/133923.142710:INFO:CONSOLE:7004] "[PluginsProviderService] getPluginHooks took 11184.4ms", source: vscode-file://vscode-app/usr/share/cursor/resources/app/out/vs/workbench/workbench.desktop.main.js (7004)
[31655:0924/133923.142760:INFO:CONSOLE:7004] "[PluginsProviderService] getPluginLoadFailures took 8795.6ms", source: vscode-file://vscode-app/usr/share/cursor/resources/app/out/vs/workbench/workbench.desktop.main.js (7004)
[31655:0924/133923.142950:INFO:CONSOLE:7004] "[PluginsProviderService] getPluginSetIncomplete took 8795.6ms", source: vscode-file://vscode-app/usr/share/cursor/resources/app/out/vs/workbench/workbench.desktop.main.js (7004)
[31655:0924/133923.142975:INFO:CONSOLE:7004] "[PluginsProviderService] getLoadedPluginsSummary took 8795.6ms", source: vscode-file://vscode-app/usr/share/cursor/resources/app/out/vs/workbench/workbench.desktop.main.js (7004)
[31655:0924/133923.195624:INFO:CONSOLE:17566] "Failed to get git telemetry attributes: Error: Failed to execute git", source: vscode-file://vscode-app/usr/share/cursor/resources/app/out/vs/workbench/workbench.desktop.main.js (17566)
[31655:0924/133923.207431:INFO:CONSOLE:7004] "[PluginsProviderService] getPluginComponentFiles took 8859.8ms", source: vscode-file://vscode-app/usr/share/cursor/resources/app/out/vs/workbench/workbench.desktop.main.js (7004)
[31655:0924/133923.616460:INFO:CONSOLE:17393] "[background_composer] Refreshing background composers [object Object]", source: vscode-file://vscode-app/usr/share/cursor/resources/app/out/vs/workbench/workbench.desktop.main.js (17393)
[31655:0924/133923.616532:INFO:CONSOLE:17393] "[background_composer] Background composer disabled, not refreshing background composers [object Object]", source: vscode-file://vscode-app/usr/share/cursor/resources/app/out/vs/workbench/workbench.desktop.main.js (17393)
[31655:0924/133925.285700:INFO:CONSOLE:17393] "[transport] Connect error in unary AI connect ConnectError: [deadline_exceeded] the operation timed out [object Object]", source: vscode-file://vscode-app/usr/share/cursor/resources/app/out/vs/workbench/workbench.desktop.main.js (17393)
[31655:0924/133926.275891:INFO:CONSOLE:17393] "[transport] Connect error in unary AI connect ConnectError: [deadline_exceeded] the operation timed out [object Object]", source: vscode-file://vscode-app/usr/share/cursor/resources/app/out/vs/workbench/workbench.desktop.main.js (17393)
[31655:0924/133928.284744:INFO:CONSOLE:17393] "[transport] Connect error in unary AI connect ConnectError: [deadline_exceeded] the operation timed out [object Object]", source: vscode-file://vscode-app/usr/share/cursor/resources/app/out/vs/workbench/workbench.desktop.main.js (17393)
[31655:0924/133930.520680:INFO:CONSOLE:17393] "[transport] Connect error in unary AI connect ConnectError: [unauthenticated] No authorization header found [object Object]", source: vscode-file://vscode-app/usr/share/cursor/resources/app/out/vs/workbench/workbench.desktop.main.js (17393)
[31655:0924/133930.706563:INFO:CONSOLE:64] "%c  ERR color: #f33 [unauthenticated] No authorization header found: ConnectError: [unauthenticated] No authorization header found
    at t (vscode-file://vscode-app/usr/share/cursor/resources/app/out/vs/workbench/workbench.desktop.main.js:11881:598847)
    at async Object.cppConfig (vscode-file://vscode-app/usr/share/cursor/resources/app/out/vs/workbench/workbench.desktop.main.js:6752:60939)
    at async wKo.loadCppConfigIncludingHandlingProAccess (vscode-file://vscode-app/usr/share/cursor/resources/app/out/vs/workbench/workbench.desktop.main.js:19463:1305) ConnectError: [unauthenticated] No authorization header found", source: vscode-file://vscode-app/usr/share/cursor/resources/app/out/vs/workbench/workbench.desktop.main.js (64)
[31655:0924/133931.273996:INFO:CONSOLE:17393] "[transport] Connect error in unary AI connect ConnectError: [unauthenticated] No authorization header found [object Object]", source: vscode-file://vscode-app/usr/share/cursor/resources/app/out/vs/workbench/workbench.desktop.main.js (17393)
[31655:0924/133931.277318:INFO:CONSOLE:17393] "[transport] Connect error in unary AI connect ConnectError: [unauthenticated] Error [object Object]", source: vscode-file://vscode-app/usr/share/cursor/resources/app/out/vs/workbench/workbench.desktop.main.js (17393)
[31655:0924/133931.278115:INFO:CONSOLE:7004] "[MCPWellKnownDetection] Failed to fetch known servers for icon pre-resolution: ConnectError: [unauthenticated] Error", source: vscode-file://vscode-app/usr/share/cursor/resources/app/out/vs/workbench/workbench.desktop.main.js (7004)
[31655:0924/133931.953437:INFO:CONSOLE:17393] "[transport] Connect error in unary AI connect ConnectError: [unauthenticated] Error [object Object]", source: vscode-file://vscode-app/usr/share/cursor/resources/app/out/vs/workbench/workbench.desktop.main.js (17393)
[31655:0924/133932.070037:INFO:CONSOLE:6750] "[browser-bridge] Initialized OTEL provider with collector callback", source: vscode-file://vscode-app/usr/share/cursor/resources/app/out/vs/workbench/workbench.desktop.main.js (6750)
[90m[main 2026-09-24T05:39:32.076Z][0m [CursorProclistService] Config enabled feature (subsample every 10s; memoryPressureMonitorEnabled=true)
[90m[main 2026-09-24T05:39:32.115Z][0m [RendererPing] enabled (intervalMs=5000, blockThresholdMs=15000, stacks=true)
[31655:0924/133932.182766:INFO:CONSOLE:17393] "[transport] Connect error in unary AI connect ConnectError: [unauthenticated] Error [object Object]", source: vscode-file://vscode-app/usr/share/cursor/resources/app/out/vs/workbench/workbench.desktop.main.js (17393)
[31655:0924/133932.183002:INFO:CONSOLE:8098] "[KnowledgeBaseService] Failed to fetch knowledge: ConnectError: [unauthenticated] Error", source: vscode-file://vscode-app/usr/share/cursor/resources/app/out/vs/workbench/workbench.desktop.main.js (8098)
[90m[main 2026-09-24T05:39:42.041Z][0m [WorktreeCleanupMainService] Granted cleanup lease id=1 owner=window:1 reason="startup-catchup-worktree-cleanup"
[31655:0924/133947.056454:INFO:CONSOLE:64] "%c WARN color: #993 [WorktreeManager] Timed out after 5000ms waiting for local agent scan; orphan classification disabled this pass", source: vscode-file://vscode-app/usr/share/cursor/resources/app/out/vs/workbench/workbench.desktop.main.js (64)
[90m[main 2026-09-24T05:39:47.059Z][0m [WorktreeCleanupMainService] Releasing cleanup lease id=1 owner=window:1 reason="startup-catchup-worktree-cleanup" releaseReason="released" heldForMs=5017
[31655:0924/133952.384420:INFO:CONSOLE:17393] "[agent_exec] Agent data cleanup completed [object Object]", source: vscode-file://vscode-app/usr/share/cursor/resources/app/out/vs/workbench/workbench.desktop.main.js (17393)
[31655:0924/134033.240012:INFO:CONSOLE:17393] "[transport] Connect error in unary AI connect ConnectError: [unauthenticated] Error [object Object]", source: vscode-file://vscode-app/usr/share/cursor/resources/app/out/vs/workbench/workbench.desktop.main.js (17393)
[31655:0924/134133.650342:INFO:CONSOLE:17393] "[transport] Connect error in unary AI connect ConnectError: [unauthenticated] Error [object Object]", source: vscode-file://vscode-app/usr/share/cursor/resources/app/out/vs/workbench/workbench.desktop.main.js (17393)
[31655:0924/134211.183268:FATAL:dbus/bus.cc:1246] D-Bus connection was disconnected. Aborting.
[0924/134211.185050:ERROR:third_party/crashpad/crashpad/handler/linux/exception_handler_server.cc:143] tgkill: No such process (3)
