InstallProbe installed=0 saved=0x74bb741594 new=lorieCompositeProbe current=0x74bb741594
Sprep-pre pix=0xb4000075e9a1d330 index=0 has_gpu_copy=1 fb_ptr=0x0 sys_ptr=0x0 sys_pitch=64 fb_pitch=64 dev_ptr_before=0x0 devKind_before=64 width=16 height=16 bpp=1
Sprep pix=0xb4000075e9a1d330 index=0 has_gpu_copy=1 fb_ptr=0x0 sys_ptr=0x0 sys_pitch=64 fb_pitch=64 dev_ptr_before=0x0 devKind_before=64 PrepareAccess_called=1 PrepareAccess_ret=1 dev_ptr_after=0xb400007669a34ee0 devKind_after=64 width=16 height=16 bpp=1 nested=0 skip=none ret=1
Sprep-pre pix=0xb4000075e9a1b9d0 index=0 has_gpu_copy=1 fb_ptr=0x0 sys_ptr=0x0 sys_pitch=64 fb_pitch=64 dev_ptr_before=0x0 devKind_before=64 width=16 height=16 bpp=1
Sprep pix=0xb4000075e9a1b9d0 index=0 has_gpu_copy=1 fb_ptr=0x0 sys_ptr=0x0 sys_pitch=64 fb_pitch=64 dev_ptr_before=0x0 devKind_before=64 PrepareAccess_called=1 PrepareAccess_ret=1 dev_ptr_after=0xb400007669a2b7f0 devKind_after=64 width=16 height=16 bpp=1 nested=0 skip=none ret=1
Sprep-pre pix=0xb4000075e9a1b9d0 index=0 has_gpu_copy=1 fb_ptr=0x0 sys_ptr=0x0 sys_pitch=64 fb_pitch=64 dev_ptr_before=0x0 devKind_before=64 width=16 height=16 bpp=1
Sprep pix=0xb4000075e9a1b9d0 index=0 has_gpu_copy=1 fb_ptr=0x0 sys_ptr=0x0 sys_pitch=64 fb_pitch=64 dev_ptr_before=0x0 devKind_before=64 PrepareAccess_called=1 PrepareAccess_ret=1 dev_ptr_after=0xb400007669a2b7f0 devKind_after=64 width=16 height=16 bpp=1 nested=0 skip=none ret=1
Sprep-pre pix=0xb4000075e9a1b9d0 index=1 has_gpu_copy=1 fb_ptr=0x0 sys_ptr=0x0 sys_pitch=64 fb_pitch=64 dev_ptr_before=0x0 devKind_before=64 width=16 height=16 bpp=1
Sprep pix=0xb4000075e9a1b9d0 index=1 has_gpu_copy=1 fb_ptr=0x0 sys_ptr=0x0 sys_pitch=64 fb_pitch=64 dev_ptr_before=0x0 devKind_before=64 PrepareAccess_called=1 PrepareAccess_ret=1 dev_ptr_after=0xb400007669a2b7f0 devKind_after=64 width=16 height=16 bpp=1 nested=0 skip=none ret=1
Sprep-pre pix=0xb4000075e9a1b9d0 index=0 has_gpu_copy=1 fb_ptr=0x0 sys_ptr=0x0 sys_pitch=64 fb_pitch=64 dev_ptr_before=0x0 devKind_before=64 width=16 height=16 bpp=1
Sprep pix=0xb4000075e9a1b9d0 index=0 has_gpu_copy=1 fb_ptr=0x0 sys_ptr=0x0 sys_pitch=64 fb_pitch=64 dev_ptr_before=0x0 devKind_before=64 PrepareAccess_called=1 PrepareAccess_ret=1 dev_ptr_after=0xb400007669a2b7f0 devKind_after=64 width=16 height=16 bpp=1 nested=0 skip=none ret=1
Sprep-pre pix=0xb4000075e9a1b9d0 index=0 has_gpu_copy=1 fb_ptr=0x0 sys_ptr=0x0 sys_pitch=64 fb_pitch=64 dev_ptr_before=0x0 devKind_before=64 width=16 height=16 bpp=1
Sprep pix=0xb4000075e9a1b9d0 index=0 has_gpu_copy=1 fb_ptr=0x0 sys_ptr=0x0 sys_pitch=64 fb_pitch=64 dev_ptr_before=0x0 devKind_before=64 PrepareAccess_called=1 PrepareAccess_ret=1 dev_ptr_after=0xb400007669a2b7f0 devKind_after=64 width=16 height=16 bpp=1 nested=0 skip=none ret=1
Sprep-pre pix=0xb4000075e9a1b9d0 index=1 has_gpu_copy=1 fb_ptr=0x0 sys_ptr=0x0 sys_pitch=64 fb_pitch=64 dev_ptr_before=0x0 devKind_before=64 width=16 height=16 bpp=1
Sprep pix=0xb4000075e9a1b9d0 index=1 has_gpu_copy=1 fb_ptr=0x0 sys_ptr=0x0 sys_pitch=64 fb_pitch=64 dev_ptr_before=0x0 devKind_before=64 PrepareAccess_called=1 PrepareAccess_ret=1 dev_ptr_after=0xb400007669a2b7f0 devKind_after=64 width=16 height=16 bpp=1 nested=0 skip=none ret=1
Sprep-pre pix=0xb4000075e9a1bff0 index=0 has_gpu_copy=1 fb_ptr=0x0 sys_ptr=0x0 sys_pitch=5120 fb_pitch=5120 dev_ptr_before=0x0 devKind_before=5120 width=1280 height=1024 bpp=32
Sprep pix=0xb4000075e9a1bff0 index=0 has_gpu_copy=1 fb_ptr=0x0 sys_ptr=0x0 sys_pitch=5120 fb_pitch=5120 dev_ptr_before=0x0 devKind_before=5120 PrepareAccess_called=1 PrepareAccess_ret=1 dev_ptr_after=0x74ab981000 devKind_after=5120 width=1280 height=1024 bpp=32 nested=0 skip=none ret=1
Sprep-pre pix=0xb4000075e9a1d330 index=2 has_gpu_copy=1 fb_ptr=0x0 sys_ptr=0x0 sys_pitch=64 fb_pitch=64 dev_ptr_before=0x0 devKind_before=64 width=16 height=16 bpp=1
Sprep pix=0xb4000075e9a1d330 index=2 has_gpu_copy=1 fb_ptr=0x0 sys_ptr=0x0 sys_pitch=64 fb_pitch=64 dev_ptr_before=0x0 devKind_before=64 PrepareAccess_called=1 PrepareAccess_ret=1 dev_ptr_after=0xb400007669a34ee0 devKind_after=64 width=16 height=16 bpp=1 nested=0 skip=none ret=1
Sprep-pre pix=0xb4000075e9a1b9d0 index=0 has_gpu_copy=1 fb_ptr=0x0 sys_ptr=0x0 sys_pitch=32 fb_pitch=32 dev_ptr_before=0x0 devKind_before=32 width=8 height=8 bpp=32
Sprep pix=0xb4000075e9a1b9d0 index=0 has_gpu_copy=1 fb_ptr=0x0 sys_ptr=0x0 sys_pitch=32 fb_pitch=32 dev_ptr_before=0x0 devKind_before=32 PrepareAccess_called=1 PrepareAccess_ret=1 dev_ptr_after=0xb400007639a18690 devKind_after=32 width=8 height=8 bpp=32 nested=0 skip=none ret=1
Sprep-pre pix=0xb4000075e9a1d330 index=2 has_gpu_copy=1 fb_ptr=0x0 sys_ptr=0x0 sys_pitch=64 fb_pitch=64 dev_ptr_before=0x0 devKind_before=64 width=16 height=16 bpp=1
Sprep pix=0xb4000075e9a1d330 index=2 has_gpu_copy=1 fb_ptr=0x0 sys_ptr=0x0 sys_pitch=64 fb_pitch=64 dev_ptr_before=0x0 devKind_before=64 PrepareAccess_called=1 PrepareAccess_ret=1 dev_ptr_after=0xb400007669a34ee0 devKind_after=64 width=16 height=16 bpp=1 nested=0 skip=none ret=1
Sprep-pre pix=0xb4000075e9a1c370 index=0 has_gpu_copy=1 fb_ptr=0x0 sys_ptr=0x0 sys_pitch=32 fb_pitch=32 dev_ptr_before=0x0 devKind_before=32 width=8 height=8 bpp=32
Sprep pix=0xb4000075e9a1c370 index=0 has_gpu_copy=1 fb_ptr=0x0 sys_ptr=0x0 sys_pitch=32 fb_pitch=32 dev_ptr_before=0x0 devKind_before=32 PrepareAccess_called=1 PrepareAccess_ret=1 dev_ptr_after=0xb400007639a1a850 devKind_after=32 width=8 height=8 bpp=32 nested=0 skip=none ret=1
D0 damageComposite ENTER depth=1 op=3 pSrc=0xb4000075d9a1aa60 pMask=0x0 pDst=0xb4000075d9a1a790 srcDraw=0xb4000075e9a1b9d0 maskDraw=0x0 dstDraw=0xb4000075e9a1c370 current=0x74bb6a2cd0 saved=0x74bb4fd8fc saved_is_self=0
D1 BEFORE_UNWRAP depth=1 current=0x74bb6a2cd0 saved=0x74bb4fd8fc
D2 AFTER_UNWRAP/BEFORE_CALL depth=1 current=0x74bb4fd8fc saved=0x74bb4fd8fc callee=0x74bb4fd8fc callee_is_self=0
Probe ENTER depth=1 max=1 enter=1 return=0 saved=0x74bb741594
E0 EXA_COMPOSITE_ENTER op=3 pSrc=0xb4000075d9a1aa60 pMask=0x0 pDst=0xb4000075d9a1a790 xywh=0,0,8,8 srcDraw=0xb4000075e9a1b9d0 maskDraw=0x0 dstDraw=0xb4000075e9a1c370 swappedOut=0
R3 S0_REGULAR pix=0xb4000075e9a1b9d0 priv=0xb4000075f9a2d630 buf=0xb4000075d9a189c0 type=1 reqType=3 w=8 h=8 stride=8 depth=32 bpp=32 devKind=32 devptr=0x0 data=0xb400007639a18690 locked=0xb400007639a18690 mem=0x0 ahb=0x0 req=0,0 rect=1x1 addr=0xb400007639a18690 px=80800000 first=0000808000008080 hash=ca598a15
R3 S1_AHB buffer=0xb4000075d9a189c0 src=0xb400007639a18690 ahb=0xb400007769a22160 dst=0x78520ae000 w=8 h=8 srcStride=8 dstStride=64 format=5 req=0,0 srcPx=80800000 dstPx=00000000 hash=4b95f515
R3 S2_AHB_COPY buffer=0xb4000075d9a189c0 src=0xb400007639a18690 ahb=0xb400007769a22160 dst=0x78520ae000 w=8 h=8 srcStride=8 dstStride=64 format=5 req=0,0 srcPx=80800000 dstPx=80800000 hash=ca598a15
R3 S2_AHB pix=0xb4000075e9a1b9d0 priv=0xb4000075f9a2d630 buf=0xb4000075d9a189c0 type=3 reqType=3 w=8 h=8 stride=64 depth=32 bpp=32 devKind=256 devptr=0x0 data=0x0 locked=0x78520ae000 mem=0x0 ahb=0xb400007769a22160 req=0,0 rect=1x1 addr=0x78520ae000 px=80800000 first=0000808000008080 hash=ca598a15
R3 S0_REGULAR pix=0xb4000075e9a1c370 priv=0xb4000075f9a24000 buf=0xb4000075d9a1b240 type=1 reqType=3 w=8 h=8 stride=8 depth=24 bpp=32 devKind=32 devptr=0x0 data=0xb400007639a1a850 locked=0xb400007639a1a850 mem=0x0 ahb=0x0 req=0,0 rect=1x1 addr=0xb400007639a1a850 px=00008000 first=0080000000800000 hash=beef9a95
R3 S1_AHB buffer=0xb4000075d9a1b240 src=0xb400007639a1a850 ahb=0xb400007769a24180 dst=0x78520ad000 w=8 h=8 srcStride=8 dstStride=64 format=2 req=0,0 srcPx=00008000 dstPx=00000000 hash=4b95f515
R3 S2_AHB_COPY buffer=0xb4000075d9a1b240 src=0xb400007639a1a850 ahb=0xb400007769a24180 dst=0x78520ad000 w=8 h=8 srcStride=8 dstStride=64 format=2 req=0,0 srcPx=00008000 dstPx=00008000 hash=beef9a95
R3 S2_AHB pix=0xb4000075e9a1c370 priv=0xb4000075f9a24000 buf=0xb4000075d9a1b240 type=3 reqType=3 w=8 h=8 stride=64 depth=24 bpp=32 devKind=256 devptr=0x0 data=0x0 locked=0x78520ad000 mem=0x0 ahb=0xb400007769a24180 req=0,0 rect=1x1 addr=0x78520ad000 px=00008000 first=0080000000800000 hash=beef9a95
