Uctx signo=11 si_code=1 si_addr=0x0000000000000000 PC=0x000000004800229c LR=0x000000712472b8e0 SP=0x0000007fdc1b9200 FP=0x0000007fdc1b9240 x0=0x0000000000000061 x1=0x000000000680f3f8 x2=0x0000000000000020 x3=0x0000000000000001 x4=0x0000000000000061 x5=0x0000000000000000 x6=0x0000000000000000 x7=0x0000000000000000 x8=0x0000000000000003
Upid pid=23886 tid=23886
Uraw 0 0x0000000000000000 0x0000000000000000 0x0000007401747000 0x0000000000000000
Uraw 4 0x0000000000008000 0x0000000080001204 0x0000000000000000 0x0000000000000000
Uraw 8 0x0000000000000000 0x0000000000000000 0x0000000000000000 0x0000000000000000
Uraw 12 0x0000000000000000 0x0000000000000000 0x0000000000000000 0x0000000000000000
Uraw 16 0x0000000000000000 0x0000000000000000 0x0000000000000000 0x0000000000000000
Uraw 20 0x0000000000000000 0x0000000000000000 0x0000000000000000 0x0000000000000061
Uraw 24 0x000000000680f3f8 0x0000000000000020 0x0000000000000001 0x0000000000000061
Uraw 28 0x0000000000000000 0x0000000000000000 0x0000000000000000 0x0000000000000003
Uraw 32 0x000000712472cde0 0x0000007fdc1b923c 0x0000007fdc1b924c 0x0000007fdc1b9240
Uraw 36 0x0000007fdc1b9230 0x000000740054d740 0x0000000000080100 0x0000000000000040
Uraw 40 0x00000000000000aa 0x0000007400928000 0xb400007216408010 0x0000000000000000
Uraw 44 0x0000000000000000 0x0000007100800aae 0x000000000000000a 0x000000712471db80
Uraw 48 0x0000007fdc1b9230 0xb400007216408a80 0xb400007126409c50 0x00000070801792fc
Uraw 52 0x0000007fdc1b9240 0x000000712472b8e0 0x0000007fdc1b9200 0x000000004800229c
Uraw 56 0x0000000080001000 0x0000000000000000 0x0000021046508001 0x0000000000000011
Uraw 60 0x000000000680f3f8 0x0000000000000000 0x6e6f4d656c646e75 0x62757453726f7469
Ssig signo=11 code=1 addr=0x0000000000000000 (rt_sigaction+ucontext)
Sbt Backtrace:
(EE) 
Backtrace:
Sbt 0: /data/app/~~a7ekq5RhQkPjZGKmx0FO5A==/com.waydefu.x11gpu-Bm7h5ueC4THaVvk1kXAzYA==/base.apk!/lib/arm64-v8a/libXlorie.so (xorg_backtrace+0x48) [0x70de928360]
(EE) 0: /data/app/~~a7ekq5RhQkPjZGKmx0FO5A==/com.waydefu.x11gpu-Bm7h5ueC4THaVvk1kXAzYA==/base.apk!/lib/arm64-v8a/libXlorie.so (xorg_backtrace+0x48) [0x70de928360]
Sbt 1: /data/app/~~a7ekq5RhQkPjZGKmx0FO5A==/com.waydefu.x11gpu-Bm7h5ueC4THaVvk1kXAzYA==/base.apk!/lib/arm64-v8a/libXlorie.so (?+0xf2a58) [0x70de6f4a58]
(EE) 1: /data/app/~~a7ekq5RhQkPjZGKmx0FO5A==/com.waydefu.x11gpu-Bm7h5ueC4THaVvk1kXAzYA==/base.apk!/lib/arm64-v8a/libXlorie.so (?+0xf2a58) [0x70de6f4a58]
Sbt 2: ? (?+0x0) [0x7401755874]
(EE) 2: ? (?+0x0) [0x7401755874]
