dbus-daemon[12283]: [session uid=0 pid=12283] org.freedesktop.DBus.Error.AccessDenied: Failed to set fd limit to 65536: Operation not permitted
dbus-daemon[12283]: [session uid=0 pid=12283] Activating service name='org.xfce.Xfconf' requested by ':1.0' (uid=0 pid=12288 comm="xfce4-session" label="u:r:untrusted_app_27:s0:c109,c257,c512,c768")
dbus-daemon[12283]: [session uid=0 pid=12283] Successfully activated service 'org.xfce.Xfconf'
/usr/bin/iceauth:  creating new authority file /tmp/xfce-x3-run-20260923161043-10661/runtime/ICEauthority
dbus-daemon[12283]: [session uid=0 pid=12283] Activating service name='org.gtk.vfs.Daemon' requested by ':1.2' (uid=0 pid=12308 comm="xfwm4" label="u:r:untrusted_app_27:s0:c109,c257,c512,c768")
dbus-daemon[12283]: [session uid=0 pid=12283] Successfully activated service 'org.gtk.vfs.Daemon'

(xfsettingsd:12364): libupower-glib-WARNING **: 16:11:02.344: Couldn't connect to proxy: Could not connect: No such file or directory
dbus-daemon[12283]: [session uid=0 pid=12283] Activating service name='org.freedesktop.thumbnails.Thumbnailer1' requested by ':1.7' (uid=0 pid=12399 comm="xfdesktop" label="u:r:untrusted_app_27:s0:c109,c257,c512,c768")

(tumblerd:12432): tumblerd-WARNING **: 16:11:03.124: Couldn't change nice value of process.
libclock-Message: 16:11:03.503: could not get proxy for org.freedesktop.login1

(xfce4-panel:12377): libclock-WARNING **: 16:11:03.504: could not instantiate a sleep monitor
dbus-daemon[12283]: [session uid=0 pid=12283] Activating service name='org.gtk.vfs.UDisks2VolumeMonitor' requested by ':1.8' (uid=0 pid=12432 comm="/usr/lib/aarch64-linux-gnu/tumbler-1/tumblerd" label="u:r:untrusted_app_27:s0:c109,c257,c512,c768")

(process:12538): GVFS-UDisks2-WARNING **: 16:11:04.448: Failed to connect to UDisks: Could not connect: No such file or directory

(process:12538): GVFS-RemoteVolumeMonitorDaemon-WARNING **: 16:11:04.448: monitor says it's not supported
dbus-daemon[12283]: [session uid=0 pid=12283] Successfully activated service 'org.gtk.vfs.UDisks2VolumeMonitor'

(process:12538): GVFS-RemoteVolumeMonitorDaemon-WARNING **: 16:11:04.474: monitor says it's not supported

(tumblerd:12432): GVFS-RemoteVolumeMonitor-WARNING **: 16:11:04.474: remote volume monitor with dbus name org.gtk.vfs.UDisks2VolumeMonitor is not supported

(tumblerd:12432): GLib-GIO-WARNING **: 16:11:04.478: Error creating IO channel for /proc/self/mountinfo: Operation not permitted (g-io-error-quark, 14)
dbus-daemon[12283]: [session uid=0 pid=12283] Activating service name='org.gtk.vfs.AfcVolumeMonitor' requested by ':1.8' (uid=0 pid=12432 comm="/usr/lib/aarch64-linux-gnu/tumbler-1/tumblerd" label="u:r:untrusted_app_27:s0:c109,c257,c512,c768")
dbus-daemon[12283]: [session uid=0 pid=12283] Successfully activated service 'org.gtk.vfs.AfcVolumeMonitor'
dbus-daemon[12283]: [session uid=0 pid=12283] Activating service name='org.gtk.vfs.MTPVolumeMonitor' requested by ':1.8' (uid=0 pid=12432 comm="/usr/lib/aarch64-linux-gnu/tumbler-1/tumblerd" label="u:r:untrusted_app_27:s0:c109,c257,c512,c768")
dbus-daemon[12283]: [session uid=0 pid=12283] Successfully activated service 'org.gtk.vfs.MTPVolumeMonitor'
dbus-daemon[12283]: [session uid=0 pid=12283] Activating service name='org.gtk.vfs.GPhoto2VolumeMonitor' requested by ':1.8' (uid=0 pid=12432 comm="/usr/lib/aarch64-linux-gnu/tumbler-1/tumblerd" label="u:r:untrusted_app_27:s0:c109,c257,c512,c768")
dbus-daemon[12283]: [session uid=0 pid=12283] Successfully activated service 'org.gtk.vfs.GPhoto2VolumeMonitor'

(xfce4-session:12288): xfce4-session-WARNING **: 16:11:04.661: failed to run script: Failed to execute child process “/usr/bin/pm-is-supported” (No such file or directory)
dbus-daemon[12283]: [session uid=0 pid=12283] Activating service name='org.gtk.vfs.GoaVolumeMonitor' requested by ':1.8' (uid=0 pid=12432 comm="/usr/lib/aarch64-linux-gnu/tumbler-1/tumblerd" label="u:r:untrusted_app_27:s0:c109,c257,c512,c768")

(xfce4-session:12288): xfce4-session-WARNING **: 16:11:04.669: failed to run script: Failed to execute child process “/usr/bin/pm-is-supported” (No such file or directory)

(xfce4-session:12288): xfce4-session-WARNING **: 16:11:04.682: failed to run script: Failed to execute child process “/usr/bin/pm-is-supported” (No such file or directory)
dbus-daemon[12283]: [session uid=0 pid=12283] Activating service name='org.xfce.Notifyd' requested by ':1.9' (uid=0 pid=12484 comm="/usr/lib/aarch64-linux-gnu/xfce4/panel/wrapper-2.0" label="u:r:untrusted_app_27:s0:c109,c257,c512,c768")
dbus-daemon[12283]: [session uid=0 pid=12283] Successfully activated service 'org.gtk.vfs.GoaVolumeMonitor'
dbus-daemon[12283]: [session uid=0 pid=12283] Successfully activated service 'org.freedesktop.thumbnails.Thumbnailer1'

(xfdesktop:12399): GLib-GObject-CRITICAL **: 16:11:04.911: g_object_unref: assertion 'G_IS_OBJECT (object)' failed

(process:12538): GVFS-RemoteVolumeMonitorDaemon-WARNING **: 16:11:04.942: monitor says it's not supported

(xfdesktop:12399): GVFS-RemoteVolumeMonitor-WARNING **: 16:11:04.943: remote volume monitor with dbus name org.gtk.vfs.UDisks2VolumeMonitor is not supported

(xfdesktop:12399): GLib-GIO-WARNING **: 16:11:04.945: Error creating IO channel for /proc/self/mountinfo: Operation not permitted (g-io-error-quark, 14)
dbus-daemon[12283]: [session uid=0 pid=12283] Successfully activated service 'org.xfce.Notifyd'

(process:12622): GLib-GIO-WARNING **: 16:11:05.019: Error creating IO channel for /proc/self/mountinfo: Operation not permitted (g-io-error-quark, 14)
dbus-daemon[12283]: [session uid=0 pid=12283] Activating service name='org.gtk.vfs.Metadata' requested by ':1.7' (uid=0 pid=12399 comm="xfdesktop" label="u:r:untrusted_app_27:s0:c109,c257,c512,c768")
dbus-daemon[12283]: [session uid=0 pid=12283] Successfully activated service 'org.gtk.vfs.Metadata'

** (xfdesktop:12399): WARNING **: 16:11:05.267: Failed to get system bus: Could not connect: No such file or directory
A connection to the bus can't be made

(tumblerd:12432): tumblerd-CRITICAL **: 16:13:58.691: Name org.freedesktop.thumbnails.Cache1 lost on the message dbus, exiting.

(tumblerd:12432): tumblerd-CRITICAL **: 16:13:58.691: Name org.freedesktop.thumbnails.Manager1 lost on the message dbus, exiting.

(tumblerd:12432): tumblerd-CRITICAL **: 16:13:58.691: Name org.freedesktop.thumbnails.Thumbnailer1 lost on the message dbus, exiting.

(xfsettingsd:12364): xfconf-WARNING **: 16:13:58.694: Failed to set property "keyboards::/Default/Numlock": The connection is closed

(xfconfd:12300): xfconfd-WARNING **: 16:13:58.693: Name org.xfce.Xfconf lost on the message dbus, exiting.
A connection to the bus can't be made
Another notification daemon is running, exiting
Another notification daemon is running, exiting
