ATTENTION: default value of option vblank_mode overridden by environment.
=======================================================
    glmark2 2023.01
=======================================================
    OpenGL Information
    GL_VENDOR:      Mesa
    GL_RENDERER:    zink Vulkan 1.4(Adreno (TM) 840 (MESA_TURNIP))
    GL_VERSION:     4.6 (Compatibility Profile) Mesa 26.0.6
    Surface Config: buf=32 r=8 g=8 b=8 a=8 depth=24 stencil=0 samples=0
    Surface Size:   800x600 windowed
=======================================================
[build] duration=10.0:fps-pos=-1.0,-1.0:fps-size=0.03:fragment-precision=default,default,default,default:interleave=false:model=horse:nframes=:show-fps=false:title=:title-pos=-0.7,-1.0:title-size=0.03:use-vbo=false:vertex-precision=default,default,default,default: FPS: 772 FrameTime: 1.296 ms
[build] duration=10.0:fps-pos=-1.0,-1.0:fps-size=0.03:fragment-precision=default,default,default,default:interleave=false:model=horse:nframes=:show-fps=false:title=:title-pos=-0.7,-1.0:title-size=0.03:use-vbo=true:vertex-precision=default,default,default,default: FPS: 727 FrameTime: 1.377 ms
[texture] duration=10.0:fps-pos=-1.0,-1.0:fps-size=0.03:fragment-precision=default,default,default,default:model=cube:nframes=:show-fps=false:texgen=false:texture=crate-base:texture-filter=nearest:title=:title-pos=-0.7,-1.0:title-size=0.03:vertex-precision=default,default,default,default: FPS: 718 FrameTime: 1.394 ms
[texture] duration=10.0:fps-pos=-1.0,-1.0:fps-size=0.03:fragment-precision=default,default,default,default:model=cube:nframes=:show-fps=false:texgen=false:texture=crate-base:texture-filter=linear:title=:title-pos=-0.7,-1.0:title-size=0.03:vertex-precision=default,default,default,default: FPS: 725 FrameTime: 1.379 ms
[texture] duration=10.0:fps-pos=-1.0,-1.0:fps-size=0.03:fragment-precision=default,default,default,default:model=cube:nframes=:show-fps=false:texgen=false:texture=crate-base:texture-filter=mipmap:title=:title-pos=-0.7,-1.0:title-size=0.03:vertex-precision=default,default,default,default: FPS: 745 FrameTime: 1.343 ms
[shading] duration=10.0:fps-pos=-1.0,-1.0:fps-size=0.03:fragment-precision=default,default,default,default:model=cat:nframes=:num-lights=1:shading=gouraud:show-fps=false:title=:title-pos=-0.7,-1.0:title-size=0.03:vertex-precision=default,default,default,default: FPS: 713 FrameTime: 1.403 ms
[shading] duration=10.0:fps-pos=-1.0,-1.0:fps-size=0.03:fragment-precision=default,default,default,default:model=cat:nframes=:num-lights=1:shading=blinn-phong-inf:show-fps=false:title=:title-pos=-0.7,-1.0:title-size=0.03:vertex-precision=default,default,default,default: FPS: 664 FrameTime: 1.507 ms
[shading] duration=10.0:fps-pos=-1.0,-1.0:fps-size=0.03:fragment-precision=default,default,default,default:model=cat:nframes=:num-lights=1:shading=phong:show-fps=false:title=:title-pos=-0.7,-1.0:title-size=0.03:vertex-precision=default,default,default,default: FPS: 585 FrameTime: 1.712 ms
[shading] duration=10.0:fps-pos=-1.0,-1.0:fps-size=0.03:fragment-precision=default,default,default,default:model=cat:nframes=:num-lights=1:shading=cel:show-fps=false:title=:title-pos=-0.7,-1.0:title-size=0.03:vertex-precision=default,default,default,default: FPS: 679 FrameTime: 1.473 ms
[bump] bump-render=high-poly:duration=10.0:fps-pos=-1.0,-1.0:fps-size=0.03:fragment-precision=default,default,default,default:nframes=:show-fps=false:title=:title-pos=-0.7,-1.0:title-size=0.03:vertex-precision=default,default,default,default: FPS: 554 FrameTime: 1.805 ms
[bump] bump-render=normals:duration=10.0:fps-pos=-1.0,-1.0:fps-size=0.03:fragment-precision=default,default,default,default:nframes=:show-fps=false:title=:title-pos=-0.7,-1.0:title-size=0.03:vertex-precision=default,default,default,default: FPS: 751 FrameTime: 1.332 ms
[bump] bump-render=height:duration=10.0:fps-pos=-1.0,-1.0:fps-size=0.03:fragment-precision=default,default,default,default:nframes=:show-fps=false:title=:title-pos=-0.7,-1.0:title-size=0.03:vertex-precision=default,default,default,default: FPS: 736 FrameTime: 1.360 ms
[effect2d] duration=10.0:fps-pos=-1.0,-1.0:fps-size=0.03:fragment-precision=default,default,default,default:kernel=0,1,0;1,-4,1;0,1,0;:nframes=:normalize=true:show-fps=false:title=:title-pos=-0.7,-1.0:title-size=0.03:vertex-precision=default,default,default,default: FPS: 558 FrameTime: 1.793 ms
[effect2d] duration=10.0:fps-pos=-1.0,-1.0:fps-size=0.03:fragment-precision=default,default,default,default:kernel=1,1,1,1,1;1,1,1,1,1;1,1,1,1,1;:nframes=:normalize=true:show-fps=false:title=:title-pos=-0.7,-1.0:title-size=0.03:vertex-precision=default,default,default,default: FPS: 425 FrameTime: 2.355 ms
[pulsar] duration=10.0:fps-pos=-1.0,-1.0:fps-size=0.03:fragment-precision=default,default,default,default:light=false:nframes=:quads=5:random=false:show-fps=false:texture=false:title=:title-pos=-0.7,-1.0:title-size=0.03:vertex-precision=default,default,default,default: FPS: 659 FrameTime: 1.519 ms
[desktop] blur-radius=5:duration=10.0:effect=blur:fps-pos=-1.0,-1.0:fps-size=0.03:fragment-precision=default,default,default,default:nframes=:passes=1:separable=true:shadow-size=20:show-fps=false:title=:title-pos=-0.7,-1.0:title-size=0.03:vertex-precision=default,default,default,default:window-size=0.35:windows=4: FPS: 345 FrameTime: 2.904 ms
[desktop] blur-radius=5:duration=10.0:effect=shadow:fps-pos=-1.0,-1.0:fps-size=0.03:fragment-precision=default,default,default,default:nframes=:passes=1:separable=true:shadow-size=20:show-fps=false:title=:title-pos=-0.7,-1.0:title-size=0.03:vertex-precision=default,default,default,default:window-size=0.35:windows=4: FPS: 497 FrameTime: 2.014 ms
[buffer] buffer-usage=static:columns=200:duration=10.0:fps-pos=-1.0,-1.0:fps-size=0.03:fragment-precision=default,default,default,default:interleave=false:nframes=:rows=20:show-fps=false:title=:title-pos=-0.7,-1.0:title-size=0.03:update-dispersion=0.9:update-fraction=0.5:update-method=map:vertex-precision=default,default,default,default: FPS: 527 FrameTime: 1.899 ms
[buffer] buffer-usage=static:columns=200:duration=10.0:fps-pos=-1.0,-1.0:fps-size=0.03:fragment-precision=default,default,default,default:interleave=false:nframes=:rows=20:show-fps=false:title=:title-pos=-0.7,-1.0:title-size=0.03:update-dispersion=0.9:update-fraction=0.5:update-method=subdata:vertex-precision=default,default,default,default: FPS: 276 FrameTime: 3.632 ms
[buffer] buffer-usage=static:columns=200:duration=10.0:fps-pos=-1.0,-1.0:fps-size=0.03:fragment-precision=default,default,default,default:interleave=true:nframes=:rows=20:show-fps=false:title=:title-pos=-0.7,-1.0:title-size=0.03:update-dispersion=0.9:update-fraction=0.5:update-method=map:vertex-precision=default,default,default,default: FPS: 662 FrameTime: 1.511 ms
[ideas] duration=10.0:fps-pos=-1.0,-1.0:fps-size=0.03:fragment-precision=default,default,default,default:nframes=:show-fps=false:speed=duration:title=:title-pos=-0.7,-1.0:title-size=0.03:vertex-precision=default,default,default,default: FPS: 376 FrameTime: 2.662 ms
[jellyfish] duration=10.0:fps-pos=-1.0,-1.0:fps-size=0.03:fragment-precision=default,default,default,default:nframes=:show-fps=false:title=:title-pos=-0.7,-1.0:title-size=0.03:vertex-precision=default,default,default,default: FPS: 632 FrameTime: 1.585 ms
[terrain] bloom=true:duration=10.0:fps-pos=-1.0,-1.0:fps-size=0.03:fragment-precision=default,default,default,default:nframes=:repeat-overlay=6.0:show-fps=false:tilt-shift=true:title=:title-pos=-0.7,-1.0:title-size=0.03:vertex-precision=default,default,default,default: FPS: 147 FrameTime: 6.828 ms
[shadow] duration=10.0:fps-pos=-1.0,-1.0:fps-size=0.03:fragment-precision=default,default,default,default:interleave=false:nframes=:show-fps=false:title=:title-pos=-0.7,-1.0:title-size=0.03:use-vbo=true:vertex-precision=default,default,default,default: FPS: 621 FrameTime: 1.611 ms
[refract] duration=10.0:fps-pos=-1.0,-1.0:fps-size=0.03:fragment-precision=default,default,default,default:index=1.2:interleave=false:model=bunny:nframes=:show-fps=false:texture=nasa1:title=:title-pos=-0.7,-1.0:title-size=0.03:use-vbo=true:vertex-precision=default,default,default,default: FPS: 214 FrameTime: 4.692 ms
[conditionals] duration=10.0:fps-pos=-1.0,-1.0:fps-size=0.03:fragment-conditionals=true:fragment-precision=default,default,default,default:fragment-steps=0:grid-length=5.0:grid-size=32:nframes=:show-fps=false:title=:title-pos=-0.7,-1.0:title-size=0.03:vertex-conditionals=true:vertex-precision=default,default,default,default:vertex-steps=0: FPS: 576 FrameTime: 1.736 ms
[conditionals] duration=10.0:fps-pos=-1.0,-1.0:fps-size=0.03:fragment-conditionals=true:fragment-precision=default,default,default,default:fragment-steps=5:grid-length=5.0:grid-size=32:nframes=:show-fps=false:title=:title-pos=-0.7,-1.0:title-size=0.03:vertex-conditionals=true:vertex-precision=default,default,default,default:vertex-steps=0: FPS: 614 FrameTime: 1.630 ms
[conditionals] duration=10.0:fps-pos=-1.0,-1.0:fps-size=0.03:fragment-conditionals=true:fragment-precision=default,default,default,default:fragment-steps=0:grid-length=5.0:grid-size=32:nframes=:show-fps=false:title=:title-pos=-0.7,-1.0:title-size=0.03:vertex-conditionals=true:vertex-precision=default,default,default,default:vertex-steps=5: FPS: 658 FrameTime: 1.522 ms
[function] duration=10.0:fps-pos=-1.0,-1.0:fps-size=0.03:fragment-complexity=low:fragment-function=true:fragment-precision=default,default,default,default:fragment-steps=5:grid-length=5.0:grid-size=32:nframes=:show-fps=false:title=:title-pos=-0.7,-1.0:title-size=0.03:vertex-complexity=low:vertex-function=true:vertex-precision=default,default,default,default:vertex-steps=1: FPS: 627 FrameTime: 1.596 ms
[function] duration=10.0:fps-pos=-1.0,-1.0:fps-size=0.03:fragment-complexity=medium:fragment-function=true:fragment-precision=default,default,default,default:fragment-steps=5:grid-length=5.0:grid-size=32:nframes=:show-fps=false:title=:title-pos=-0.7,-1.0:title-size=0.03:vertex-complexity=low:vertex-function=true:vertex-precision=default,default,default,default:vertex-steps=1: FPS: 590 FrameTime: 1.697 ms
[loop] duration=10.0:fps-pos=-1.0,-1.0:fps-size=0.03:fragment-loop=false:fragment-precision=default,default,default,default:fragment-steps=5:fragment-uniform=true:grid-length=5.0:grid-size=32:nframes=:show-fps=false:title=:title-pos=-0.7,-1.0:title-size=0.03:vertex-loop=true:vertex-precision=default,default,default,default:vertex-steps=5:vertex-uniform=true: FPS: 630 FrameTime: 1.588 ms
[loop] duration=10.0:fps-pos=-1.0,-1.0:fps-size=0.03:fragment-loop=true:fragment-precision=default,default,default,default:fragment-steps=5:fragment-uniform=false:grid-length=5.0:grid-size=32:nframes=:show-fps=false:title=:title-pos=-0.7,-1.0:title-size=0.03:vertex-loop=true:vertex-precision=default,default,default,default:vertex-steps=5:vertex-uniform=true: FPS: 615 FrameTime: 1.628 ms
[loop] duration=10.0:fps-pos=-1.0,-1.0:fps-size=0.03:fragment-loop=true:fragment-precision=default,default,default,default:fragment-steps=5:fragment-uniform=true:grid-length=5.0:grid-size=32:nframes=:show-fps=false:title=:title-pos=-0.7,-1.0:title-size=0.03:vertex-loop=true:vertex-precision=default,default,default,default:vertex-steps=5:vertex-uniform=true: FPS: 499 FrameTime: 2.005 ms
=======================================================
                                  glmark2 Score: 578 
=======================================================
