=======================================================
    vkmark 2025.01
=======================================================
    Vendor ID:      0x10005
    Device ID:      0x0
    Device Name:    llvmpipe (LLVM 21.1.8, 128 bits)
    Driver Version: 109051910
    Device UUID:    32362e302e3661616161616161616161
=======================================================
[vertex] device-local=true:interleave=true:duration=10.0: FPS: 131 FrameTime: 7.634 ms
[vertex] device-local=false:interleave=true:duration=10.0: FPS: 131 FrameTime: 7.634 ms
[texture] anisotropy=0:texture-filter=linear:duration=10.0: FPS: 163 FrameTime: 6.135 ms
[texture] anisotropy=16:texture-filter=linear:duration=10.0: FPS: 95 FrameTime: 10.526 ms
[shading] shading=gouraud:duration=10.0: FPS: 88 FrameTime: 11.364 ms
[shading] shading=blinn-phong-inf:duration=10.0: FPS: 79 FrameTime: 12.658 ms
[shading] shading=phong:duration=10.0: FPS: 68 FrameTime: 14.706 ms
[shading] shading=cel:duration=10.0: FPS: 70 FrameTime: 14.286 ms
[effect2d] background-resolution=800x600:kernel=edge:duration=10.0: FPS: 67 FrameTime: 14.925 ms
[effect2d] background-resolution=800x600:kernel=blur:duration=10.0: FPS: 31 FrameTime: 32.258 ms
[desktop] background-resolution=800x600:windows=4:window-size=0.35:duration=10.0: FPS: 60 FrameTime: 16.667 ms
[cube] duration=10.0: FPS: 668 FrameTime: 1.497 ms
[clear] color=cycle:duration=10.0: FPS: 1524 FrameTime: 0.656 ms
=======================================================
                                   vkmark Score: 244
=======================================================
