=======================================================
    vkmark 2025.01
=======================================================
    Vendor ID:      0x5143
    Device ID:      0x44050A31
    Device Name:    Adreno (TM) 840
    Driver Version: 109051910
    Device UUID:    7f4bce943437cac6fc1921e23cef4bc3
=======================================================
[vertex] device-local=true:interleave=true:duration=10.0: FPS: 1236 FrameTime: 0.809 ms
[vertex] device-local=false:interleave=true:duration=10.0: FPS: 1253 FrameTime: 0.798 ms
[texture] anisotropy=0:texture-filter=linear:duration=10.0: FPS: 1227 FrameTime: 0.815 ms
[texture] anisotropy=16:texture-filter=linear:duration=10.0: FPS: 1248 FrameTime: 0.801 ms
[shading] shading=gouraud:duration=10.0: FPS: 1231 FrameTime: 0.812 ms
[shading] shading=blinn-phong-inf:duration=10.0: FPS: 1267 FrameTime: 0.789 ms
[shading] shading=phong:duration=10.0: FPS: 1234 FrameTime: 0.810 ms
[shading] shading=cel:duration=10.0: FPS: 1257 FrameTime: 0.796 ms
[effect2d] background-resolution=800x600:kernel=edge:duration=10.0: FPS: 1232 FrameTime: 0.812 ms
[effect2d] background-resolution=800x600:kernel=blur:duration=10.0: FPS: 1234 FrameTime: 0.810 ms
[desktop] background-resolution=800x600:windows=4:window-size=0.35:duration=10.0: FPS: 1268 FrameTime: 0.789 ms
[cube] duration=10.0: FPS: 1379 FrameTime: 0.725 ms
[clear] color=cycle:duration=10.0: FPS: 1199 FrameTime: 0.834 ms
=======================================================
                                   vkmark Score: 1251
=======================================================
