--------- beginning of main
09-26 11:48:03.276 25821 25821 W libc    : Access denied finding property "persist.vendor.track.malloc.enable"
09-26 11:48:03.276 25821 25821 W libc    : Access denied finding property "persist.vendor.fd.monitor.enable"
09-26 11:48:03.287 25821 25821 W libc    : Access denied finding property "persist.vendor.track.malloc.enable"
09-26 11:48:03.287 25821 25821 W libc    : Access denied finding property "persist.vendor.fd.monitor.enable"
09-26 11:48:03.293 25821 25821 W libc    : Access denied finding property "persist.vendor.track.malloc.enable"
09-26 11:48:03.293 25821 25821 W libc    : Access denied finding property "persist.vendor.fd.monitor.enable"
09-26 11:48:03.399 25821 25821 W libc    : Access denied finding property "ro.debuggable"
09-26 11:48:03.399 25821 25821 W libc    : Access denied finding property "ro.debuggable"
09-26 11:48:03.399 25821 25821 W libc    : Access denied finding property "ro.debuggable"
09-26 11:48:03.400 25821 25821 D AndroidRuntime: >>>>>> START com.android.internal.os.RuntimeInit uid 10365 <<<<<<
09-26 11:48:03.400 25821 25821 W libc    : Access denied finding property "ro.debuggable"
09-26 11:48:03.403 25821 25821 I AndroidRuntime: Using default boot image
09-26 11:48:03.403 25821 25821 I AndroidRuntime: Leaving lock profiling enabled
09-26 11:48:03.403 25821 25821 W libc    : Access denied finding property "odsign.verification.success"
09-26 11:48:03.403 25821 25821 W libc    : Access denied finding property "ro.debuggable"
09-26 11:48:03.404 25821 25821 W termux-x11gpu com.waydefu.x11gpu :3 -noreset: ART APEX data files are untrusted.
09-26 11:48:03.404 25821 25821 I termux-x11gpu com.waydefu.x11gpu :3 -noreset: Using generational CollectorTypeCMC GC.
09-26 11:48:03.405 25821 25821 E termux-x11gpu com.waydefu.x11gpu :3 -noreset: Error reading named image component header for /system/framework/boot.art, error: Image header from "/system/framework/arm64/boot.art" is invalid
09-26 11:48:03.405 25821 25821 E termux-x11gpu com.waydefu.x11gpu :3 -noreset: Could not create image space with image file '/system/framework/boot.art!/apex/com.android.art/etc/boot-image.prof!/system/etc/boot-image.prof:/system/framework/boot-framework-adservices.art'. Attempting to fall back to imageless running. Error was: Image header from "/system/framework/arm64/boot.art" is invalid
09-26 11:48:03.601 25821 25821 D nativeloader: InitDefaultPublicLibraries for_preload=1: libandroid.so:libaaudio.so:libamidi.so:libbinder_ndk.so:libc.so:libcamera2ndk.so:libdl.so:libEGL.so:libGLESv1_CM.so:libGLESv2.so:libGLESv3.so:libicu.so:libicui18n.so:libicuuc.so:libjnigraphics.so:liblog.so:libmediandk.so:libm.so:libnativehelper.so:libnativewindow.so:libOpenMAXAL.so:libOpenSLES.so:libRS.so:libstdc++.so:libsync.so:libvulkan.so:libwebviewchromium_plat_support.so:libz.so
09-26 11:48:03.608 25821 25821 D nativeloader: Load libicu_jni.so using APEX ns com_android_art for caller /apex/com.android.art/javalib/core-oj.jar: ok
09-26 11:48:03.608 25821 25821 D termux-x11gpu com.waydefu.x11gpu :3 -noreset: u_setTimeZoneFilesDirectory("/apex/com.android.tzdata/etc/tz/versioned/9/icu") succeeded. 
09-26 11:48:03.608 25821 25821 D termux-x11gpu com.waydefu.x11gpu :3 -noreset: I18n APEX ICU file found: /apex/com.android.i18n/etc/icu/icudt76l.dat
09-26 11:48:03.609 25821 25821 D nativeloader: Load libjavacore.so using APEX ns com_android_art for caller /apex/com.android.art/javalib/core-oj.jar: ok
09-26 11:48:03.609 25821 25821 D nativeloader: Load libopenjdk.so using APEX ns com_android_art for caller /apex/com.android.art/javalib/core-oj.jar: ok
09-26 11:48:03.618 25821 25821 I termux-x11gpu com.waydefu.x11gpu :3 -noreset: Priority-to-niceness mapping: 19, 16, 13, 10, 0, -2, -4, -5, -6, -8
09-26 11:48:03.664 25821 25821 W libc    : Access denied finding property "ro.product.name_for_attestation"
09-26 11:48:03.664 25821 25821 W libc    : Access denied finding property "ro.product.device_for_attestation"
09-26 11:48:03.664 25821 25821 W libc    : Access denied finding property "ro.product.manufacturer_for_attestation"
09-26 11:48:03.664 25821 25821 W libc    : Access denied finding property "ro.product.brand_for_attestation"
09-26 11:48:03.664 25821 25821 W libc    : Access denied finding property "ro.product.model_for_attestation"
09-26 11:48:03.666 25821 25821 W libc    : Access denied finding property "ro.vendor.mtk.hbt_binfmt_misc_support"
09-26 11:48:03.666 25821 25821 W libc    : Access denied finding property "ro.vendor.mtk.app32_boost_support"
09-26 11:48:03.666 25821 25821 W libc    : Access denied finding property "ro.vendor.mtk.hbt_dyn_type"
09-26 11:48:03.666 25821 25821 W libc    : Access denied finding property "persist.vendor.mtk.hbt_dyn_type"
09-26 11:48:03.667 25821 25821 W libc    : Access denied finding property "ro.vendor.mi_fake_32bit_support"
09-26 11:48:03.667 25821 25821 W libc    : Access denied finding property "ro.debuggable"
09-26 11:48:03.697 25821 25821 D nativeloader: Load libframework-connectivity-tiramisu-jni.so using APEX ns com_android_tethering for caller /apex/com.android.tethering/javalib/framework-connectivity-t.jar: ok
09-26 11:48:03.697 25821 25821 D AndroidRuntime: Calling main entry com.termux.x11.Loader
09-26 11:48:03.709 25821 25821 W libc    : Access denied finding property "ro.debuggable"
09-26 11:48:03.714 25821 25821 I AconfigPackage: com.android.healthfitness.flags is mapped to com.android.healthfitness
09-26 11:48:03.714 25821 25821 I AconfigPackage: com.android.uwb.flags is mapped to com.android.uwb
09-26 11:48:03.714 25821 25821 I AconfigPackage: com.android.ranging.flags is mapped to com.android.uwb
09-26 11:48:03.714 25821 25821 I AconfigPackage: com.android.permission.flags is mapped to com.android.permission
09-26 11:48:03.714 25821 25821 I AconfigPackage: com.android.permissioncontroller.flags is mapped to com.android.permission
09-26 11:48:03.714 25821 25821 I AconfigPackage: android.provider.flags is mapped to com.android.configinfrastructure
09-26 11:48:03.714 25821 25821 I AconfigPackage: com.android.server.deviceconfig is mapped to com.android.configinfrastructure
09-26 11:48:03.714 25821 25821 I AconfigPackage: com.android.ipsec.flags is mapped to com.android.ipsec
09-26 11:48:03.715 25821 25821 I AconfigPackage: com.android.media.extractor.flags is mapped to com.android.media
09-26 11:48:03.715 25821 25821 I AconfigPackage: com.android.media.metrics.flags is mapped to com.android.media
09-26 11:48:03.715 25821 25821 I AconfigPackage: com.android.media.mainline.flags is mapped to com.android.media
09-26 11:48:03.715 25821 25821 I AconfigPackage: com.android.tethering.mainline.beta is mapped to com.android.tethering
09-26 11:48:03.715 25821 25821 I AconfigPackage: android.net.http is mapped to com.android.tethering
09-26 11:48:03.715 25821 25821 I AconfigPackage: com.android.tethering.readonly.flags is mapped to com.android.tethering
09-26 11:48:03.715 25821 25821 I AconfigPackage: android.net.vcn is mapped to com.android.tethering
09-26 11:48:03.715 25821 25821 I AconfigPackage: com.android.net.flags is mapped to com.android.tethering
09-26 11:48:03.715 25821 25821 I AconfigPackage: com.android.tethering.flags is mapped to com.android.tethering
09-26 11:48:03.715 25821 25821 I AconfigPackage: com.android.tethering.beta.test is mapped to com.android.tethering
09-26 11:48:03.715 25821 25821 I AconfigPackage: com.android.nearby.flags is mapped to com.android.tethering
09-26 11:48:03.715 25821 25821 I AconfigPackage: com.android.net.thread.flags is mapped to com.android.tethering
09-26 11:48:03.715 25821 25821 I AconfigPackage: com.android.net.ct.flags is mapped to com.android.tethering
09-26 11:48:03.715 25821 25821 I AconfigPackage: android.net.http.flags is mapped to com.android.tethering
09-26 11:48:03.715 25821 25821 I AconfigPackage: android.uprobestats.mainline.flags is mapped to com.android.uprobestats
09-26 11:48:03.715 25821 25821 I AconfigPackage: com.android.art.flags is mapped to com.android.art
09-26 11:48:03.715 25821 25821 I AconfigPackage: com.android.art.rw.flags is mapped to com.android.art
09-26 11:48:03.715 25821 25821 I AconfigPackage: com.android.libcore is mapped to com.android.art
09-26 11:48:03.715 25821 25821 I AconfigPackage: com.android.org.conscrypt.flags is mapped to com.android.conscrypt
09-26 11:48:03.715 25821 25821 I AconfigPackage: com.android.org.conscrypt.net.flags is mapped to com.android.conscrypt
09-26 11:48:03.715 25821 25821 I AconfigPackage: com.android.signature.flags is mapped to com.android.mediaprovider
09-26 11:48:03.715 25821 25821 I AconfigPackage: com.android.providers.media.flags is mapped to com.android.mediaprovider
09-26 11:48:03.715 25821 25821 I AconfigPackage: android.graphics.pdf.flags is mapped to com.android.mediaprovider
09-26 11:48:03.715 25821 25821 I AconfigPackage: android.graphics.pdf.flags.readonly is mapped to com.android.mediaprovider
09-26 11:48:03.715 25821 25821 I AconfigPackage: com.android.adservices.ondevicepersonalization.flags is mapped to com.android.ondevicepersonalization
09-26 11:48:03.715 25821 25821 I AconfigPackage: android.os.profiling is mapped to com.android.profiling
09-26 11:48:03.716 25821 25821 I AconfigPackage: com.android.cellbroadcastreceiver.flags is mapped to com.android.cellbroadcast
09-26 11:48:03.716 25821 25821 I AconfigPackage: com.android.wifi.flags is mapped to com.android.wifi
09-26 11:48:03.716 25821 25821 I AconfigPackage: com.android.appsearch.flags is mapped to com.android.appsearch
09-26 11:48:03.716 25821 25821 I AconfigPackage: com.android.adservices.flags is mapped to com.android.adservices
09-26 11:48:03.716 25821 25821 I AconfigPackage: com.android.sdksandbox.flags is mapped to com.android.adservices
09-26 11:48:03.716 25821 25821 I AconfigPackage: android.app.sdksandbox.flags is mapped to com.android.adservices
09-26 11:48:03.716 25821 25821 I AconfigPackage: com.android.rkpd.flags is mapped to com.android.rkpd
09-26 11:48:03.716 25821 25821 I AconfigPackage: android.media.swcodec.flags is mapped to com.android.media.swcodec
09-26 11:48:03.716 25821 25821 I AconfigPackage: com.android.system.virtualmachine.flags is mapped to com.android.virt
09-26 11:48:03.716 25821 25821 I AconfigPackage: com.android.devicelock.flags is mapped to com.android.devicelock
09-26 11:48:03.717 25821 25821 I AconfigPackage: com.android.bluetooth.flags is mapped to com.android.bt
09-26 11:48:03.717 25821 25821 I AconfigPackage: com.android.icu is mapped to com.android.i18n
09-26 11:48:03.717 25821 25821 I AconfigPackage: com.android.os.statsd.flags is mapped to com.android.os.statsd
09-26 11:48:03.717 25821 25821 I AconfigPackage: com.android.adbd.flags is mapped to com.android.adbd
09-26 11:48:03.717 25821 25821 E FeatureFlagsImplExport: android.os.flagging.AconfigStorageReadException: ERROR_PACKAGE_NOT_FOUND: package android.xr cannot be found on the device
09-26 11:48:03.722 25821 25821 I Termux:X11 loader: loading /data/app/~~c4-3tzkGAjjJrkvFPotT8A==/com.waydefu.x11gpu-LRG_nLJwUtdeZ1Qbse0OVA==/base.apk::com.termux.x11.CmdEntryPoint::main of com.waydefu.x11gpu application (commit c2ec25f184d569d9682244d16aaf450ffbd7b8d1)
09-26 11:48:03.736 25821 25821 I MessageMonitor: Load libmiui_runtime
09-26 11:48:03.736 25821 25821 D nativeloader: Load libmiui_runtime.so using system ns (caller=/system_ext/framework/miui-framework.jar): ok
09-26 11:48:03.736 25821 25821 E termux-x11gpu com.waydefu.x11gpu :3 -noreset: register_android_view_SurfaceRuntimeShader  
09-26 11:48:03.736 25821 25821 E termux-x11gpu com.waydefu.x11gpu :3 -noreset: register_android_view_SurfaceRuntimeShader  0
09-26 11:48:03.739 25821 25821 W libc    : Access denied finding property "qemu.sf.lcd_density"
09-26 11:48:03.739 25821 25821 W libc    : Access denied finding property "qemu.sf.lcd_density"
09-26 11:48:03.741 25821 25821 D ThemeCompatibility: START loading theme compatibility config.
09-26 11:48:03.741 25821 25821 D ThemeCompatibility: getVersion(): /data/system/theme_config/theme_compatibility.xml  java.io.FileNotFoundException: /data/system/theme_config/theme_compatibility.xml: open failed: ENOENT (No such file or directory)
09-26 11:48:03.742 25821 25821 D ThemeCompatibility: getConfigDocumentTree(): 140 vs -1
09-26 11:48:03.742 25821 25821 D ThemeCompatibility:     parse file: /product/media/theme/theme_compatibility.xml
09-26 11:48:03.746 25821 25821 D ThemeCompatibility: END loading: version=140 size=71
09-26 11:48:03.751 25821 25821 D nativeloader: Load libjavacrypto.so using APEX ns com_android_conscrypt for caller /apex/com.android.conscrypt/javalib/conscrypt.jar: ok
09-26 11:48:03.763 25821 25821 I OverlayConfig: Sorting partitions in the specified order from partitions_order.xml
09-26 11:48:03.777 25821 25821 W termux-x11gpu com.waydefu.x11gpu :3 -noreset: unable to execute idmap2: Permission denied
09-26 11:48:03.777 25821 25821 W OverlayConfig: 'idmap2 create-multiple' failed: no mutable="false" overlays targeting "android" will be loaded
09-26 11:48:03.777 25821 25821 I AssetManagerImpl : Load libmiui_runtime
09-26 11:48:03.777 25821 25821 W asset   : unable to execute idmap2: Permission denied
09-26 11:48:03.777 25821 25821 W AssetManagerImpl : 'idmap2 --scan' failed: no static="true" overlays targeting "miui" will be loaded
09-26 11:48:03.779 25821 25821 I termux-x11gpu com.waydefu.x11gpu :3 -noreset: AssetManager2(0xb4000077a3803298) locale list changing from [] to [zh-TW]
09-26 11:48:03.789 25821 25821 D FeatureParser: praser device feature in /product/etc/device_features/myron.xml
09-26 11:48:03.794 25821 25821 D FeatureParser: praser device feature in /product/etc/removable_apk_info.xml
09-26 11:48:03.794 25821 25821 D FeatureParser: praser device feature in /mi_ext/product/etc/miext_removable_apk_info.xml
09-26 11:48:03.795 25821 25821 W libc    : Access denied finding property "ro.vendor.display.iris_x7.support"
09-26 11:48:03.795 25821 25821 I SystemServiceRegistry: regMtkService start
09-26 11:48:03.795 25821 25821 W System  : ClassLoader referenced unknown path: system/framework/mediatek-framework.jar
09-26 11:48:03.795 25821 25821 E SystemServiceRegistry: regMtkService:java.lang.ClassNotFoundException: mediatek.app.MtkSystemServiceRegistry
09-26 11:48:03.795 25821 25821 I SystemServiceRegistry: setMtkSystemServiceName start
09-26 11:48:03.795 25821 25821 I SystemServiceRegistry: registerAllMtkService start
09-26 11:48:03.804 25821 25821 D nativeloader: InitApexLibraries:
09-26 11:48:03.804 25821 25821 D nativeloader:   com_android_art: libnativehelper.so
09-26 11:48:03.804 25821 25821 D nativeloader:   com_android_i18n: libicui18n.so:libicuuc.so:libicu.so
09-26 11:48:03.804 25821 25821 D nativeloader:   com_android_neuralnetworks: libneuralnetworks.so
09-26 11:48:03.804 25821 25821 D nativeloader: InitDefaultPublicLibraries for_preload=0: libandroid.so:libaaudio.so:libamidi.so:libbinder_ndk.so:libc.so:libcamera2ndk.so:libclang_rt.hwasan-aarch64-android.so:libdl.so:libEGL.so:libGLESv1_CM.so:libGLESv2.so:libGLESv3.so:libjnigraphics.so:liblog.so:libmediandk.so:libm.so:libnativewindow.so:libOpenMAXAL.so:libOpenSLES.so:libRS.so:libstdc++.so:libsync.so:libvulkan.so:libwebviewchromium_plat_support.so:libz.so
09-26 11:48:03.804 25821 25821 D nativeloader: Configuring clns-1 for other apk . target_sdk_version=0, uses_libraries=ALL, library_path=, permitted_path=/data:/mnt/expand
09-26 11:48:03.804 25821 25821 D nativeloader: InitExtendedPublicLibraries: libbinauralrenderer_wrapper.qti.so:libhoaeffects.qti.so:libmisys_jni.xiaomi.so:libpag.hyperos.so:libffavc.hyperos.so:libxiaomi_modemdumpsdx55_jni.modem.so:libxiaomi_modemdump_jni.modem.so:libmodemsmartengine_jni.modem.so:libupdateprof.qti.so:libthermalclient.qti.so:libdiag_system.qti.so:libqape.qti.so:libqesdk_ndk_platform.qti.so:liblistenjni.qti.so:libautoui_image.xiaomi.so
09-26 11:48:03.804 25821 25821 D nativeloader: Extending system_exposed_libraries: libbinauralrenderer_wrapper.qti.so:libhoaeffects.qti.so:libmisys_jni.xiaomi.so:libpag.hyperos.so:libffavc.hyperos.so:libxiaomi_modemdumpsdx55_jni.modem.so:libxiaomi_modemdump_jni.modem.so:libmodemsmartengine_jni.modem.so:libupdateprof.qti.so:libthermalclient.qti.so:libdiag_system.qti.so:libqape.qti.so:libqesdk_ndk_platform.qti.so:liblistenjni.qti.so:libautoui_image.xiaomi.so
09-26 11:48:03.804 25821 25821 D nativeloader: InitApexLibraries:
09-26 11:48:03.804 25821 25821 D nativeloader:   
09-26 11:48:03.804 25821 25821 D nativeloader: InitVendorPublicLibraries: libAIHDIcon.so:libqti-perfd-client.so:libadsprpc.so:libcdsprpc.so:libsdsprpc.so:libfastcvopt.so:libOpenCL.so:libSNPE.so:libmialgo_utils.so:libxmi_slow_motion_mein.so:libmiocr.so:libmiphone_capture_bokeh.so:libanc_single_bokeh.so:libmiphone_dualcam_depth_aideploy.so:libSEGModel.so:libmi266.so
09-26 11:48:03.804 25821 25821 D nativeloader: InitProductPublicLibraries: 
09-26 11:48:03.805 25821 25821 D nativeloader: Load /data/app/~~c4-3tzkGAjjJrkvFPotT8A==/com.waydefu.x11gpu-LRG_nLJwUtdeZ1Qbse0OVA==/base.apk!/lib/arm64-v8a/libXlorie.so using isolated ns clns-1 (caller=/data/app/~~c4-3tzkGAjjJrkvFPotT8A==/com.waydefu.x11gpu-LRG_nLJwUtdeZ1Qbse0OVA==/base.apk): ok
09-26 11:48:03.805 25821 25821 I CmdEntryPoint: commit f592241dfab5ba2913a89d5d3b45f2b03ebffb65
09-26 11:48:03.809 25821 25821 V LorieNative: Using TMPDIR="/data/data/com.termux/files/usr/tmp"
09-26 11:48:03.810 25821 26011 I LorieNative: P2-A.3 diagnostic: D0-D3/E0/E1/Uctx; observe-only; GWP-ASan miss does not exclude heap overflow
09-26 11:48:03.830 25821 25821 D UnionPowerNotifier: check_union_power_ioctl -1
09-26 11:48:03.877 25821 26011 W libc    : Access denied finding property "vendor.migl.debug"
09-26 11:48:03.877 25821 26011 I libMiGL : EnableDR: 0
09-26 11:48:03.877 25821 26011 D libMiGL : mDFIInterval: -1
09-26 11:48:03.885 25821 26011 I AdrenoGLES-0: QUALCOMM build                   : 0a73ec43e7, I489da0dd30
09-26 11:48:03.885 25821 26011 I AdrenoGLES-0: Build Date                       : 02/03/26
09-26 11:48:03.885 25821 26011 I AdrenoGLES-0: OpenGL ES Shader Compiler Version: E031.50.19.18
09-26 11:48:03.885 25821 26011 I AdrenoGLES-0: Local Branch                     : 
09-26 11:48:03.885 25821 26011 I AdrenoGLES-0: Remote Branch                    : refs/tags/AU_LINUX_ANDROID_LA.VENDOR.16.2.0.11.00.00.1195.535
09-26 11:48:03.885 25821 26011 I AdrenoGLES-0: Remote Branch                    : NONE
09-26 11:48:03.885 25821 26011 I AdrenoGLES-0: Reconstruct Branch               : NOTHING
09-26 11:48:03.885 25821 26011 I AdrenoGLES-0: Build Config                     : C P 20.0.0 AArch64
09-26 11:48:03.885 25821 26011 I AdrenoGLES-0: Driver Path                      : /vendor/lib64/egl/libGLESv2_adreno.so
09-26 11:48:03.885 25821 26011 I AdrenoGLES-0: Driver Version                   : 0842.27.1
09-26 11:48:03.885 25821 26011 I AdrenoGLES-0: Process Name                     : termux-x11gpu com.waydefu.x11gpu :3 -noreset
09-26 11:48:03.889 25821 26011 D qdgralloc: Fetching IMapper5 from QtiMapper5
09-26 11:48:03.893 25821 26011 I SnapAlloc: Graphics lib is available
09-26 11:48:03.895 25821 26011 I AdrenoGLES-0: PFP: 0x01510094, ME: 0x01510025
09-26 11:48:03.897 25821 26011 I AdrenoUtils: <ReadGpuID:1333>: Reading chip ID through GSL
09-26 11:48:03.898 25821 26011 E gles-renderer: Xlorie: Initialized EGL version 1.5
09-26 11:48:03.901 25821 26011 I LorieNative: XRender histogram probe installed
09-26 11:48:03.941 25821 26011 D xkbcomp : "The XKEYBOARD keymap compiler (xkbcomp) reports:"
09-26 11:48:03.941 25821 26011 D xkbcomp : "> "Warning:          Multiple symbols for level 1/group 1 on key <FK23>
09-26 11:48:03.941 25821 26011 D xkbcomp : "> "                  Using F23, ignoring XF86TouchpadOff
09-26 11:48:03.941 25821 26011 D xkbcomp : "> "Warning:          Symbol map for key <FK23> redefined
09-26 11:48:03.941 25821 26011 D xkbcomp : "> "                  Using last definition for conflicting fields
09-26 11:48:03.941 25821 26011 D xkbcomp : "> "Warning:          Symbol map for key <FK24> redefined
09-26 11:48:03.941 25821 26011 D xkbcomp : "> "                  Using last definition for conflicting fields
09-26 11:48:03.941 25821 26011 D xkbcomp : "Errors from xkbcomp are not fatal to the X server"
09-26 11:48:03.943 25821 26011 I LorieNative: flight recorder installed path=/data/data/com.termux/files/usr/tmp/x11gpu-flight.ring cap=256
09-26 11:48:04.822 25821 26011 I LorieNative: Sent shared buffer width 1280 stride 1280 height 1024 format 2 type 3 id 0
09-26 11:48:04.823 25821 26011 E tx11-request: window changed: 1200 2464 builtin
09-26 11:48:04.825 25821 26011 I LorieNative: Sent shared buffer width 1200 stride 1216 height 2464 format 2 type 3 id 4
09-26 11:48:04.826 25821 26011 V LorieNative: New reported framerate is 120
09-26 11:48:04.826 25821 26011 D LorieNative: Requested stylus: 0, current loriePen 0x0, current lorieEraser 0x0
09-26 11:48:04.866 25821 26011 D LorieNative: Requested stylus: 0, current loriePen 0x0, current lorieEraser 0x0
09-26 11:48:08.902 25821 26011 I LorieNative: 1 frames in 5.0 seconds = 0.2 FPS, 0/0 present copies offloaded to GPU, 0/0 EXA copies offloaded (0 CPU rects), exa_solid_prepare=10 exa_solid_gpu=0 exa_solid_fallback=10 solid_rects=0 cpu_solid_rects=0 renderer_solid_submits=0 renderer_solid_complete=0 xrender_ops=0 exa_comp_check=0/0 prepare=0/0 gpu_rects=0 cpu_rects=0 done=0
09-26 11:48:14.996 25821 26011 I LorieNative: DRI3: imported raw fd, modifier 0, 1200x1200 stride 4864
09-26 11:48:14.996 25821 26011 I LorieNative: DRI3: imported raw fd, modifier 0, 1200x1200 stride 4864
09-26 11:48:14.997 25821 26011 I LorieNative: DRI3: imported raw fd, modifier 0, 1200x1200 stride 4864
09-26 11:48:14.997 25821 26011 I LorieNative: DRI3: imported raw fd, modifier 0, 1200x1200 stride 4864
09-26 11:48:18.904 25821 26011 I LorieNative: 234 frames in 5.0 seconds = 46.8 FPS, 0/6341 present copies offloaded to GPU, 0/0 EXA copies offloaded (0 CPU rects), exa_solid_prepare=0 exa_solid_gpu=0 exa_solid_fallback=0 solid_rects=0 cpu_solid_rects=0 renderer_solid_submits=0 renderer_solid_complete=0 xrender_ops=0 exa_comp_check=0/0 prepare=0/0 gpu_rects=0 cpu_rects=0 done=0
09-26 11:48:23.903 25821 26011 I LorieNative: 299 frames in 5.0 seconds = 59.8 FPS, 0/8002 present copies offloaded to GPU, 0/0 EXA copies offloaded (0 CPU rects), exa_solid_prepare=0 exa_solid_gpu=0 exa_solid_fallback=0 solid_rects=0 cpu_solid_rects=0 renderer_solid_submits=0 renderer_solid_complete=0 xrender_ops=0 exa_comp_check=0/0 prepare=0/0 gpu_rects=0 cpu_rects=0 done=0
09-26 11:48:28.904 25821 26011 I LorieNative: 67 frames in 5.0 seconds = 13.4 FPS, 0/1751 present copies offloaded to GPU, 0/0 EXA copies offloaded (0 CPU rects), exa_solid_prepare=2 exa_solid_gpu=0 exa_solid_fallback=2 solid_rects=0 cpu_solid_rects=0 renderer_solid_submits=0 renderer_solid_complete=0 xrender_ops=0 exa_comp_check=0/0 prepare=0/0 gpu_rects=0 cpu_rects=0 done=0
09-26 11:48:43.753 25821 26011 I LorieNative: DRI3: imported raw fd, modifier 0, 1200x1200 stride 4864
09-26 11:48:43.753 25821 26011 I LorieNative: DRI3: imported raw fd, modifier 0, 1200x1200 stride 4864
09-26 11:48:43.754 25821 26011 I LorieNative: DRI3: imported raw fd, modifier 0, 1200x1200 stride 4864
09-26 11:48:43.904 25821 26011 I LorieNative: 9 frames in 5.0 seconds = 1.8 FPS, 0/77 present copies offloaded to GPU, 0/0 EXA copies offloaded (0 CPU rects), exa_solid_prepare=0 exa_solid_gpu=0 exa_solid_fallback=0 solid_rects=0 cpu_solid_rects=0 renderer_solid_submits=0 renderer_solid_complete=0 xrender_ops=0 exa_comp_check=0/0 prepare=0/0 gpu_rects=0 cpu_rects=0 done=0
09-26 11:48:48.904 25821 26011 I LorieNative: 300 frames in 5.0 seconds = 60.0 FPS, 0/2587 present copies offloaded to GPU, 0/0 EXA copies offloaded (0 CPU rects), exa_solid_prepare=0 exa_solid_gpu=0 exa_solid_fallback=0 solid_rects=0 cpu_solid_rects=0 renderer_solid_submits=0 renderer_solid_complete=0 xrender_ops=0 exa_comp_check=0/0 prepare=0/0 gpu_rects=0 cpu_rects=0 done=0
09-26 11:48:53.904 25821 26011 I LorieNative: 293 frames in 5.0 seconds = 58.6 FPS, 0/2516 present copies offloaded to GPU, 0/0 EXA copies offloaded (0 CPU rects), exa_solid_prepare=2 exa_solid_gpu=0 exa_solid_fallback=2 solid_rects=0 cpu_solid_rects=0 renderer_solid_submits=0 renderer_solid_complete=0 xrender_ops=0 exa_comp_check=0/0 prepare=0/0 gpu_rects=0 cpu_rects=0 done=0
