dbus-daemon[26286]: [session uid=0 pid=26286] org.freedesktop.DBus.Error.AccessDenied: Failed to set fd limit to 65536: Operation not permitted
dbus-daemon[26286]: [session uid=0 pid=26286] Activating service name='org.xfce.Xfconf' requested by ':1.0' (uid=0 pid=26291 comm="xfce4-session" label="u:r:untrusted_app_27:s0:c109,c257,c512,c768")
dbus-daemon[26286]: [session uid=0 pid=26286] Successfully activated service 'org.xfce.Xfconf'
/usr/bin/iceauth:  creating new authority file /tmp/xfce-x3-run-20260926024054-24869/runtime/ICEauthority
dbus-daemon[26286]: [session uid=0 pid=26286] Activating service name='org.gtk.vfs.Daemon' requested by ':1.2' (uid=0 pid=26312 comm="xfwm4" label="u:r:untrusted_app_27:s0:c109,c257,c512,c768")
dbus-daemon[26286]: [session uid=0 pid=26286] Successfully activated service 'org.gtk.vfs.Daemon'

(xfsettingsd:26362): libupower-glib-WARNING **: 02:41:13.545: Couldn't connect to proxy: Could not connect: No such file or directory
dbus-daemon[26286]: [session uid=0 pid=26286] Activating service name='org.freedesktop.thumbnails.Thumbnailer1' requested by ':1.7' (uid=0 pid=26393 comm="xfdesktop" label="u:r:untrusted_app_27:s0:c109,c257,c512,c768")

(tumblerd:26527): tumblerd-WARNING **: 02:41:14.173: Couldn't change nice value of process.
libclock-Message: 02:41:14.387: could not get proxy for org.freedesktop.login1

(xfce4-panel:26379): libclock-WARNING **: 02:41:14.387: could not instantiate a sleep monitor
dbus-daemon[26286]: [session uid=0 pid=26286] Activating service name='org.gtk.vfs.UDisks2VolumeMonitor' requested by ':1.8' (uid=0 pid=26527 comm="/usr/lib/aarch64-linux-gnu/tumbler-1/tumblerd" label="u:r:untrusted_app_27:s0:c109,c257,c512,c768")

(process:26789): GVFS-UDisks2-WARNING **: 02:41:15.053: Failed to connect to UDisks: Could not connect: No such file or directory

(process:26789): GVFS-RemoteVolumeMonitorDaemon-WARNING **: 02:41:15.053: monitor says it's not supported
dbus-daemon[26286]: [session uid=0 pid=26286] Successfully activated service 'org.gtk.vfs.UDisks2VolumeMonitor'

(process:26789): GVFS-RemoteVolumeMonitorDaemon-WARNING **: 02:41:15.058: monitor says it's not supported

(tumblerd:26527): GVFS-RemoteVolumeMonitor-WARNING **: 02:41:15.058: remote volume monitor with dbus name org.gtk.vfs.UDisks2VolumeMonitor is not supported

(tumblerd:26527): GLib-GIO-WARNING **: 02:41:15.061: Error creating IO channel for /proc/self/mountinfo: Operation not permitted (g-io-error-quark, 14)
dbus-daemon[26286]: [session uid=0 pid=26286] Activating service name='org.gtk.vfs.AfcVolumeMonitor' requested by ':1.8' (uid=0 pid=26527 comm="/usr/lib/aarch64-linux-gnu/tumbler-1/tumblerd" label="u:r:untrusted_app_27:s0:c109,c257,c512,c768")
dbus-daemon[26286]: [session uid=0 pid=26286] Successfully activated service 'org.gtk.vfs.AfcVolumeMonitor'
dbus-daemon[26286]: [session uid=0 pid=26286] Activating service name='org.gtk.vfs.MTPVolumeMonitor' requested by ':1.8' (uid=0 pid=26527 comm="/usr/lib/aarch64-linux-gnu/tumbler-1/tumblerd" label="u:r:untrusted_app_27:s0:c109,c257,c512,c768")
dbus-daemon[26286]: [session uid=0 pid=26286] Successfully activated service 'org.gtk.vfs.MTPVolumeMonitor'
dbus-daemon[26286]: [session uid=0 pid=26286] Activating service name='org.gtk.vfs.GPhoto2VolumeMonitor' requested by ':1.8' (uid=0 pid=26527 comm="/usr/lib/aarch64-linux-gnu/tumbler-1/tumblerd" label="u:r:untrusted_app_27:s0:c109,c257,c512,c768")
dbus-daemon[26286]: [session uid=0 pid=26286] Successfully activated service 'org.gtk.vfs.GPhoto2VolumeMonitor'
dbus-daemon[26286]: [session uid=0 pid=26286] Activating service name='org.gtk.vfs.GoaVolumeMonitor' requested by ':1.8' (uid=0 pid=26527 comm="/usr/lib/aarch64-linux-gnu/tumbler-1/tumblerd" label="u:r:untrusted_app_27:s0:c109,c257,c512,c768")
dbus-daemon[26286]: [session uid=0 pid=26286] Successfully activated service 'org.gtk.vfs.GoaVolumeMonitor'
dbus-daemon[26286]: [session uid=0 pid=26286] Successfully activated service 'org.freedesktop.thumbnails.Thumbnailer1'

(xfdesktop:26393): GLib-GObject-CRITICAL **: 02:41:15.191: g_object_unref: assertion 'G_IS_OBJECT (object)' failed

(process:26789): GVFS-RemoteVolumeMonitorDaemon-WARNING **: 02:41:15.206: monitor says it's not supported

(xfdesktop:26393): GVFS-RemoteVolumeMonitor-WARNING **: 02:41:15.206: remote volume monitor with dbus name org.gtk.vfs.UDisks2VolumeMonitor is not supported

(xfdesktop:26393): GLib-GIO-WARNING **: 02:41:15.208: Error creating IO channel for /proc/self/mountinfo: Operation not permitted (g-io-error-quark, 14)

(process:26846): GLib-GIO-WARNING **: 02:41:15.246: Error creating IO channel for /proc/self/mountinfo: Operation not permitted (g-io-error-quark, 14)
dbus-daemon[26286]: [session uid=0 pid=26286] Activating service name='org.gtk.vfs.Metadata' requested by ':1.7' (uid=0 pid=26393 comm="xfdesktop" label="u:r:untrusted_app_27:s0:c109,c257,c512,c768")
dbus-daemon[26286]: [session uid=0 pid=26286] Successfully activated service 'org.gtk.vfs.Metadata'

(xfce4-session:26291): xfce4-session-WARNING **: 02:41:15.471: failed to run script: Failed to execute child process “/usr/bin/pm-is-supported” (No such file or directory)
dbus-daemon[26286]: [session uid=0 pid=26286] Activating service name='org.xfce.Notifyd' requested by ':1.9' (uid=0 pid=26619 comm="/usr/lib/aarch64-linux-gnu/xfce4/panel/wrapper-2.0" label="u:r:untrusted_app_27:s0:c109,c257,c512,c768")

(xfce4-session:26291): xfce4-session-WARNING **: 02:41:15.492: failed to run script: Failed to execute child process “/usr/bin/pm-is-supported” (No such file or directory)

(xfce4-session:26291): xfce4-session-WARNING **: 02:41:15.503: failed to run script: Failed to execute child process “/usr/bin/pm-is-supported” (No such file or directory)

** (xfdesktop:26393): WARNING **: 02:41:15.730: Failed to get system bus: Could not connect: No such file or directory
dbus-daemon[26286]: [session uid=0 pid=26286] Successfully activated service 'org.xfce.Notifyd'
A connection to the bus can't be made

(tumblerd:26527): tumblerd-CRITICAL **: 02:44:09.073: Name org.freedesktop.thumbnails.Cache1 lost on the message dbus, exiting.

(tumblerd:26527): tumblerd-CRITICAL **: 02:44:09.073: Name org.freedesktop.thumbnails.Manager1 lost on the message dbus, exiting.

(tumblerd:26527): tumblerd-CRITICAL **: 02:44:09.073: Name org.freedesktop.thumbnails.Thumbnailer1 lost on the message dbus, exiting.

(xfconfd:26303): xfconfd-WARNING **: 02:44:09.075: Name org.xfce.Xfconf lost on the message dbus, exiting.
A connection to the bus can't be made
Another notification daemon is running, exiting
Another notification daemon is running, exiting
