ROOT 1200x2191 depth 24
OPLAT {"op":"nop","w":16,"h":16,"shape":"single","n":100,"errors":0,"mean_us":175,"p50_us":80,"p90_us":222,"p99_us":2094,"max_us":2312}
OPLAT {"op":"solid","w":16,"h":16,"shape":"single","n":100,"errors":0,"mean_us":2393,"p50_us":926,"p90_us":8353,"p99_us":9221,"max_us":9767}
OPLAT {"op":"solid","w":16,"h":16,"shape":"burst16","n":100,"errors":0,"mean_us":13851,"p50_us":14609,"p90_us":18630,"p99_us":22420,"max_us":31010}
OPLAT {"op":"solid","w":64,"h":64,"shape":"single","n":100,"errors":0,"mean_us":1717,"p50_us":941,"p90_us":5025,"p99_us":9029,"max_us":9143}
OPLAT {"op":"solid","w":64,"h":64,"shape":"burst16","n":100,"errors":0,"mean_us":14945,"p50_us":14566,"p90_us":21656,"p99_us":25911,"max_us":26466}
OPLAT {"op":"solid","w":256,"h":256,"shape":"single","n":100,"errors":0,"mean_us":2652,"p50_us":1374,"p90_us":6660,"p99_us":9120,"max_us":12706}
OPLAT {"op":"solid","w":256,"h":256,"shape":"burst16","n":100,"errors":0,"mean_us":19209,"p50_us":19594,"p90_us":24510,"p99_us":30370,"max_us":34936}
OPLAT {"op":"solid","w":1024,"h":1024,"shape":"single","n":100,"errors":0,"mean_us":3423,"p50_us":2578,"p90_us":6112,"p99_us":10133,"max_us":16271}
OPLAT {"op":"solid","w":1024,"h":1024,"shape":"burst16","n":100,"errors":0,"mean_us":40990,"p50_us":42747,"p90_us":47033,"p99_us":53372,"max_us":54381}
OPLAT {"op":"copy_win","w":16,"h":16,"shape":"single","n":100,"errors":0,"mean_us":226,"p50_us":149,"p90_us":314,"p99_us":1699,"max_us":1818}
OPLAT {"op":"copy_win","w":16,"h":16,"shape":"burst16","n":100,"errors":0,"mean_us":386,"p50_us":184,"p90_us":553,"p99_us":2117,"max_us":4359}
OPLAT {"op":"copy_win","w":64,"h":64,"shape":"single","n":100,"errors":0,"mean_us":222,"p50_us":123,"p90_us":346,"p99_us":1402,"max_us":1590}
OPLAT {"op":"copy_win","w":64,"h":64,"shape":"burst16","n":100,"errors":0,"mean_us":343,"p50_us":195,"p90_us":504,"p99_us":1921,"max_us":1941}
OPLAT {"op":"copy_win","w":256,"h":256,"shape":"single","n":100,"errors":0,"mean_us":222,"p50_us":129,"p90_us":333,"p99_us":1603,"max_us":1617}
OPLAT {"op":"copy_win","w":256,"h":256,"shape":"burst16","n":100,"errors":0,"mean_us":898,"p50_us":585,"p90_us":1745,"p99_us":3131,"max_us":4361}
OPLAT {"op":"copy_win","w":1024,"h":1024,"shape":"single","n":100,"errors":0,"mean_us":1000,"p50_us":711,"p90_us":1784,"p99_us":4323,"max_us":4599}
OPLAT {"op":"copy_win","w":1024,"h":1024,"shape":"burst16","n":100,"errors":0,"mean_us":8125,"p50_us":7477,"p90_us":11619,"p99_us":17063,"max_us":19222}
OPLAT {"op":"copy_pix","w":16,"h":16,"shape":"single","n":100,"errors":0,"mean_us":2155,"p50_us":1172,"p90_us":6216,"p99_us":9099,"max_us":9666}
OPLAT {"op":"copy_pix","w":16,"h":16,"shape":"burst16","n":100,"errors":0,"mean_us":15660,"p50_us":15024,"p90_us":20538,"p99_us":22584,"max_us":27592}
OPLAT {"op":"copy_pix","w":64,"h":64,"shape":"single","n":100,"errors":0,"mean_us":1958,"p50_us":1110,"p90_us":3846,"p99_us":8289,"max_us":9056}
OPLAT {"op":"copy_pix","w":64,"h":64,"shape":"burst16","n":100,"errors":0,"mean_us":17366,"p50_us":16040,"p90_us":23254,"p99_us":27616,"max_us":28973}
OPLAT {"op":"copy_pix","w":256,"h":256,"shape":"single","n":100,"errors":0,"mean_us":2029,"p50_us":1238,"p90_us":4235,"p99_us":7696,"max_us":12769}
OPLAT {"op":"copy_pix","w":256,"h":256,"shape":"burst16","n":100,"errors":0,"mean_us":17897,"p50_us":16323,"p90_us":23491,"p99_us":27582,"max_us":29740}
OPLAT {"op":"copy_pix","w":1024,"h":1024,"shape":"single","n":100,"errors":0,"mean_us":2790,"p50_us":1808,"p90_us":6027,"p99_us":11685,"max_us":12305}
OPLAT {"op":"copy_pix","w":1024,"h":1024,"shape":"burst16","n":100,"errors":0,"mean_us":25632,"p50_us":26117,"p90_us":31310,"p99_us":39188,"max_us":39752}
OPLAT {"op":"over_argb","w":16,"h":16,"shape":"single","n":100,"errors":0,"mean_us":2074,"p50_us":1474,"p90_us":3654,"p99_us":10051,"max_us":12626}
OPLAT {"op":"over_argb","w":16,"h":16,"shape":"burst16","n":100,"errors":0,"mean_us":18342,"p50_us":20162,"p90_us":24785,"p99_us":27969,"max_us":28605}
OPLAT {"op":"over_argb","w":64,"h":64,"shape":"single","n":100,"errors":0,"mean_us":2090,"p50_us":1455,"p90_us":4705,"p99_us":5623,"max_us":6625}
OPLAT {"op":"over_argb","w":64,"h":64,"shape":"burst16","n":100,"errors":0,"mean_us":18052,"p50_us":19689,"p90_us":24165,"p99_us":26019,"max_us":29645}
OPLAT {"op":"over_argb","w":256,"h":256,"shape":"single","n":100,"errors":0,"mean_us":2467,"p50_us":1396,"p90_us":5243,"p99_us":9519,"max_us":13626}
OPLAT {"op":"over_argb","w":256,"h":256,"shape":"burst16","n":100,"errors":0,"mean_us":23301,"p50_us":23035,"p90_us":27983,"p99_us":36842,"max_us":42572}
OPLAT {"op":"over_argb","w":1024,"h":1024,"shape":"single","n":100,"errors":0,"mean_us":4071,"p50_us":3239,"p90_us":6372,"p99_us":9033,"max_us":9943}
OPLAT {"op":"over_argb","w":1024,"h":1024,"shape":"burst16","n":100,"errors":0,"mean_us":46127,"p50_us":50951,"p90_us":55440,"p99_us":59501,"max_us":60670}
OPLAT {"op":"src_argb","w":16,"h":16,"shape":"single","n":100,"errors":0,"mean_us":191,"p50_us":91,"p90_us":258,"p99_us":1478,"max_us":4313}
OPLAT {"op":"src_argb","w":16,"h":16,"shape":"burst16","n":100,"errors":0,"mean_us":749,"p50_us":587,"p90_us":1847,"p99_us":2274,"max_us":2582}
OPLAT {"op":"src_argb","w":64,"h":64,"shape":"single","n":100,"errors":0,"mean_us":277,"p50_us":184,"p90_us":503,"p99_us":1691,"max_us":1763}
OPLAT {"op":"src_argb","w":64,"h":64,"shape":"burst16","n":100,"errors":0,"mean_us":792,"p50_us":649,"p90_us":1618,"p99_us":2649,"max_us":5154}
OPLAT {"op":"src_argb","w":256,"h":256,"shape":"single","n":100,"errors":0,"mean_us":359,"p50_us":229,"p90_us":588,"p99_us":1896,"max_us":2500}
OPLAT {"op":"src_argb","w":256,"h":256,"shape":"burst16","n":100,"errors":0,"mean_us":1185,"p50_us":893,"p90_us":2241,"p99_us":3749,"max_us":3833}
OPLAT {"op":"src_argb","w":1024,"h":1024,"shape":"single","n":100,"errors":0,"mean_us":992,"p50_us":755,"p90_us":1854,"p99_us":2758,"max_us":2965}
OPLAT {"op":"src_argb","w":1024,"h":1024,"shape":"burst16","n":100,"errors":0,"mean_us":8312,"p50_us":7864,"p90_us":10556,"p99_us":20699,"max_us":22130}
OPLAT {"op":"putimage","w":16,"h":16,"shape":"single","n":100,"errors":0,"mean_us":283,"p50_us":170,"p90_us":349,"p99_us":1674,"max_us":6351}
OPLAT {"op":"putimage","w":16,"h":16,"shape":"burst16","n":100,"errors":0,"mean_us":366,"p50_us":237,"p90_us":493,"p99_us":2082,"max_us":4828}
OPLAT {"op":"putimage","w":64,"h":64,"shape":"single","n":100,"errors":0,"mean_us":325,"p50_us":207,"p90_us":479,"p99_us":1685,"max_us":2324}
OPLAT {"op":"putimage","w":64,"h":64,"shape":"burst16","n":100,"errors":0,"mean_us":611,"p50_us":483,"p90_us":990,"p99_us":2485,"max_us":2492}
OPLAT {"op":"putimage","w":256,"h":256,"shape":"single","n":100,"errors":0,"mean_us":367,"p50_us":241,"p90_us":593,"p99_us":1890,"max_us":2613}
OPLAT {"op":"putimage","w":256,"h":256,"shape":"burst16","n":100,"errors":0,"mean_us":2252,"p50_us":1804,"p90_us":3067,"p99_us":6601,"max_us":6605}
OPLAT {"op":"putimage","w":1024,"h":1024,"shape":"single","n":100,"errors":0,"mean_us":3121,"p50_us":2704,"p90_us":4648,"p99_us":6408,"max_us":7267}
OPLAT {"op":"putimage","w":1024,"h":1024,"shape":"burst16","n":100,"errors":0,"mean_us":31269,"p50_us":31290,"p90_us":34290,"p99_us":38898,"max_us":41553}
RESULT p_oplat cases=49 rounds=10 reps=10 wall_s=36.5
