local_apk_sha256=f4c98b8a7364cb553532c0caef9aae83745df694c2021a1c1c2b7631c041230f size=15381026
package: name='com.waydefu.x11gpu' versionCode='15' versionName='1.03.01-83d45a9-23.09.26' platformBuildVersionName='14' platformBuildVersionCode='34' compileSdkVersion='34' compileSdkVersionCodename='14'
sdkVersion:'24'
targetSdkVersion:'34'
uses-permission: name='android.permission.FOREGROUND_SERVICE'
uses-permission: name='android.permission.INTERNET'
uses-permission: name='android.permission.WRITE_SECURE_SETTINGS'
uses-permission: name='android.permission.POST_NOTIFICATIONS'
uses-permission: name='com.waydefu.x11gpu.DYNAMIC_RECEIVER_NOT_EXPORTED_PERMISSION'
application-label:'Termux:X11'
application-label-af:'Termux:X11'
application-label-am:'Termux:X11'
application-label-ar:'Termux:X11'
application-label-as:'Termux:X11'
application-label-az:'Termux:X11'
application-label-be:'Termux:X11'
application-label-bg:'Termux:X11'
application-label-bn:'Termux:X11'
application-label-bs:'Termux:X11'
application-label-ca:'Termux:X11'
application-label-cs:'Termux:X11'
application-label-da:'Termux:X11'
application-label-de:'Termux:X11'
application-label-el:'Termux:X11'
application-label-en-AU:'Termux:X11'
application-label-en-CA:'Termux:X11'
application-label-en-GB:'Termux:X11'
application-label-en-IN:'Termux:X11'
application-label-en-XC:'Termux:X11'
application-label-es:'Termux:X11'
application-label-es-US:'Termux:X11'
application-label-et:'Termux:X11'
application-label-eu:'Termux:X11'
application-label-fa:'Termux:X11'
application-label-fi:'Termux:X11'
application-label-fr:'Termux:X11'
application-label-fr-CA:'Termux:X11'
application-label-gl:'Termux:X11'
application-label-gu:'Termux:X11'
application-label-hi:'Termux:X11'
application-label-hr:'Termux:X11'
application-label-hu:'Termux:X11'
application-label-hy:'Termux:X11'
application-label-in:'Termux:X11'
application-label-is:'Termux:X11'
application-label-it:'Termux:X11'
application-label-iw:'Termux:X11'
application-label-ja:'Termux:X11'
application-label-ka:'Termux:X11'
application-label-kk:'Termux:X11'
application-label-km:'Termux:X11'
application-label-kn:'Termux:X11'
application-label-ko:'Termux:X11'
application-label-ky:'Termux:X11'
application-label-lo:'Termux:X11'
application-label-lt:'Termux:X11'
application-label-lv:'Termux:X11'
application-label-mk:'Termux:X11'
application-label-ml:'Termux:X11'
application-label-mn:'Termux:X11'
application-label-mr:'Termux:X11'
application-label-ms:'Termux:X11'
application-label-my:'Termux:X11'
application-label-nb:'Termux:X11'
application-label-ne:'Termux:X11'
application-label-nl:'Termux:X11'
application-label-or:'Termux:X11'
application-label-pa:'Termux:X11'
application-label-pl:'Termux:X11'
application-label-pt:'Termux:X11'
application-label-pt-BR:'Termux:X11'
application-label-pt-PT:'Termux:X11'
application-label-ro:'Termux:X11'
application-label-ru:'Termux:X11'
application-label-si:'Termux:X11'
application-label-sk:'Termux:X11'
application-label-sl:'Termux:X11'
application-label-sq:'Termux:X11'
application-label-sr:'Termux:X11'
application-label-sr-Latn:'Termux:X11'
application-label-sv:'Termux:X11'
application-label-sw:'Termux:X11'
application-label-ta:'Termux:X11'
application-label-te:'Termux:X11'
application-label-th:'Termux:X11'
application-label-tl:'Termux:X11'
application-label-tr:'Termux:X11'
application-label-uk:'Termux:X11'
application-label-ur:'Termux:X11'
application-label-uz:'Termux:X11'
application-label-vi:'Termux:X11'
application-label-zh-CN:'Termux:X11'
application-label-zh-HK:'Termux:X11'
application-label-zh-TW:'Termux:X11'
application-label-zu:'Termux:X11'
application-icon-160:'res/mipmap-anydpi-v26/lorie_ic_launcher.xml'
application-icon-240:'res/mipmap-anydpi-v26/lorie_ic_launcher.xml'
application-icon-320:'res/mipmap-anydpi-v26/lorie_ic_launcher.xml'
application-icon-480:'res/mipmap-anydpi-v26/lorie_ic_launcher.xml'
application-icon-640:'res/mipmap-anydpi-v26/lorie_ic_launcher.xml'
application-icon-65534:'res/mipmap-anydpi-v26/lorie_ic_launcher.xml'
application: label='Termux:X11' icon='res/mipmap-anydpi-v26/lorie_ic_launcher.xml'
application-debuggable
launchable-activity: name='com.termux.x11.MainActivity'  label='Termux:X11' icon='res/mipmap-anydpi-v26/lorie_ic_launcher.xml'
uses-library-not-required:'androidx.window.extensions'
uses-library-not-required:'androidx.window.sidecar'
feature-group: label=''
  uses-feature: name='android.hardware.faketouch'
  uses-implied-feature: name='android.hardware.faketouch' reason='default feature for all apps'
provides-component:'accessibility'
main
other-activities
other-receivers
supports-screens: 'small' 'normal' 'large' 'xlarge'
supports-any-density: 'true'
locales: '--_--' 'af' 'am' 'ar' 'as' 'az' 'be' 'bg' 'bn' 'bs' 'ca' 'cs' 'da' 'de' 'el' 'en-AU' 'en-CA' 'en-GB' 'en-IN' 'en-XC' 'es' 'es-US' 'et' 'eu' 'fa' 'fi' 'fr' 'fr-CA' 'gl' 'gu' 'hi' 'hr' 'hu' 'hy' 'in' 'is' 'it' 'iw' 'ja' 'ka' 'kk' 'km' 'kn' 'ko' 'ky' 'lo' 'lt' 'lv' 'mk' 'ml' 'mn' 'mr' 'ms' 'my' 'nb' 'ne' 'nl' 'or' 'pa' 'pl' 'pt' 'pt-BR' 'pt-PT' 'ro' 'ru' 'si' 'sk' 'sl' 'sq' 'sr' 'sr-Latn' 'sv' 'sw' 'ta' 'te' 'th' 'tl' 'tr' 'uk' 'ur' 'uz' 'vi' 'zh-CN' 'zh-HK' 'zh-TW' 'zu'
densities: '160' '240' '320' '480' '640' '65534'
native-code: 'arm64-v8a' 'armeabi-v7a' 'x86' 'x86_64'
Verifies
Verified using v1 scheme (JAR signing): false
Verified using v2 scheme (APK Signature Scheme v2): true
Verified using v3 scheme (APK Signature Scheme v3): false
Verified using v4 scheme (APK Signature Scheme v4): false
Verified for SourceStamp: false
Number of signers: 1
Signer #1 certificate DN: CN=APK Signer, OU=Earth, O=Earth
Signer #1 certificate SHA-256 digest: b6da01480eefd5fbf2cd3771b8d1021ec791304bdd6c4bf41d3faabad48ee5e1
Signer #1 certificate SHA-1 digest: 517955eabf69fc057c41c7d379dbbcef20ad85f2
Signer #1 certificate MD5 digest: 31d49355a0cb585498aab40be822c3be
Signer #1 key algorithm: RSA
Signer #1 key size (bits): 2048
Signer #1 public key SHA-256 digest: d47eb14b3ef4430dbc7715210c89f405d9003709ee4c158c48fe104b9a152ed3
Signer #1 public key SHA-1 digest: 61d2dcb96264a842c0619e39909ce9a217dcd1d4
Signer #1 public key MD5 digest: 6455dd12abc47a12651b839d8c95fe39

Displaying notes found in: .note.android.ident
  Owner                Data size 	Description
  Android              0x00000084	NT_VERSION (version)
   description data: 18 00 00 00 72 32 39 00 00 00 00 00 00 00 00 00 00 00 00 00 00 00 00 00 00 00 00 00 00 00 00 00 00 00 00 00 00 00 00 00 00 00 00 00 00 00 00 00 00 00 00 00 00 00 00 00 00 00 00 00 00 00 00 00 00 00 00 00 31 34 32 30 36 38 36 35 00 00 00 00 00 00 00 00 00 00 00 00 00 00 00 00 00 00 00 00 00 00 00 00 00 00 00 00 00 00 00 00 00 00 00 00 00 00 00 00 00 00 00 00 00 00 00 00 00 00 00 00 00 00 00 00 

Displaying notes found in: .note.gnu.build-id
  Owner                Data size 	Description
  GNU                  0x00000014	NT_GNU_BUILD_ID (unique build ID bitstring)
    Build ID: 67e8ad53fb3c03c34cdb4d5e84ccef5571859810
PRE_INSTALL_ARTIFACT_BIND=PASS
myron
  mWakefulness=Awake
ts=2026-09-23T18:05:14+08:00
serial=10.191.48.13:39997
head=83d45a92a98ba092f236c873b8bae419c10060ff
ci=35845935317
parent=bfb576940ded333f49d29a8910a785f8d680261c
role=83d45a9-pga-gap3-install
25102PCBEG
myron
16
36
===stable pre===
    versionCode=15 minSdk=24 targetSdk=34
    versionName=1.03.01-11b82d9-06.09.26
    lastUpdateTime=2026-09-07 22:55:03
===experimental pre===
    pkg=Package{60bca64 com.waydefu.x11gpu}
    codePath=/data/app/~~f1U-ENo5iuKTDzqFU_s7QQ==/com.waydefu.x11gpu-W0Z61FJtTW5iurGTJr_Eow==
    versionCode=15 minSdk=24 targetSdk=34
    versionName=1.03.01-bfb5769-23.09.26
    lastUpdateTime=2026-09-23 10:47:05
===hdmi observe===
  mViewports=[DisplayViewport{type=INTERNAL, valid=true, isActive=true, displayId=0, uniqueId='local:4630946964337362323', physicalPort=147, orientation=0, logicalFrame=Rect(0, 0 - 1200, 2608), physicalFrame=Rect(0, 0 - 1200, 2608), deviceWidth=1200, deviceHeight=2608}]
  DisplayDeviceInfo{"內建畫面": uniqueId="local:4630946964337362323", 1200 x 2608, modeId 3, renderFrameRate 60.000004, hasArrSupport false, frameRateCategoryRate FrameRateCategoryRate {normal=60.0, high=90.0}, supportedRefreshRates [120.00001, 90.0, 60.000004], defaultModeId 1, userPreferredModeId -1, supportedModes [{id=1, width=1200, height=2608, fps=120.00001, vsync=120.00001, synthetic=false, alternativeRefreshRates=[60.000004, 90.0], supportedHdrTypes=[1, 2, 3, 4]}, {id=2, width=1200, height=2608, fps=90.0, vsync=90.0, synthetic=false, alternativeRefreshRates=[60.000004, 120.00001], supportedHdrTypes=[1, 2, 3, 4]}, {id=3, width=1200, height=2608, fps=60.000004, vsync=60.000004, synthetic=false, alternativeRefreshRates=[90.0, 120.00001], supportedHdrTypes=[1, 2, 3, 4]}], colorMode 0, supportedColorModes [0, 7, 9], hdrCapabilities HdrCapabilities{mSupportedHdrTypes=[1, 2, 3, 4], mMaxLuminance=3200.0, mMaxAverageLuminance=3200.0, mMinLuminance=0.323}, isForceSdr false, allmSupported false, gameContentTypeSupported false, density 480, 419.25723 x 419.26074 dpi, appVsyncOff 1000000, presDeadline 16666666, cutout DisplayCutout{insets=Rect(0, 144 - 0, 0) waterfall=Insets{left=0, top=0, right=0, bottom=0} boundingRect={Bounds=[Rect(0, 0 - 0, 0), Rect(564, 0 - 636, 144), Rect(0, 0 - 0, 0), Rect(0, 0 - 0, 0)]} cutoutPathParserInfo={CutoutPathParserInfo{displayWidth=1200 displayHeight=2608 physicalDisplayWidth=1200 physicalDisplayHeight=2608 density={3.0} cutoutSpec={M 0,0 H -36 V 144 H 36 V 0 H 0 Z} rotation={0} scale={1.0} physicalPixelDisplaySizeRatio={1.0}}} sideOverrides={}}, touch INTERNAL, rotation 0, type INTERNAL, address {port=147, model=0x40446dba6f0085}, deviceProductInfo DeviceProductInfo{name=, manufacturerPnpId=QCM, productId=1, modelYear=null, manufactureDate=ManufactureDate{week=27, year=2006}, connectionToSinkType=1}, state ON, committedState ON, frameRateOverride , brightnessMinimum 2.44171E-4, brightnessMaximum 1.0, brightnessDefault 0.052313514, brightnessDim 2.44171E-4, hdrSdrRatio 1.0, roundedCorners RoundedCorners{[RoundedCorner{position=TopLeft, radius=174, center=Point(174, 174)}, RoundedCorner{position=TopRight, radius=174, center=Point(1026, 174)}, RoundedCorner{position=BottomRight, radius=174, center=Point(1026, 2434)}, RoundedCorner{position=BottomLeft, radius=174, center=Point(174, 2434)}]}, FLAG_ALLOWED_TO_BE_DEFAULT_DISPLAY, FLAG_ROTATES_WITH_CONTENT, FLAG_SECURE, FLAG_SUPPORTS_PROTECTED_BUFFERS, FLAG_TRUSTED, installOrientation 0, displayShape DisplayShape{ spec=1406003047 displayWidth=1200 displayHeight=2608 physicalPixelDisplaySizeRatio=1.0 rotation=0 offsetX=0 offsetY=0 scale=1.0}}
stable_pre_pid=300
stable_pre_cmd=termux-x11 com.termux.x11 :1 -legacy-drawing                                                                                                  
waydefu_gone i=1
/root/projects/GPU加速/evidence/session/gate-a-a1/p2-pga-artifact/artifact-83d45a9/ci-35845935317/termux-x11-universal-debug.apk: 1 file pushed, 0 skipped. 218.9 MB/s (15381026 bytes in 0.067s)
f4c98b8a7364cb553532c0caef9aae83745df694c2021a1c1c2b7631c041230f  /data/local/tmp/gate-a-pga-83d45a9-35845935317.apk
STAGED_SHA256=PASS
Success: created install session [62265955]
session=62265955
Success: streamed 15381026 bytes
Success
===installed experimental===
    pkg=Package{1d3f34b com.waydefu.x11gpu}
    codePath=/data/app/~~M73tvfQAJWcfQUFlzUKroA==/com.waydefu.x11gpu-r4W3W-WxpbX9EVEW3NGq0Q==
    versionCode=15 minSdk=24 targetSdk=34
    versionName=1.03.01-83d45a9-23.09.26
    lastUpdateTime=2026-09-23 18:05:18
===pm path===
package:/data/app/~~M73tvfQAJWcfQUFlzUKroA==/com.waydefu.x11gpu-r4W3W-WxpbX9EVEW3NGq0Q==/base.apk
===stable===
    versionCode=15 minSdk=24 targetSdk=34
    versionName=1.03.01-11b82d9-06.09.26
    lastUpdateTime=2026-09-07 22:55:03
path_apk=/data/app/~~M73tvfQAJWcfQUFlzUKroA==/com.waydefu.x11gpu-r4W3W-WxpbX9EVEW3NGq0Q==/base.apk
/data/app/~~M73tvfQAJWcfQUFlzUKroA==/com.waydefu.x11gpu-r4W3W-WxpbX9EVEW3NGq0Q==/base.apk: 1 file pulled, 0 skipped. 313.5 MB/s (15381026 bytes in 0.047s)
installed_base_sha256=f4c98b8a7364cb553532c0caef9aae83745df694c2021a1c1c2b7631c041230f
Verifies
Verified using v1 scheme (JAR signing): false
Verified using v2 scheme (APK Signature Scheme v2): true
Verified using v3 scheme (APK Signature Scheme v3): false
Verified using v4 scheme (APK Signature Scheme v4): false
Verified for SourceStamp: false
Number of signers: 1
Signer #1 certificate DN: CN=APK Signer, OU=Earth, O=Earth
Signer #1 certificate SHA-256 digest: b6da01480eefd5fbf2cd3771b8d1021ec791304bdd6c4bf41d3faabad48ee5e1
Signer #1 certificate SHA-1 digest: 517955eabf69fc057c41c7d379dbbcef20ad85f2
Signer #1 certificate MD5 digest: 31d49355a0cb585498aab40be822c3be
Signer #1 key algorithm: RSA
Signer #1 key size (bits): 2048
Signer #1 public key SHA-256 digest: d47eb14b3ef4430dbc7715210c89f405d9003709ee4c158c48fe104b9a152ed3
Signer #1 public key SHA-1 digest: 61d2dcb96264a842c0619e39909ce9a217dcd1d4
Signer #1 public key MD5 digest: 6455dd12abc47a12651b839d8c95fe39
SIGNER_CONTINUITY=PASS

Displaying notes found in: .note.android.ident
  Owner                Data size 	Description
  Android              0x00000084	NT_VERSION (version)
   description data: 18 00 00 00 72 32 39 00 00 00 00 00 00 00 00 00 00 00 00 00 00 00 00 00 00 00 00 00 00 00 00 00 00 00 00 00 00 00 00 00 00 00 00 00 00 00 00 00 00 00 00 00 00 00 00 00 00 00 00 00 00 00 00 00 00 00 00 00 31 34 32 30 36 38 36 35 00 00 00 00 00 00 00 00 00 00 00 00 00 00 00 00 00 00 00 00 00 00 00 00 00 00 00 00 00 00 00 00 00 00 00 00 00 00 00 00 00 00 00 00 00 00 00 00 00 00 00 00 00 00 00 00 

Displaying notes found in: .note.gnu.build-id
  Owner                Data size 	Description
  GNU                  0x00000014	NT_GNU_BUILD_ID (unique build ID bitstring)
    Build ID: 67e8ad53fb3c03c34cdb4d5e84ccef5571859810
R8_TEST_NAME_STRING=PASS
R8_OBS_STRING=PASS
X_DESTROY_IN_LEASE_STRING=PASS
X_CLOSE_IN_LEASE_STRING=PASS
P1_DESTRUCTOR_CALL_STRING=PASS
R8_OBS_POST_END_STRING=PASS
R_SURFACE_QUIESCED_STRING=PASS
R8_TERMINATE_OP_STRING=PASS
DIAGNOSTIC_STALL_PHASE_ABSENT=PASS
PGA_GAP1_FLAG_STRING=PASS
expect_head=83d45a92a98ba092f236c873b8bae419c10060ff
expect_ci=35845935317
INSTALL_83D45A9_BIND_PASS
