dbus-daemon[4239]: [session uid=0 pid=4239] org.freedesktop.DBus.Error.AccessDenied: Failed to set fd limit to 65536: Operation not permitted
dbus-daemon[4239]: [session uid=0 pid=4239] Activating service name='org.xfce.Xfconf' requested by ':1.0' (uid=0 pid=4244 comm="xfce4-session" label="u:r:untrusted_app_27:s0:c109,c257,c512,c768")
dbus-daemon[4239]: [session uid=0 pid=4239] Successfully activated service 'org.xfce.Xfconf'
/usr/bin/iceauth:  creating new authority file /tmp/xfce-x3-run-20260925171856-848/runtime/ICEauthority
dbus-daemon[4239]: [session uid=0 pid=4239] Activating service name='org.gtk.vfs.Daemon' requested by ':1.2' (uid=0 pid=4267 comm="xfwm4" label="u:r:untrusted_app_27:s0:c109,c257,c512,c768")
dbus-daemon[4239]: [session uid=0 pid=4239] Successfully activated service 'org.gtk.vfs.Daemon'

(xfsettingsd:4347): libupower-glib-WARNING **: 17:19:15.271: Couldn't connect to proxy: Could not connect: No such file or directory
dbus-daemon[4239]: [session uid=0 pid=4239] Activating service name='org.freedesktop.thumbnails.Thumbnailer1' requested by ':1.7' (uid=0 pid=4393 comm="xfdesktop" label="u:r:untrusted_app_27:s0:c109,c257,c512,c768")

(tumblerd:4429): tumblerd-WARNING **: 17:19:15.844: Couldn't change nice value of process.
libclock-Message: 17:19:16.026: could not get proxy for org.freedesktop.login1

(xfce4-panel:4374): libclock-WARNING **: 17:19:16.026: could not instantiate a sleep monitor
dbus-daemon[4239]: [session uid=0 pid=4239] Activating service name='org.gtk.vfs.UDisks2VolumeMonitor' requested by ':1.8' (uid=0 pid=4429 comm="/usr/lib/aarch64-linux-gnu/tumbler-1/tumblerd" label="u:r:untrusted_app_27:s0:c109,c257,c512,c768")

(process:5320): GVFS-UDisks2-WARNING **: 17:19:17.110: Failed to connect to UDisks: Could not connect: No such file or directory

(process:5320): GVFS-RemoteVolumeMonitorDaemon-WARNING **: 17:19:17.111: monitor says it's not supported
dbus-daemon[4239]: [session uid=0 pid=4239] Successfully activated service 'org.gtk.vfs.UDisks2VolumeMonitor'

(process:5320): GVFS-RemoteVolumeMonitorDaemon-WARNING **: 17:19:17.114: monitor says it's not supported

(tumblerd:4429): GVFS-RemoteVolumeMonitor-WARNING **: 17:19:17.114: remote volume monitor with dbus name org.gtk.vfs.UDisks2VolumeMonitor is not supported

(tumblerd:4429): GLib-GIO-WARNING **: 17:19:17.117: Error creating IO channel for /proc/self/mountinfo: Operation not permitted (g-io-error-quark, 14)
dbus-daemon[4239]: [session uid=0 pid=4239] Activating service name='org.gtk.vfs.AfcVolumeMonitor' requested by ':1.8' (uid=0 pid=4429 comm="/usr/lib/aarch64-linux-gnu/tumbler-1/tumblerd" label="u:r:untrusted_app_27:s0:c109,c257,c512,c768")
dbus-daemon[4239]: [session uid=0 pid=4239] Successfully activated service 'org.gtk.vfs.AfcVolumeMonitor'
dbus-daemon[4239]: [session uid=0 pid=4239] Activating service name='org.gtk.vfs.MTPVolumeMonitor' requested by ':1.8' (uid=0 pid=4429 comm="/usr/lib/aarch64-linux-gnu/tumbler-1/tumblerd" label="u:r:untrusted_app_27:s0:c109,c257,c512,c768")
dbus-daemon[4239]: [session uid=0 pid=4239] Successfully activated service 'org.gtk.vfs.MTPVolumeMonitor'
dbus-daemon[4239]: [session uid=0 pid=4239] Activating service name='org.gtk.vfs.GPhoto2VolumeMonitor' requested by ':1.8' (uid=0 pid=4429 comm="/usr/lib/aarch64-linux-gnu/tumbler-1/tumblerd" label="u:r:untrusted_app_27:s0:c109,c257,c512,c768")
dbus-daemon[4239]: [session uid=0 pid=4239] Successfully activated service 'org.gtk.vfs.GPhoto2VolumeMonitor'
dbus-daemon[4239]: [session uid=0 pid=4239] Activating service name='org.gtk.vfs.GoaVolumeMonitor' requested by ':1.8' (uid=0 pid=4429 comm="/usr/lib/aarch64-linux-gnu/tumbler-1/tumblerd" label="u:r:untrusted_app_27:s0:c109,c257,c512,c768")
dbus-daemon[4239]: [session uid=0 pid=4239] Successfully activated service 'org.gtk.vfs.GoaVolumeMonitor'
dbus-daemon[4239]: [session uid=0 pid=4239] Successfully activated service 'org.freedesktop.thumbnails.Thumbnailer1'

(xfdesktop:4393): GLib-GObject-CRITICAL **: 17:19:17.295: g_object_unref: assertion 'G_IS_OBJECT (object)' failed

(process:5320): GVFS-RemoteVolumeMonitorDaemon-WARNING **: 17:19:17.349: monitor says it's not supported

(xfdesktop:4393): GVFS-RemoteVolumeMonitor-WARNING **: 17:19:17.349: remote volume monitor with dbus name org.gtk.vfs.UDisks2VolumeMonitor is not supported

(xfdesktop:4393): GLib-GIO-WARNING **: 17:19:17.365: Error creating IO channel for /proc/self/mountinfo: Operation not permitted (g-io-error-quark, 14)
dbus-daemon[4239]: [session uid=0 pid=4239] Activating service name='org.xfce.Notifyd' requested by ':1.9' (uid=0 pid=4440 comm="/usr/lib/aarch64-linux-gnu/xfce4/panel/wrapper-2.0" label="u:r:untrusted_app_27:s0:c109,c257,c512,c768")

(xfce4-session:4244): xfce4-session-WARNING **: 17:19:17.418: failed to run script: Failed to execute child process “/usr/bin/pm-is-supported” (No such file or directory)

(xfce4-session:4244): xfce4-session-WARNING **: 17:19:17.428: failed to run script: Failed to execute child process “/usr/bin/pm-is-supported” (No such file or directory)

(xfce4-session:4244): xfce4-session-WARNING **: 17:19:17.440: failed to run script: Failed to execute child process “/usr/bin/pm-is-supported” (No such file or directory)

(process:5599): GLib-GIO-WARNING **: 17:19:17.593: Error creating IO channel for /proc/self/mountinfo: Operation not permitted (g-io-error-quark, 14)
dbus-daemon[4239]: [session uid=0 pid=4239] Successfully activated service 'org.xfce.Notifyd'
dbus-daemon[4239]: [session uid=0 pid=4239] Activating service name='org.gtk.vfs.Metadata' requested by ':1.7' (uid=0 pid=4393 comm="xfdesktop" label="u:r:untrusted_app_27:s0:c109,c257,c512,c768")
dbus-daemon[4239]: [session uid=0 pid=4239] Successfully activated service 'org.gtk.vfs.Metadata'

** (xfdesktop:4393): WARNING **: 17:19:17.752: Failed to get system bus: Could not connect: No such file or directory

(xfconfd:4259): xfconfd-WARNING **: 17:22:11.605: Name org.xfce.Xfconf lost on the message dbus, exiting.
A connection to the bus can't be made

(tumblerd:4429): tumblerd-CRITICAL **: 17:22:11.609: Name org.freedesktop.thumbnails.Cache1 lost on the message dbus, exiting.

(tumblerd:4429): tumblerd-CRITICAL **: 17:22:11.610: Name org.freedesktop.thumbnails.Manager1 lost on the message dbus, exiting.

(tumblerd:4429): tumblerd-CRITICAL **: 17:22:11.610: Name org.freedesktop.thumbnails.Thumbnailer1 lost on the message dbus, exiting.

(wrapper-2.0:4439): GLib-GIO-WARNING **: 17:22:11.616: Error releasing name org.kde.StatusNotifierWatcher: The connection is closed
A connection to the bus can't be made
Another notification daemon is running, exiting
Another notification daemon is running, exiting
