RUN_BEGIN cells=20 noise=1 iters=20 warmup=3 every=25 1790158138.938382
MARK CELL_BEGIN N0000 1790158138.938482
MARK CELL_END N0000 1790158139.669446
CELL {"seq":0,"id":"N0000","group":"N","rw":1024,"rh":1024,"sw":1024,"sh":1024,"ratio":"1x","reuse":1,"batch":1,"residency":"warm","readback":"none","iters":20,"iter_ns_p50":27843177,"iter_ns_p95":35176302,"per_op_ns_p50":27843177,"x_cpu_ticks":53,"errors":0,"pixel_ok":true,"wall":[1790158138.938482,1790158139.669446],"iter_ns":[30231718,29646614,24700677,22660365,25288489,35176302,34342604,25522656,23193854,23493230,27843177,31282396,24452448,32055261,34744635,26626302,31251093,23224115,27705105,28412708]}
MARK CELL_BEGIN A0008 1790158139.669486
MARK CELL_END A0008 1790158140.292651
CELL {"seq":1,"id":"A0008","group":"A","rw":1,"rh":1,"sw":1,"sh":1,"ratio":"1x","reuse":1,"batch":8,"residency":"warm","readback":"delayed","iters":20,"iter_ns_p50":17041459,"iter_ns_p95":61169167,"per_op_ns_p50":2130182,"x_cpu_ticks":10,"errors":0,"pixel_ok":true,"wall":[1790158139.669486,1790158140.292651],"iter_ns":[60271615,36039479,61169167,36727291,29894166,36471406,8165521,8187656,9754270,8419844,16019271,23224375,9270886,9840156,7986667,12084219,11182708,21987656,17041459,18479063]}
MARK CELL_BEGIN A0013 1790158140.292695
MARK CELL_END A0013 1790158140.353144
CELL {"seq":2,"id":"A0013","group":"A","rw":5,"rh":24,"sw":5,"sh":24,"ratio":"1x","reuse":1,"batch":1,"residency":"warm","readback":"immediate","iters":20,"iter_ns_p50":1291927,"iter_ns_p95":7583178,"per_op_ns_p50":1291927,"x_cpu_ticks":1,"errors":0,"pixel_ok":true,"wall":[1790158140.292695,1790158140.353144],"iter_ns":[1222761,1253594,1310885,1245000,1367291,4470209,1633437,1286719,1289166,1387604,1291927,1310260,1232136,1312917,7583178,2010729,1219271,1201146,1135833,905573]}
MARK CELL_BEGIN B0146 1790158140.353172
MARK CELL_END B0146 1790158140.497152
CELL {"seq":3,"id":"B0146","group":"B","rw":5,"rh":24,"sw":5,"sh":24,"ratio":"1x","reuse":64,"batch":1,"residency":"warm","readback":"none","iters":20,"iter_ns_p50":6811771,"iter_ns_p95":10412240,"per_op_ns_p50":6811771,"x_cpu_ticks":3,"errors":0,"pixel_ok":true,"wall":[1790158140.353172,1790158140.497152],"iter_ns":[4287812,6918594,2006719,7456928,7782760,1922188,2210885,8599739,7636302,4401823,6811771,1860312,2727291,9071511,2679166,10412240,9701614,2712344,6558438,7423854]}
MARK CELL_BEGIN A0130 1790158140.497215
MARK CELL_END A0130 1790158179.188442
CELL {"seq":4,"id":"A0130","group":"A","rw":3440,"rh":1440,"sw":3440,"sh":1440,"ratio":"1x","reuse":1,"batch":16,"residency":"warm","readback":"immediate","iters":20,"iter_ns_p50":1599046249,"iter_ns_p95":1615602603,"per_op_ns_p50":99940390,"x_cpu_ticks":3281,"errors":0,"pixel_ok":true,"wall":[1790158140.497215,1790158179.188442],"iter_ns":[1614219947,1615602603,1597037707,1599046249,1595221041,1597534478,1608224114,1603494739,1581331145,1598346509,1577026041,1611504218,1586094010,1598693541,1599186666,1586888749,1604142969,1607228021,1596008489,1603321302]}
MARK CELL_BEGIN B0172 1790158179.188501
MARK CELL_END B0172 1790158179.336360
CELL {"seq":5,"id":"B0172","group":"B","rw":64,"rh":64,"sw":64,"sh":64,"ratio":"1x","reuse":16,"batch":1,"residency":"warm","readback":"none","iters":20,"iter_ns_p50":6610729,"iter_ns_p95":10259011,"per_op_ns_p50":6610729,"x_cpu_ticks":4,"errors":0,"pixel_ok":true,"wall":[1790158179.188501,1790158179.336360],"iter_ns":[7739896,3426667,8026771,8248438,6583698,8182812,6837552,9445730,3076719,4418333,6610729,7883542,10259011,2844375,7757604,1969895,1422292,1548437,1389479,1310886]}
MARK CELL_BEGIN A0063 1790158179.336409
MARK CELL_END A0063 1790158179.611557
CELL {"seq":6,"id":"A0063","group":"A","rw":128,"rh":128,"sw":128,"sh":128,"ratio":"1x","reuse":1,"batch":4,"residency":"warm","readback":"none","iters":20,"iter_ns_p50":8898334,"iter_ns_p95":21016719,"per_op_ns_p50":2224583,"x_cpu_ticks":8,"errors":0,"pixel_ok":true,"wall":[1790158179.336409,1790158179.611557],"iter_ns":[10561719,14178594,7991406,12823073,11494948,14736510,7989167,8642865,6294948,10578958,7777344,7592083,6754375,12468490,8797083,16230312,21016719,7998281,8898334,7655000]}
MARK CELL_BEGIN A0114 1790158179.611648
MARK CELL_END A0114 1790158192.484527
CELL {"seq":7,"id":"A0114","group":"A","rw":1200,"rh":2608,"sw":1200,"sh":2608,"ratio":"1x","reuse":1,"batch":8,"residency":"warm","readback":"none","iters":20,"iter_ns_p50":529849270,"iter_ns_p95":575400156,"per_op_ns_p50":66231158,"x_cpu_ticks":1067,"errors":0,"pixel_ok":true,"wall":[1790158179.611648,1790158192.484527],"iter_ns":[544841093,528347239,545014479,507868541,507229479,531499583,515783072,511755469,531348021,507289166,517342865,575400156,529849270,529180885,531383438,569281354,538883438,527512135,536850833,515667447]}
MARK CELL_BEGIN C0226 1790158192.484631
MARK CELL_END C0226 1790158192.678753
CELL {"seq":8,"id":"C0226","group":"C","rw":128,"rh":128,"sw":128,"sh":128,"ratio":"1x","reuse":1,"batch":1,"residency":"cold","readback":"delayed","iters":20,"iter_ns_p50":8130260,"iter_ns_p95":10289636,"per_op_ns_p50":8130260,"x_cpu_ticks":4,"errors":0,"pixel_ok":true,"wall":[1790158192.484631,1790158192.678753],"iter_ns":[6067136,8387343,8816927,9292032,10289636,8691719,4269167,9106875,4073386,2889896,7815573,8130260,2464584,8195729,7183542,8555937,7218333,3656822,7225885,9893750]}
MARK CELL_BEGIN B0152 1790158192.678785
MARK CELL_END B0152 1790158193.203557
CELL {"seq":9,"id":"B0152","group":"B","rw":16,"rh":16,"sw":1200,"sh":2191,"ratio":"redirected","reuse":1,"batch":1,"residency":"warm","readback":"none","iters":20,"iter_ns_p50":20788542,"iter_ns_p95":27279479,"per_op_ns_p50":20788542,"x_cpu_ticks":30,"errors":0,"pixel_ok":true,"wall":[1790158192.678785,1790158193.203557],"iter_ns":[20898386,14397083,20621354,18558333,21129218,20899740,22299323,13190573,13535417,12942813,13013542,21776771,20788542,22312292,27035989,22559115,27279479,19941094,18036980,16238594]}
MARK CELL_BEGIN C0237 1790158193.203618
MARK CELL_END C0237 1790158196.610021
CELL {"seq":10,"id":"C0237","group":"C","rw":1024,"rh":1024,"sw":1024,"sh":1024,"ratio":"1x","reuse":1,"batch":4,"residency":"cold","readback":"none","iters":20,"iter_ns_p50":120806614,"iter_ns_p95":163426875,"per_op_ns_p50":30201653,"x_cpu_ticks":259,"errors":0,"pixel_ok":true,"wall":[1790158193.203618,1790158196.610021],"iter_ns":[112924948,122575625,101446823,120806614,127657969,120268698,111604375,119431302,131420677,131634011,145342343,163426875,152766771,116062396,111820469,141210937,121810208,104702917,111365885,120595156]}
MARK CELL_BEGIN B0151 1790158196.610082
MARK CELL_END B0151 1790158196.689219
CELL {"seq":11,"id":"B0151","group":"B","rw":16,"rh":16,"sw":64,"sh":64,"ratio":"16x","reuse":1,"batch":1,"residency":"warm","readback":"none","iters":20,"iter_ns_p50":1399323,"iter_ns_p95":7109219,"per_op_ns_p50":1399323,"x_cpu_ticks":2,"errors":0,"pixel_ok":true,"wall":[1790158196.610082,1790158196.689219],"iter_ns":[1291823,1478698,1359948,6597552,7109219,1497917,1125104,1242396,1399323,3470573,2723906,928281,1101250,1063698,1063177,991458,6320885,5089375,1341563,6119375]}
MARK CELL_BEGIN C0224 1790158196.689272
MARK CELL_END C0224 1790158197.892307
CELL {"seq":12,"id":"C0224","group":"C","rw":32,"rh":32,"sw":64,"sh":64,"ratio":"4x","reuse":1,"batch":16,"residency":"cold","readback":"none","iters":20,"iter_ns_p50":48538021,"iter_ns_p95":73445573,"per_op_ns_p50":3033626,"x_cpu_ticks":24,"errors":0,"pixel_ok":true,"wall":[1790158196.689272,1790158197.892307],"iter_ns":[35559323,36403855,40656302,62448594,34284791,47342761,51514740,39716458,45270416,64598177,73445573,44635469,57651094,52791354,38968229,48538021,64169531,27778542,51369791,62911250]}
MARK CELL_BEGIN A0030 1790158197.892369
MARK CELL_END A0030 1790158198.471832
CELL {"seq":13,"id":"A0030","group":"A","rw":16,"rh":16,"sw":16,"sh":16,"ratio":"1x","reuse":1,"batch":8,"residency":"warm","readback":"none","iters":20,"iter_ns_p50":21502604,"iter_ns_p95":41187291,"per_op_ns_p50":2687825,"x_cpu_ticks":10,"errors":0,"pixel_ok":true,"wall":[1790158197.892369,1790158198.471832],"iter_ns":[41187291,15363333,21502604,20100052,12095625,29904375,19210416,15283542,30572656,28257656,23874584,13904218,20808750,15586458,24795469,26241145,17289323,19862240,37077969,36716719]}
MARK CELL_BEGIN B0182 1790158198.471894
MARK CELL_END B0182 1790158198.688509
CELL {"seq":14,"id":"B0182","group":"B","rw":128,"rh":128,"sw":128,"sh":128,"ratio":"1x","reuse":64,"batch":1,"residency":"warm","readback":"none","iters":20,"iter_ns_p50":8823281,"iter_ns_p95":13791979,"per_op_ns_p50":8823281,"x_cpu_ticks":7,"errors":0,"pixel_ok":true,"wall":[1790158198.471894,1790158198.688509],"iter_ns":[11037968,11309115,9050312,9534479,8823281,10180782,4361041,4055573,7940990,9383438,13791979,7180521,9154948,8994688,8052552,3834948,8260312,8540469,7862447,8377605]}
MARK CELL_BEGIN A0037 1790158198.688544
MARK CELL_END A0037 1790158198.779404
CELL {"seq":15,"id":"A0037","group":"A","rw":32,"rh":32,"sw":32,"sh":32,"ratio":"1x","reuse":1,"batch":1,"residency":"warm","readback":"immediate","iters":20,"iter_ns_p50":1984843,"iter_ns_p95":12006979,"per_op_ns_p50":1984843,"x_cpu_ticks":1,"errors":0,"pixel_ok":true,"wall":[1790158198.688544,1790158198.779404],"iter_ns":[2142813,1456667,1139636,1156563,12006979,2713854,1449635,1081927,1144532,1044739,1072240,835729,6685104,2242187,1849166,6933646,4363021,6045729,4552395,1984843]}
MARK CELL_BEGIN A0082 1790158198.779440
MARK CELL_END A0082 1790158200.218831
CELL {"seq":16,"id":"A0082","group":"A","rw":256,"rh":256,"sw":256,"sh":256,"ratio":"1x","reuse":1,"batch":16,"residency":"warm","readback":"immediate","iters":20,"iter_ns_p50":56487604,"iter_ns_p95":84288281,"per_op_ns_p50":3530475,"x_cpu_ticks":69,"errors":0,"pixel_ok":true,"wall":[1790158198.779440,1790158200.218831],"iter_ns":[61642083,52034791,40990677,47753490,82216042,84288281,53787812,46646511,75747083,56487604,51653802,58127864,56009427,54840937,42982292,54477812,61551458,56606094,57825000,71240573]}
MARK CELL_BEGIN A0118 1790158200.218880
MARK CELL_END A0118 1790158226.689292
CELL {"seq":17,"id":"A0118","group":"A","rw":1200,"rh":2608,"sw":1200,"sh":2608,"ratio":"1x","reuse":1,"batch":16,"residency":"warm","readback":"immediate","iters":20,"iter_ns_p50":1094470625,"iter_ns_p95":1165064270,"per_op_ns_p50":68404414,"x_cpu_ticks":2199,"errors":0,"pixel_ok":true,"wall":[1790158200.218880,1790158226.689292],"iter_ns":[1105655833,1071423854,1165064270,1105157239,1086891666,1110485833,1074558176,1153770260,1063719114,1100895833,1096756458,1117843229,1094470625,1110517291,1093191822,1087873802,1060540885,1073078437,1070616406,1053058489]}
MARK CELL_BEGIN B0159 1790158226.689356
MARK CELL_END B0159 1790158226.757846
CELL {"seq":18,"id":"B0159","group":"B","rw":32,"rh":32,"sw":64,"sh":64,"ratio":"4x","reuse":1,"batch":1,"residency":"warm","readback":"none","iters":20,"iter_ns_p50":1419063,"iter_ns_p95":6714323,"per_op_ns_p50":1419063,"x_cpu_ticks":1,"errors":0,"pixel_ok":true,"wall":[1790158226.689356,1790158226.757846],"iter_ns":[1224011,6714323,1631562,4943281,1750834,6356250,1553698,1553125,2981094,1419063,1287448,1314584,1293750,1211771,1207657,1236875,1149687,1261094,1233906,6557448]}
MARK CELL_BEGIN B0203 1790158226.757914
MARK CELL_END B0203 1790158227.119152
CELL {"seq":19,"id":"B0203","group":"B","rw":512,"rh":512,"sw":512,"sh":512,"ratio":"1x","reuse":1,"batch":1,"residency":"recreate","readback":"none","iters":20,"iter_ns_p50":15262187,"iter_ns_p95":20958021,"per_op_ns_p50":15262187,"x_cpu_ticks":20,"errors":0,"pixel_ok":true,"wall":[1790158226.757914,1790158227.119152],"iter_ns":[17509219,13161302,15792968,10236510,16393177,20958021,13305209,12063802,14241407,16021666,11657761,17795000,15355000,19350261,11973854,9650521,9952604,15262187,11246458,15968906]}
MARK CELL_BEGIN A0007 1790158227.119195
MARK CELL_END A0007 1790158227.592930
CELL {"seq":20,"id":"A0007","group":"A","rw":1,"rh":1,"sw":1,"sh":1,"ratio":"1x","reuse":1,"batch":8,"residency":"warm","readback":"immediate","iters":20,"iter_ns_p50":21720208,"iter_ns_p95":30301407,"per_op_ns_p50":2715026,"x_cpu_ticks":9,"errors":0,"pixel_ok":true,"wall":[1790158227.119195,1790158227.592930],"iter_ns":[25983697,17421979,30301407,14098229,26825365,15969688,23079219,14274375,21720208,28951041,22838385,24769896,23721302,8912187,20641875,19307760,12974532,13991250,8543229,28053854]}
MARK CELL_BEGIN N0000 1790158227.592986
MARK CELL_END N0000 1790158228.374877
CELL {"seq":21,"id":"N0000","group":"N","rw":1024,"rh":1024,"sw":1024,"sh":1024,"ratio":"1x","reuse":1,"batch":1,"residency":"warm","readback":"none","iters":20,"iter_ns_p50":28960000,"iter_ns_p95":42853177,"per_op_ns_p50":28960000,"x_cpu_ticks":56,"errors":0,"pixel_ok":true,"wall":[1790158227.592986,1790158228.374877],"iter_ns":[28254010,26082240,25263281,24876041,27313906,28469844,26657760,21705677,27089218,28522864,28960000,36952239,38583594,29975938,28996198,33036511,42853177,34084740,29830365,36102813]}
RUN_END 1790158228.374925
