dbus-daemon[15756]: [session uid=0 pid=15756] org.freedesktop.DBus.Error.AccessDenied: Failed to set fd limit to 65536: Operation not permitted
dbus-daemon[15756]: [session uid=0 pid=15756] Activating service name='org.xfce.Xfconf' requested by ':1.0' (uid=0 pid=15760 comm="xfce4-session" label="u:r:untrusted_app_27:s0:c109,c257,c512,c768")
dbus-daemon[15756]: [session uid=0 pid=15756] Successfully activated service 'org.xfce.Xfconf'
/usr/bin/iceauth:  creating new authority file /tmp/xfce-x3-run-20260923160041-14488/runtime/ICEauthority
dbus-daemon[15756]: [session uid=0 pid=15756] Activating service name='org.gtk.vfs.Daemon' requested by ':1.2' (uid=0 pid=15777 comm="xfwm4" label="u:r:untrusted_app_27:s0:c109,c257,c512,c768")
dbus-daemon[15756]: [session uid=0 pid=15756] Successfully activated service 'org.gtk.vfs.Daemon'

(xfsettingsd:15903): libupower-glib-WARNING **: 16:01:03.985: Couldn't connect to proxy: Could not connect: No such file or directory
dbus-daemon[15756]: [session uid=0 pid=15756] Activating service name='org.freedesktop.thumbnails.Thumbnailer1' requested by ':1.7' (uid=0 pid=15949 comm="xfdesktop" label="u:r:untrusted_app_27:s0:c109,c257,c512,c768")

(tumblerd:15965): tumblerd-WARNING **: 16:01:05.209: Couldn't change nice value of process.
libclock-Message: 16:01:05.367: could not get proxy for org.freedesktop.login1

(xfce4-panel:15930): libclock-WARNING **: 16:01:05.368: could not instantiate a sleep monitor

(xfce4-session:15760): xfce4-session-WARNING **: 16:01:06.464: failed to run script: Failed to execute child process “/usr/bin/pm-is-supported” (No such file or directory)

(xfce4-session:15760): xfce4-session-WARNING **: 16:01:06.472: failed to run script: Failed to execute child process “/usr/bin/pm-is-supported” (No such file or directory)

(xfce4-session:15760): xfce4-session-WARNING **: 16:01:06.482: failed to run script: Failed to execute child process “/usr/bin/pm-is-supported” (No such file or directory)
dbus-daemon[15756]: [session uid=0 pid=15756] Activating service name='org.gtk.vfs.UDisks2VolumeMonitor' requested by ':1.8' (uid=0 pid=15965 comm="/usr/lib/aarch64-linux-gnu/tumbler-1/tumblerd" label="u:r:untrusted_app_27:s0:c109,c257,c512,c768")

(process:16035): GVFS-UDisks2-WARNING **: 16:01:06.527: Failed to connect to UDisks: Could not connect: No such file or directory

(process:16035): GVFS-RemoteVolumeMonitorDaemon-WARNING **: 16:01:06.527: monitor says it's not supported
dbus-daemon[15756]: [session uid=0 pid=15756] Successfully activated service 'org.gtk.vfs.UDisks2VolumeMonitor'

(process:16035): GVFS-RemoteVolumeMonitorDaemon-WARNING **: 16:01:06.545: monitor says it's not supported

(tumblerd:15965): GVFS-RemoteVolumeMonitor-WARNING **: 16:01:06.545: remote volume monitor with dbus name org.gtk.vfs.UDisks2VolumeMonitor is not supported

(tumblerd:15965): GLib-GIO-WARNING **: 16:01:06.548: Error creating IO channel for /proc/self/mountinfo: Operation not permitted (g-io-error-quark, 14)
dbus-daemon[15756]: [session uid=0 pid=15756] Activating service name='org.gtk.vfs.AfcVolumeMonitor' requested by ':1.8' (uid=0 pid=15965 comm="/usr/lib/aarch64-linux-gnu/tumbler-1/tumblerd" label="u:r:untrusted_app_27:s0:c109,c257,c512,c768")
dbus-daemon[15756]: [session uid=0 pid=15756] Successfully activated service 'org.gtk.vfs.AfcVolumeMonitor'
dbus-daemon[15756]: [session uid=0 pid=15756] Activating service name='org.gtk.vfs.MTPVolumeMonitor' requested by ':1.8' (uid=0 pid=15965 comm="/usr/lib/aarch64-linux-gnu/tumbler-1/tumblerd" label="u:r:untrusted_app_27:s0:c109,c257,c512,c768")
dbus-daemon[15756]: [session uid=0 pid=15756] Successfully activated service 'org.gtk.vfs.MTPVolumeMonitor'
dbus-daemon[15756]: [session uid=0 pid=15756] Activating service name='org.gtk.vfs.GPhoto2VolumeMonitor' requested by ':1.8' (uid=0 pid=15965 comm="/usr/lib/aarch64-linux-gnu/tumbler-1/tumblerd" label="u:r:untrusted_app_27:s0:c109,c257,c512,c768")
dbus-daemon[15756]: [session uid=0 pid=15756] Successfully activated service 'org.gtk.vfs.GPhoto2VolumeMonitor'
dbus-daemon[15756]: [session uid=0 pid=15756] Activating service name='org.xfce.Notifyd' requested by ':1.9' (uid=0 pid=15975 comm="/usr/lib/aarch64-linux-gnu/xfce4/panel/wrapper-2.0" label="u:r:untrusted_app_27:s0:c109,c257,c512,c768")
dbus-daemon[15756]: [session uid=0 pid=15756] Activating service name='org.gtk.vfs.GoaVolumeMonitor' requested by ':1.8' (uid=0 pid=15965 comm="/usr/lib/aarch64-linux-gnu/tumbler-1/tumblerd" label="u:r:untrusted_app_27:s0:c109,c257,c512,c768")
dbus-daemon[15756]: [session uid=0 pid=15756] Successfully activated service 'org.gtk.vfs.GoaVolumeMonitor'
dbus-daemon[15756]: [session uid=0 pid=15756] Successfully activated service 'org.freedesktop.thumbnails.Thumbnailer1'

(xfdesktop:15949): GLib-GObject-CRITICAL **: 16:01:06.751: g_object_unref: assertion 'G_IS_OBJECT (object)' failed

(process:16035): GVFS-RemoteVolumeMonitorDaemon-WARNING **: 16:01:06.820: monitor says it's not supported

(xfdesktop:15949): GVFS-RemoteVolumeMonitor-WARNING **: 16:01:06.821: remote volume monitor with dbus name org.gtk.vfs.UDisks2VolumeMonitor is not supported

(xfdesktop:15949): GLib-GIO-WARNING **: 16:01:06.824: Error creating IO channel for /proc/self/mountinfo: Operation not permitted (g-io-error-quark, 14)
dbus-daemon[15756]: [session uid=0 pid=15756] Successfully activated service 'org.xfce.Notifyd'

(process:16095): GLib-GIO-WARNING **: 16:01:06.895: Error creating IO channel for /proc/self/mountinfo: Operation not permitted (g-io-error-quark, 14)
dbus-daemon[15756]: [session uid=0 pid=15756] Activating service name='org.gtk.vfs.Metadata' requested by ':1.7' (uid=0 pid=15949 comm="xfdesktop" label="u:r:untrusted_app_27:s0:c109,c257,c512,c768")
dbus-daemon[15756]: [session uid=0 pid=15756] Successfully activated service 'org.gtk.vfs.Metadata'

** (xfdesktop:15949): WARNING **: 16:01:07.170: Failed to get system bus: Could not connect: No such file or directory
A connection to the bus can't be made

(tumblerd:15965): tumblerd-CRITICAL **: 16:04:00.693: Name org.freedesktop.thumbnails.Cache1 lost on the message dbus, exiting.

(tumblerd:15965): tumblerd-CRITICAL **: 16:04:00.693: Name org.freedesktop.thumbnails.Manager1 lost on the message dbus, exiting.

(xfconfd:15769): xfconfd-WARNING **: 16:04:00.689: Name org.xfce.Xfconf lost on the message dbus, exiting.

(tumblerd:15965): tumblerd-CRITICAL **: 16:04:00.695: Name org.freedesktop.thumbnails.Thumbnailer1 lost on the message dbus, exiting.
Another notification daemon is running, exiting
Another notification daemon is running, exiting
A connection to the bus can't be made

(xfsettingsd:15903): xfconf-WARNING **: 16:04:00.703: Failed to set property "keyboards::/Default/Numlock": The connection is closed
