--------- beginning of main
09-26 12:40:17.268 18649 18649 W libc    : Access denied finding property "persist.vendor.track.malloc.enable"
09-26 12:40:17.268 18649 18649 W libc    : Access denied finding property "persist.vendor.fd.monitor.enable"
09-26 12:40:17.264 18649 18649 W bash    : type=1400 audit(0.0:36142781): avc:  granted  { execute } for  name="login" dev="dm-62" ino=764427 scontext=u:r:untrusted_app_27:s0:c109,c257,c512,c768 tcontext=u:object_r:app_data_file:s0:c109,c257,c512,c768 tclass=file app=com.termux.api
09-26 12:40:17.264 18649 18649 W bash    : type=1400 audit(0.0:36142782): avc:  denied  { ioctl } for  path="pipe:[41310692]" dev="pipefs" ino=41310692 ioctlcmd=0x540f scontext=u:r:untrusted_app_27:s0:c109,c257,c512,c768 tcontext=u:r:untrusted_app_27:s0:c109,c257,c512,c768 tclass=fifo_file permissive=0 app=com.termux.api
09-26 12:40:17.264 18649 18649 W bash    : type=1400 audit(0.0:36142783): avc:  denied  { ioctl } for  path="pipe:[41310692]" dev="pipefs" ino=41310692 ioctlcmd=0x540f scontext=u:r:untrusted_app_27:s0:c109,c257,c512,c768 tcontext=u:r:untrusted_app_27:s0:c109,c257,c512,c768 tclass=fifo_file permissive=0 app=com.termux.api
09-26 12:40:17.264 18649 18649 W bash    : type=1400 audit(0.0:36142784): avc:  granted  { execute } for  name="coreutils" dev="dm-62" ino=758061 scontext=u:r:untrusted_app_27:s0:c109,c257,c512,c768 tcontext=u:object_r:app_data_file:s0:c109,c257,c512,c768 tclass=file app=com.termux.api
09-26 12:40:17.264 18649 18649 W bash    : type=1400 audit(0.0:36142785): avc:  granted  { execute_no_trans } for  path="/data/data/com.termux/files/usr/bin/coreutils" dev="dm-62" ino=758061 scontext=u:r:untrusted_app_27:s0:c109,c257,c512,c768 tcontext=u:object_r:app_data_file:s0:c109,c257,c512,c768 tclass=file app=com.termux.api
09-26 12:40:17.275 18649 18649 W libc    : Access denied finding property "persist.vendor.track.malloc.enable"
09-26 12:40:17.275 18649 18649 W libc    : Access denied finding property "persist.vendor.fd.monitor.enable"
09-26 12:40:17.279 18649 18649 W libc    : Access denied finding property "persist.vendor.track.malloc.enable"
09-26 12:40:17.280 18649 18649 W libc    : Access denied finding property "persist.vendor.fd.monitor.enable"
09-26 12:40:17.379 18649 18649 W libc    : Access denied finding property "ro.debuggable"
09-26 12:40:17.379 18649 18649 W libc    : Access denied finding property "ro.debuggable"
09-26 12:40:17.379 18649 18649 W libc    : Access denied finding property "ro.debuggable"
09-26 12:40:17.380 18649 18649 D AndroidRuntime: >>>>>> START com.android.internal.os.RuntimeInit uid 10365 <<<<<<
09-26 12:40:17.380 18649 18649 W libc    : Access denied finding property "ro.debuggable"
09-26 12:40:17.384 18649 18649 I AndroidRuntime: Using default boot image
09-26 12:40:17.385 18649 18649 I AndroidRuntime: Leaving lock profiling enabled
09-26 12:40:17.385 18649 18649 W libc    : Access denied finding property "odsign.verification.success"
09-26 12:40:17.385 18649 18649 W libc    : Access denied finding property "ro.debuggable"
09-26 12:40:17.387 18649 18649 W termux-x11gpu com.waydefu.x11gpu :3 -noreset: ART APEX data files are untrusted.
09-26 12:40:17.387 18649 18649 I termux-x11gpu com.waydefu.x11gpu :3 -noreset: Using generational CollectorTypeCMC GC.
09-26 12:40:17.387 18649 18649 E termux-x11gpu com.waydefu.x11gpu :3 -noreset: Error reading named image component header for /system/framework/boot.art, error: Image header from "/system/framework/arm64/boot.art" is invalid
09-26 12:40:17.387 18649 18649 E termux-x11gpu com.waydefu.x11gpu :3 -noreset: Could not create image space with image file '/system/framework/boot.art!/apex/com.android.art/etc/boot-image.prof!/system/etc/boot-image.prof:/system/framework/boot-framework-adservices.art'. Attempting to fall back to imageless running. Error was: Image header from "/system/framework/arm64/boot.art" is invalid
09-26 12:40:17.708 18649 18649 D nativeloader: InitDefaultPublicLibraries for_preload=1: libandroid.so:libaaudio.so:libamidi.so:libbinder_ndk.so:libc.so:libcamera2ndk.so:libdl.so:libEGL.so:libGLESv1_CM.so:libGLESv2.so:libGLESv3.so:libicu.so:libicui18n.so:libicuuc.so:libjnigraphics.so:liblog.so:libmediandk.so:libm.so:libnativehelper.so:libnativewindow.so:libOpenMAXAL.so:libOpenSLES.so:libRS.so:libstdc++.so:libsync.so:libvulkan.so:libwebviewchromium_plat_support.so:libz.so
09-26 12:40:17.718 18649 18649 D nativeloader: Load libicu_jni.so using APEX ns com_android_art for caller /apex/com.android.art/javalib/core-oj.jar: ok
09-26 12:40:17.718 18649 18649 D termux-x11gpu com.waydefu.x11gpu :3 -noreset: u_setTimeZoneFilesDirectory("/apex/com.android.tzdata/etc/tz/versioned/9/icu") succeeded. 
09-26 12:40:17.718 18649 18649 D termux-x11gpu com.waydefu.x11gpu :3 -noreset: I18n APEX ICU file found: /apex/com.android.i18n/etc/icu/icudt76l.dat
09-26 12:40:17.719 18649 18649 D nativeloader: Load libjavacore.so using APEX ns com_android_art for caller /apex/com.android.art/javalib/core-oj.jar: ok
09-26 12:40:17.720 18649 18649 D nativeloader: Load libopenjdk.so using APEX ns com_android_art for caller /apex/com.android.art/javalib/core-oj.jar: ok
09-26 12:40:17.737 18649 18649 I termux-x11gpu com.waydefu.x11gpu :3 -noreset: Priority-to-niceness mapping: 19, 16, 13, 10, 0, -2, -4, -5, -6, -8
09-26 12:40:17.829 18649 18649 W libc    : Access denied finding property "ro.product.name_for_attestation"
09-26 12:40:17.829 18649 18649 W libc    : Access denied finding property "ro.product.device_for_attestation"
09-26 12:40:17.829 18649 18649 W libc    : Access denied finding property "ro.product.manufacturer_for_attestation"
09-26 12:40:17.829 18649 18649 W libc    : Access denied finding property "ro.product.brand_for_attestation"
09-26 12:40:17.829 18649 18649 W libc    : Access denied finding property "ro.product.model_for_attestation"
09-26 12:40:17.834 18649 18649 W libc    : Access denied finding property "ro.vendor.mtk.hbt_binfmt_misc_support"
09-26 12:40:17.834 18649 18649 W libc    : Access denied finding property "ro.vendor.mtk.app32_boost_support"
09-26 12:40:17.834 18649 18649 W libc    : Access denied finding property "ro.vendor.mtk.hbt_dyn_type"
09-26 12:40:17.834 18649 18649 W libc    : Access denied finding property "persist.vendor.mtk.hbt_dyn_type"
09-26 12:40:17.834 18649 18649 W libc    : Access denied finding property "ro.vendor.mi_fake_32bit_support"
09-26 12:40:17.835 18649 18649 W libc    : Access denied finding property "ro.debuggable"
09-26 12:40:17.895 18649 18649 D nativeloader: Load libframework-connectivity-tiramisu-jni.so using APEX ns com_android_tethering for caller /apex/com.android.tethering/javalib/framework-connectivity-t.jar: ok
09-26 12:40:17.896 18649 18649 D AndroidRuntime: Calling main entry com.termux.x11.Loader
09-26 12:40:17.923 18649 18649 W libc    : Access denied finding property "ro.debuggable"
09-26 12:40:17.934 18649 18649 I AconfigPackage: com.android.healthfitness.flags is mapped to com.android.healthfitness
09-26 12:40:17.934 18649 18649 I AconfigPackage: com.android.uwb.flags is mapped to com.android.uwb
09-26 12:40:17.934 18649 18649 I AconfigPackage: com.android.ranging.flags is mapped to com.android.uwb
09-26 12:40:17.934 18649 18649 I AconfigPackage: com.android.permission.flags is mapped to com.android.permission
09-26 12:40:17.935 18649 18649 I AconfigPackage: com.android.permissioncontroller.flags is mapped to com.android.permission
09-26 12:40:17.935 18649 18649 I AconfigPackage: android.provider.flags is mapped to com.android.configinfrastructure
09-26 12:40:17.935 18649 18649 I AconfigPackage: com.android.server.deviceconfig is mapped to com.android.configinfrastructure
09-26 12:40:17.935 18649 18649 I AconfigPackage: com.android.ipsec.flags is mapped to com.android.ipsec
09-26 12:40:17.935 18649 18649 I AconfigPackage: com.android.media.extractor.flags is mapped to com.android.media
09-26 12:40:17.935 18649 18649 I AconfigPackage: com.android.media.metrics.flags is mapped to com.android.media
09-26 12:40:17.935 18649 18649 I AconfigPackage: com.android.media.mainline.flags is mapped to com.android.media
09-26 12:40:17.936 18649 18649 I AconfigPackage: com.android.tethering.mainline.beta is mapped to com.android.tethering
09-26 12:40:17.936 18649 18649 I AconfigPackage: android.net.http is mapped to com.android.tethering
09-26 12:40:17.936 18649 18649 I AconfigPackage: com.android.tethering.readonly.flags is mapped to com.android.tethering
09-26 12:40:17.936 18649 18649 I AconfigPackage: android.net.vcn is mapped to com.android.tethering
09-26 12:40:17.936 18649 18649 I AconfigPackage: com.android.net.flags is mapped to com.android.tethering
09-26 12:40:17.936 18649 18649 I AconfigPackage: com.android.tethering.flags is mapped to com.android.tethering
09-26 12:40:17.936 18649 18649 I AconfigPackage: com.android.tethering.beta.test is mapped to com.android.tethering
09-26 12:40:17.936 18649 18649 I AconfigPackage: com.android.nearby.flags is mapped to com.android.tethering
09-26 12:40:17.936 18649 18649 I AconfigPackage: com.android.net.thread.flags is mapped to com.android.tethering
09-26 12:40:17.936 18649 18649 I AconfigPackage: com.android.net.ct.flags is mapped to com.android.tethering
09-26 12:40:17.936 18649 18649 I AconfigPackage: android.net.http.flags is mapped to com.android.tethering
09-26 12:40:17.936 18649 18649 I AconfigPackage: android.uprobestats.mainline.flags is mapped to com.android.uprobestats
09-26 12:40:17.936 18649 18649 I AconfigPackage: com.android.art.flags is mapped to com.android.art
09-26 12:40:17.936 18649 18649 I AconfigPackage: com.android.art.rw.flags is mapped to com.android.art
09-26 12:40:17.936 18649 18649 I AconfigPackage: com.android.libcore is mapped to com.android.art
09-26 12:40:17.937 18649 18649 I AconfigPackage: com.android.org.conscrypt.flags is mapped to com.android.conscrypt
09-26 12:40:17.937 18649 18649 I AconfigPackage: com.android.org.conscrypt.net.flags is mapped to com.android.conscrypt
09-26 12:40:17.937 18649 18649 I AconfigPackage: com.android.signature.flags is mapped to com.android.mediaprovider
09-26 12:40:17.937 18649 18649 I AconfigPackage: com.android.providers.media.flags is mapped to com.android.mediaprovider
09-26 12:40:17.937 18649 18649 I AconfigPackage: android.graphics.pdf.flags is mapped to com.android.mediaprovider
09-26 12:40:17.937 18649 18649 I AconfigPackage: android.graphics.pdf.flags.readonly is mapped to com.android.mediaprovider
09-26 12:40:17.937 18649 18649 I AconfigPackage: com.android.adservices.ondevicepersonalization.flags is mapped to com.android.ondevicepersonalization
09-26 12:40:17.938 18649 18649 I AconfigPackage: android.os.profiling is mapped to com.android.profiling
09-26 12:40:17.938 18649 18649 I AconfigPackage: com.android.cellbroadcastreceiver.flags is mapped to com.android.cellbroadcast
09-26 12:40:17.938 18649 18649 I AconfigPackage: com.android.wifi.flags is mapped to com.android.wifi
09-26 12:40:17.939 18649 18649 I AconfigPackage: com.android.appsearch.flags is mapped to com.android.appsearch
09-26 12:40:17.939 18649 18649 I AconfigPackage: com.android.adservices.flags is mapped to com.android.adservices
09-26 12:40:17.939 18649 18649 I AconfigPackage: com.android.sdksandbox.flags is mapped to com.android.adservices
09-26 12:40:17.939 18649 18649 I AconfigPackage: android.app.sdksandbox.flags is mapped to com.android.adservices
09-26 12:40:17.939 18649 18649 I AconfigPackage: com.android.rkpd.flags is mapped to com.android.rkpd
09-26 12:40:17.940 18649 18649 I AconfigPackage: android.media.swcodec.flags is mapped to com.android.media.swcodec
09-26 12:40:17.940 18649 18649 I AconfigPackage: com.android.system.virtualmachine.flags is mapped to com.android.virt
09-26 12:40:17.940 18649 18649 I AconfigPackage: com.android.devicelock.flags is mapped to com.android.devicelock
09-26 12:40:17.940 18649 18649 I AconfigPackage: com.android.bluetooth.flags is mapped to com.android.bt
09-26 12:40:17.941 18649 18649 I AconfigPackage: com.android.icu is mapped to com.android.i18n
09-26 12:40:17.941 18649 18649 I AconfigPackage: com.android.os.statsd.flags is mapped to com.android.os.statsd
09-26 12:40:17.941 18649 18649 I AconfigPackage: com.android.adbd.flags is mapped to com.android.adbd
09-26 12:40:17.941 18649 18649 E FeatureFlagsImplExport: android.os.flagging.AconfigStorageReadException: ERROR_PACKAGE_NOT_FOUND: package android.xr cannot be found on the device
09-26 12:40:17.951 18649 18649 I Termux:X11 loader: loading /data/app/~~c4-3tzkGAjjJrkvFPotT8A==/com.waydefu.x11gpu-LRG_nLJwUtdeZ1Qbse0OVA==/base.apk::com.termux.x11.CmdEntryPoint::main of com.waydefu.x11gpu application (commit c2ec25f184d569d9682244d16aaf450ffbd7b8d1)
09-26 12:40:17.973 18649 18649 I MessageMonitor: Load libmiui_runtime
09-26 12:40:17.975 18649 18649 D nativeloader: Load libmiui_runtime.so using system ns (caller=/system_ext/framework/miui-framework.jar): ok
09-26 12:40:17.975 18649 18649 E termux-x11gpu com.waydefu.x11gpu :3 -noreset: register_android_view_SurfaceRuntimeShader  
09-26 12:40:17.975 18649 18649 E termux-x11gpu com.waydefu.x11gpu :3 -noreset: register_android_view_SurfaceRuntimeShader  0
09-26 12:40:17.981 18649 18649 W libc    : Access denied finding property "qemu.sf.lcd_density"
09-26 12:40:17.981 18649 18649 W libc    : Access denied finding property "qemu.sf.lcd_density"
09-26 12:40:17.984 18649 18649 D ThemeCompatibility: START loading theme compatibility config.
09-26 12:40:17.984 18649 18649 D ThemeCompatibility: getVersion(): /data/system/theme_config/theme_compatibility.xml  java.io.FileNotFoundException: /data/system/theme_config/theme_compatibility.xml: open failed: ENOENT (No such file or directory)
09-26 12:40:17.985 18649 18649 D ThemeCompatibility: getConfigDocumentTree(): 140 vs -1
09-26 12:40:17.985 18649 18649 D ThemeCompatibility:     parse file: /product/media/theme/theme_compatibility.xml
09-26 12:40:17.994 18649 18649 D ThemeCompatibility: END loading: version=140 size=71
09-26 12:40:18.005 18649 18649 D nativeloader: Load libjavacrypto.so using APEX ns com_android_conscrypt for caller /apex/com.android.conscrypt/javalib/conscrypt.jar: ok
09-26 12:40:18.029 18649 18649 I OverlayConfig: Sorting partitions in the specified order from partitions_order.xml
09-26 12:40:18.051 18649 18649 W termux-x11gpu com.waydefu.x11gpu :3 -noreset: unable to execute idmap2: Permission denied
09-26 12:40:18.051 18649 18649 W OverlayConfig: 'idmap2 create-multiple' failed: no mutable="false" overlays targeting "android" will be loaded
09-26 12:40:18.051 18649 18649 I AssetManagerImpl : Load libmiui_runtime
09-26 12:40:18.052 18649 18649 W asset   : unable to execute idmap2: Permission denied
09-26 12:40:18.052 18649 18649 W AssetManagerImpl : 'idmap2 --scan' failed: no static="true" overlays targeting "miui" will be loaded
09-26 12:40:18.055 18649 18649 I termux-x11gpu com.waydefu.x11gpu :3 -noreset: AssetManager2(0xb4000075a3c0ffd8) locale list changing from [] to [zh-TW]
09-26 12:40:18.078 18649 18649 D FeatureParser: praser device feature in /product/etc/device_features/myron.xml
09-26 12:40:18.087 18649 18649 D FeatureParser: praser device feature in /product/etc/removable_apk_info.xml
09-26 12:40:18.087 18649 18649 D FeatureParser: praser device feature in /mi_ext/product/etc/miext_removable_apk_info.xml
09-26 12:40:18.090 18649 18649 W libc    : Access denied finding property "ro.vendor.display.iris_x7.support"
09-26 12:40:18.090 18649 18649 I SystemServiceRegistry: regMtkService start
09-26 12:40:18.090 18649 18649 W System  : ClassLoader referenced unknown path: system/framework/mediatek-framework.jar
09-26 12:40:18.090 18649 18649 E SystemServiceRegistry: regMtkService:java.lang.ClassNotFoundException: mediatek.app.MtkSystemServiceRegistry
09-26 12:40:18.090 18649 18649 I SystemServiceRegistry: setMtkSystemServiceName start
09-26 12:40:18.090 18649 18649 I SystemServiceRegistry: registerAllMtkService start
09-26 12:40:18.106 18649 18649 D nativeloader: InitApexLibraries:
09-26 12:40:18.106 18649 18649 D nativeloader:   com_android_art: libnativehelper.so
09-26 12:40:18.106 18649 18649 D nativeloader:   com_android_i18n: libicui18n.so:libicuuc.so:libicu.so
09-26 12:40:18.106 18649 18649 D nativeloader:   com_android_neuralnetworks: libneuralnetworks.so
09-26 12:40:18.106 18649 18649 D nativeloader: InitDefaultPublicLibraries for_preload=0: libandroid.so:libaaudio.so:libamidi.so:libbinder_ndk.so:libc.so:libcamera2ndk.so:libclang_rt.hwasan-aarch64-android.so:libdl.so:libEGL.so:libGLESv1_CM.so:libGLESv2.so:libGLESv3.so:libjnigraphics.so:liblog.so:libmediandk.so:libm.so:libnativewindow.so:libOpenMAXAL.so:libOpenSLES.so:libRS.so:libstdc++.so:libsync.so:libvulkan.so:libwebviewchromium_plat_support.so:libz.so
09-26 12:40:18.106 18649 18649 D nativeloader: Configuring clns-1 for other apk . target_sdk_version=0, uses_libraries=ALL, library_path=, permitted_path=/data:/mnt/expand
09-26 12:40:18.106 18649 18649 D nativeloader: InitExtendedPublicLibraries: libbinauralrenderer_wrapper.qti.so:libhoaeffects.qti.so:libmisys_jni.xiaomi.so:libpag.hyperos.so:libffavc.hyperos.so:libxiaomi_modemdumpsdx55_jni.modem.so:libxiaomi_modemdump_jni.modem.so:libmodemsmartengine_jni.modem.so:libupdateprof.qti.so:libthermalclient.qti.so:libdiag_system.qti.so:libqape.qti.so:libqesdk_ndk_platform.qti.so:liblistenjni.qti.so:libautoui_image.xiaomi.so
09-26 12:40:18.106 18649 18649 D nativeloader: Extending system_exposed_libraries: libbinauralrenderer_wrapper.qti.so:libhoaeffects.qti.so:libmisys_jni.xiaomi.so:libpag.hyperos.so:libffavc.hyperos.so:libxiaomi_modemdumpsdx55_jni.modem.so:libxiaomi_modemdump_jni.modem.so:libmodemsmartengine_jni.modem.so:libupdateprof.qti.so:libthermalclient.qti.so:libdiag_system.qti.so:libqape.qti.so:libqesdk_ndk_platform.qti.so:liblistenjni.qti.so:libautoui_image.xiaomi.so
09-26 12:40:18.107 18649 18649 D nativeloader: InitApexLibraries:
09-26 12:40:18.107 18649 18649 D nativeloader:   
09-26 12:40:18.107 18649 18649 D nativeloader: InitVendorPublicLibraries: libAIHDIcon.so:libqti-perfd-client.so:libadsprpc.so:libcdsprpc.so:libsdsprpc.so:libfastcvopt.so:libOpenCL.so:libSNPE.so:libmialgo_utils.so:libxmi_slow_motion_mein.so:libmiocr.so:libmiphone_capture_bokeh.so:libanc_single_bokeh.so:libmiphone_dualcam_depth_aideploy.so:libSEGModel.so:libmi266.so
09-26 12:40:18.107 18649 18649 D nativeloader: InitProductPublicLibraries: 
09-26 12:40:18.108 18649 18649 D nativeloader: Load /data/app/~~c4-3tzkGAjjJrkvFPotT8A==/com.waydefu.x11gpu-LRG_nLJwUtdeZ1Qbse0OVA==/base.apk!/lib/arm64-v8a/libXlorie.so using isolated ns clns-1 (caller=/data/app/~~c4-3tzkGAjjJrkvFPotT8A==/com.waydefu.x11gpu-LRG_nLJwUtdeZ1Qbse0OVA==/base.apk): ok
09-26 12:40:18.109 18649 18649 I CmdEntryPoint: commit f592241dfab5ba2913a89d5d3b45f2b03ebffb65
09-26 12:40:18.114 18649 18649 V LorieNative: Using TMPDIR="/data/data/com.termux/files/usr/tmp"
09-26 12:40:18.116 18649 18935 I LorieNative: P2-A.3 diagnostic: D0-D3/E0/E1/Uctx; observe-only; GWP-ASan miss does not exclude heap overflow
09-26 12:40:18.130 18649 18649 D UnionPowerNotifier: check_union_power_ioctl -1
09-26 12:40:18.182 18649 18935 W libc    : Access denied finding property "vendor.migl.debug"
09-26 12:40:18.182 18649 18935 I libMiGL : EnableDR: 0
09-26 12:40:18.182 18649 18935 D libMiGL : mDFIInterval: -1
09-26 12:40:18.195 18649 18935 I AdrenoGLES-0: QUALCOMM build                   : 0a73ec43e7, I489da0dd30
09-26 12:40:18.195 18649 18935 I AdrenoGLES-0: Build Date                       : 02/03/26
09-26 12:40:18.195 18649 18935 I AdrenoGLES-0: OpenGL ES Shader Compiler Version: E031.50.19.18
09-26 12:40:18.195 18649 18935 I AdrenoGLES-0: Local Branch                     : 
09-26 12:40:18.195 18649 18935 I AdrenoGLES-0: Remote Branch                    : refs/tags/AU_LINUX_ANDROID_LA.VENDOR.16.2.0.11.00.00.1195.535
09-26 12:40:18.195 18649 18935 I AdrenoGLES-0: Remote Branch                    : NONE
09-26 12:40:18.195 18649 18935 I AdrenoGLES-0: Reconstruct Branch               : NOTHING
09-26 12:40:18.195 18649 18935 I AdrenoGLES-0: Build Config                     : C P 20.0.0 AArch64
09-26 12:40:18.195 18649 18935 I AdrenoGLES-0: Driver Path                      : /vendor/lib64/egl/libGLESv2_adreno.so
09-26 12:40:18.195 18649 18935 I AdrenoGLES-0: Driver Version                   : 0842.27.1
09-26 12:40:18.195 18649 18935 I AdrenoGLES-0: Process Name                     : termux-x11gpu com.waydefu.x11gpu :3 -noreset
09-26 12:40:18.198 18649 18935 D qdgralloc: Fetching IMapper5 from QtiMapper5
09-26 12:40:18.203 18649 18935 I SnapAlloc: Graphics lib is available
09-26 12:40:18.206 18649 18935 I AdrenoGLES-0: PFP: 0x01510094, ME: 0x01510025
09-26 12:40:18.209 18649 18935 I AdrenoUtils: <ReadGpuID:1333>: Reading chip ID through GSL
09-26 12:40:18.209 18649 18935 E gles-renderer: Xlorie: Initialized EGL version 1.5
09-26 12:40:18.214 18649 18935 I LorieNative: XRender histogram probe installed
09-26 12:40:18.239 18649 18935 D xkbcomp : "The XKEYBOARD keymap compiler (xkbcomp) reports:"
09-26 12:40:18.239 18649 18935 D xkbcomp : "> "Warning:          Multiple symbols for level 1/group 1 on key <FK23>
09-26 12:40:18.239 18649 18935 D xkbcomp : "> "                  Using F23, ignoring XF86TouchpadOff
09-26 12:40:18.239 18649 18935 D xkbcomp : "> "Warning:          Symbol map for key <FK23> redefined
09-26 12:40:18.239 18649 18935 D xkbcomp : "> "                  Using last definition for conflicting fields
09-26 12:40:18.239 18649 18935 D xkbcomp : "> "Warning:          Symbol map for key <FK24> redefined
09-26 12:40:18.239 18649 18935 D xkbcomp : "> "                  Using last definition for conflicting fields
09-26 12:40:18.239 18649 18935 D xkbcomp : "Errors from xkbcomp are not fatal to the X server"
09-26 12:40:18.241 18649 18935 I LorieNative: flight recorder installed path=/data/data/com.termux/files/usr/tmp/x11gpu-flight.ring cap=256
09-26 12:40:18.971 18649 18938 D LorieNative: New client connection!
09-26 12:40:19.004 18649 18935 I LorieNative: Sent shared buffer width 1280 stride 1280 height 1024 format 2 type 3 id 0
09-26 12:40:19.006 18649 18935 E tx11-request: window changed: 1200 2464 builtin
09-26 12:40:19.009 18649 18935 I LorieNative: Sent shared buffer width 1200 stride 1216 height 2464 format 2 type 3 id 4
09-26 12:40:19.012 18649 18935 V LorieNative: New reported framerate is 120
09-26 12:40:19.012 18649 18935 D LorieNative: Requested stylus: 0, current loriePen 0x0, current lorieEraser 0x0
09-26 12:40:19.026 18649 18935 D LorieNative: Requested stylus: 0, current loriePen 0x0, current lorieEraser 0x0
09-26 12:40:23.215 18649 18935 I LorieNative: 1 frames in 5.0 seconds = 0.2 FPS, 0/0 present copies offloaded to GPU, 0/0 EXA copies offloaded (0 CPU rects), exa_solid_prepare=10 exa_solid_gpu=0 exa_solid_fallback=10 solid_rects=0 cpu_solid_rects=0 renderer_solid_submits=0 renderer_solid_complete=0 xrender_ops=0 exa_comp_check=0/0 prepare=0/0 gpu_rects=0 cpu_rects=0 done=0
09-26 12:40:29.778 18649 18935 I LorieNative: DRI3: imported raw fd, modifier 0, 1200x1200 stride 4864
09-26 12:40:29.779 18649 18935 I LorieNative: DRI3: imported raw fd, modifier 0, 1200x1200 stride 4864
09-26 12:40:29.779 18649 18935 I LorieNative: DRI3: imported raw fd, modifier 0, 1200x1200 stride 4864
09-26 12:40:29.780 18649 18935 I LorieNative: DRI3: imported raw fd, modifier 0, 1200x1200 stride 4864
09-26 12:40:33.217 18649 18935 I LorieNative: 205 frames in 5.0 seconds = 41.0 FPS, 0/3951 present copies offloaded to GPU, 0/0 EXA copies offloaded (0 CPU rects), exa_solid_prepare=0 exa_solid_gpu=0 exa_solid_fallback=0 solid_rects=0 cpu_solid_rects=0 renderer_solid_submits=0 renderer_solid_complete=0 xrender_ops=0 exa_comp_check=0/0 prepare=0/0 gpu_rects=0 cpu_rects=0 done=0
09-26 12:40:38.221 18649 18935 I LorieNative: 299 frames in 5.0 seconds = 59.8 FPS, 0/5716 present copies offloaded to GPU, 0/0 EXA copies offloaded (0 CPU rects), exa_solid_prepare=0 exa_solid_gpu=0 exa_solid_fallback=0 solid_rects=0 cpu_solid_rects=0 renderer_solid_submits=0 renderer_solid_complete=0 xrender_ops=0 exa_comp_check=0/0 prepare=0/0 gpu_rects=0 cpu_rects=0 done=0
09-26 12:40:43.221 18649 18935 I LorieNative: 95 frames in 5.0 seconds = 19.0 FPS, 0/1799 present copies offloaded to GPU, 0/0 EXA copies offloaded (0 CPU rects), exa_solid_prepare=2 exa_solid_gpu=0 exa_solid_fallback=2 solid_rects=0 cpu_solid_rects=0 renderer_solid_submits=0 renderer_solid_complete=0 xrender_ops=0 exa_comp_check=0/0 prepare=0/0 gpu_rects=0 cpu_rects=0 done=0
09-26 12:40:58.624 18649 18935 I LorieNative: DRI3: imported raw fd, modifier 0, 1200x1200 stride 4864
09-26 12:40:58.624 18649 18935 I LorieNative: DRI3: imported raw fd, modifier 0, 1200x1200 stride 4864
09-26 12:40:58.625 18649 18935 I LorieNative: DRI3: imported raw fd, modifier 0, 1200x1200 stride 4864
09-26 12:41:03.223 18649 18935 I LorieNative: 276 frames in 5.0 seconds = 55.2 FPS, 0/2253 present copies offloaded to GPU, 0/0 EXA copies offloaded (0 CPU rects), exa_solid_prepare=0 exa_solid_gpu=0 exa_solid_fallback=0 solid_rects=0 cpu_solid_rects=0 renderer_solid_submits=0 renderer_solid_complete=0 xrender_ops=0 exa_comp_check=0/0 prepare=0/0 gpu_rects=0 cpu_rects=0 done=0
09-26 12:41:08.222 18649 18935 I LorieNative: 300 frames in 5.0 seconds = 60.0 FPS, 0/2611 present copies offloaded to GPU, 0/0 EXA copies offloaded (0 CPU rects), exa_solid_prepare=0 exa_solid_gpu=0 exa_solid_fallback=0 solid_rects=0 cpu_solid_rects=0 renderer_solid_submits=0 renderer_solid_complete=0 xrender_ops=0 exa_comp_check=0/0 prepare=0/0 gpu_rects=0 cpu_rects=0 done=0
09-26 12:41:13.223 18649 18935 I LorieNative: 26 frames in 5.0 seconds = 5.2 FPS, 0/220 present copies offloaded to GPU, 0/0 EXA copies offloaded (0 CPU rects), exa_solid_prepare=2 exa_solid_gpu=0 exa_solid_fallback=2 solid_rects=0 cpu_solid_rects=0 renderer_solid_submits=0 renderer_solid_complete=0 xrender_ops=0 exa_comp_check=0/0 prepare=0/0 gpu_rects=0 cpu_rects=0 done=0
09-26 12:41:38.224 18649 18935 I LorieNative: 1 frames in 5.0 seconds = 0.2 FPS, 0/0 present copies offloaded to GPU, 0/0 EXA copies offloaded (0 CPU rects), exa_solid_prepare=2 exa_solid_gpu=0 exa_solid_fallback=2 solid_rects=0 cpu_solid_rects=0 renderer_solid_submits=0 renderer_solid_complete=0 xrender_ops=0 exa_comp_check=0/0 prepare=0/0 gpu_rects=0 cpu_rects=0 done=0
