dbus-daemon[23031]: [session uid=0 pid=23031] org.freedesktop.DBus.Error.AccessDenied: Failed to set fd limit to 65536: Operation not permitted
dbus-daemon[23031]: [session uid=0 pid=23031] Activating service name='org.xfce.Xfconf' requested by ':1.0' (uid=0 pid=23045 comm="xfce4-session" label="u:r:untrusted_app_27:s0:c109,c257,c512,c768")
dbus-daemon[23031]: [session uid=0 pid=23031] Successfully activated service 'org.xfce.Xfconf'
/usr/bin/iceauth:  creating new authority file /tmp/xfce-x3-run-20260926021033-21457/runtime/ICEauthority
dbus-daemon[23031]: [session uid=0 pid=23031] Activating service name='org.gtk.vfs.Daemon' requested by ':1.2' (uid=0 pid=23076 comm="xfwm4" label="u:r:untrusted_app_27:s0:c109,c257,c512,c768")
dbus-daemon[23031]: [session uid=0 pid=23031] Successfully activated service 'org.gtk.vfs.Daemon'

(xfsettingsd:23216): libupower-glib-WARNING **: 02:10:51.433: Couldn't connect to proxy: Could not connect: No such file or directory
dbus-daemon[23031]: [session uid=0 pid=23031] Activating service name='org.freedesktop.thumbnails.Thumbnailer1' requested by ':1.7' (uid=0 pid=23269 comm="xfdesktop" label="u:r:untrusted_app_27:s0:c109,c257,c512,c768")

(tumblerd:23300): tumblerd-WARNING **: 02:10:51.946: Couldn't change nice value of process.
libclock-Message: 02:10:52.026: could not get proxy for org.freedesktop.login1

(xfce4-panel:23223): libclock-WARNING **: 02:10:52.026: could not instantiate a sleep monitor

(xfce4-session:23045): xfce4-session-WARNING **: 02:10:52.862: failed to run script: Failed to execute child process “/usr/bin/pm-is-supported” (No such file or directory)

(xfce4-session:23045): xfce4-session-WARNING **: 02:10:52.868: failed to run script: Failed to execute child process “/usr/bin/pm-is-supported” (No such file or directory)

(xfce4-session:23045): xfce4-session-WARNING **: 02:10:52.875: failed to run script: Failed to execute child process “/usr/bin/pm-is-supported” (No such file or directory)
dbus-daemon[23031]: [session uid=0 pid=23031] Activating service name='org.xfce.Notifyd' requested by ':1.9' (uid=0 pid=23308 comm="/usr/lib/aarch64-linux-gnu/xfce4/panel/wrapper-2.0" label="u:r:untrusted_app_27:s0:c109,c257,c512,c768")
dbus-daemon[23031]: [session uid=0 pid=23031] Successfully activated service 'org.xfce.Notifyd'
dbus-daemon[23031]: [session uid=0 pid=23031] Activating service name='org.gtk.vfs.UDisks2VolumeMonitor' requested by ':1.8' (uid=0 pid=23300 comm="/usr/lib/aarch64-linux-gnu/tumbler-1/tumblerd" label="u:r:untrusted_app_27:s0:c109,c257,c512,c768")

(process:23963): GVFS-UDisks2-WARNING **: 02:10:53.148: Failed to connect to UDisks: Could not connect: No such file or directory

(process:23963): GVFS-RemoteVolumeMonitorDaemon-WARNING **: 02:10:53.149: monitor says it's not supported
dbus-daemon[23031]: [session uid=0 pid=23031] Successfully activated service 'org.gtk.vfs.UDisks2VolumeMonitor'

(process:23963): GVFS-RemoteVolumeMonitorDaemon-WARNING **: 02:10:53.157: monitor says it's not supported

(tumblerd:23300): GVFS-RemoteVolumeMonitor-WARNING **: 02:10:53.158: remote volume monitor with dbus name org.gtk.vfs.UDisks2VolumeMonitor is not supported

(tumblerd:23300): GLib-GIO-WARNING **: 02:10:53.162: Error creating IO channel for /proc/self/mountinfo: Operation not permitted (g-io-error-quark, 14)
dbus-daemon[23031]: [session uid=0 pid=23031] Activating service name='org.gtk.vfs.AfcVolumeMonitor' requested by ':1.8' (uid=0 pid=23300 comm="/usr/lib/aarch64-linux-gnu/tumbler-1/tumblerd" label="u:r:untrusted_app_27:s0:c109,c257,c512,c768")
dbus-daemon[23031]: [session uid=0 pid=23031] Successfully activated service 'org.gtk.vfs.AfcVolumeMonitor'
dbus-daemon[23031]: [session uid=0 pid=23031] Activating service name='org.gtk.vfs.MTPVolumeMonitor' requested by ':1.8' (uid=0 pid=23300 comm="/usr/lib/aarch64-linux-gnu/tumbler-1/tumblerd" label="u:r:untrusted_app_27:s0:c109,c257,c512,c768")
dbus-daemon[23031]: [session uid=0 pid=23031] Successfully activated service 'org.gtk.vfs.MTPVolumeMonitor'
dbus-daemon[23031]: [session uid=0 pid=23031] Activating service name='org.gtk.vfs.GPhoto2VolumeMonitor' requested by ':1.8' (uid=0 pid=23300 comm="/usr/lib/aarch64-linux-gnu/tumbler-1/tumblerd" label="u:r:untrusted_app_27:s0:c109,c257,c512,c768")
dbus-daemon[23031]: [session uid=0 pid=23031] Successfully activated service 'org.gtk.vfs.GPhoto2VolumeMonitor'
dbus-daemon[23031]: [session uid=0 pid=23031] Activating service name='org.gtk.vfs.GoaVolumeMonitor' requested by ':1.8' (uid=0 pid=23300 comm="/usr/lib/aarch64-linux-gnu/tumbler-1/tumblerd" label="u:r:untrusted_app_27:s0:c109,c257,c512,c768")
dbus-daemon[23031]: [session uid=0 pid=23031] Successfully activated service 'org.gtk.vfs.GoaVolumeMonitor'
dbus-daemon[23031]: [session uid=0 pid=23031] Successfully activated service 'org.freedesktop.thumbnails.Thumbnailer1'

(xfdesktop:23269): GLib-GObject-CRITICAL **: 02:10:53.343: g_object_unref: assertion 'G_IS_OBJECT (object)' failed

(process:23963): GVFS-RemoteVolumeMonitorDaemon-WARNING **: 02:10:53.370: monitor says it's not supported

(xfdesktop:23269): GVFS-RemoteVolumeMonitor-WARNING **: 02:10:53.371: remote volume monitor with dbus name org.gtk.vfs.UDisks2VolumeMonitor is not supported

(xfdesktop:23269): GLib-GIO-WARNING **: 02:10:53.373: Error creating IO channel for /proc/self/mountinfo: Operation not permitted (g-io-error-quark, 14)

(process:24127): GLib-GIO-WARNING **: 02:10:53.423: Error creating IO channel for /proc/self/mountinfo: Operation not permitted (g-io-error-quark, 14)
dbus-daemon[23031]: [session uid=0 pid=23031] Activating service name='org.gtk.vfs.Metadata' requested by ':1.7' (uid=0 pid=23269 comm="xfdesktop" label="u:r:untrusted_app_27:s0:c109,c257,c512,c768")
dbus-daemon[23031]: [session uid=0 pid=23031] Successfully activated service 'org.gtk.vfs.Metadata'

** (xfdesktop:23269): WARNING **: 02:10:53.593: Failed to get system bus: Could not connect: No such file or directory
A connection to the bus can't be made

(tumblerd:23300): tumblerd-CRITICAL **: 02:13:47.493: Name org.freedesktop.thumbnails.Cache1 lost on the message dbus, exiting.

(tumblerd:23300): tumblerd-CRITICAL **: 02:13:47.493: Name org.freedesktop.thumbnails.Manager1 lost on the message dbus, exiting.

(tumblerd:23300): tumblerd-CRITICAL **: 02:13:47.493: Name org.freedesktop.thumbnails.Thumbnailer1 lost on the message dbus, exiting.
Another notification daemon is running, exiting
Another notification daemon is running, exiting

(xfconfd:23064): xfconfd-WARNING **: 02:13:47.496: Name org.xfce.Xfconf lost on the message dbus, exiting.
A connection to the bus can't be made
