ROOT 1200x2191 depth 24
OPLAT {"op":"nop","w":16,"h":16,"shape":"single","n":100,"errors":0,"mean_us":116,"p50_us":61,"p90_us":154,"p99_us":1970,"max_us":2018}
OPLAT {"op":"solid","w":16,"h":16,"shape":"single","n":100,"errors":0,"mean_us":164,"p50_us":68,"p90_us":206,"p99_us":2259,"max_us":2386}
OPLAT {"op":"solid","w":16,"h":16,"shape":"burst16","n":100,"errors":0,"mean_us":310,"p50_us":180,"p90_us":322,"p99_us":2148,"max_us":2210}
OPLAT {"op":"solid","w":64,"h":64,"shape":"single","n":100,"errors":0,"mean_us":143,"p50_us":68,"p90_us":177,"p99_us":1322,"max_us":1549}
OPLAT {"op":"solid","w":64,"h":64,"shape":"burst16","n":100,"errors":0,"mean_us":248,"p50_us":177,"p90_us":391,"p99_us":1383,"max_us":1753}
OPLAT {"op":"solid","w":256,"h":256,"shape":"single","n":100,"errors":0,"mean_us":102,"p50_us":71,"p90_us":148,"p99_us":324,"max_us":1470}
OPLAT {"op":"solid","w":256,"h":256,"shape":"burst16","n":100,"errors":0,"mean_us":399,"p50_us":300,"p90_us":421,"p99_us":1570,"max_us":1725}
OPLAT {"op":"solid","w":1024,"h":1024,"shape":"single","n":100,"errors":0,"mean_us":275,"p50_us":193,"p90_us":310,"p99_us":1418,"max_us":2246}
OPLAT {"op":"solid","w":1024,"h":1024,"shape":"burst16","n":100,"errors":0,"mean_us":2265,"p50_us":1958,"p90_us":3090,"p99_us":3598,"max_us":3932}
OPLAT {"op":"copy_win","w":16,"h":16,"shape":"single","n":100,"errors":0,"mean_us":95,"p50_us":69,"p90_us":163,"p99_us":237,"max_us":433}
OPLAT {"op":"copy_win","w":16,"h":16,"shape":"burst16","n":100,"errors":0,"mean_us":157,"p50_us":126,"p90_us":235,"p99_us":491,"max_us":769}
OPLAT {"op":"copy_win","w":64,"h":64,"shape":"single","n":100,"errors":0,"mean_us":107,"p50_us":67,"p90_us":150,"p99_us":428,"max_us":2114}
OPLAT {"op":"copy_win","w":64,"h":64,"shape":"burst16","n":100,"errors":0,"mean_us":170,"p50_us":149,"p90_us":205,"p99_us":395,"max_us":502}
OPLAT {"op":"copy_win","w":256,"h":256,"shape":"single","n":100,"errors":0,"mean_us":106,"p50_us":91,"p90_us":157,"p99_us":275,"max_us":279}
OPLAT {"op":"copy_win","w":256,"h":256,"shape":"burst16","n":100,"errors":0,"mean_us":578,"p50_us":519,"p90_us":637,"p99_us":2378,"max_us":2693}
OPLAT {"op":"copy_win","w":1024,"h":1024,"shape":"single","n":100,"errors":0,"mean_us":519,"p50_us":509,"p90_us":611,"p99_us":737,"max_us":762}
OPLAT {"op":"copy_win","w":1024,"h":1024,"shape":"burst16","n":100,"errors":0,"mean_us":6301,"p50_us":6153,"p90_us":6929,"p99_us":8027,"max_us":8637}
OPLAT {"op":"copy_pix","w":16,"h":16,"shape":"single","n":100,"errors":0,"mean_us":96,"p50_us":66,"p90_us":129,"p99_us":605,"max_us":1248}
OPLAT {"op":"copy_pix","w":16,"h":16,"shape":"burst16","n":100,"errors":0,"mean_us":204,"p50_us":138,"p90_us":274,"p99_us":1346,"max_us":1562}
OPLAT {"op":"copy_pix","w":64,"h":64,"shape":"single","n":100,"errors":0,"mean_us":142,"p50_us":72,"p90_us":151,"p99_us":2256,"max_us":2446}
OPLAT {"op":"copy_pix","w":64,"h":64,"shape":"burst16","n":100,"errors":0,"mean_us":265,"p50_us":167,"p90_us":242,"p99_us":1470,"max_us":1519}
OPLAT {"op":"copy_pix","w":256,"h":256,"shape":"single","n":100,"errors":0,"mean_us":156,"p50_us":92,"p90_us":150,"p99_us":1292,"max_us":2127}
OPLAT {"op":"copy_pix","w":256,"h":256,"shape":"burst16","n":100,"errors":0,"mean_us":667,"p50_us":529,"p90_us":732,"p99_us":2439,"max_us":3229}
OPLAT {"op":"copy_pix","w":1024,"h":1024,"shape":"single","n":100,"errors":0,"mean_us":909,"p50_us":542,"p90_us":1625,"p99_us":3699,"max_us":17382}
OPLAT {"op":"copy_pix","w":1024,"h":1024,"shape":"burst16","n":100,"errors":0,"mean_us":7186,"p50_us":7519,"p90_us":8239,"p99_us":9177,"max_us":9355}
OPLAT {"op":"over_argb","w":16,"h":16,"shape":"single","n":100,"errors":0,"mean_us":167,"p50_us":75,"p90_us":209,"p99_us":1677,"max_us":2315}
OPLAT {"op":"over_argb","w":16,"h":16,"shape":"burst16","n":100,"errors":0,"mean_us":389,"p50_us":251,"p90_us":376,"p99_us":2385,"max_us":4345}
OPLAT {"op":"over_argb","w":64,"h":64,"shape":"single","n":100,"errors":0,"mean_us":138,"p50_us":69,"p90_us":212,"p99_us":1297,"max_us":1542}
OPLAT {"op":"over_argb","w":64,"h":64,"shape":"burst16","n":100,"errors":0,"mean_us":422,"p50_us":331,"p90_us":449,"p99_us":1567,"max_us":2286}
OPLAT {"op":"over_argb","w":256,"h":256,"shape":"single","n":100,"errors":0,"mean_us":249,"p50_us":141,"p90_us":345,"p99_us":1484,"max_us":2162}
OPLAT {"op":"over_argb","w":256,"h":256,"shape":"burst16","n":100,"errors":0,"mean_us":1547,"p50_us":1282,"p90_us":2483,"p99_us":2978,"max_us":3105}
OPLAT {"op":"over_argb","w":1024,"h":1024,"shape":"single","n":100,"errors":0,"mean_us":1145,"p50_us":961,"p90_us":2081,"p99_us":4164,"max_us":4836}
OPLAT {"op":"over_argb","w":1024,"h":1024,"shape":"burst16","n":100,"errors":0,"mean_us":16193,"p50_us":15895,"p90_us":18547,"p99_us":19406,"max_us":20545}
OPLAT {"op":"src_argb","w":16,"h":16,"shape":"single","n":100,"errors":0,"mean_us":107,"p50_us":68,"p90_us":125,"p99_us":1149,"max_us":1251}
OPLAT {"op":"src_argb","w":16,"h":16,"shape":"burst16","n":100,"errors":0,"mean_us":382,"p50_us":246,"p90_us":413,"p99_us":2198,"max_us":2455}
OPLAT {"op":"src_argb","w":64,"h":64,"shape":"single","n":100,"errors":0,"mean_us":178,"p50_us":74,"p90_us":156,"p99_us":2142,"max_us":2545}
OPLAT {"op":"src_argb","w":64,"h":64,"shape":"burst16","n":100,"errors":0,"mean_us":383,"p50_us":278,"p90_us":465,"p99_us":1609,"max_us":2215}
OPLAT {"op":"src_argb","w":256,"h":256,"shape":"single","n":100,"errors":0,"mean_us":167,"p50_us":103,"p90_us":197,"p99_us":1290,"max_us":1386}
OPLAT {"op":"src_argb","w":256,"h":256,"shape":"burst16","n":100,"errors":0,"mean_us":790,"p50_us":636,"p90_us":1588,"p99_us":2257,"max_us":2438}
OPLAT {"op":"src_argb","w":1024,"h":1024,"shape":"single","n":100,"errors":0,"mean_us":642,"p50_us":558,"p90_us":735,"p99_us":1734,"max_us":1911}
OPLAT {"op":"src_argb","w":1024,"h":1024,"shape":"burst16","n":100,"errors":0,"mean_us":7583,"p50_us":7575,"p90_us":8341,"p99_us":9724,"max_us":9728}
OPLAT {"op":"putimage","w":16,"h":16,"shape":"single","n":100,"errors":0,"mean_us":116,"p50_us":65,"p90_us":176,"p99_us":1196,"max_us":1280}
OPLAT {"op":"putimage","w":16,"h":16,"shape":"burst16","n":100,"errors":0,"mean_us":216,"p50_us":107,"p90_us":223,"p99_us":1447,"max_us":2297}
OPLAT {"op":"putimage","w":64,"h":64,"shape":"single","n":100,"errors":0,"mean_us":177,"p50_us":78,"p90_us":274,"p99_us":1511,"max_us":2054}
OPLAT {"op":"putimage","w":64,"h":64,"shape":"burst16","n":100,"errors":0,"mean_us":339,"p50_us":262,"p90_us":367,"p99_us":1533,"max_us":3634}
OPLAT {"op":"putimage","w":256,"h":256,"shape":"single","n":100,"errors":0,"mean_us":282,"p50_us":163,"p90_us":335,"p99_us":2325,"max_us":4359}
OPLAT {"op":"putimage","w":256,"h":256,"shape":"burst16","n":100,"errors":0,"mean_us":2171,"p50_us":1791,"p90_us":3015,"p99_us":5263,"max_us":5475}
OPLAT {"op":"putimage","w":1024,"h":1024,"shape":"single","n":100,"errors":0,"mean_us":3713,"p50_us":3621,"p90_us":4825,"p99_us":6504,"max_us":6765}
OPLAT {"op":"putimage","w":1024,"h":1024,"shape":"burst16","n":100,"errors":0,"mean_us":33862,"p50_us":33590,"p90_us":37788,"p99_us":41429,"max_us":41468}
RESULT p_oplat cases=49 rounds=10 reps=10 wall_s=9.3
