ATTENTION: default value of option vblank_mode overridden by environment.
=======================================================
    glmark2 2023.01
=======================================================
    OpenGL Information
    GL_VENDOR:      Mesa
    GL_RENDERER:    zink Vulkan 1.4(Adreno (TM) 840 (MESA_TURNIP))
    GL_VERSION:     4.6 (Compatibility Profile) Mesa 26.0.6
    Surface Config: buf=32 r=8 g=8 b=8 a=8 depth=24 stencil=0 samples=0
    Surface Size:   800x600 windowed
=======================================================
[build] duration=10.0:fps-pos=-1.0,-1.0:fps-size=0.03:fragment-precision=default,default,default,default:interleave=false:model=horse:nframes=:show-fps=false:title=:title-pos=-0.7,-1.0:title-size=0.03:use-vbo=false:vertex-precision=default,default,default,default: FPS: 535 FrameTime: 1.872 ms
[build] duration=10.0:fps-pos=-1.0,-1.0:fps-size=0.03:fragment-precision=default,default,default,default:interleave=false:model=horse:nframes=:show-fps=false:title=:title-pos=-0.7,-1.0:title-size=0.03:use-vbo=true:vertex-precision=default,default,default,default: FPS: 534 FrameTime: 1.874 ms
[texture] duration=10.0:fps-pos=-1.0,-1.0:fps-size=0.03:fragment-precision=default,default,default,default:model=cube:nframes=:show-fps=false:texgen=false:texture=crate-base:texture-filter=nearest:title=:title-pos=-0.7,-1.0:title-size=0.03:vertex-precision=default,default,default,default: FPS: 529 FrameTime: 1.894 ms
[texture] duration=10.0:fps-pos=-1.0,-1.0:fps-size=0.03:fragment-precision=default,default,default,default:model=cube:nframes=:show-fps=false:texgen=false:texture=crate-base:texture-filter=linear:title=:title-pos=-0.7,-1.0:title-size=0.03:vertex-precision=default,default,default,default: FPS: 520 FrameTime: 1.927 ms
[texture] duration=10.0:fps-pos=-1.0,-1.0:fps-size=0.03:fragment-precision=default,default,default,default:model=cube:nframes=:show-fps=false:texgen=false:texture=crate-base:texture-filter=mipmap:title=:title-pos=-0.7,-1.0:title-size=0.03:vertex-precision=default,default,default,default: FPS: 548 FrameTime: 1.826 ms
[shading] duration=10.0:fps-pos=-1.0,-1.0:fps-size=0.03:fragment-precision=default,default,default,default:model=cat:nframes=:num-lights=1:shading=gouraud:show-fps=false:title=:title-pos=-0.7,-1.0:title-size=0.03:vertex-precision=default,default,default,default: FPS: 535 FrameTime: 1.871 ms
[shading] duration=10.0:fps-pos=-1.0,-1.0:fps-size=0.03:fragment-precision=default,default,default,default:model=cat:nframes=:num-lights=1:shading=blinn-phong-inf:show-fps=false:title=:title-pos=-0.7,-1.0:title-size=0.03:vertex-precision=default,default,default,default: FPS: 547 FrameTime: 1.829 ms
[shading] duration=10.0:fps-pos=-1.0,-1.0:fps-size=0.03:fragment-precision=default,default,default,default:model=cat:nframes=:num-lights=1:shading=phong:show-fps=false:title=:title-pos=-0.7,-1.0:title-size=0.03:vertex-precision=default,default,default,default: FPS: 532 FrameTime: 1.883 ms
[shading] duration=10.0:fps-pos=-1.0,-1.0:fps-size=0.03:fragment-precision=default,default,default,default:model=cat:nframes=:num-lights=1:shading=cel:show-fps=false:title=:title-pos=-0.7,-1.0:title-size=0.03:vertex-precision=default,default,default,default: FPS: 535 FrameTime: 1.871 ms
[bump] bump-render=high-poly:duration=10.0:fps-pos=-1.0,-1.0:fps-size=0.03:fragment-precision=default,default,default,default:nframes=:show-fps=false:title=:title-pos=-0.7,-1.0:title-size=0.03:vertex-precision=default,default,default,default: FPS: 479 FrameTime: 2.089 ms
[bump] bump-render=normals:duration=10.0:fps-pos=-1.0,-1.0:fps-size=0.03:fragment-precision=default,default,default,default:nframes=:show-fps=false:title=:title-pos=-0.7,-1.0:title-size=0.03:vertex-precision=default,default,default,default: FPS: 559 FrameTime: 1.792 ms
[bump] bump-render=height:duration=10.0:fps-pos=-1.0,-1.0:fps-size=0.03:fragment-precision=default,default,default,default:nframes=:show-fps=false:title=:title-pos=-0.7,-1.0:title-size=0.03:vertex-precision=default,default,default,default: FPS: 544 FrameTime: 1.841 ms
[effect2d] duration=10.0:fps-pos=-1.0,-1.0:fps-size=0.03:fragment-precision=default,default,default,default:kernel=0,1,0;1,-4,1;0,1,0;:nframes=:normalize=true:show-fps=false:title=:title-pos=-0.7,-1.0:title-size=0.03:vertex-precision=default,default,default,default: FPS: 500 FrameTime: 2.000 ms
[effect2d] duration=10.0:fps-pos=-1.0,-1.0:fps-size=0.03:fragment-precision=default,default,default,default:kernel=1,1,1,1,1;1,1,1,1,1;1,1,1,1,1;:nframes=:normalize=true:show-fps=false:title=:title-pos=-0.7,-1.0:title-size=0.03:vertex-precision=default,default,default,default: FPS: 390 FrameTime: 2.571 ms
[pulsar] duration=10.0:fps-pos=-1.0,-1.0:fps-size=0.03:fragment-precision=default,default,default,default:light=false:nframes=:quads=5:random=false:show-fps=false:texture=false:title=:title-pos=-0.7,-1.0:title-size=0.03:vertex-precision=default,default,default,default: FPS: 554 FrameTime: 1.808 ms
[desktop] blur-radius=5:duration=10.0:effect=blur:fps-pos=-1.0,-1.0:fps-size=0.03:fragment-precision=default,default,default,default:nframes=:passes=1:separable=true:shadow-size=20:show-fps=false:title=:title-pos=-0.7,-1.0:title-size=0.03:vertex-precision=default,default,default,default:window-size=0.35:windows=4: FPS: 297 FrameTime: 3.372 ms
[desktop] blur-radius=5:duration=10.0:effect=shadow:fps-pos=-1.0,-1.0:fps-size=0.03:fragment-precision=default,default,default,default:nframes=:passes=1:separable=true:shadow-size=20:show-fps=false:title=:title-pos=-0.7,-1.0:title-size=0.03:vertex-precision=default,default,default,default:window-size=0.35:windows=4: FPS: 327 FrameTime: 3.061 ms
[buffer] buffer-usage=static:columns=200:duration=10.0:fps-pos=-1.0,-1.0:fps-size=0.03:fragment-precision=default,default,default,default:interleave=false:nframes=:rows=20:show-fps=false:title=:title-pos=-0.7,-1.0:title-size=0.03:update-dispersion=0.9:update-fraction=0.5:update-method=map:vertex-precision=default,default,default,default: FPS: 223 FrameTime: 4.501 ms
[buffer] buffer-usage=static:columns=200:duration=10.0:fps-pos=-1.0,-1.0:fps-size=0.03:fragment-precision=default,default,default,default:interleave=false:nframes=:rows=20:show-fps=false:title=:title-pos=-0.7,-1.0:title-size=0.03:update-dispersion=0.9:update-fraction=0.5:update-method=subdata:vertex-precision=default,default,default,default: FPS: 233 FrameTime: 4.293 ms
[buffer] buffer-usage=static:columns=200:duration=10.0:fps-pos=-1.0,-1.0:fps-size=0.03:fragment-precision=default,default,default,default:interleave=true:nframes=:rows=20:show-fps=false:title=:title-pos=-0.7,-1.0:title-size=0.03:update-dispersion=0.9:update-fraction=0.5:update-method=map:vertex-precision=default,default,default,default: FPS: 248 FrameTime: 4.040 ms
[ideas] duration=10.0:fps-pos=-1.0,-1.0:fps-size=0.03:fragment-precision=default,default,default,default:nframes=:show-fps=false:speed=duration:title=:title-pos=-0.7,-1.0:title-size=0.03:vertex-precision=default,default,default,default: FPS: 226 FrameTime: 4.443 ms
[jellyfish] duration=10.0:fps-pos=-1.0,-1.0:fps-size=0.03:fragment-precision=default,default,default,default:nframes=:show-fps=false:title=:title-pos=-0.7,-1.0:title-size=0.03:vertex-precision=default,default,default,default: FPS: 357 FrameTime: 2.808 ms
[terrain] bloom=true:duration=10.0:fps-pos=-1.0,-1.0:fps-size=0.03:fragment-precision=default,default,default,default:nframes=:repeat-overlay=6.0:show-fps=false:tilt-shift=true:title=:title-pos=-0.7,-1.0:title-size=0.03:vertex-precision=default,default,default,default: FPS: 106 FrameTime: 9.469 ms
[shadow] duration=10.0:fps-pos=-1.0,-1.0:fps-size=0.03:fragment-precision=default,default,default,default:interleave=false:nframes=:show-fps=false:title=:title-pos=-0.7,-1.0:title-size=0.03:use-vbo=true:vertex-precision=default,default,default,default: FPS: 463 FrameTime: 2.161 ms
[refract] duration=10.0:fps-pos=-1.0,-1.0:fps-size=0.03:fragment-precision=default,default,default,default:index=1.2:interleave=false:model=bunny:nframes=:show-fps=false:texture=nasa1:title=:title-pos=-0.7,-1.0:title-size=0.03:use-vbo=true:vertex-precision=default,default,default,default: FPS: 197 FrameTime: 5.092 ms
[conditionals] duration=10.0:fps-pos=-1.0,-1.0:fps-size=0.03:fragment-conditionals=true:fragment-precision=default,default,default,default:fragment-steps=0:grid-length=5.0:grid-size=32:nframes=:show-fps=false:title=:title-pos=-0.7,-1.0:title-size=0.03:vertex-conditionals=true:vertex-precision=default,default,default,default:vertex-steps=0: FPS: 515 FrameTime: 1.945 ms
[conditionals] duration=10.0:fps-pos=-1.0,-1.0:fps-size=0.03:fragment-conditionals=true:fragment-precision=default,default,default,default:fragment-steps=5:grid-length=5.0:grid-size=32:nframes=:show-fps=false:title=:title-pos=-0.7,-1.0:title-size=0.03:vertex-conditionals=true:vertex-precision=default,default,default,default:vertex-steps=0: FPS: 505 FrameTime: 1.983 ms
[conditionals] duration=10.0:fps-pos=-1.0,-1.0:fps-size=0.03:fragment-conditionals=true:fragment-precision=default,default,default,default:fragment-steps=0:grid-length=5.0:grid-size=32:nframes=:show-fps=false:title=:title-pos=-0.7,-1.0:title-size=0.03:vertex-conditionals=true:vertex-precision=default,default,default,default:vertex-steps=5: FPS: 509 FrameTime: 1.966 ms
[function] duration=10.0:fps-pos=-1.0,-1.0:fps-size=0.03:fragment-complexity=low:fragment-function=true:fragment-precision=default,default,default,default:fragment-steps=5:grid-length=5.0:grid-size=32:nframes=:show-fps=false:title=:title-pos=-0.7,-1.0:title-size=0.03:vertex-complexity=low:vertex-function=true:vertex-precision=default,default,default,default:vertex-steps=1: FPS: 513 FrameTime: 1.953 ms
[function] duration=10.0:fps-pos=-1.0,-1.0:fps-size=0.03:fragment-complexity=medium:fragment-function=true:fragment-precision=default,default,default,default:fragment-steps=5:grid-length=5.0:grid-size=32:nframes=:show-fps=false:title=:title-pos=-0.7,-1.0:title-size=0.03:vertex-complexity=low:vertex-function=true:vertex-precision=default,default,default,default:vertex-steps=1: FPS: 516 FrameTime: 1.942 ms
[loop] duration=10.0:fps-pos=-1.0,-1.0:fps-size=0.03:fragment-loop=false:fragment-precision=default,default,default,default:fragment-steps=5:fragment-uniform=true:grid-length=5.0:grid-size=32:nframes=:show-fps=false:title=:title-pos=-0.7,-1.0:title-size=0.03:vertex-loop=true:vertex-precision=default,default,default,default:vertex-steps=5:vertex-uniform=true: FPS: 514 FrameTime: 1.948 ms
[loop] duration=10.0:fps-pos=-1.0,-1.0:fps-size=0.03:fragment-loop=true:fragment-precision=default,default,default,default:fragment-steps=5:fragment-uniform=false:grid-length=5.0:grid-size=32:nframes=:show-fps=false:title=:title-pos=-0.7,-1.0:title-size=0.03:vertex-loop=true:vertex-precision=default,default,default,default:vertex-steps=5:vertex-uniform=true: FPS: 510 FrameTime: 1.962 ms
[loop] duration=10.0:fps-pos=-1.0,-1.0:fps-size=0.03:fragment-loop=true:fragment-precision=default,default,default,default:fragment-steps=5:fragment-uniform=true:grid-length=5.0:grid-size=32:nframes=:show-fps=false:title=:title-pos=-0.7,-1.0:title-size=0.03:vertex-loop=true:vertex-precision=default,default,default,default:vertex-steps=5:vertex-uniform=true: FPS: 468 FrameTime: 2.139 ms
=======================================================
                                  glmark2 Score: 440 
=======================================================
