=======================================================
    vkmark 2025.01
=======================================================
    Vendor ID:      0x10005
    Device ID:      0x0
    Device Name:    llvmpipe (LLVM 21.1.8, 128 bits)
    Driver Version: 109051910
    Device UUID:    32362e302e3661616161616161616161
=======================================================
[vertex] device-local=true:interleave=true:duration=10.0: FPS: 231 FrameTime: 4.329 ms
[vertex] device-local=false:interleave=true:duration=10.0: FPS: 234 FrameTime: 4.274 ms
[texture] anisotropy=0:texture-filter=linear:duration=10.0: FPS: 236 FrameTime: 4.237 ms
[texture] anisotropy=16:texture-filter=linear:duration=10.0: FPS: 128 FrameTime: 7.812 ms
[shading] shading=gouraud:duration=10.0: FPS: 111 FrameTime: 9.009 ms
[shading] shading=blinn-phong-inf:duration=10.0: FPS: 75 FrameTime: 13.333 ms
[shading] shading=phong:duration=10.0: FPS: 65 FrameTime: 15.385 ms
[shading] shading=cel:duration=10.0: FPS: 61 FrameTime: 16.393 ms
[effect2d] background-resolution=800x600:kernel=edge:duration=10.0: FPS: 64 FrameTime: 15.625 ms
[effect2d] background-resolution=800x600:kernel=blur:duration=10.0: FPS: 36 FrameTime: 27.778 ms
[desktop] background-resolution=800x600:windows=4:window-size=0.35:duration=10.0: FPS: 56 FrameTime: 17.857 ms
[cube] duration=10.0: FPS: 370 FrameTime: 2.703 ms
[clear] color=cycle:duration=10.0: FPS: 688 FrameTime: 1.453 ms
=======================================================
                                   vkmark Score: 181
=======================================================
