=======================================================
    vkmark 2025.01
=======================================================
    Vendor ID:      0x5143
    Device ID:      0x44050A31
    Device Name:    Adreno (TM) 840
    Driver Version: 109051910
    Device UUID:    7f4bce943437cac6fc1921e23cef4bc3
=======================================================
[vertex] device-local=true:interleave=true:duration=10.0: FPS: 917 FrameTime: 1.091 ms
[vertex] device-local=false:interleave=true:duration=10.0: FPS: 904 FrameTime: 1.106 ms
[texture] anisotropy=0:texture-filter=linear:duration=10.0: FPS: 889 FrameTime: 1.125 ms
[texture] anisotropy=16:texture-filter=linear:duration=10.0: FPS: 886 FrameTime: 1.129 ms
[shading] shading=gouraud:duration=10.0: FPS: 917 FrameTime: 1.091 ms
[shading] shading=blinn-phong-inf:duration=10.0: FPS: 913 FrameTime: 1.095 ms
[shading] shading=phong:duration=10.0: FPS: 919 FrameTime: 1.088 ms
[shading] shading=cel:duration=10.0: FPS: 899 FrameTime: 1.112 ms
[effect2d] background-resolution=800x600:kernel=edge:duration=10.0: FPS: 914 FrameTime: 1.094 ms
[effect2d] background-resolution=800x600:kernel=blur:duration=10.0: FPS: 923 FrameTime: 1.083 ms
[desktop] background-resolution=800x600:windows=4:window-size=0.35:duration=10.0: FPS: 925 FrameTime: 1.081 ms
[cube] duration=10.0: FPS: 919 FrameTime: 1.088 ms
[clear] color=cycle:duration=10.0: FPS: 821 FrameTime: 1.218 ms
=======================================================
                                   vkmark Score: 903
=======================================================
