=======================================================
    vkmark 2025.01
=======================================================
    Vendor ID:      0x5143
    Device ID:      0x44050A31
    Device Name:    Adreno (TM) 840
    Driver Version: 109051910
    Device UUID:    7f4bce943437cac6fc1921e23cef4bc3
=======================================================
[vertex] device-local=true:interleave=true:duration=10.0: FPS: 1307 FrameTime: 0.765 ms
[vertex] device-local=false:interleave=true:duration=10.0: FPS: 1256 FrameTime: 0.796 ms
[texture] anisotropy=0:texture-filter=linear:duration=10.0: FPS: 1275 FrameTime: 0.784 ms
[texture] anisotropy=16:texture-filter=linear:duration=10.0: FPS: 1277 FrameTime: 0.783 ms
[shading] shading=gouraud:duration=10.0: FPS: 1263 FrameTime: 0.792 ms
[shading] shading=blinn-phong-inf:duration=10.0: FPS: 1262 FrameTime: 0.792 ms
[shading] shading=phong:duration=10.0: FPS: 1218 FrameTime: 0.821 ms
[shading] shading=cel:duration=10.0: FPS: 1281 FrameTime: 0.781 ms
[effect2d] background-resolution=800x600:kernel=edge:duration=10.0: FPS: 1312 FrameTime: 0.762 ms
[effect2d] background-resolution=800x600:kernel=blur:duration=10.0: FPS: 1290 FrameTime: 0.775 ms
[desktop] background-resolution=800x600:windows=4:window-size=0.35:duration=10.0: FPS: 1252 FrameTime: 0.799 ms
[cube] duration=10.0: FPS: 1261 FrameTime: 0.793 ms
[clear] color=cycle:duration=10.0: FPS: 1100 FrameTime: 0.909 ms
=======================================================
                                   vkmark Score: 1258
=======================================================
