end_begin sid=1007 tracer=1005 members=24
term sid=1007 pid=1007 cmd=/usr/bin/dbus-run-session -- /usr/share/cursor/cursor --no-sandbox --disable-gpu-sandbox --disable-dev-shm-usage --ozone-platform=x11 --disable-gpu --user-data-
term sid=1007 pid=1008 cmd=dbus-daemon --nofork --print-address 4 --session 
term sid=1007 pid=1022 cmd=/usr/share/cursor/cursor --no-sandbox --disable-gpu-sandbox --disable-dev-shm-usage --ozone-platform=x11 --disable-gpu --user-data-dir=/root/build/proot-bench/p
term sid=1007 pid=1038 cmd=/usr/share/cursor/cursor --type=zygote --no-zygote-sandbox --no-sandbox --enable-logging=stderr 
term sid=1007 pid=1039 cmd=/usr/share/cursor/cursor --type=zygote --no-sandbox --enable-logging=stderr 
term sid=1007 pid=1367 cmd=/usr/libexec/gvfsd 
term sid=1007 pid=1397 cmd=/proc/self/exe --type=gpu-process --disable-gpu-sandbox --no-sandbox --disable-dev-shm-usage --ozone-platform=x11 --crashpad-handler-pid=0 --enable-crash-report
term sid=1007 pid=1449 cmd=/proc/self/exe --type=utility --utility-sub-type=network.mojom.NetworkService --lang=en-US --service-sandbox-type=none --no-sandbox --disable-dev-shm-usage --cr
term sid=1007 pid=1513 cmd=/usr/libexec/xdg-desktop-portal 
term sid=1007 pid=1564 cmd=/usr/libexec/xdg-permission-store 
term sid=1007 pid=1647 cmd=/usr/libexec/xdg-desktop-portal-gtk 
term sid=1007 pid=1700 cmd=/usr/libexec/at-spi-bus-launcher 
term sid=1007 pid=1725 cmd=/proc/self/exe --type=utility --utility-sub-type=node.mojom.NodeService --lang=en-US --service-sandbox-type=none --no-sandbox --disable-dev-shm-usage --crashpad
term sid=1007 pid=1729 cmd=/usr/share/cursor/cursor --type=zygote --no-sandbox --enable-logging=stderr 
term sid=1007 pid=2056 cmd=/proc/self/exe --type=utility --utility-sub-type=node.mojom.NodeService --lang=en-US --service-sandbox-type=none --no-sandbox --disable-dev-shm-usage --dns-resu
term sid=1007 pid=2063 cmd=/proc/self/exe --type=utility --utility-sub-type=audio.mojom.AudioService --lang=en-US --service-sandbox-type=none --no-sandbox --disable-dev-shm-usage --crashp
term sid=1007 pid=2161 cmd=/proc/self/exe --type=utility --utility-sub-type=node.mojom.NodeService --lang=en-US --service-sandbox-type=none --no-sandbox --disable-dev-shm-usage --crashpad
term sid=1007 pid=2252 cmd=/proc/self/exe --type=utility --utility-sub-type=node.mojom.NodeService --lang=en-US --service-sandbox-type=none --no-sandbox --disable-dev-shm-usage --crashpad
term sid=1007 pid=2495 cmd=/proc/self/exe --type=utility --utility-sub-type=node.mojom.NodeService --lang=en-US --service-sandbox-type=none --no-sandbox --disable-dev-shm-usage --dns-resu
term sid=1007 pid=2496 cmd=/proc/self/exe --type=utility --utility-sub-type=node.mojom.NodeService --lang=en-US --service-sandbox-type=none --no-sandbox --disable-dev-shm-usage --dns-resu
term sid=1007 pid=2528 cmd=/proc/self/exe --type=utility --utility-sub-type=node.mojom.NodeService --lang=en-US --service-sandbox-type=none --no-sandbox --disable-dev-shm-usage --dns-resu
term sid=1007 pid=2994 cmd=/usr/share/cursor/cursor /usr/share/cursor/resources/app/extensions/json-language-features/server/dist/node/jsonServerMain --node-ipc --clientProcessId=2056 
term sid=1007 pid=3437 cmd=/proc/self/exe --type=utility --utility-sub-type=node.mojom.NodeService --lang=en-US --service-sandbox-type=none --no-sandbox --disable-dev-shm-usage --crashpad
term sid=1007 pid=3590 cmd=/usr/share/cursor/cursor --dns-result-order=ipv4first --experimental-network-inspection /usr/share/cursor/resources/app/extensions/cursor-always-local/dist/gitW
END survivors=0 tracer_gone=true
