end_begin sid=18586 tracer=18584 members=25
term sid=18586 pid=18586 cmd=/usr/bin/dbus-run-session -- /usr/share/cursor/cursor --no-sandbox --disable-gpu-sandbox --disable-dev-shm-usage --ozone-platform=x11 --disable-gpu --user-data-
term sid=18586 pid=18587 cmd=dbus-daemon --nofork --print-address 4 --session 
term sid=18586 pid=18592 cmd=/usr/share/cursor/cursor --no-sandbox --disable-gpu-sandbox --disable-dev-shm-usage --ozone-platform=x11 --disable-gpu --user-data-dir=/root/build/proot-bench/p
term sid=18586 pid=18613 cmd=/usr/share/cursor/cursor --type=zygote --no-zygote-sandbox --no-sandbox --enable-logging=stderr 
term sid=18586 pid=18614 cmd=/usr/share/cursor/cursor --type=zygote --no-sandbox --enable-logging=stderr 
term sid=18586 pid=18741 cmd=/usr/libexec/gvfsd 
term sid=18586 pid=18758 cmd=/proc/self/exe --type=gpu-process --disable-gpu-sandbox --no-sandbox --disable-dev-shm-usage --ozone-platform=x11 --crashpad-handler-pid=0 --enable-crash-report
term sid=18586 pid=18763 cmd=/proc/self/exe --type=utility --utility-sub-type=network.mojom.NetworkService --lang=en-US --service-sandbox-type=none --no-sandbox --disable-dev-shm-usage --cr
term sid=18586 pid=18781 cmd=/usr/libexec/xdg-desktop-portal 
term sid=18586 pid=18810 cmd=/usr/libexec/xdg-permission-store 
term sid=18586 pid=18825 cmd=/usr/libexec/xdg-desktop-portal-gtk 
term sid=18586 pid=18827 cmd=/usr/libexec/at-spi-bus-launcher 
term sid=18586 pid=18835 cmd=/usr/bin/dbus-daemon --config-file=/usr/share/defaults/at-spi2/accessibility.conf --nofork --print-address 11 --address=unix:path=/root/build/proot-bench/home-r
term sid=18586 pid=18853 cmd=/usr/libexec/at-spi2-registryd --use-gnome-session 
term sid=18586 pid=18872 cmd=/proc/self/exe --type=utility --utility-sub-type=node.mojom.NodeService --lang=en-US --service-sandbox-type=none --no-sandbox --disable-dev-shm-usage --crashpad
term sid=18586 pid=18877 cmd=/usr/share/cursor/cursor --type=zygote --no-sandbox --enable-logging=stderr 
term sid=18586 pid=19105 cmd=/proc/self/exe --type=utility --utility-sub-type=node.mojom.NodeService --lang=en-US --service-sandbox-type=none --no-sandbox --disable-dev-shm-usage --dns-resu
term sid=18586 pid=19136 cmd=/proc/self/exe --type=utility --utility-sub-type=node.mojom.NodeService --lang=en-US --service-sandbox-type=none --no-sandbox --disable-dev-shm-usage --crashpad
term sid=18586 pid=19171 cmd=/proc/self/exe --type=utility --utility-sub-type=audio.mojom.AudioService --lang=en-US --service-sandbox-type=none --no-sandbox --disable-dev-shm-usage --crashp
term sid=18586 pid=19211 cmd=/proc/self/exe --type=utility --utility-sub-type=node.mojom.NodeService --lang=en-US --service-sandbox-type=none --no-sandbox --disable-dev-shm-usage --crashpad
term sid=18586 pid=19252 cmd=/proc/self/exe --type=utility --utility-sub-type=node.mojom.NodeService --lang=en-US --service-sandbox-type=none --no-sandbox --disable-dev-shm-usage --dns-resu
term sid=18586 pid=19253 cmd=/proc/self/exe --type=utility --utility-sub-type=node.mojom.NodeService --lang=en-US --service-sandbox-type=none --no-sandbox --disable-dev-shm-usage --dns-resu
term sid=18586 pid=19261 cmd=/proc/self/exe --type=utility --utility-sub-type=node.mojom.NodeService --lang=en-US --service-sandbox-type=none --no-sandbox --disable-dev-shm-usage --dns-resu
term sid=18586 pid=19513 cmd=/proc/self/exe --type=utility --utility-sub-type=node.mojom.NodeService --lang=en-US --service-sandbox-type=none --no-sandbox --disable-dev-shm-usage --crashpad
term sid=18586 pid=19561 cmd=/usr/share/cursor/cursor --dns-result-order=ipv4first --experimental-network-inspection /usr/share/cursor/resources/app/extensions/cursor-always-local/dist/gitW
END survivors=0 tracer_gone=true
