proot warning: can't sanitize binding "/storage/self/primary": Permission denied
proot warning: can't sanitize binding "/storage/self/primary": Permission denied
proot warning: can't sanitize binding "/storage/self/primary": Permission denied
proot warning: can't sanitize binding "/storage/self/primary": Permission denied
dbus-daemon[25906]: [session uid=0 pid=25906] org.freedesktop.DBus.Error.AccessDenied: Failed to set fd limit to 65536: Operation not permitted
[25916:0924/185516.356567:ERROR:dbus/bus.cc:406] Failed to connect to the bus: Failed to connect to socket /run/dbus/system_bus_socket: No such file or directory
SystemError [ERR_SYSTEM_ERROR]: A system error occurred: uv_interface_addresses returned Unknown system error 22 (Unknown system error 22)
    at networkInterfaces (node:os:218:16)
    at uJe (file:///usr/share/cursor/resources/app/out/main.js:385:1889)
    at mJe (file:///usr/share/cursor/resources/app/out/main.js:385:2071)
    at file:///usr/share/cursor/resources/app/out/main.js:385:7270
    at ModuleJob.run (node:internal/modules/esm/module_job:437:25)
    at process.processTicksAndRejections (node:internal/process/task_queues:104:5)
    at async onImport.tracePromise.__proto__ (node:internal/modules/esm/loader:639:26)
    at async node:electron/js2c/browser_init:2:144690
    at async asyncRunEntryPointWithESMLoader (node:internal/modules/run_main:116:5) {
  code: 'ERR_SYSTEM_ERROR',
  info: {
    errno: 22,
    code: 'Unknown system error 22',
    message: 'Unknown system error 22',
    syscall: 'uv_interface_addresses'
  },
  errno: [Getter/Setter: 22],
  syscall: [Getter/Setter: 'uv_interface_addresses']
}
(node:25916) [DEP0040] DeprecationWarning: The `punycode` module is deprecated. Please use a userland alternative instead.
(Use `cursor --trace-deprecation ...` to show where the warning was created)
dbus-daemon[25906]: [session uid=0 pid=25906] Activating service name='org.gtk.vfs.Daemon' requested by ':1.0' (uid=0 pid=25916 comm="/usr/share/cursor/cursor --no-sandbox --disable-gp" label="u:r:runas_app:s0:c109,c257,c512,c768")
dbus-daemon[25906]: [session uid=0 pid=25906] Successfully activated service 'org.gtk.vfs.Daemon'
[25916:0924/185518.923262:ERROR:net/base/address_tracker_linux.cc:363] Could not send NETLINK request: Invalid argument (22)
[25916:0924/185518.923466:ERROR:dbus/bus.cc:406] Failed to connect to the bus: Failed to connect to socket /run/dbus/system_bus_socket: No such file or directory
[25916:0924/185518.923790:ERROR:dbus/bus.cc:406] Failed to connect to the bus: Failed to connect to socket /run/dbus/system_bus_socket: No such file or directory
[25916:0924/185518.924028:ERROR:dbus/bus.cc:406] Failed to connect to the bus: Failed to connect to socket /run/dbus/system_bus_socket: No such file or directory
[25916:0924/185518.924208:ERROR:dbus/bus.cc:406] Failed to connect to the bus: Failed to connect to socket /run/dbus/system_bus_socket: No such file or directory
[25916:0924/185518.924387:ERROR:dbus/bus.cc:406] Failed to connect to the bus: Failed to connect to socket /run/dbus/system_bus_socket: No such file or directory
[25916:0924/185518.936756:ERROR:device/udev_linux/udev_watcher.cc:51] Failed to initialize a udev monitor.

DevTools listening on ws://127.0.0.1:9262/devtools/browser/f6126abc-a18d-4161-bcdc-0d6baf9db949
[25916:0924/185519.015529:WARNING:device/bluetooth/dbus/bluez_dbus_manager.cc:209] Floss manager service not available, cannot set Floss enable/disable.
[25916:0924/185519.015589:WARNING:electron/shell/browser/lib/power_observer_linux.cc:181] Failed to connect to PrepareForShutdown
[25916:0924/185519.015623:WARNING:electron/shell/browser/lib/power_observer_linux.cc:181] Failed to connect to PrepareForSleep
[25916:0924/185519.015657:WARNING:electron/shell/browser/lib/power_observer_linux.cc:70] org.freedesktop.login1 not available
dbus-daemon[25906]: [session uid=0 pid=25906] Activating service name='org.freedesktop.portal.Desktop' requested by ':1.3' (uid=0 pid=25916 comm="/usr/share/cursor/cursor --no-sandbox --disable-gp" label="u:r:runas_app:s0:c109,c257,c512,c768")
dbus-daemon[25906]: [session uid=0 pid=25906] Activating service name='org.freedesktop.portal.Documents' requested by ':1.4' (uid=0 pid=26037 comm="/usr/libexec/xdg-desktop-portal" label="u:r:runas_app:s0:c109,c257,c512,c768")
dbus-daemon[25906]: [session uid=0 pid=25906] Activating service name='org.freedesktop.impl.portal.PermissionStore' requested by ':1.5' (uid=0 pid=26048 comm="/usr/libexec/xdg-document-portal" label="u:r:runas_app:s0:c109,c257,c512,c768")
dbus-daemon[25906]: [session uid=0 pid=25906] Successfully activated service 'org.freedesktop.impl.portal.PermissionStore'
dbus-daemon[25906]: [session uid=0 pid=25906] Successfully activated service 'org.freedesktop.portal.Documents'
fusermount3: failed to open /dev/fuse: Permission denied
error: fuse init failed: Can't mount path /root/build/proot-bench/home-r01-2-pf/runtime/doc

(/usr/libexec/xdg-desktop-portal:26037): xdg-desktop-portal-WARNING **: 18:55:19.114: Choosing gtk.portal for org.freedesktop.impl.portal.Lockdown as a last-resort fallback

(/usr/libexec/xdg-desktop-portal:26037): xdg-desktop-portal-WARNING **: 18:55:19.114: The preferred method to match portal implementations to desktop environments is to use the portals.conf(5) configuration file
dbus-daemon[25906]: [session uid=0 pid=25906] Activating service name='org.freedesktop.impl.portal.desktop.gtk' requested by ':1.4' (uid=0 pid=26037 comm="/usr/libexec/xdg-desktop-portal" label="u:r:runas_app:s0:c109,c257,c512,c768")
Warning: 'remote-debugging-port' is not in the list of known options, but still passed to Electron/Chromium.
Warning: 'enable-logging' is not in the list of known options, but still passed to Electron/Chromium.

(xdg-desktop-portal-gtk:26074): dbind-WARNING **: 18:55:19.175: Couldn't connect to accessibility bus: Failed to connect to socket /root/build/proot-bench/home-r01-1-p0/runtime/at-spi/bus_3: No such file or directory

(xdg-desktop-portal-gtk:26074): xdg-desktop-portal-gtk-WARNING **: 18:55:19.190: error: Could not connect: No such file or directory

dbus-daemon[25906]: [session uid=0 pid=25906] Successfully activated service 'org.freedesktop.impl.portal.desktop.gtk'

(/usr/libexec/xdg-desktop-portal:26037): xdg-desktop-portal-WARNING **: 18:55:19.387: Failed to create RealtimeKit proxy: Could not connect: No such file or directory

(/usr/libexec/xdg-desktop-portal:26037): xdg-desktop-portal-WARNING **: 18:55:19.387: No skeleton to export

(/usr/libexec/xdg-desktop-portal:26037): xdg-desktop-portal-WARNING **: 18:55:19.387: Choosing gtk.portal for org.freedesktop.impl.portal.FileChooser as a last-resort fallback

(/usr/libexec/xdg-desktop-portal:26037): xdg-desktop-portal-WARNING **: 18:55:19.389: Choosing gtk.portal for org.freedesktop.impl.portal.AppChooser as a last-resort fallback

(/usr/libexec/xdg-desktop-portal:26037): xdg-desktop-portal-WARNING **: 18:55:19.391: Choosing gtk.portal for org.freedesktop.impl.portal.Print as a last-resort fallback

(/usr/libexec/xdg-desktop-portal:26037): xdg-desktop-portal-WARNING **: 18:55:19.393: Choosing gtk.portal for org.freedesktop.impl.portal.Notification as a last-resort fallback

(/usr/libexec/xdg-desktop-portal:26037): xdg-desktop-portal-WARNING **: 18:55:19.394: Choosing gtk.portal for org.freedesktop.impl.portal.Inhibit as a last-resort fallback

(/usr/libexec/xdg-desktop-portal:26037): xdg-desktop-portal-WARNING **: 18:55:19.396: Choosing gtk.portal for org.freedesktop.impl.portal.Access as a last-resort fallback
[W][02805.247204] pw.conf      | [          conf.c: 1031 try_load_conf()] can't load config client.conf: No such file or directory
[E][02805.247221] pw.conf      | [          conf.c: 1060 pw_conf_load_conf_for_context()] can't load config client.conf: No such file or directory

(/usr/libexec/xdg-desktop-portal:26037): xdg-desktop-portal-WARNING **: 18:55:19.411: Failed connect to PipeWire: Couldn't create PipeWire context

(/usr/libexec/xdg-desktop-portal:26037): xdg-desktop-portal-WARNING **: 18:55:19.411: Choosing gtk.portal for org.freedesktop.impl.portal.Account as a last-resort fallback

(/usr/libexec/xdg-desktop-portal:26037): xdg-desktop-portal-WARNING **: 18:55:19.419: Choosing gtk.portal for org.freedesktop.impl.portal.Email as a last-resort fallback

(/usr/libexec/xdg-desktop-portal:26037): xdg-desktop-portal-WARNING **: 18:55:19.422: Choosing gtk.portal for org.freedesktop.impl.portal.DynamicLauncher as a last-resort fallback
dbus-daemon[25906]: [session uid=0 pid=25906] Successfully activated service 'org.freedesktop.portal.Desktop'
[25916:0924/185519.429261:ERROR:dbus/bus.cc:406] Failed to connect to the bus: Failed to connect to socket /run/dbus/system_bus_socket: No such file or directory
[91m[main 2026-09-24T10:55:19.434Z][0m [uncaught exception in main]: Error: write EFAULT Error: write EFAULT
    at afterWriteDispatched (node:internal/stream_base_commons:159:15)
    at writeGeneric (node:internal/stream_base_commons:150:3)
    at Socket._writeGeneric (node:net:1025:11)
    at Socket._write (node:net:1037:8)
    at writeOrBuffer (node:internal/streams/writable:570:12)
    at _write (node:internal/streams/writable:499:10)
    at Writable.write (node:internal/streams/writable:508:10)
    at execSync (node:child_process:1009:20)
    at K6 (file:///usr/share/cursor/resources/app/out/main.js:66:391)
    at $w._getTrueMachineId (file:///usr/share/cursor/resources/app/out/main.js:201:32229)
    at new $w (file:///usr/share/cursor/resources/app/out/main.js:201:31887)
    at GO._createInstance (file:///usr/share/cursor/resources/app/out/main.js:367:1498)
    at GO._createServiceInstance (file:///usr/share/cursor/resources/app/out/main.js:367:5220)
    at GO._createServiceInstanceWithOwner (file:///usr/share/cursor/resources/app/out/main.js:367:3719)
    at GO._createAndCacheServiceInstance (file:///usr/share/cursor/resources/app/out/main.js:367:3366)
    at GO._safeCreateAndCacheServiceInstance (file:///usr/share/cursor/resources/app/out/main.js:367:2413)
    at GO._getOrCreateServiceInstance (file:///usr/share/cursor/resources/app/out/main.js:367:2134)
    at Object.get (file:///usr/share/cursor/resources/app/out/main.js:367:552)
    at ou.initChannels (file:///usr/share/cursor/resources/app/out/main.js:331:19896)
    at file:///usr/share/cursor/resources/app/out/main.js:331:7827
    at GO.invokeFunction (file:///usr/share/cursor/resources/app/out/main.js:367:437)
    at ou.startup (file:///usr/share/cursor/resources/app/out/main.js:331:7804)
    at async sCe.startup (file:///usr/share/cursor/resources/app/out/main.js:371:43868) {
  errno: -14,
  code: 'EFAULT',
  syscall: 'write'
}
[25916:0924/185519.436858:ERROR:dbus/object_proxy.cc:573] Failed to call method: org.freedesktop.login1.Manager.Inhibit: object_path= /org/freedesktop/login1: unknown error type: 
[25916:0924/185519.438220:WARNING:components/dbus/xdg/portal.cc:122] Failed to register with org.freedesktop.host.portal.Registry
dbus-daemon[25906]: [session uid=0 pid=25906] Activating service name='org.a11y.Bus' requested by ':1.0' (uid=0 pid=25916 comm="/usr/share/cursor/cursor --no-sandbox --disable-gp" label="u:r:runas_app:s0:c109,c257,c512,c768")
dbus-daemon[25906]: [session uid=0 pid=25906] Successfully activated service 'org.a11y.Bus'
[90m[main 2026-09-24T10:55:19.624Z][0m update#ctor - updates are managed by the deb package manager
[90m[main 2026-09-24T10:55:19.625Z][0m update#setState disabled
[90m[main 2026-09-24T10:55:19.625Z][0m update#ctor - updates are disabled by the platform installation method
[25916:0924/185520.426301:INFO:CONSOLE:702] "This document requires 'TrustedScript' assignment. The action has been blocked.", source: vscode-file://vscode-app/usr/share/cursor/resources/app/out/vs/workbench/workbench.desktop.main.js (702)
[25916:0924/185520.426366:INFO:CONSOLE:702] "The JavaScript Function constructor does not accept TrustedString arguments. See https://github.com/w3c/webappsec-trusted-types/wiki/Trusted-Types-for-function-constructor for more information.", source: vscode-file://vscode-app/usr/share/cursor/resources/app/out/vs/workbench/workbench.desktop.main.js (702)
[25916:0924/185520.545053:INFO:CONSOLE:6693] "This document requires 'TrustedScript' assignment. The action has been blocked.", source: vscode-file://vscode-app/usr/share/cursor/resources/app/out/vs/workbench/workbench.desktop.main.js (6693)
[25916:0924/185520.545115:INFO:CONSOLE:6693] "The JavaScript Function constructor does not accept TrustedString arguments. See https://github.com/w3c/webappsec-trusted-types/wiki/Trusted-Types-for-function-constructor for more information.", source: vscode-file://vscode-app/usr/share/cursor/resources/app/out/vs/workbench/workbench.desktop.main.js (6693)
[25916:0924/185520.999438:INFO:CONSOLE:64] "%c WARN color: #993 Missing property "alwaysKeepComposerInBound" in oldValue. Filling with value from initValue. Please add a migration if necessary.", source: vscode-file://vscode-app/usr/share/cursor/resources/app/out/vs/workbench/workbench.desktop.main.js (64)
[25916:0924/185520.999542:INFO:CONSOLE:64] "%c WARN color: #993 Missing property "defaultCapabilities" in oldValue. Filling with value from initValue. Please add a migration if necessary.", source: vscode-file://vscode-app/usr/share/cursor/resources/app/out/vs/workbench/workbench.desktop.main.js (64)
[25916:0924/185520.999603:INFO:CONSOLE:64] "%c WARN color: #993 Missing property "autoApplyFilesOutsideContext" in oldValue. Filling with value from initValue. Please add a migration if necessary.", source: vscode-file://vscode-app/usr/share/cursor/resources/app/out/vs/workbench/workbench.desktop.main.js (64)
[25916:0924/185520.999673:INFO:CONSOLE:64] "%c WARN color: #993 Missing property "yoloCommandAllowlist" in oldValue. Filling with value from initValue. Please add a migration if necessary.", source: vscode-file://vscode-app/usr/share/cursor/resources/app/out/vs/workbench/workbench.desktop.main.js (64)
[25916:0924/185520.999982:INFO:CONSOLE:64] "%c WARN color: #993 Missing property "yoloCommandDenylist" in oldValue. Filling with value from initValue. Please add a migration if necessary.", source: vscode-file://vscode-app/usr/share/cursor/resources/app/out/vs/workbench/workbench.desktop.main.js (64)
[25916:0924/185521.000028:INFO:CONSOLE:64] "%c WARN color: #993 Missing property "smartAllowlistDenylist" in oldValue. Filling with value from initValue. Please add a migration if necessary.", source: vscode-file://vscode-app/usr/share/cursor/resources/app/out/vs/workbench/workbench.desktop.main.js (64)
[25916:0924/185521.000076:INFO:CONSOLE:64] "%c WARN color: #993 Missing property "yoloMcpToolsDisabled" in oldValue. Filling with value from initValue. Please add a migration if necessary.", source: vscode-file://vscode-app/usr/share/cursor/resources/app/out/vs/workbench/workbench.desktop.main.js (64)
[25916:0924/185521.000121:INFO:CONSOLE:64] "%c WARN color: #993 Missing property "doNotShowYoloModeWarningAgain" in oldValue. Filling with value from initValue. Please add a migration if necessary.", source: vscode-file://vscode-app/usr/share/cursor/resources/app/out/vs/workbench/workbench.desktop.main.js (64)
[25916:0924/185521.000155:INFO:CONSOLE:64] "%c WARN color: #993 Missing property "doNotShowFullYoloModeWarningAgain" in oldValue. Filling with value from initValue. Please add a migration if necessary.", source: vscode-file://vscode-app/usr/share/cursor/resources/app/out/vs/workbench/workbench.desktop.main.js (64)
[25916:0924/185521.000188:INFO:CONSOLE:64] "%c WARN color: #993 Missing property "selectedFakeStreamerId" in oldValue. Filling with value from initValue. Please add a migration if necessary.", source: vscode-file://vscode-app/usr/share/cursor/resources/app/out/vs/workbench/workbench.desktop.main.js (64)
[25916:0924/185521.000220:INFO:CONSOLE:64] "%c WARN color: #993 Missing property "yoloDeleteFileDisabled" in oldValue. Filling with value from initValue. Please add a migration if necessary.", source: vscode-file://vscode-app/usr/share/cursor/resources/app/out/vs/workbench/workbench.desktop.main.js (64)
[25916:0924/185521.000241:INFO:CONSOLE:64] "%c WARN color: #993 Missing property "yoloOutsideWorkspaceDisabled" in oldValue. Filling with value from initValue. Please add a migration if necessary.", source: vscode-file://vscode-app/usr/share/cursor/resources/app/out/vs/workbench/workbench.desktop.main.js (64)
[25916:0924/185521.000267:INFO:CONSOLE:64] "%c WARN color: #993 Missing property "yoloEnableRunEverything" in oldValue. Filling with value from initValue. Please add a migration if necessary.", source: vscode-file://vscode-app/usr/share/cursor/resources/app/out/vs/workbench/workbench.desktop.main.js (64)
[25916:0924/185521.000402:INFO:CONSOLE:64] "%c WARN color: #993 Missing property "enableSmartAuto" in oldValue. Filling with value from initValue. Please add a migration if necessary.", source: vscode-file://vscode-app/usr/share/cursor/resources/app/out/vs/workbench/workbench.desktop.main.js (64)
[25916:0924/185521.000439:INFO:CONSOLE:64] "%c WARN color: #993 Missing property "isWebSearchToolEnabled" in oldValue. Filling with value from initValue. Please add a migration if necessary.", source: vscode-file://vscode-app/usr/share/cursor/resources/app/out/vs/workbench/workbench.desktop.main.js (64)
[25916:0924/185521.000484:INFO:CONSOLE:64] "%c WARN color: #993 Missing property "isWebSearchToolEnabled2" in oldValue. Filling with value from initValue. Please add a migration if necessary.", source: vscode-file://vscode-app/usr/share/cursor/resources/app/out/vs/workbench/workbench.desktop.main.js (64)
[25916:0924/185521.000515:INFO:CONSOLE:64] "%c WARN color: #993 Missing property "isWebSearchToolEnabled3" in oldValue. Filling with value from initValue. Please add a migration if necessary.", source: vscode-file://vscode-app/usr/share/cursor/resources/app/out/vs/workbench/workbench.desktop.main.js (64)
[25916:0924/185521.000548:INFO:CONSOLE:64] "%c WARN color: #993 Missing property "autoAcceptWebSearchTool" in oldValue. Filling with value from initValue. Please add a migration if necessary.", source: vscode-file://vscode-app/usr/share/cursor/resources/app/out/vs/workbench/workbench.desktop.main.js (64)
[25916:0924/185521.000577:INFO:CONSOLE:64] "%c WARN color: #993 Missing property "isWebFetchToolEnabled" in oldValue. Filling with value from initValue. Please add a migration if necessary.", source: vscode-file://vscode-app/usr/share/cursor/resources/app/out/vs/workbench/workbench.desktop.main.js (64)
[25916:0924/185521.000627:INFO:CONSOLE:64] "%c WARN color: #993 Missing property "webFetchDomainAllowlist" in oldValue. Filling with value from initValue. Please add a migration if necessary.", source: vscode-file://vscode-app/usr/share/cursor/resources/app/out/vs/workbench/workbench.desktop.main.js (64)
[25916:0924/185521.000653:INFO:CONSOLE:64] "%c WARN color: #993 Missing property "autoApproveModeTransitions" in oldValue. Filling with value from initValue. Please add a migration if necessary.", source: vscode-file://vscode-app/usr/share/cursor/resources/app/out/vs/workbench/workbench.desktop.main.js (64)
[25916:0924/185521.000686:INFO:CONSOLE:64] "%c WARN color: #993 Missing property "mcpAuthBlocking" in oldValue. Filling with value from initValue. Please add a migration if necessary.", source: vscode-file://vscode-app/usr/share/cursor/resources/app/out/vs/workbench/workbench.desktop.main.js (64)
[25916:0924/185521.000712:INFO:CONSOLE:64] "%c WARN color: #993 Missing property "autoApprovedModeTransitions" in oldValue. Filling with value from initValue. Please add a migration if necessary.", source: vscode-file://vscode-app/usr/share/cursor/resources/app/out/vs/workbench/workbench.desktop.main.js (64)
[25916:0924/185521.000985:INFO:CONSOLE:64] "%c WARN color: #993 Missing property "autoRejectedModeTransitions" in oldValue. Filling with value from initValue. Please add a migration if necessary.", source: vscode-file://vscode-app/usr/share/cursor/resources/app/out/vs/workbench/workbench.desktop.main.js (64)
[25916:0924/185521.001026:INFO:CONSOLE:64] "%c WARN color: #993 Missing property "backgroundComposerEnv" in oldValue. Filling with value from initValue. Please add a migration if necessary.", source: vscode-file://vscode-app/usr/share/cursor/resources/app/out/vs/workbench/workbench.desktop.main.js (64)
[25916:0924/185521.001075:INFO:CONSOLE:64] "%c WARN color: #993 Missing property "useLegacyTerminalTool" in oldValue. Filling with value from initValue. Please add a migration if necessary.", source: vscode-file://vscode-app/usr/share/cursor/resources/app/out/vs/workbench/workbench.desktop.main.js (64)
[25916:0924/185521.001142:INFO:CONSOLE:64] "%c WARN color: #993 Missing property "modes4" in oldValue. Filling with value from initValue. Please add a migration if necessary.", source: vscode-file://vscode-app/usr/share/cursor/resources/app/out/vs/workbench/workbench.desktop.main.js (64)
[25916:0924/185521.001170:INFO:CONSOLE:64] "%c WARN color: #993 Missing property "codeBlockDisplayPreference" in oldValue. Filling with value from initValue. Please add a migration if necessary.", source: vscode-file://vscode-app/usr/share/cursor/resources/app/out/vs/workbench/workbench.desktop.main.js (64)
[25916:0924/185521.001192:INFO:CONSOLE:64] "%c WARN color: #993 Missing property "thinkingLevel" in oldValue. Filling with value from initValue. Please add a migration if necessary.", source: vscode-file://vscode-app/usr/share/cursor/resources/app/out/vs/workbench/workbench.desktop.main.js (64)
[25916:0924/185521.001220:INFO:CONSOLE:64] "%c WARN color: #993 Missing property "composerMigrationVersion" in oldValue. Filling with value from initValue. Please add a migration if necessary.", source: vscode-file://vscode-app/usr/share/cursor/resources/app/out/vs/workbench/workbench.desktop.main.js (64)
[25916:0924/185521.001259:INFO:CONSOLE:64] "%c WARN color: #993 Missing property "mcpServers" in oldValue. Filling with value from initValue. Please add a migration if necessary.", source: vscode-file://vscode-app/usr/share/cursor/resources/app/out/vs/workbench/workbench.desktop.main.js (64)
[25916:0924/185521.001290:INFO:CONSOLE:64] "%c WARN color: #993 Missing property "mcpDisabledTools" in oldValue. Filling with value from initValue. Please add a migration if necessary.", source: vscode-file://vscode-app/usr/share/cursor/resources/app/out/vs/workbench/workbench.desktop.main.js (64)
[25916:0924/185521.002653:INFO:CONSOLE:64] "%c WARN color: #993 Missing property "availableDefaultModels2" in oldValue. Filling with value from initValue. Please add a migration if necessary.", source: vscode-file://vscode-app/usr/share/cursor/resources/app/out/vs/workbench/workbench.desktop.main.js (64)
[25916:0924/185521.002688:INFO:CONSOLE:64] "%c WARN color: #993 Missing property "featureModelConfigs" in oldValue. Filling with value from initValue. Please add a migration if necessary.", source: vscode-file://vscode-app/usr/share/cursor/resources/app/out/vs/workbench/workbench.desktop.main.js (64)
[25916:0924/185521.002720:INFO:CONSOLE:64] "%c WARN color: #993 Missing property "backgroundComposerState" in oldValue. Filling with value from initValue. Please add a migration if necessary.", source: vscode-file://vscode-app/usr/share/cursor/resources/app/out/vs/workbench/workbench.desktop.main.js (64)
[25916:0924/185521.002742:INFO:CONSOLE:64] "%c WARN color: #993 Missing property "dialogDontAskAgainPreferences" in oldValue. Filling with value from initValue. Please add a migration if necessary.", source: vscode-file://vscode-app/usr/share/cursor/resources/app/out/vs/workbench/workbench.desktop.main.js (64)
[25916:0924/185521.002914:INFO:CONSOLE:64] "%c WARN color: #993 Missing property "cursorIgnore" in oldValue. Filling with value from initValue. Please add a migration if necessary.", source: vscode-file://vscode-app/usr/share/cursor/resources/app/out/vs/workbench/workbench.desktop.main.js (64)
[25916:0924/185521.002946:INFO:CONSOLE:64] "%c WARN color: #993 Missing property "teamAdminSettings" in oldValue. Filling with value from initValue. Please add a migration if necessary.", source: vscode-file://vscode-app/usr/share/cursor/resources/app/out/vs/workbench/workbench.desktop.main.js (64)
[25916:0924/185521.002972:INFO:CONSOLE:64] "%c WARN color: #993 Missing property "shouldShowViewZoneWhenPreviewBoxIsClipped6" in oldValue. Filling with value from initValue. Please add a migration if necessary.", source: vscode-file://vscode-app/usr/share/cursor/resources/app/out/vs/workbench/workbench.desktop.main.js (64)
[25916:0924/185521.003007:INFO:CONSOLE:64] "%c WARN color: #993 Missing property "cppModelsState" in oldValue. Filling with value from initValue. Please add a migration if necessary.", source: vscode-file://vscode-app/usr/share/cursor/resources/app/out/vs/workbench/workbench.desktop.main.js (64)
[25916:0924/185521.003033:INFO:CONSOLE:64] "%c WARN color: #993 Missing property "aiSettings" in oldValue. Filling with value from initValue. Please add a migration if necessary.", source: vscode-file://vscode-app/usr/share/cursor/resources/app/out/vs/workbench/workbench.desktop.main.js (64)
[25916:0924/185521.003060:INFO:CONSOLE:64] "%c WARN color: #993 Missing property "authenticationSettings" in oldValue. Filling with value from initValue. Please add a migration if necessary.", source: vscode-file://vscode-app/usr/share/cursor/resources/app/out/vs/workbench/workbench.desktop.main.js (64)
[25916:0924/185521.003085:INFO:CONSOLE:64] "%c WARN color: #993 Missing property "websiteUrl" in oldValue. Filling with value from initValue. Please add a migration if necessary.", source: vscode-file://vscode-app/usr/share/cursor/resources/app/out/vs/workbench/workbench.desktop.main.js (64)
[25916:0924/185521.003108:INFO:CONSOLE:64] "%c WARN color: #993 Missing property "backendUrl" in oldValue. Filling with value from initValue. Please add a migration if necessary.", source: vscode-file://vscode-app/usr/share/cursor/resources/app/out/vs/workbench/workbench.desktop.main.js (64)
[25916:0924/185521.003136:INFO:CONSOLE:64] "%c WARN color: #993 Missing property "authClientId" in oldValue. Filling with value from initValue. Please add a migration if necessary.", source: vscode-file://vscode-app/usr/share/cursor/resources/app/out/vs/workbench/workbench.desktop.main.js (64)
[25916:0924/185521.003161:INFO:CONSOLE:64] "%c WARN color: #993 Missing property "authDomain" in oldValue. Filling with value from initValue. Please add a migration if necessary.", source: vscode-file://vscode-app/usr/share/cursor/resources/app/out/vs/workbench/workbench.desktop.main.js (64)
[25916:0924/185521.004431:INFO:CONSOLE:64] "%c WARN color: #993 Missing property "repoBackendUrl" in oldValue. Filling with value from initValue. Please add a migration if necessary.", source: vscode-file://vscode-app/usr/share/cursor/resources/app/out/vs/workbench/workbench.desktop.main.js (64)
[25916:0924/185521.004466:INFO:CONSOLE:64] "%c WARN color: #993 Missing property "telemBackendUrl" in oldValue. Filling with value from initValue. Please add a migration if necessary.", source: vscode-file://vscode-app/usr/share/cursor/resources/app/out/vs/workbench/workbench.desktop.main.js (64)
[25916:0924/185521.004491:INFO:CONSOLE:64] "%c WARN color: #993 Missing property "cmdkBackendUrl" in oldValue. Filling with value from initValue. Please add a migration if necessary.", source: vscode-file://vscode-app/usr/share/cursor/resources/app/out/vs/workbench/workbench.desktop.main.js (64)
[25916:0924/185521.004514:INFO:CONSOLE:64] "%c WARN color: #993 Missing property "geoCppBackendUrl" in oldValue. Filling with value from initValue. Please add a migration if necessary.", source: vscode-file://vscode-app/usr/share/cursor/resources/app/out/vs/workbench/workbench.desktop.main.js (64)
[25916:0924/185521.004570:INFO:CONSOLE:64] "%c WARN color: #993 Missing property "cppConfigBackendUrl" in oldValue. Filling with value from initValue. Please add a migration if necessary.", source: vscode-file://vscode-app/usr/share/cursor/resources/app/out/vs/workbench/workbench.desktop.main.js (64)
[25916:0924/185521.004598:INFO:CONSOLE:64] "%c WARN color: #993 Missing property "originBackendUrl" in oldValue. Filling with value from initValue. Please add a migration if necessary.", source: vscode-file://vscode-app/usr/share/cursor/resources/app/out/vs/workbench/workbench.desktop.main.js (64)
[25916:0924/185521.004624:INFO:CONSOLE:64] "%c WARN color: #993 Missing property "bcProxyUrl" in oldValue. Filling with value from initValue. Please add a migration if necessary.", source: vscode-file://vscode-app/usr/share/cursor/resources/app/out/vs/workbench/workbench.desktop.main.js (64)
[25916:0924/185521.004640:INFO:CONSOLE:64] "%c WARN color: #993 Missing property "agentBackendUrlPrivacy" in oldValue. Filling with value from initValue. Please add a migration if necessary.", source: vscode-file://vscode-app/usr/share/cursor/resources/app/out/vs/workbench/workbench.desktop.main.js (64)
[25916:0924/185521.004664:INFO:CONSOLE:64] "%c WARN color: #993 Missing property "agentBackendUrlNonPrivacy" in oldValue. Filling with value from initValue. Please add a migration if necessary.", source: vscode-file://vscode-app/usr/share/cursor/resources/app/out/vs/workbench/workbench.desktop.main.js (64)
[25916:0924/185521.004680:INFO:CONSOLE:64] "%c WARN color: #993 Missing property "credentialsDisplayName" in oldValue. Filling with value from initValue. Please add a migration if necessary.", source: vscode-file://vscode-app/usr/share/cursor/resources/app/out/vs/workbench/workbench.desktop.main.js (64)
[25916:0924/185521.004705:INFO:CONSOLE:64] "%c WARN color: #993 Missing property "cmdLineHookState" in oldValue. Filling with value from initValue. Please add a migration if necessary.", source: vscode-file://vscode-app/usr/share/cursor/resources/app/out/vs/workbench/workbench.desktop.main.js (64)
[25916:0924/185521.004720:INFO:CONSOLE:64] "%c WARN color: #993 Missing property "shouldOnlyImportOnAccept" in oldValue. Filling with value from initValue. Please add a migration if necessary.", source: vscode-file://vscode-app/usr/share/cursor/resources/app/out/vs/workbench/workbench.desktop.main.js (64)
[25916:0924/185521.004743:INFO:CONSOLE:64] "%c WARN color: #993 Missing property "cppAutoImportDecorationStyle" in oldValue. Filling with value from initValue. Please add a migration if necessary.", source: vscode-file://vscode-app/usr/share/cursor/resources/app/out/vs/workbench/workbench.desktop.main.js (64)
[25916:0924/185521.004759:INFO:CONSOLE:64] "%c WARN color: #993 Missing property "newUserData" in oldValue. Filling with value from initValue. Please add a migration if necessary.", source: vscode-file://vscode-app/usr/share/cursor/resources/app/out/vs/workbench/workbench.desktop.main.js (64)
[25916:0924/185521.004777:INFO:CONSOLE:64] "%c WARN color: #993 Missing property "azureState" in oldValue. Filling with value from initValue. Please add a migration if necessary.", source: vscode-file://vscode-app/usr/share/cursor/resources/app/out/vs/workbench/workbench.desktop.main.js (64)
[25916:0924/185521.004840:INFO:CONSOLE:64] "%c WARN color: #993 Missing property "personalDocs" in oldValue. Filling with value from initValue. Please add a migration if necessary.", source: vscode-file://vscode-app/usr/share/cursor/resources/app/out/vs/workbench/workbench.desktop.main.js (64)
[25916:0924/185521.004893:INFO:CONSOLE:64] "%c WARN color: #993 Missing property "cppInCmdF" in oldValue. Filling with value from initValue. Please add a migration if necessary.", source: vscode-file://vscode-app/usr/share/cursor/resources/app/out/vs/workbench/workbench.desktop.main.js (64)
[25916:0924/185521.004947:INFO:CONSOLE:64] "%c WARN color: #993 Missing property "cppTriggerInComments" in oldValue. Filling with value from initValue. Please add a migration if necessary.", source: vscode-file://vscode-app/usr/share/cursor/resources/app/out/vs/workbench/workbench.desktop.main.js (64)
[25916:0924/185521.004998:INFO:CONSOLE:64] "%c WARN color: #993 Missing property "cppShowWhitespaceOnlyChanges" in oldValue. Filling with value from initValue. Please add a migration if necessary.", source: vscode-file://vscode-app/usr/share/cursor/resources/app/out/vs/workbench/workbench.desktop.main.js (64)
[25916:0924/185521.005049:INFO:CONSOLE:64] "%c WARN color: #993 Missing property "cppConfig" in oldValue. Filling with value from initValue. Please add a migration if necessary.", source: vscode-file://vscode-app/usr/share/cursor/resources/app/out/vs/workbench/workbench.desktop.main.js (64)
[25916:0924/185521.005093:INFO:CONSOLE:64] "%c WARN color: #993 Missing property "indexRepository" in oldValue. Filling with value from initValue. Please add a migration if necessary.", source: vscode-file://vscode-app/usr/share/cursor/resources/app/out/vs/workbench/workbench.desktop.main.js (64)
[25916:0924/185521.005122:INFO:CONSOLE:64] "%c WARN color: #993 Missing property "haveNotImportedFromVSC" in oldValue. Filling with value from initValue. Please add a migration if necessary.", source: vscode-file://vscode-app/usr/share/cursor/resources/app/out/vs/workbench/workbench.desktop.main.js (64)
[25916:0924/185521.005145:INFO:CONSOLE:64] "%c WARN color: #993 Missing property "shouldAutoParseCmdKLinks" in oldValue. Filling with value from initValue. Please add a migration if necessary.", source: vscode-file://vscode-app/usr/share/cursor/resources/app/out/vs/workbench/workbench.desktop.main.js (64)
[25916:0924/185521.005158:INFO:CONSOLE:64] "%c WARN color: #993 Missing property "isFileSyncClientEnabled" in oldValue. Filling with value from initValue. Please add a migration if necessary.", source: vscode-file://vscode-app/usr/share/cursor/resources/app/out/vs/workbench/workbench.desktop.main.js (64)
[25916:0924/185521.005175:INFO:CONSOLE:64] "%c WARN color: #993 Missing property "membershipType" in oldValue. Filling with value from initValue. Please add a migration if necessary.", source: vscode-file://vscode-app/usr/share/cursor/resources/app/out/vs/workbench/workbench.desktop.main.js (64)
[25916:0924/185521.005196:INFO:CONSOLE:64] "%c WARN color: #993 Missing property "fastApplyModelType" in oldValue. Filling with value from initValue. Please add a migration if necessary.", source: vscode-file://vscode-app/usr/share/cursor/resources/app/out/vs/workbench/workbench.desktop.main.js (64)
[25916:0924/185521.005227:INFO:CONSOLE:64] "%c WARN color: #993 Missing property "explicitlyEnableSemanticSearch" in oldValue. Filling with value from initValue. Please add a migration if necessary.", source: vscode-file://vscode-app/usr/share/cursor/resources/app/out/vs/workbench/workbench.desktop.main.js (64)
[25916:0924/185521.005246:INFO:CONSOLE:64] "%c WARN color: #993 Missing property "backgroundComposerEnv" in oldValue. Filling with value from initValue. Please add a migration if necessary.", source: vscode-file://vscode-app/usr/share/cursor/resources/app/out/vs/workbench/workbench.desktop.main.js (64)
[25916:0924/185521.005265:INFO:CONSOLE:64] "%c WARN color: #993 Missing property "preferredEmbeddingModel" in oldValue. Filling with value from initValue. Please add a migration if necessary.", source: vscode-file://vscode-app/usr/share/cursor/resources/app/out/vs/workbench/workbench.desktop.main.js (64)
[25916:0924/185521.005288:INFO:CONSOLE:64] "%c WARN color: #993 Missing property "oneTimeSettings" in oldValue. Filling with value from initValue. Please add a migration if necessary.", source: vscode-file://vscode-app/usr/share/cursor/resources/app/out/vs/workbench/workbench.desktop.main.js (64)
[25916:0924/185521.005311:INFO:CONSOLE:64] "%c WARN color: #993 Missing property "eligibleForSnippetLearning" in oldValue. Filling with value from initValue. Please add a migration if necessary.", source: vscode-file://vscode-app/usr/share/cursor/resources/app/out/vs/workbench/workbench.desktop.main.js (64)
[25916:0924/185521.005343:INFO:CONSOLE:64] "%c WARN color: #993 Missing property "goneThroughCodeSnippetOnboarding" in oldValue. Filling with value from initValue. Please add a migration if necessary.", source: vscode-file://vscode-app/usr/share/cursor/resources/app/out/vs/workbench/workbench.desktop.main.js (64)
[25916:0924/185521.005360:INFO:CONSOLE:64] "%c WARN color: #993 Missing property "goneThroughCodeSnippetChangeManagement" in oldValue. Filling with value from initValue. Please add a migration if necessary.", source: vscode-file://vscode-app/usr/share/cursor/resources/app/out/vs/workbench/workbench.desktop.main.js (64)
[25916:0924/185521.005373:INFO:CONSOLE:64] "%c WARN color: #993 Missing property "hasResetModelOnce" in oldValue. Filling with value from initValue. Please add a migration if necessary.", source: vscode-file://vscode-app/usr/share/cursor/resources/app/out/vs/workbench/workbench.desktop.main.js (64)
[25916:0924/185521.005406:INFO:CONSOLE:64] "%c WARN color: #993 Missing property "rpcFileLoggerEnabled" in oldValue. Filling with value from initValue. Please add a migration if necessary.", source: vscode-file://vscode-app/usr/share/cursor/resources/app/out/vs/workbench/workbench.desktop.main.js (64)
[25916:0924/185521.075018:INFO:CONSOLE:64] "%c WARN color: #993 Creation of workbench contribution 'workbench.contrib.complexCustomWorkingCopyEditorHandler' took 21ms.", source: vscode-file://vscode-app/usr/share/cursor/resources/app/out/vs/workbench/workbench.desktop.main.js (64)
[25916:0924/185521.225635:INFO:CONSOLE:17393] "[layout] AgentLayoutService constructor initialized missing SIDEBAR_LOCATION from primary config fallback undefined [object Object]", source: vscode-file://vscode-app/usr/share/cursor/resources/app/out/vs/workbench/workbench.desktop.main.js (17393)
[25916:0924/185522.435787:INFO:CONSOLE:19410] "Extension Host", source: vscode-file://vscode-app/usr/share/cursor/resources/app/out/vs/workbench/workbench.desktop.main.js (19410)
[25916:0924/185522.435866:INFO:CONSOLE:19410] "console.groupEnd", source: vscode-file://vscode-app/usr/share/cursor/resources/app/out/vs/workbench/workbench.desktop.main.js (19410)
[26287:0924/185522.600636:WARNING:media/audio/linux/audio_manager_linux.cc:54] Falling back to ALSA for audio output. PulseAudio is not available or could not be initialized.
[25916:0924/185526.512595:INFO:CONSOLE:19410] "Extension Host", source: vscode-file://vscode-app/usr/share/cursor/resources/app/out/vs/workbench/workbench.desktop.main.js (19410)
[25916:0924/185526.512668:INFO:CONSOLE:19410] "console.groupEnd", source: vscode-file://vscode-app/usr/share/cursor/resources/app/out/vs/workbench/workbench.desktop.main.js (19410)
[25916:0924/185526.512800:INFO:CONSOLE:19410] "Extension Host", source: vscode-file://vscode-app/usr/share/cursor/resources/app/out/vs/workbench/workbench.desktop.main.js (19410)
[25916:0924/185526.512818:INFO:CONSOLE:19410] "console.groupEnd", source: vscode-file://vscode-app/usr/share/cursor/resources/app/out/vs/workbench/workbench.desktop.main.js (19410)
[25916:0924/185526.512838:INFO:CONSOLE:19410] "Extension Host", source: vscode-file://vscode-app/usr/share/cursor/resources/app/out/vs/workbench/workbench.desktop.main.js (19410)
[25916:0924/185526.513025:INFO:CONSOLE:19410] "console.groupEnd", source: vscode-file://vscode-app/usr/share/cursor/resources/app/out/vs/workbench/workbench.desktop.main.js (19410)
[25916:0924/185528.557327:INFO:CONSOLE:7004] "[PluginsProviderService] getInstalledGitHubPlugins took 1481.1ms", source: vscode-file://vscode-app/usr/share/cursor/resources/app/out/vs/workbench/workbench.desktop.main.js (7004)
[25916:0924/185528.559932:INFO:CONSOLE:7004] "[PluginsProviderService] getPluginMcpServers took 6323.2ms", source: vscode-file://vscode-app/usr/share/cursor/resources/app/out/vs/workbench/workbench.desktop.main.js (7004)
[25916:0924/185528.559965:INFO:CONSOLE:7004] "[PluginsProviderService] getPluginHooks took 5328.9ms", source: vscode-file://vscode-app/usr/share/cursor/resources/app/out/vs/workbench/workbench.desktop.main.js (7004)
[25916:0924/185528.559978:INFO:CONSOLE:7004] "[PluginsProviderService] getPluginLoadFailures took 1509.5ms", source: vscode-file://vscode-app/usr/share/cursor/resources/app/out/vs/workbench/workbench.desktop.main.js (7004)
[25916:0924/185528.583561:INFO:CONSOLE:7004] "[PluginsProviderService] getPluginSetIncomplete took 1519.5ms", source: vscode-file://vscode-app/usr/share/cursor/resources/app/out/vs/workbench/workbench.desktop.main.js (7004)
[25916:0924/185528.583873:INFO:CONSOLE:7004] "[PluginsProviderService] getLoadedPluginsSummary took 1520.1ms", source: vscode-file://vscode-app/usr/share/cursor/resources/app/out/vs/workbench/workbench.desktop.main.js (7004)
[25916:0924/185528.583930:INFO:CONSOLE:7004] "[PluginsProviderService] getPluginComponentFiles took 1559.9ms", source: vscode-file://vscode-app/usr/share/cursor/resources/app/out/vs/workbench/workbench.desktop.main.js (7004)
[25916:0924/185528.584792:INFO:CONSOLE:64] "%c  ERR color: #f33 [Extension Host:retrieval] (node:26370) [DEP0040] DeprecationWarning: The `punycode` module is deprecated. Please use a userland alternative instead.
(Use `exe --trace-deprecation ...` to show where the warning was created)", source: vscode-file://vscode-app/usr/share/cursor/resources/app/out/vs/workbench/workbench.desktop.main.js (64)
[25916:0924/185528.584822:INFO:CONSOLE:11845] "%c[Extension Host:retrieval] %c(node:26370) [DEP0040] DeprecationWarning: The `punycode` module is deprecated. Please use a userland alternative instead.
(Use `exe --trace-deprecation ...` to show where the warning was created) color: blue color: ", source: vscode-file://vscode-app/usr/share/cursor/resources/app/out/vs/workbench/workbench.desktop.main.js (11845)
[25916:0924/185528.703861:INFO:CONSOLE:17566] "Failed to get git telemetry attributes: Error: Failed to execute git", source: vscode-file://vscode-app/usr/share/cursor/resources/app/out/vs/workbench/workbench.desktop.main.js (17566)
[25916:0924/185529.024545:INFO:CONSOLE:17393] "[github_auth] Provider registered [object Object]", source: vscode-file://vscode-app/usr/share/cursor/resources/app/out/vs/workbench/workbench.desktop.main.js (17393)
[25916:0924/185529.026243:INFO:CONSOLE:17393] "[github_auth] Provider registered [object Object]", source: vscode-file://vscode-app/usr/share/cursor/resources/app/out/vs/workbench/workbench.desktop.main.js (17393)
[25916:0924/185529.181327:INFO:CONSOLE:17393] "[background_composer] Refreshing background composers [object Object]", source: vscode-file://vscode-app/usr/share/cursor/resources/app/out/vs/workbench/workbench.desktop.main.js (17393)
[25916:0924/185529.181500:INFO:CONSOLE:17393] "[background_composer] Background composer disabled, not refreshing background composers [object Object]", source: vscode-file://vscode-app/usr/share/cursor/resources/app/out/vs/workbench/workbench.desktop.main.js (17393)
[25916:0924/185529.659958:INFO:CONSOLE:64] "%c  ERR color: #f33 [Extension Host:user] 10:55:29.658 ERROR [sandboxPreflight] Preflight failed: Command failed: /usr/share/cursor/resources/app/resources/helpers/cursorsandbox --policy /root/build/proot-bench/home-r01-2-pf/.cursor/sandbox-policies/sandbox-policy-c17b9f8235cb5d8e --preflight-only -- /bin/true
Error: Failed to resolve Linux sandbox backend: Unsupported sandbox configuration: Linux auto backend selection failed. Landlock error: Unsupported sandbox configuration: IO error: Step 2.5/7 (loopback setup) failed: IO error: loopback: failed RTM_NEWADDR: Invalid argument (os error 22). Bubblewrap error: Unsupported sandbox configuration: IO error: Bubblewrap loopback setup failed: IO error: loopback: failed RTM_NEWADDR: Invalid argument (os error 22)
", source: vscode-file://vscode-app/usr/share/cursor/resources/app/out/vs/workbench/workbench.desktop.main.js (64)
[25916:0924/185529.660116:INFO:CONSOLE:11845] "%c[Extension Host:user] %c10:55:29.658 ERROR [sandboxPreflight] Preflight failed: Command failed: /usr/share/cursor/resources/app/resources/helpers/cursorsandbox --policy /root/build/proot-bench/home-r01-2-pf/.cursor/sandbox-policies/sandbox-policy-c17b9f8235cb5d8e --preflight-only -- /bin/true
Error: Failed to resolve Linux sandbox backend: Unsupported sandbox configuration: Linux auto backend selection failed. Landlock error: Unsupported sandbox configuration: IO error: Step 2.5/7 (loopback setup) failed: IO error: loopback: failed RTM_NEWADDR: Invalid argument (os error 22). Bubblewrap error: Unsupported sandbox configuration: IO error: Bubblewrap loopback setup failed: IO error: loopback: failed RTM_NEWADDR: Invalid argument (os error 22)
 color: blue color: ", source: vscode-file://vscode-app/usr/share/cursor/resources/app/out/vs/workbench/workbench.desktop.main.js (11845)
[25916:0924/185529.660675:INFO:CONSOLE:64] "%c  ERR color: #f33 [Extension Host:user] 10:55:29.658 ERROR [sandboxPreflight] Exit status: 2", source: vscode-file://vscode-app/usr/share/cursor/resources/app/out/vs/workbench/workbench.desktop.main.js (64)
[25916:0924/185529.660723:INFO:CONSOLE:11845] "%c[Extension Host:user] %c10:55:29.658 ERROR [sandboxPreflight] Exit status: 2 color: blue color: ", source: vscode-file://vscode-app/usr/share/cursor/resources/app/out/vs/workbench/workbench.desktop.main.js (11845)
[25916:0924/185529.660917:INFO:CONSOLE:64] "%c  ERR color: #f33 [Extension Host:user] 10:55:29.659 ERROR [sandboxPreflight] Stderr: Error: Failed to resolve Linux sandbox backend: Unsupported sandbox configuration: Linux auto backend selection failed. Landlock error: Unsupported sandbox configuration: IO error: Step 2.5/7 (loopback setup) failed: IO error: loopback: failed RTM_NEWADDR: Invalid argument (os error 22). Bubblewrap error: Unsupported sandbox configuration: IO error: Bubblewrap loopback setup failed: IO error: loopback: failed RTM_NEWADDR: Invalid argument (os error 22)
", source: vscode-file://vscode-app/usr/share/cursor/resources/app/out/vs/workbench/workbench.desktop.main.js (64)
[25916:0924/185529.660963:INFO:CONSOLE:11845] "%c[Extension Host:user] %c10:55:29.659 ERROR [sandboxPreflight] Stderr: Error: Failed to resolve Linux sandbox backend: Unsupported sandbox configuration: Linux auto backend selection failed. Landlock error: Unsupported sandbox configuration: IO error: Step 2.5/7 (loopback setup) failed: IO error: loopback: failed RTM_NEWADDR: Invalid argument (os error 22). Bubblewrap error: Unsupported sandbox configuration: IO error: Bubblewrap loopback setup failed: IO error: loopback: failed RTM_NEWADDR: Invalid argument (os error 22)
 color: blue color: ", source: vscode-file://vscode-app/usr/share/cursor/resources/app/out/vs/workbench/workbench.desktop.main.js (11845)
[25916:0924/185530.563636:INFO:CONSOLE:17393] "[transport] Connect error in unary AI connect ConnectError: [deadline_exceeded] the operation timed out [object Object]", source: vscode-file://vscode-app/usr/share/cursor/resources/app/out/vs/workbench/workbench.desktop.main.js (17393)
[25916:0924/185531.567662:INFO:CONSOLE:17393] "[transport] Connect error in unary AI connect ConnectError: [deadline_exceeded] the operation timed out [object Object]", source: vscode-file://vscode-app/usr/share/cursor/resources/app/out/vs/workbench/workbench.desktop.main.js (17393)
[25916:0924/185533.571606:INFO:CONSOLE:17393] "[transport] Connect error in unary AI connect ConnectError: [deadline_exceeded] the operation timed out [object Object]", source: vscode-file://vscode-app/usr/share/cursor/resources/app/out/vs/workbench/workbench.desktop.main.js (17393)
[25916:0924/185535.794300:INFO:CONSOLE:17393] "[transport] Connect error in unary AI connect ConnectError: [unauthenticated] No authorization header found [object Object]", source: vscode-file://vscode-app/usr/share/cursor/resources/app/out/vs/workbench/workbench.desktop.main.js (17393)
[25916:0924/185535.820526:INFO:CONSOLE:64] "%c  ERR color: #f33 [unauthenticated] No authorization header found: ConnectError: [unauthenticated] No authorization header found
    at t (vscode-file://vscode-app/usr/share/cursor/resources/app/out/vs/workbench/workbench.desktop.main.js:11881:598847)
    at async Object.cppConfig (vscode-file://vscode-app/usr/share/cursor/resources/app/out/vs/workbench/workbench.desktop.main.js:6752:60939)
    at async wKo.loadCppConfigIncludingHandlingProAccess (vscode-file://vscode-app/usr/share/cursor/resources/app/out/vs/workbench/workbench.desktop.main.js:19463:1305) ConnectError: [unauthenticated] No authorization header found", source: vscode-file://vscode-app/usr/share/cursor/resources/app/out/vs/workbench/workbench.desktop.main.js (64)
[25916:0924/185537.579048:INFO:CONSOLE:17393] "[transport] Connect error in unary AI connect ConnectError: [deadline_exceeded] the operation timed out [object Object]", source: vscode-file://vscode-app/usr/share/cursor/resources/app/out/vs/workbench/workbench.desktop.main.js (17393)
[25916:0924/185537.579652:INFO:CONSOLE:17438] "ConnectError: [deadline_exceeded] the operation timed out", source: vscode-file://vscode-app/usr/share/cursor/resources/app/out/vs/workbench/workbench.desktop.main.js (17438)
[25916:0924/185538.577236:INFO:CONSOLE:17393] "[transport] Connect error in unary AI connect ConnectError: [unauthenticated] No authorization header found [object Object]", source: vscode-file://vscode-app/usr/share/cursor/resources/app/out/vs/workbench/workbench.desktop.main.js (17393)
[25916:0924/185538.634246:INFO:CONSOLE:17393] "[transport] Connect error in unary AI connect ConnectError: [unauthenticated] Error [object Object]", source: vscode-file://vscode-app/usr/share/cursor/resources/app/out/vs/workbench/workbench.desktop.main.js (17393)
[25916:0924/185538.635138:INFO:CONSOLE:7004] "[MCPWellKnownDetection] Failed to fetch known servers for icon pre-resolution: ConnectError: [unauthenticated] Error", source: vscode-file://vscode-app/usr/share/cursor/resources/app/out/vs/workbench/workbench.desktop.main.js (7004)
[25916:0924/185538.901756:INFO:CONSOLE:17393] "[transport] Connect error in unary AI connect ConnectError: [unauthenticated] Error [object Object]", source: vscode-file://vscode-app/usr/share/cursor/resources/app/out/vs/workbench/workbench.desktop.main.js (17393)
[25916:0924/185539.753036:INFO:CONSOLE:17393] "[transport] Connect error in unary AI connect ConnectError: [unauthenticated] Error [object Object]", source: vscode-file://vscode-app/usr/share/cursor/resources/app/out/vs/workbench/workbench.desktop.main.js (17393)
[25916:0924/185539.753191:INFO:CONSOLE:8098] "[KnowledgeBaseService] Failed to fetch knowledge: ConnectError: [unauthenticated] Error", source: vscode-file://vscode-app/usr/share/cursor/resources/app/out/vs/workbench/workbench.desktop.main.js (8098)
[25916:0924/185540.317073:INFO:CONSOLE:6750] "[browser-bridge] Initialized OTEL provider with collector callback", source: vscode-file://vscode-app/usr/share/cursor/resources/app/out/vs/workbench/workbench.desktop.main.js (6750)
[90m[main 2026-09-24T10:55:40.322Z][0m [CursorProclistService] Config enabled feature (subsample every 10s; memoryPressureMonitorEnabled=true)
[90m[main 2026-09-24T10:55:40.394Z][0m [RendererPing] enabled (intervalMs=5000, blockThresholdMs=15000, stacks=true)
[90m[main 2026-09-24T10:55:52.728Z][0m [WorktreeCleanupMainService] Granted cleanup lease id=1 owner=window:1 reason="startup-catchup-worktree-cleanup"
[25916:0924/185557.382669:INFO:CONSOLE:17393] "[agent_exec] Agent data cleanup completed [object Object]", source: vscode-file://vscode-app/usr/share/cursor/resources/app/out/vs/workbench/workbench.desktop.main.js (17393)
[25916:0924/185557.736633:INFO:CONSOLE:64] "%c WARN color: #993 [WorktreeManager] Timed out after 5000ms waiting for local agent scan; orphan classification disabled this pass", source: vscode-file://vscode-app/usr/share/cursor/resources/app/out/vs/workbench/workbench.desktop.main.js (64)
[90m[main 2026-09-24T10:55:57.739Z][0m [WorktreeCleanupMainService] Releasing cleanup lease id=1 owner=window:1 reason="startup-catchup-worktree-cleanup" releaseReason="released" heldForMs=5011
[25916:0924/185643.203734:INFO:CONSOLE:17393] "[transport] Connect error in unary AI connect ConnectError: [unauthenticated] Error [object Object]", source: vscode-file://vscode-app/usr/share/cursor/resources/app/out/vs/workbench/workbench.desktop.main.js (17393)
[25916:0924/185747.026979:INFO:CONSOLE:17393] "[transport] Connect error in unary AI connect ConnectError: [unauthenticated] Error [object Object]", source: vscode-file://vscode-app/usr/share/cursor/resources/app/out/vs/workbench/workbench.desktop.main.js (17393)
proot info: vpid 1: terminated with signal 15
LAUNCH_EXIT rc=0
