end_begin sid=25905 tracer=25901 members=24
term sid=25905 pid=25905 cmd=/usr/bin/dbus-run-session -- /usr/share/cursor/cursor --no-sandbox --disable-gpu-sandbox --disable-dev-shm-usage --ozone-platform=x11 --disable-gpu --user-data-
term sid=25905 pid=25906 cmd=dbus-daemon --nofork --print-address 4 --session 
term sid=25905 pid=25916 cmd=/usr/share/cursor/cursor --no-sandbox --disable-gpu-sandbox --disable-dev-shm-usage --ozone-platform=x11 --disable-gpu --user-data-dir=/root/build/proot-bench/p
term sid=25905 pid=25932 cmd=/usr/share/cursor/cursor --type=zygote --no-zygote-sandbox --no-sandbox --enable-logging=stderr 
term sid=25905 pid=25934 cmd=/usr/share/cursor/cursor --type=zygote --no-sandbox --enable-logging=stderr 
term sid=25905 pid=26007 cmd=/usr/libexec/gvfsd 
term sid=25905 pid=26023 cmd=/proc/self/exe --type=gpu-process --disable-gpu-sandbox --no-sandbox --disable-dev-shm-usage --ozone-platform=x11 --crashpad-handler-pid=0 --enable-crash-report
term sid=25905 pid=26030 cmd=/proc/self/exe --type=utility --utility-sub-type=network.mojom.NetworkService --lang=en-US --service-sandbox-type=none --no-sandbox --disable-dev-shm-usage --cr
term sid=25905 pid=26037 cmd=/usr/libexec/xdg-desktop-portal 
term sid=25905 pid=26063 cmd=/usr/libexec/xdg-permission-store 
term sid=25905 pid=26074 cmd=/usr/libexec/xdg-desktop-portal-gtk 
term sid=25905 pid=26102 cmd=/usr/libexec/at-spi-bus-launcher 
term sid=25905 pid=26109 cmd=/proc/self/exe --type=utility --utility-sub-type=node.mojom.NodeService --lang=en-US --service-sandbox-type=none --no-sandbox --disable-dev-shm-usage --crashpad
term sid=25905 pid=26113 cmd=/usr/share/cursor/cursor --type=zygote --no-sandbox --enable-logging=stderr 
term sid=25905 pid=26217 cmd=/proc/self/exe --type=utility --utility-sub-type=node.mojom.NodeService --lang=en-US --service-sandbox-type=none --no-sandbox --disable-dev-shm-usage --dns-resu
term sid=25905 pid=26220 cmd=/proc/self/exe --type=utility --utility-sub-type=node.mojom.NodeService --lang=en-US --service-sandbox-type=none --no-sandbox --disable-dev-shm-usage --crashpad
term sid=25905 pid=26287 cmd=/proc/self/exe --type=utility --utility-sub-type=audio.mojom.AudioService --lang=en-US --service-sandbox-type=none --no-sandbox --disable-dev-shm-usage --crashp
term sid=25905 pid=26333 cmd=/proc/self/exe --type=utility --utility-sub-type=node.mojom.NodeService --lang=en-US --service-sandbox-type=none --no-sandbox --disable-dev-shm-usage --crashpad
term sid=25905 pid=26370 cmd=/proc/self/exe --type=utility --utility-sub-type=node.mojom.NodeService --lang=en-US --service-sandbox-type=none --no-sandbox --disable-dev-shm-usage --dns-resu
term sid=25905 pid=26371 cmd=/proc/self/exe --type=utility --utility-sub-type=node.mojom.NodeService --lang=en-US --service-sandbox-type=none --no-sandbox --disable-dev-shm-usage --dns-resu
term sid=25905 pid=26372 cmd=/proc/self/exe --type=utility --utility-sub-type=node.mojom.NodeService --lang=en-US --service-sandbox-type=none --no-sandbox --disable-dev-shm-usage --dns-resu
term sid=25905 pid=26559 cmd=/proc/self/exe --type=utility --utility-sub-type=node.mojom.NodeService --lang=en-US --service-sandbox-type=none --no-sandbox --disable-dev-shm-usage --crashpad
term sid=25905 pid=26588 cmd=/usr/share/cursor/cursor --dns-result-order=ipv4first --experimental-network-inspection /usr/share/cursor/resources/app/extensions/cursor-always-local/dist/gitW
term sid=25905 pid=26684 cmd=/usr/share/cursor/cursor /usr/share/cursor/resources/app/extensions/json-language-features/server/dist/node/jsonServerMain --node-ipc --clientProcessId=26217 
END survivors=0 tracer_gone=true
