ATTENTION: default value of option vblank_mode overridden by environment.
=======================================================
    glmark2 2023.01
=======================================================
    OpenGL Information
    GL_VENDOR:      Mesa
    GL_RENDERER:    zink Vulkan 1.4(Adreno (TM) 840 (MESA_TURNIP))
    GL_VERSION:     4.6 (Compatibility Profile) Mesa 26.0.6
    Surface Config: buf=32 r=8 g=8 b=8 a=8 depth=24 stencil=0 samples=0
    Surface Size:   800x600 windowed
=======================================================
[build] duration=10.0:fps-pos=-1.0,-1.0:fps-size=0.03:fragment-precision=default,default,default,default:interleave=false:model=horse:nframes=:show-fps=false:title=:title-pos=-0.7,-1.0:title-size=0.03:use-vbo=false:vertex-precision=default,default,default,default: FPS: 766 FrameTime: 1.306 ms
[build] duration=10.0:fps-pos=-1.0,-1.0:fps-size=0.03:fragment-precision=default,default,default,default:interleave=false:model=horse:nframes=:show-fps=false:title=:title-pos=-0.7,-1.0:title-size=0.03:use-vbo=true:vertex-precision=default,default,default,default: FPS: 769 FrameTime: 1.302 ms
[texture] duration=10.0:fps-pos=-1.0,-1.0:fps-size=0.03:fragment-precision=default,default,default,default:model=cube:nframes=:show-fps=false:texgen=false:texture=crate-base:texture-filter=nearest:title=:title-pos=-0.7,-1.0:title-size=0.03:vertex-precision=default,default,default,default: FPS: 728 FrameTime: 1.375 ms
[texture] duration=10.0:fps-pos=-1.0,-1.0:fps-size=0.03:fragment-precision=default,default,default,default:model=cube:nframes=:show-fps=false:texgen=false:texture=crate-base:texture-filter=linear:title=:title-pos=-0.7,-1.0:title-size=0.03:vertex-precision=default,default,default,default: FPS: 635 FrameTime: 1.576 ms
[texture] duration=10.0:fps-pos=-1.0,-1.0:fps-size=0.03:fragment-precision=default,default,default,default:model=cube:nframes=:show-fps=false:texgen=false:texture=crate-base:texture-filter=mipmap:title=:title-pos=-0.7,-1.0:title-size=0.03:vertex-precision=default,default,default,default: FPS: 641 FrameTime: 1.561 ms
[shading] duration=10.0:fps-pos=-1.0,-1.0:fps-size=0.03:fragment-precision=default,default,default,default:model=cat:nframes=:num-lights=1:shading=gouraud:show-fps=false:title=:title-pos=-0.7,-1.0:title-size=0.03:vertex-precision=default,default,default,default: FPS: 595 FrameTime: 1.682 ms
[shading] duration=10.0:fps-pos=-1.0,-1.0:fps-size=0.03:fragment-precision=default,default,default,default:model=cat:nframes=:num-lights=1:shading=blinn-phong-inf:show-fps=false:title=:title-pos=-0.7,-1.0:title-size=0.03:vertex-precision=default,default,default,default: FPS: 606 FrameTime: 1.650 ms
[shading] duration=10.0:fps-pos=-1.0,-1.0:fps-size=0.03:fragment-precision=default,default,default,default:model=cat:nframes=:num-lights=1:shading=phong:show-fps=false:title=:title-pos=-0.7,-1.0:title-size=0.03:vertex-precision=default,default,default,default: FPS: 594 FrameTime: 1.685 ms
[shading] duration=10.0:fps-pos=-1.0,-1.0:fps-size=0.03:fragment-precision=default,default,default,default:model=cat:nframes=:num-lights=1:shading=cel:show-fps=false:title=:title-pos=-0.7,-1.0:title-size=0.03:vertex-precision=default,default,default,default: FPS: 580 FrameTime: 1.727 ms
[bump] bump-render=high-poly:duration=10.0:fps-pos=-1.0,-1.0:fps-size=0.03:fragment-precision=default,default,default,default:nframes=:show-fps=false:title=:title-pos=-0.7,-1.0:title-size=0.03:vertex-precision=default,default,default,default: FPS: 451 FrameTime: 2.218 ms
[bump] bump-render=normals:duration=10.0:fps-pos=-1.0,-1.0:fps-size=0.03:fragment-precision=default,default,default,default:nframes=:show-fps=false:title=:title-pos=-0.7,-1.0:title-size=0.03:vertex-precision=default,default,default,default: FPS: 799 FrameTime: 1.252 ms
[bump] bump-render=height:duration=10.0:fps-pos=-1.0,-1.0:fps-size=0.03:fragment-precision=default,default,default,default:nframes=:show-fps=false:title=:title-pos=-0.7,-1.0:title-size=0.03:vertex-precision=default,default,default,default: FPS: 746 FrameTime: 1.342 ms
[effect2d] duration=10.0:fps-pos=-1.0,-1.0:fps-size=0.03:fragment-precision=default,default,default,default:kernel=0,1,0;1,-4,1;0,1,0;:nframes=:normalize=true:show-fps=false:title=:title-pos=-0.7,-1.0:title-size=0.03:vertex-precision=default,default,default,default: FPS: 560 FrameTime: 1.788 ms
[effect2d] duration=10.0:fps-pos=-1.0,-1.0:fps-size=0.03:fragment-precision=default,default,default,default:kernel=1,1,1,1,1;1,1,1,1,1;1,1,1,1,1;:nframes=:normalize=true:show-fps=false:title=:title-pos=-0.7,-1.0:title-size=0.03:vertex-precision=default,default,default,default: FPS: 456 FrameTime: 2.194 ms
[pulsar] duration=10.0:fps-pos=-1.0,-1.0:fps-size=0.03:fragment-precision=default,default,default,default:light=false:nframes=:quads=5:random=false:show-fps=false:texture=false:title=:title-pos=-0.7,-1.0:title-size=0.03:vertex-precision=default,default,default,default: FPS: 680 FrameTime: 1.471 ms
[desktop] blur-radius=5:duration=10.0:effect=blur:fps-pos=-1.0,-1.0:fps-size=0.03:fragment-precision=default,default,default,default:nframes=:passes=1:separable=true:shadow-size=20:show-fps=false:title=:title-pos=-0.7,-1.0:title-size=0.03:vertex-precision=default,default,default,default:window-size=0.35:windows=4: FPS: 348 FrameTime: 2.874 ms
[desktop] blur-radius=5:duration=10.0:effect=shadow:fps-pos=-1.0,-1.0:fps-size=0.03:fragment-precision=default,default,default,default:nframes=:passes=1:separable=true:shadow-size=20:show-fps=false:title=:title-pos=-0.7,-1.0:title-size=0.03:vertex-precision=default,default,default,default:window-size=0.35:windows=4: FPS: 519 FrameTime: 1.927 ms
[buffer] buffer-usage=static:columns=200:duration=10.0:fps-pos=-1.0,-1.0:fps-size=0.03:fragment-precision=default,default,default,default:interleave=false:nframes=:rows=20:show-fps=false:title=:title-pos=-0.7,-1.0:title-size=0.03:update-dispersion=0.9:update-fraction=0.5:update-method=map:vertex-precision=default,default,default,default: FPS: 570 FrameTime: 1.755 ms
[buffer] buffer-usage=static:columns=200:duration=10.0:fps-pos=-1.0,-1.0:fps-size=0.03:fragment-precision=default,default,default,default:interleave=false:nframes=:rows=20:show-fps=false:title=:title-pos=-0.7,-1.0:title-size=0.03:update-dispersion=0.9:update-fraction=0.5:update-method=subdata:vertex-precision=default,default,default,default: FPS: 290 FrameTime: 3.454 ms
[buffer] buffer-usage=static:columns=200:duration=10.0:fps-pos=-1.0,-1.0:fps-size=0.03:fragment-precision=default,default,default,default:interleave=true:nframes=:rows=20:show-fps=false:title=:title-pos=-0.7,-1.0:title-size=0.03:update-dispersion=0.9:update-fraction=0.5:update-method=map:vertex-precision=default,default,default,default: FPS: 636 FrameTime: 1.574 ms
[ideas] duration=10.0:fps-pos=-1.0,-1.0:fps-size=0.03:fragment-precision=default,default,default,default:nframes=:show-fps=false:speed=duration:title=:title-pos=-0.7,-1.0:title-size=0.03:vertex-precision=default,default,default,default: FPS: 328 FrameTime: 3.050 ms
[jellyfish] duration=10.0:fps-pos=-1.0,-1.0:fps-size=0.03:fragment-precision=default,default,default,default:nframes=:show-fps=false:title=:title-pos=-0.7,-1.0:title-size=0.03:vertex-precision=default,default,default,default: FPS: 580 FrameTime: 1.726 ms
[terrain] bloom=true:duration=10.0:fps-pos=-1.0,-1.0:fps-size=0.03:fragment-precision=default,default,default,default:nframes=:repeat-overlay=6.0:show-fps=false:tilt-shift=true:title=:title-pos=-0.7,-1.0:title-size=0.03:vertex-precision=default,default,default,default: FPS: 118 FrameTime: 8.510 ms
[shadow] duration=10.0:fps-pos=-1.0,-1.0:fps-size=0.03:fragment-precision=default,default,default,default:interleave=false:nframes=:show-fps=false:title=:title-pos=-0.7,-1.0:title-size=0.03:use-vbo=true:vertex-precision=default,default,default,default: FPS: 598 FrameTime: 1.673 ms
[refract] duration=10.0:fps-pos=-1.0,-1.0:fps-size=0.03:fragment-precision=default,default,default,default:index=1.2:interleave=false:model=bunny:nframes=:show-fps=false:texture=nasa1:title=:title-pos=-0.7,-1.0:title-size=0.03:use-vbo=true:vertex-precision=default,default,default,default: FPS: 211 FrameTime: 4.743 ms
[conditionals] duration=10.0:fps-pos=-1.0,-1.0:fps-size=0.03:fragment-conditionals=true:fragment-precision=default,default,default,default:fragment-steps=0:grid-length=5.0:grid-size=32:nframes=:show-fps=false:title=:title-pos=-0.7,-1.0:title-size=0.03:vertex-conditionals=true:vertex-precision=default,default,default,default:vertex-steps=0: FPS: 640 FrameTime: 1.563 ms
[conditionals] duration=10.0:fps-pos=-1.0,-1.0:fps-size=0.03:fragment-conditionals=true:fragment-precision=default,default,default,default:fragment-steps=5:grid-length=5.0:grid-size=32:nframes=:show-fps=false:title=:title-pos=-0.7,-1.0:title-size=0.03:vertex-conditionals=true:vertex-precision=default,default,default,default:vertex-steps=0: FPS: 623 FrameTime: 1.607 ms
[conditionals] duration=10.0:fps-pos=-1.0,-1.0:fps-size=0.03:fragment-conditionals=true:fragment-precision=default,default,default,default:fragment-steps=0:grid-length=5.0:grid-size=32:nframes=:show-fps=false:title=:title-pos=-0.7,-1.0:title-size=0.03:vertex-conditionals=true:vertex-precision=default,default,default,default:vertex-steps=5: FPS: 642 FrameTime: 1.560 ms
[function] duration=10.0:fps-pos=-1.0,-1.0:fps-size=0.03:fragment-complexity=low:fragment-function=true:fragment-precision=default,default,default,default:fragment-steps=5:grid-length=5.0:grid-size=32:nframes=:show-fps=false:title=:title-pos=-0.7,-1.0:title-size=0.03:vertex-complexity=low:vertex-function=true:vertex-precision=default,default,default,default:vertex-steps=1: FPS: 775 FrameTime: 1.290 ms
[function] duration=10.0:fps-pos=-1.0,-1.0:fps-size=0.03:fragment-complexity=medium:fragment-function=true:fragment-precision=default,default,default,default:fragment-steps=5:grid-length=5.0:grid-size=32:nframes=:show-fps=false:title=:title-pos=-0.7,-1.0:title-size=0.03:vertex-complexity=low:vertex-function=true:vertex-precision=default,default,default,default:vertex-steps=1: FPS: 667 FrameTime: 1.500 ms
[loop] duration=10.0:fps-pos=-1.0,-1.0:fps-size=0.03:fragment-loop=false:fragment-precision=default,default,default,default:fragment-steps=5:fragment-uniform=true:grid-length=5.0:grid-size=32:nframes=:show-fps=false:title=:title-pos=-0.7,-1.0:title-size=0.03:vertex-loop=true:vertex-precision=default,default,default,default:vertex-steps=5:vertex-uniform=true: FPS: 675 FrameTime: 1.483 ms
[loop] duration=10.0:fps-pos=-1.0,-1.0:fps-size=0.03:fragment-loop=true:fragment-precision=default,default,default,default:fragment-steps=5:fragment-uniform=false:grid-length=5.0:grid-size=32:nframes=:show-fps=false:title=:title-pos=-0.7,-1.0:title-size=0.03:vertex-loop=true:vertex-precision=default,default,default,default:vertex-steps=5:vertex-uniform=true: FPS: 652 FrameTime: 1.535 ms
[loop] duration=10.0:fps-pos=-1.0,-1.0:fps-size=0.03:fragment-loop=true:fragment-precision=default,default,default,default:fragment-steps=5:fragment-uniform=true:grid-length=5.0:grid-size=32:nframes=:show-fps=false:title=:title-pos=-0.7,-1.0:title-size=0.03:vertex-loop=true:vertex-precision=default,default,default,default:vertex-steps=5:vertex-uniform=true: FPS: 521 FrameTime: 1.922 ms
=======================================================
                                  glmark2 Score: 574 
=======================================================
