=======================================================
    vkmark 2025.01
=======================================================
    Vendor ID:      0x5143
    Device ID:      0x44050A31
    Device Name:    Adreno (TM) 840
    Driver Version: 109051910
    Device UUID:    7f4bce943437cac6fc1921e23cef4bc3
=======================================================
[vertex] device-local=true:interleave=true:duration=10.0: FPS: 1013 FrameTime: 0.987 ms
[vertex] device-local=false:interleave=true:duration=10.0: FPS: 981 FrameTime: 1.019 ms
[texture] anisotropy=0:texture-filter=linear:duration=10.0: FPS: 990 FrameTime: 1.010 ms
[texture] anisotropy=16:texture-filter=linear:duration=10.0: FPS: 982 FrameTime: 1.018 ms
[shading] shading=gouraud:duration=10.0: FPS: 1033 FrameTime: 0.968 ms
[shading] shading=blinn-phong-inf:duration=10.0: FPS: 1008 FrameTime: 0.992 ms
[shading] shading=phong:duration=10.0: FPS: 962 FrameTime: 1.040 ms
[shading] shading=cel:duration=10.0: FPS: 988 FrameTime: 1.012 ms
[effect2d] background-resolution=800x600:kernel=edge:duration=10.0: FPS: 974 FrameTime: 1.027 ms
[effect2d] background-resolution=800x600:kernel=blur:duration=10.0: FPS: 969 FrameTime: 1.032 ms
[desktop] background-resolution=800x600:windows=4:window-size=0.35:duration=10.0: FPS: 964 FrameTime: 1.037 ms
[cube] duration=10.0: FPS: 984 FrameTime: 1.016 ms
[clear] color=cycle:duration=10.0: FPS: 842 FrameTime: 1.188 ms
=======================================================
                                   vkmark Score: 976
=======================================================
