=======================================================
    vkmark 2025.01
=======================================================
    Vendor ID:      0x5143
    Device ID:      0x44050A31
    Device Name:    Adreno (TM) 840
    Driver Version: 109051910
    Device UUID:    7f4bce943437cac6fc1921e23cef4bc3
=======================================================
[vertex] device-local=true:interleave=true:duration=10.0: FPS: 1146 FrameTime: 0.873 ms
[vertex] device-local=false:interleave=true:duration=10.0: FPS: 1152 FrameTime: 0.868 ms
[texture] anisotropy=0:texture-filter=linear:duration=10.0: FPS: 1156 FrameTime: 0.865 ms
[texture] anisotropy=16:texture-filter=linear:duration=10.0: FPS: 1150 FrameTime: 0.870 ms
[shading] shading=gouraud:duration=10.0: FPS: 1153 FrameTime: 0.867 ms
[shading] shading=blinn-phong-inf:duration=10.0: FPS: 1155 FrameTime: 0.866 ms
[shading] shading=phong:duration=10.0: FPS: 1138 FrameTime: 0.879 ms
[shading] shading=cel:duration=10.0: FPS: 1149 FrameTime: 0.870 ms
[effect2d] background-resolution=800x600:kernel=edge:duration=10.0: FPS: 1178 FrameTime: 0.849 ms
[effect2d] background-resolution=800x600:kernel=blur:duration=10.0: FPS: 1167 FrameTime: 0.857 ms
[desktop] background-resolution=800x600:windows=4:window-size=0.35:duration=10.0: FPS: 1144 FrameTime: 0.874 ms
[cube] duration=10.0: FPS: 1189 FrameTime: 0.841 ms
[clear] color=cycle:duration=10.0: FPS: 1033 FrameTime: 0.968 ms
=======================================================
                                   vkmark Score: 1146
=======================================================
