PRESTART
stable_pid 20881
    versionCode=15 minSdk=24 targetSdk=34
    versionName=1.03.01-bfb5769-23.09.26
/data/app/~~f1U-ENo5iuKTDzqFU_s7QQ==/com.waydefu.x11gpu-W0Z61FJtTW5iurGTJr_Eow==/base.apk
installed_apk_sha256=ff7b9309c405b07245bc352911867a66e8498464e515e09dbd645b3a1ec18472
    versionCode=15 minSdk=24 targetSdk=34
    versionName=1.03.01-11b82d9-06.09.26
    lastUpdateTime=2026-09-07 22:55:03
myron
  mWakefulness=Awake
  mViewports=[DisplayViewport{type=INTERNAL, valid=true, isActive=true, displayId=0, uniqueId='local:4630946964337362323', physicalPort=147, orientation=0, logicalFrame=Rect(0, 0 - 1200, 2608), physicalFrame=Rect(0, 0 - 1200, 2608), deviceWidth=1200, deviceHeight=2608}]
  DisplayDeviceInfo{"內建畫面": uniqueId="local:4630946964337362323", 1200 x 2608, modeId 1, renderFrameRate 120.00001, hasArrSupport false, frameRateCategoryRate FrameRateCategoryRate {normal=60.0, high=90.0}, supportedRefreshRates [120.00001, 90.0, 60.000004], defaultModeId 1, userPreferredModeId -1, supportedModes [{id=1, width=1200, height=2608, fps=120.00001, vsync=120.00001, synthetic=false, alternativeRefreshRates=[60.000004, 90.0], supportedHdrTypes=[1, 2, 3, 4]}, {id=2, width=1200, height=2608, fps=90.0, vsync=90.0, synthetic=false, alternativeRefreshRates=[60.000004, 120.00001], supportedHdrTypes=[1, 2, 3, 4]}, {id=3, width=1200, height=2608, fps=60.000004, vsync=60.000004, synthetic=false, alternativeRefreshRates=[90.0, 120.00001], supportedHdrTypes=[1, 2, 3, 4]}], colorMode 0, supportedColorModes [0, 7, 9], hdrCapabilities HdrCapabilities{mSupportedHdrTypes=[1, 2, 3, 4], mMaxLuminance=3200.0, mMaxAverageLuminance=3200.0, mMinLuminance=0.323}, isForceSdr false, allmSupported false, gameContentTypeSupported false, density 480, 419.25723 x 419.26074 dpi, appVsyncOff 1000000, presDeadline 11333333, cutout DisplayCutout{insets=Rect(0, 144 - 0, 0) waterfall=Insets{left=0, top=0, right=0, bottom=0} boundingRect={Bounds=[Rect(0, 0 - 0, 0), Rect(564, 0 - 636, 144), Rect(0, 0 - 0, 0), Rect(0, 0 - 0, 0)]} cutoutPathParserInfo={CutoutPathParserInfo{displayWidth=1200 displayHeight=2608 physicalDisplayWidth=1200 physicalDisplayHeight=2608 density={3.0} cutoutSpec={M 0,0 H -36 V 144 H 36 V 0 H 0 Z} rotation={0} scale={1.0} physicalPixelDisplaySizeRatio={1.0}}} sideOverrides={}}, touch INTERNAL, rotation 0, type INTERNAL, address {port=147, model=0x40446dba6f0085}, deviceProductInfo DeviceProductInfo{name=, manufacturerPnpId=QCM, productId=1, modelYear=null, manufactureDate=ManufactureDate{week=27, year=2006}, connectionToSinkType=1}, state ON, committedState ON, frameRateOverride , brightnessMinimum 2.44171E-4, brightnessMaximum 1.0, brightnessDefault 0.052313514, brightnessDim 2.44171E-4, hdrSdrRatio 1.0, roundedCorners RoundedCorners{[RoundedCorner{position=TopLeft, radius=174, center=Point(174, 174)}, RoundedCorner{position=TopRight, radius=174, center=Point(1026, 174)}, RoundedCorner{position=BottomRight, radius=174, center=Point(1026, 2434)}, RoundedCorner{position=BottomLeft, radius=174, center=Point(174, 2434)}]}, FLAG_ALLOWED_TO_BE_DEFAULT_DISPLAY, FLAG_ROTATES_WITH_CONTENT, FLAG_SECURE, FLAG_SUPPORTS_PROTECTED_BUFFERS, FLAG_TRUSTED, installOrientation 0, displayShape DisplayShape{ spec=1406003047 displayWidth=1200 displayHeight=2608 physicalPixelDisplaySizeRatio=1.0 rotation=0 offsetX=0 offsetY=0 scale=1.0}}
Starting: Intent { cmp=com.waydefu.x11gpu/com.termux.x11.MainActivity }
Status: ok
LaunchState: COLD
Activity: com.waydefu.x11gpu/com.termux.x11.MainActivity
TotalTime: 740
WaitTime: 744
Complete
logcat_since=09-23 10:48:50.000
launcher_intermediate_reaped=28701
x3_pid=28702
termux-x11gpu com.waydefu.x11gpu :3                                                                                  /system/bin/app_process64
pid=28702
display=:3
package=com.waydefu.x11gpu
cmdline=termux-x11gpu com.waydefu.x11gpu :3                                                                                  
start_ts=2026-09-23T10:48:52+08:00
cell=R8-P2
TERMUX_X11_R8_ARM=1
TERMUX_X11_GATEA_TEST_FAULT=close-while-lease
TERMUX_X11_GATEA_TELEMETRY=1
TERMUX_X11_GATEA_TEST_ARM=1
TERMUX_X11_R8_CASE=R8-P2
TERMUX_X11_GATEA_PROTO=1
ENV_EXACT_OK
X_STARTED
socket_ready i=2
ALIVE_8S pid=28702
FIXTURE_ACTIVE
CLIENT_CONSTRUCTION_COMPLETE
fatal_no_clean_term
FIXTURE_EXIT=0
RAW_EVIDENCE_FROZEN
x_pre_cleanup=DEAD pid=28702
PERMIT fatal_path
stable_pid 20881
JUDGE
R8_PASS R8-P2
CLEANUP
NO_X3_RESIDUE
stable_pid 20881
