proot warning: can't sanitize binding "/storage/self/primary": Permission denied
proot warning: can't sanitize binding "/storage/self/primary": Permission denied
proot warning: can't sanitize binding "/storage/self/primary": Permission denied
proot warning: can't sanitize binding "/storage/self/primary": Permission denied
dbus-daemon[22314]: [session uid=0 pid=22314] org.freedesktop.DBus.Error.AccessDenied: Failed to set fd limit to 65536: Operation not permitted
[22325:0924/190701.825803:ERROR:dbus/bus.cc:406] Failed to connect to the bus: Failed to connect to socket /run/dbus/system_bus_socket: No such file or directory
Error: Unable to retrieve mac address (unexpected format)
    at uJe (file:///usr/share/cursor/resources/app/out/main.js:385:1979)
    at mJe (file:///usr/share/cursor/resources/app/out/main.js:385:2071)
    at file:///usr/share/cursor/resources/app/out/main.js:385:7270
    at ModuleJob.run (node:internal/modules/esm/module_job:437:25)
    at process.processTicksAndRejections (node:internal/process/task_queues:104:5)
    at async onImport.tracePromise.__proto__ (node:internal/modules/esm/loader:639:26)
    at async node:electron/js2c/browser_init:2:144690
    at async asyncRunEntryPointWithESMLoader (node:internal/modules/run_main:116:5)
(node:22325) [DEP0040] DeprecationWarning: The `punycode` module is deprecated. Please use a userland alternative instead.
(Use `cursor --trace-deprecation ...` to show where the warning was created)
dbus-daemon[22314]: [session uid=0 pid=22314] Activating service name='org.gtk.vfs.Daemon' requested by ':1.0' (uid=0 pid=22325 comm="/usr/share/cursor/cursor --no-sandbox --disable-gp" label="u:r:runas_app:s0:c109,c257,c512,c768")
dbus-daemon[22314]: [session uid=0 pid=22314] Successfully activated service 'org.gtk.vfs.Daemon'
[22325:0924/190704.324623:ERROR:dbus/bus.cc:406] Failed to connect to the bus: Failed to connect to socket /run/dbus/system_bus_socket: No such file or directory
[22325:0924/190704.328939:ERROR:dbus/bus.cc:406] Failed to connect to the bus: Failed to connect to socket /run/dbus/system_bus_socket: No such file or directory
[22325:0924/190704.329264:ERROR:dbus/bus.cc:406] Failed to connect to the bus: Failed to connect to socket /run/dbus/system_bus_socket: No such file or directory
[22325:0924/190704.329437:ERROR:dbus/bus.cc:406] Failed to connect to the bus: Failed to connect to socket /run/dbus/system_bus_socket: No such file or directory
[22325:0924/190704.329614:ERROR:dbus/bus.cc:406] Failed to connect to the bus: Failed to connect to socket /run/dbus/system_bus_socket: No such file or directory
[22325:0924/190704.339062:ERROR:device/udev_linux/udev_watcher.cc:51] Failed to initialize a udev monitor.

DevTools listening on ws://127.0.0.1:9265/devtools/browser/0fa5bee3-6d6c-4c1c-9cb9-945ee2285c61
[22325:0924/190704.426452:WARNING:device/bluetooth/dbus/bluez_dbus_manager.cc:209] Floss manager service not available, cannot set Floss enable/disable.
[22325:0924/190704.426651:WARNING:electron/shell/browser/lib/power_observer_linux.cc:181] Failed to connect to PrepareForShutdown
[22325:0924/190704.426709:WARNING:electron/shell/browser/lib/power_observer_linux.cc:181] Failed to connect to PrepareForSleep
[22325:0924/190704.426785:WARNING:electron/shell/browser/lib/power_observer_linux.cc:70] org.freedesktop.login1 not available
dbus-daemon[22314]: [session uid=0 pid=22314] Activating service name='org.freedesktop.portal.Desktop' requested by ':1.3' (uid=0 pid=22325 comm="/usr/share/cursor/cursor --no-sandbox --disable-gp" label="u:r:runas_app:s0:c109,c257,c512,c768")
dbus-daemon[22314]: [session uid=0 pid=22314] Activating service name='org.freedesktop.portal.Documents' requested by ':1.4' (uid=0 pid=22441 comm="/usr/libexec/xdg-desktop-portal" label="u:r:runas_app:s0:c109,c257,c512,c768")
dbus-daemon[22314]: [session uid=0 pid=22314] Activating service name='org.freedesktop.impl.portal.PermissionStore' requested by ':1.5' (uid=0 pid=22463 comm="/usr/libexec/xdg-document-portal" label="u:r:runas_app:s0:c109,c257,c512,c768")
dbus-daemon[22314]: [session uid=0 pid=22314] Successfully activated service 'org.freedesktop.impl.portal.PermissionStore'
dbus-daemon[22314]: [session uid=0 pid=22314] Successfully activated service 'org.freedesktop.portal.Documents'
fusermount3: failed to open /dev/fuse: Permission denied
error: fuse init failed: Can't mount path /root/build/proot-bench/home-r02-2-p0/runtime/doc

(/usr/libexec/xdg-desktop-portal:22441): xdg-desktop-portal-WARNING **: 19:07:04.574: Choosing gtk.portal for org.freedesktop.impl.portal.Lockdown as a last-resort fallback

(/usr/libexec/xdg-desktop-portal:22441): xdg-desktop-portal-WARNING **: 19:07:04.574: The preferred method to match portal implementations to desktop environments is to use the portals.conf(5) configuration file
dbus-daemon[22314]: [session uid=0 pid=22314] Activating service name='org.freedesktop.impl.portal.desktop.gtk' requested by ':1.4' (uid=0 pid=22441 comm="/usr/libexec/xdg-desktop-portal" label="u:r:runas_app:s0:c109,c257,c512,c768")
Warning: 'remote-debugging-port' is not in the list of known options, but still passed to Electron/Chromium.
Warning: 'enable-logging' is not in the list of known options, but still passed to Electron/Chromium.

(xdg-desktop-portal-gtk:22478): dbind-WARNING **: 19:07:04.619: Couldn't connect to accessibility bus: Failed to connect to socket /root/build/proot-bench/home-r02-1-pf/runtime/at-spi/bus_3: No such file or directory

(xdg-desktop-portal-gtk:22478): xdg-desktop-portal-gtk-WARNING **: 19:07:04.632: error: Could not connect: No such file or directory

dbus-daemon[22314]: [session uid=0 pid=22314] Successfully activated service 'org.freedesktop.impl.portal.desktop.gtk'

(/usr/libexec/xdg-desktop-portal:22441): xdg-desktop-portal-WARNING **: 19:07:04.850: Failed to create RealtimeKit proxy: Could not connect: No such file or directory

(/usr/libexec/xdg-desktop-portal:22441): xdg-desktop-portal-WARNING **: 19:07:04.850: No skeleton to export

(/usr/libexec/xdg-desktop-portal:22441): xdg-desktop-portal-WARNING **: 19:07:04.850: Choosing gtk.portal for org.freedesktop.impl.portal.FileChooser as a last-resort fallback

(/usr/libexec/xdg-desktop-portal:22441): xdg-desktop-portal-WARNING **: 19:07:04.853: Choosing gtk.portal for org.freedesktop.impl.portal.AppChooser as a last-resort fallback

(/usr/libexec/xdg-desktop-portal:22441): xdg-desktop-portal-WARNING **: 19:07:04.855: Choosing gtk.portal for org.freedesktop.impl.portal.Print as a last-resort fallback

(/usr/libexec/xdg-desktop-portal:22441): xdg-desktop-portal-WARNING **: 19:07:04.858: Choosing gtk.portal for org.freedesktop.impl.portal.Notification as a last-resort fallback

(/usr/libexec/xdg-desktop-portal:22441): xdg-desktop-portal-WARNING **: 19:07:04.860: Choosing gtk.portal for org.freedesktop.impl.portal.Inhibit as a last-resort fallback

(/usr/libexec/xdg-desktop-portal:22441): xdg-desktop-portal-WARNING **: 19:07:04.863: Choosing gtk.portal for org.freedesktop.impl.portal.Access as a last-resort fallback
[W][03510.706017] pw.conf      | [          conf.c: 1031 try_load_conf()] can't load config client.conf: No such file or directory
[E][03510.706050] pw.conf      | [          conf.c: 1060 pw_conf_load_conf_for_context()] can't load config client.conf: No such file or directory

(/usr/libexec/xdg-desktop-portal:22441): xdg-desktop-portal-WARNING **: 19:07:04.870: Failed connect to PipeWire: Couldn't create PipeWire context

(/usr/libexec/xdg-desktop-portal:22441): xdg-desktop-portal-WARNING **: 19:07:04.870: Choosing gtk.portal for org.freedesktop.impl.portal.Account as a last-resort fallback

(/usr/libexec/xdg-desktop-portal:22441): xdg-desktop-portal-WARNING **: 19:07:04.872: Choosing gtk.portal for org.freedesktop.impl.portal.Email as a last-resort fallback

(/usr/libexec/xdg-desktop-portal:22441): xdg-desktop-portal-WARNING **: 19:07:04.874: Choosing gtk.portal for org.freedesktop.impl.portal.DynamicLauncher as a last-resort fallback
dbus-daemon[22314]: [session uid=0 pid=22314] Successfully activated service 'org.freedesktop.portal.Desktop'
[22325:0924/190704.896333:ERROR:dbus/bus.cc:406] Failed to connect to the bus: Failed to connect to socket /run/dbus/system_bus_socket: No such file or directory
[91m[main 2026-09-24T11:07:04.905Z][0m [uncaught exception in main]: Error: write EFAULT Error: write EFAULT
    at afterWriteDispatched (node:internal/stream_base_commons:159:15)
    at writeGeneric (node:internal/stream_base_commons:150:3)
    at Socket._writeGeneric (node:net:1025:11)
    at Socket._write (node:net:1037:8)
    at writeOrBuffer (node:internal/streams/writable:570:12)
    at _write (node:internal/streams/writable:499:10)
    at Writable.write (node:internal/streams/writable:508:10)
    at execSync (node:child_process:1009:20)
    at K6 (file:///usr/share/cursor/resources/app/out/main.js:66:391)
    at $w._getTrueMachineId (file:///usr/share/cursor/resources/app/out/main.js:201:32229)
    at new $w (file:///usr/share/cursor/resources/app/out/main.js:201:31887)
    at GO._createInstance (file:///usr/share/cursor/resources/app/out/main.js:367:1498)
    at GO._createServiceInstance (file:///usr/share/cursor/resources/app/out/main.js:367:5220)
    at GO._createServiceInstanceWithOwner (file:///usr/share/cursor/resources/app/out/main.js:367:3719)
    at GO._createAndCacheServiceInstance (file:///usr/share/cursor/resources/app/out/main.js:367:3366)
    at GO._safeCreateAndCacheServiceInstance (file:///usr/share/cursor/resources/app/out/main.js:367:2413)
    at GO._getOrCreateServiceInstance (file:///usr/share/cursor/resources/app/out/main.js:367:2134)
    at Object.get (file:///usr/share/cursor/resources/app/out/main.js:367:552)
    at ou.initChannels (file:///usr/share/cursor/resources/app/out/main.js:331:19896)
    at file:///usr/share/cursor/resources/app/out/main.js:331:7827
    at GO.invokeFunction (file:///usr/share/cursor/resources/app/out/main.js:367:437)
    at ou.startup (file:///usr/share/cursor/resources/app/out/main.js:331:7804)
    at async sCe.startup (file:///usr/share/cursor/resources/app/out/main.js:371:43868) {
  errno: -14,
  code: 'EFAULT',
  syscall: 'write'
}
[22325:0924/190704.910585:ERROR:dbus/object_proxy.cc:573] Failed to call method: org.freedesktop.login1.Manager.Inhibit: object_path= /org/freedesktop/login1: unknown error type: 
[22325:0924/190704.912545:WARNING:components/dbus/xdg/portal.cc:122] Failed to register with org.freedesktop.host.portal.Registry
dbus-daemon[22314]: [session uid=0 pid=22314] Activating service name='org.a11y.Bus' requested by ':1.0' (uid=0 pid=22325 comm="/usr/share/cursor/cursor --no-sandbox --disable-gp" label="u:r:runas_app:s0:c109,c257,c512,c768")
dbus-daemon[22314]: [session uid=0 pid=22314] Successfully activated service 'org.a11y.Bus'
[90m[main 2026-09-24T11:07:05.106Z][0m update#ctor - updates are managed by the deb package manager
[90m[main 2026-09-24T11:07:05.107Z][0m update#setState disabled
[90m[main 2026-09-24T11:07:05.107Z][0m update#ctor - updates are disabled by the platform installation method
[22325:0924/190705.921893:INFO:CONSOLE:702] "This document requires 'TrustedScript' assignment. The action has been blocked.", source: vscode-file://vscode-app/usr/share/cursor/resources/app/out/vs/workbench/workbench.desktop.main.js (702)
[22325:0924/190705.922034:INFO:CONSOLE:702] "The JavaScript Function constructor does not accept TrustedString arguments. See https://github.com/w3c/webappsec-trusted-types/wiki/Trusted-Types-for-function-constructor for more information.", source: vscode-file://vscode-app/usr/share/cursor/resources/app/out/vs/workbench/workbench.desktop.main.js (702)
[22325:0924/190706.034971:INFO:CONSOLE:6693] "This document requires 'TrustedScript' assignment. The action has been blocked.", source: vscode-file://vscode-app/usr/share/cursor/resources/app/out/vs/workbench/workbench.desktop.main.js (6693)
[22325:0924/190706.035021:INFO:CONSOLE:6693] "The JavaScript Function constructor does not accept TrustedString arguments. See https://github.com/w3c/webappsec-trusted-types/wiki/Trusted-Types-for-function-constructor for more information.", source: vscode-file://vscode-app/usr/share/cursor/resources/app/out/vs/workbench/workbench.desktop.main.js (6693)
[22325:0924/190706.508501:INFO:CONSOLE:64] "%c WARN color: #993 Missing property "alwaysKeepComposerInBound" in oldValue. Filling with value from initValue. Please add a migration if necessary.", source: vscode-file://vscode-app/usr/share/cursor/resources/app/out/vs/workbench/workbench.desktop.main.js (64)
[22325:0924/190706.508610:INFO:CONSOLE:64] "%c WARN color: #993 Missing property "defaultCapabilities" in oldValue. Filling with value from initValue. Please add a migration if necessary.", source: vscode-file://vscode-app/usr/share/cursor/resources/app/out/vs/workbench/workbench.desktop.main.js (64)
[22325:0924/190706.510192:INFO:CONSOLE:64] "%c WARN color: #993 Missing property "autoApplyFilesOutsideContext" in oldValue. Filling with value from initValue. Please add a migration if necessary.", source: vscode-file://vscode-app/usr/share/cursor/resources/app/out/vs/workbench/workbench.desktop.main.js (64)
[22325:0924/190706.510267:INFO:CONSOLE:64] "%c WARN color: #993 Missing property "yoloCommandAllowlist" in oldValue. Filling with value from initValue. Please add a migration if necessary.", source: vscode-file://vscode-app/usr/share/cursor/resources/app/out/vs/workbench/workbench.desktop.main.js (64)
[22325:0924/190706.510781:INFO:CONSOLE:64] "%c WARN color: #993 Missing property "yoloCommandDenylist" in oldValue. Filling with value from initValue. Please add a migration if necessary.", source: vscode-file://vscode-app/usr/share/cursor/resources/app/out/vs/workbench/workbench.desktop.main.js (64)
[22325:0924/190706.510849:INFO:CONSOLE:64] "%c WARN color: #993 Missing property "smartAllowlistDenylist" in oldValue. Filling with value from initValue. Please add a migration if necessary.", source: vscode-file://vscode-app/usr/share/cursor/resources/app/out/vs/workbench/workbench.desktop.main.js (64)
[22325:0924/190706.511235:INFO:CONSOLE:64] "%c WARN color: #993 Missing property "yoloMcpToolsDisabled" in oldValue. Filling with value from initValue. Please add a migration if necessary.", source: vscode-file://vscode-app/usr/share/cursor/resources/app/out/vs/workbench/workbench.desktop.main.js (64)
[22325:0924/190706.511305:INFO:CONSOLE:64] "%c WARN color: #993 Missing property "doNotShowYoloModeWarningAgain" in oldValue. Filling with value from initValue. Please add a migration if necessary.", source: vscode-file://vscode-app/usr/share/cursor/resources/app/out/vs/workbench/workbench.desktop.main.js (64)
[22325:0924/190706.511690:INFO:CONSOLE:64] "%c WARN color: #993 Missing property "doNotShowFullYoloModeWarningAgain" in oldValue. Filling with value from initValue. Please add a migration if necessary.", source: vscode-file://vscode-app/usr/share/cursor/resources/app/out/vs/workbench/workbench.desktop.main.js (64)
[22325:0924/190706.511754:INFO:CONSOLE:64] "%c WARN color: #993 Missing property "selectedFakeStreamerId" in oldValue. Filling with value from initValue. Please add a migration if necessary.", source: vscode-file://vscode-app/usr/share/cursor/resources/app/out/vs/workbench/workbench.desktop.main.js (64)
[22325:0924/190706.512505:INFO:CONSOLE:64] "%c WARN color: #993 Missing property "yoloDeleteFileDisabled" in oldValue. Filling with value from initValue. Please add a migration if necessary.", source: vscode-file://vscode-app/usr/share/cursor/resources/app/out/vs/workbench/workbench.desktop.main.js (64)
[22325:0924/190706.512758:INFO:CONSOLE:64] "%c WARN color: #993 Missing property "yoloOutsideWorkspaceDisabled" in oldValue. Filling with value from initValue. Please add a migration if necessary.", source: vscode-file://vscode-app/usr/share/cursor/resources/app/out/vs/workbench/workbench.desktop.main.js (64)
[22325:0924/190706.513496:INFO:CONSOLE:64] "%c WARN color: #993 Missing property "yoloEnableRunEverything" in oldValue. Filling with value from initValue. Please add a migration if necessary.", source: vscode-file://vscode-app/usr/share/cursor/resources/app/out/vs/workbench/workbench.desktop.main.js (64)
[22325:0924/190706.513602:INFO:CONSOLE:64] "%c WARN color: #993 Missing property "enableSmartAuto" in oldValue. Filling with value from initValue. Please add a migration if necessary.", source: vscode-file://vscode-app/usr/share/cursor/resources/app/out/vs/workbench/workbench.desktop.main.js (64)
[22325:0924/190706.519323:INFO:CONSOLE:64] "%c WARN color: #993 Missing property "isWebSearchToolEnabled" in oldValue. Filling with value from initValue. Please add a migration if necessary.", source: vscode-file://vscode-app/usr/share/cursor/resources/app/out/vs/workbench/workbench.desktop.main.js (64)
[22325:0924/190706.519403:INFO:CONSOLE:64] "%c WARN color: #993 Missing property "isWebSearchToolEnabled2" in oldValue. Filling with value from initValue. Please add a migration if necessary.", source: vscode-file://vscode-app/usr/share/cursor/resources/app/out/vs/workbench/workbench.desktop.main.js (64)
[22325:0924/190706.520393:INFO:CONSOLE:64] "%c WARN color: #993 Missing property "isWebSearchToolEnabled3" in oldValue. Filling with value from initValue. Please add a migration if necessary.", source: vscode-file://vscode-app/usr/share/cursor/resources/app/out/vs/workbench/workbench.desktop.main.js (64)
[22325:0924/190706.520468:INFO:CONSOLE:64] "%c WARN color: #993 Missing property "autoAcceptWebSearchTool" in oldValue. Filling with value from initValue. Please add a migration if necessary.", source: vscode-file://vscode-app/usr/share/cursor/resources/app/out/vs/workbench/workbench.desktop.main.js (64)
[22325:0924/190706.520981:INFO:CONSOLE:64] "%c WARN color: #993 Missing property "isWebFetchToolEnabled" in oldValue. Filling with value from initValue. Please add a migration if necessary.", source: vscode-file://vscode-app/usr/share/cursor/resources/app/out/vs/workbench/workbench.desktop.main.js (64)
[22325:0924/190706.521080:INFO:CONSOLE:64] "%c WARN color: #993 Missing property "webFetchDomainAllowlist" in oldValue. Filling with value from initValue. Please add a migration if necessary.", source: vscode-file://vscode-app/usr/share/cursor/resources/app/out/vs/workbench/workbench.desktop.main.js (64)
[22325:0924/190706.521803:INFO:CONSOLE:64] "%c WARN color: #993 Missing property "autoApproveModeTransitions" in oldValue. Filling with value from initValue. Please add a migration if necessary.", source: vscode-file://vscode-app/usr/share/cursor/resources/app/out/vs/workbench/workbench.desktop.main.js (64)
[22325:0924/190706.521868:INFO:CONSOLE:64] "%c WARN color: #993 Missing property "mcpAuthBlocking" in oldValue. Filling with value from initValue. Please add a migration if necessary.", source: vscode-file://vscode-app/usr/share/cursor/resources/app/out/vs/workbench/workbench.desktop.main.js (64)
[22325:0924/190706.522265:INFO:CONSOLE:64] "%c WARN color: #993 Missing property "autoApprovedModeTransitions" in oldValue. Filling with value from initValue. Please add a migration if necessary.", source: vscode-file://vscode-app/usr/share/cursor/resources/app/out/vs/workbench/workbench.desktop.main.js (64)
[22325:0924/190706.522325:INFO:CONSOLE:64] "%c WARN color: #993 Missing property "autoRejectedModeTransitions" in oldValue. Filling with value from initValue. Please add a migration if necessary.", source: vscode-file://vscode-app/usr/share/cursor/resources/app/out/vs/workbench/workbench.desktop.main.js (64)
[22325:0924/190706.522790:INFO:CONSOLE:64] "%c WARN color: #993 Missing property "backgroundComposerEnv" in oldValue. Filling with value from initValue. Please add a migration if necessary.", source: vscode-file://vscode-app/usr/share/cursor/resources/app/out/vs/workbench/workbench.desktop.main.js (64)
[22325:0924/190706.522884:INFO:CONSOLE:64] "%c WARN color: #993 Missing property "useLegacyTerminalTool" in oldValue. Filling with value from initValue. Please add a migration if necessary.", source: vscode-file://vscode-app/usr/share/cursor/resources/app/out/vs/workbench/workbench.desktop.main.js (64)
[22325:0924/190706.523342:INFO:CONSOLE:64] "%c WARN color: #993 Missing property "modes4" in oldValue. Filling with value from initValue. Please add a migration if necessary.", source: vscode-file://vscode-app/usr/share/cursor/resources/app/out/vs/workbench/workbench.desktop.main.js (64)
[22325:0924/190706.523456:INFO:CONSOLE:64] "%c WARN color: #993 Missing property "codeBlockDisplayPreference" in oldValue. Filling with value from initValue. Please add a migration if necessary.", source: vscode-file://vscode-app/usr/share/cursor/resources/app/out/vs/workbench/workbench.desktop.main.js (64)
[22325:0924/190706.529653:INFO:CONSOLE:64] "%c WARN color: #993 Missing property "thinkingLevel" in oldValue. Filling with value from initValue. Please add a migration if necessary.", source: vscode-file://vscode-app/usr/share/cursor/resources/app/out/vs/workbench/workbench.desktop.main.js (64)
[22325:0924/190706.529870:INFO:CONSOLE:64] "%c WARN color: #993 Missing property "composerMigrationVersion" in oldValue. Filling with value from initValue. Please add a migration if necessary.", source: vscode-file://vscode-app/usr/share/cursor/resources/app/out/vs/workbench/workbench.desktop.main.js (64)
[22325:0924/190706.535445:INFO:CONSOLE:64] "%c WARN color: #993 Missing property "mcpServers" in oldValue. Filling with value from initValue. Please add a migration if necessary.", source: vscode-file://vscode-app/usr/share/cursor/resources/app/out/vs/workbench/workbench.desktop.main.js (64)
[22325:0924/190706.535495:INFO:CONSOLE:64] "%c WARN color: #993 Missing property "mcpDisabledTools" in oldValue. Filling with value from initValue. Please add a migration if necessary.", source: vscode-file://vscode-app/usr/share/cursor/resources/app/out/vs/workbench/workbench.desktop.main.js (64)
[22325:0924/190706.536968:INFO:CONSOLE:64] "%c WARN color: #993 Missing property "availableDefaultModels2" in oldValue. Filling with value from initValue. Please add a migration if necessary.", source: vscode-file://vscode-app/usr/share/cursor/resources/app/out/vs/workbench/workbench.desktop.main.js (64)
[22325:0924/190706.537031:INFO:CONSOLE:64] "%c WARN color: #993 Missing property "featureModelConfigs" in oldValue. Filling with value from initValue. Please add a migration if necessary.", source: vscode-file://vscode-app/usr/share/cursor/resources/app/out/vs/workbench/workbench.desktop.main.js (64)
[22325:0924/190706.538690:INFO:CONSOLE:64] "%c WARN color: #993 Missing property "backgroundComposerState" in oldValue. Filling with value from initValue. Please add a migration if necessary.", source: vscode-file://vscode-app/usr/share/cursor/resources/app/out/vs/workbench/workbench.desktop.main.js (64)
[22325:0924/190706.538741:INFO:CONSOLE:64] "%c WARN color: #993 Missing property "dialogDontAskAgainPreferences" in oldValue. Filling with value from initValue. Please add a migration if necessary.", source: vscode-file://vscode-app/usr/share/cursor/resources/app/out/vs/workbench/workbench.desktop.main.js (64)
[22325:0924/190706.539851:INFO:CONSOLE:64] "%c WARN color: #993 Missing property "cursorIgnore" in oldValue. Filling with value from initValue. Please add a migration if necessary.", source: vscode-file://vscode-app/usr/share/cursor/resources/app/out/vs/workbench/workbench.desktop.main.js (64)
[22325:0924/190706.540404:INFO:CONSOLE:64] "%c WARN color: #993 Missing property "teamAdminSettings" in oldValue. Filling with value from initValue. Please add a migration if necessary.", source: vscode-file://vscode-app/usr/share/cursor/resources/app/out/vs/workbench/workbench.desktop.main.js (64)
[22325:0924/190706.542685:INFO:CONSOLE:64] "%c WARN color: #993 Missing property "shouldShowViewZoneWhenPreviewBoxIsClipped6" in oldValue. Filling with value from initValue. Please add a migration if necessary.", source: vscode-file://vscode-app/usr/share/cursor/resources/app/out/vs/workbench/workbench.desktop.main.js (64)
[22325:0924/190706.542827:INFO:CONSOLE:64] "%c WARN color: #993 Missing property "cppModelsState" in oldValue. Filling with value from initValue. Please add a migration if necessary.", source: vscode-file://vscode-app/usr/share/cursor/resources/app/out/vs/workbench/workbench.desktop.main.js (64)
[22325:0924/190706.544103:INFO:CONSOLE:64] "%c WARN color: #993 Missing property "aiSettings" in oldValue. Filling with value from initValue. Please add a migration if necessary.", source: vscode-file://vscode-app/usr/share/cursor/resources/app/out/vs/workbench/workbench.desktop.main.js (64)
[22325:0924/190706.544143:INFO:CONSOLE:64] "%c WARN color: #993 Missing property "authenticationSettings" in oldValue. Filling with value from initValue. Please add a migration if necessary.", source: vscode-file://vscode-app/usr/share/cursor/resources/app/out/vs/workbench/workbench.desktop.main.js (64)
[22325:0924/190706.544459:INFO:CONSOLE:64] "%c WARN color: #993 Missing property "websiteUrl" in oldValue. Filling with value from initValue. Please add a migration if necessary.", source: vscode-file://vscode-app/usr/share/cursor/resources/app/out/vs/workbench/workbench.desktop.main.js (64)
[22325:0924/190706.544513:INFO:CONSOLE:64] "%c WARN color: #993 Missing property "backendUrl" in oldValue. Filling with value from initValue. Please add a migration if necessary.", source: vscode-file://vscode-app/usr/share/cursor/resources/app/out/vs/workbench/workbench.desktop.main.js (64)
[22325:0924/190706.552531:INFO:CONSOLE:64] "%c WARN color: #993 Missing property "authClientId" in oldValue. Filling with value from initValue. Please add a migration if necessary.", source: vscode-file://vscode-app/usr/share/cursor/resources/app/out/vs/workbench/workbench.desktop.main.js (64)
[22325:0924/190706.552600:INFO:CONSOLE:64] "%c WARN color: #993 Missing property "authDomain" in oldValue. Filling with value from initValue. Please add a migration if necessary.", source: vscode-file://vscode-app/usr/share/cursor/resources/app/out/vs/workbench/workbench.desktop.main.js (64)
[22325:0924/190706.554870:INFO:CONSOLE:64] "%c WARN color: #993 Missing property "repoBackendUrl" in oldValue. Filling with value from initValue. Please add a migration if necessary.", source: vscode-file://vscode-app/usr/share/cursor/resources/app/out/vs/workbench/workbench.desktop.main.js (64)
[22325:0924/190706.554890:INFO:CONSOLE:64] "%c WARN color: #993 Missing property "telemBackendUrl" in oldValue. Filling with value from initValue. Please add a migration if necessary.", source: vscode-file://vscode-app/usr/share/cursor/resources/app/out/vs/workbench/workbench.desktop.main.js (64)
[22325:0924/190706.562874:INFO:CONSOLE:64] "%c WARN color: #993 Missing property "cmdkBackendUrl" in oldValue. Filling with value from initValue. Please add a migration if necessary.", source: vscode-file://vscode-app/usr/share/cursor/resources/app/out/vs/workbench/workbench.desktop.main.js (64)
[22325:0924/190706.562972:INFO:CONSOLE:64] "%c WARN color: #993 Missing property "geoCppBackendUrl" in oldValue. Filling with value from initValue. Please add a migration if necessary.", source: vscode-file://vscode-app/usr/share/cursor/resources/app/out/vs/workbench/workbench.desktop.main.js (64)
[22325:0924/190706.564707:INFO:CONSOLE:64] "%c WARN color: #993 Missing property "cppConfigBackendUrl" in oldValue. Filling with value from initValue. Please add a migration if necessary.", source: vscode-file://vscode-app/usr/share/cursor/resources/app/out/vs/workbench/workbench.desktop.main.js (64)
[22325:0924/190706.564818:INFO:CONSOLE:64] "%c WARN color: #993 Missing property "originBackendUrl" in oldValue. Filling with value from initValue. Please add a migration if necessary.", source: vscode-file://vscode-app/usr/share/cursor/resources/app/out/vs/workbench/workbench.desktop.main.js (64)
[22325:0924/190706.565107:INFO:CONSOLE:64] "%c WARN color: #993 Missing property "bcProxyUrl" in oldValue. Filling with value from initValue. Please add a migration if necessary.", source: vscode-file://vscode-app/usr/share/cursor/resources/app/out/vs/workbench/workbench.desktop.main.js (64)
[22325:0924/190706.565187:INFO:CONSOLE:64] "%c WARN color: #993 Missing property "agentBackendUrlPrivacy" in oldValue. Filling with value from initValue. Please add a migration if necessary.", source: vscode-file://vscode-app/usr/share/cursor/resources/app/out/vs/workbench/workbench.desktop.main.js (64)
[22325:0924/190706.565366:INFO:CONSOLE:64] "%c WARN color: #993 Missing property "agentBackendUrlNonPrivacy" in oldValue. Filling with value from initValue. Please add a migration if necessary.", source: vscode-file://vscode-app/usr/share/cursor/resources/app/out/vs/workbench/workbench.desktop.main.js (64)
[22325:0924/190706.565390:INFO:CONSOLE:64] "%c WARN color: #993 Missing property "credentialsDisplayName" in oldValue. Filling with value from initValue. Please add a migration if necessary.", source: vscode-file://vscode-app/usr/share/cursor/resources/app/out/vs/workbench/workbench.desktop.main.js (64)
[22325:0924/190706.565687:INFO:CONSOLE:64] "%c WARN color: #993 Missing property "cmdLineHookState" in oldValue. Filling with value from initValue. Please add a migration if necessary.", source: vscode-file://vscode-app/usr/share/cursor/resources/app/out/vs/workbench/workbench.desktop.main.js (64)
[22325:0924/190706.565720:INFO:CONSOLE:64] "%c WARN color: #993 Missing property "shouldOnlyImportOnAccept" in oldValue. Filling with value from initValue. Please add a migration if necessary.", source: vscode-file://vscode-app/usr/share/cursor/resources/app/out/vs/workbench/workbench.desktop.main.js (64)
[22325:0924/190706.566014:INFO:CONSOLE:64] "%c WARN color: #993 Missing property "cppAutoImportDecorationStyle" in oldValue. Filling with value from initValue. Please add a migration if necessary.", source: vscode-file://vscode-app/usr/share/cursor/resources/app/out/vs/workbench/workbench.desktop.main.js (64)
[22325:0924/190706.566047:INFO:CONSOLE:64] "%c WARN color: #993 Missing property "newUserData" in oldValue. Filling with value from initValue. Please add a migration if necessary.", source: vscode-file://vscode-app/usr/share/cursor/resources/app/out/vs/workbench/workbench.desktop.main.js (64)
[22325:0924/190706.566264:INFO:CONSOLE:64] "%c WARN color: #993 Missing property "azureState" in oldValue. Filling with value from initValue. Please add a migration if necessary.", source: vscode-file://vscode-app/usr/share/cursor/resources/app/out/vs/workbench/workbench.desktop.main.js (64)
[22325:0924/190706.566306:INFO:CONSOLE:64] "%c WARN color: #993 Missing property "personalDocs" in oldValue. Filling with value from initValue. Please add a migration if necessary.", source: vscode-file://vscode-app/usr/share/cursor/resources/app/out/vs/workbench/workbench.desktop.main.js (64)
[22325:0924/190706.566676:INFO:CONSOLE:64] "%c WARN color: #993 Missing property "cppInCmdF" in oldValue. Filling with value from initValue. Please add a migration if necessary.", source: vscode-file://vscode-app/usr/share/cursor/resources/app/out/vs/workbench/workbench.desktop.main.js (64)
[22325:0924/190706.566714:INFO:CONSOLE:64] "%c WARN color: #993 Missing property "cppTriggerInComments" in oldValue. Filling with value from initValue. Please add a migration if necessary.", source: vscode-file://vscode-app/usr/share/cursor/resources/app/out/vs/workbench/workbench.desktop.main.js (64)
[22325:0924/190706.567157:INFO:CONSOLE:64] "%c WARN color: #993 Missing property "cppShowWhitespaceOnlyChanges" in oldValue. Filling with value from initValue. Please add a migration if necessary.", source: vscode-file://vscode-app/usr/share/cursor/resources/app/out/vs/workbench/workbench.desktop.main.js (64)
[22325:0924/190706.567184:INFO:CONSOLE:64] "%c WARN color: #993 Missing property "cppConfig" in oldValue. Filling with value from initValue. Please add a migration if necessary.", source: vscode-file://vscode-app/usr/share/cursor/resources/app/out/vs/workbench/workbench.desktop.main.js (64)
[22325:0924/190706.567385:INFO:CONSOLE:64] "%c WARN color: #993 Missing property "indexRepository" in oldValue. Filling with value from initValue. Please add a migration if necessary.", source: vscode-file://vscode-app/usr/share/cursor/resources/app/out/vs/workbench/workbench.desktop.main.js (64)
[22325:0924/190706.567419:INFO:CONSOLE:64] "%c WARN color: #993 Missing property "haveNotImportedFromVSC" in oldValue. Filling with value from initValue. Please add a migration if necessary.", source: vscode-file://vscode-app/usr/share/cursor/resources/app/out/vs/workbench/workbench.desktop.main.js (64)
[22325:0924/190706.567590:INFO:CONSOLE:64] "%c WARN color: #993 Missing property "shouldAutoParseCmdKLinks" in oldValue. Filling with value from initValue. Please add a migration if necessary.", source: vscode-file://vscode-app/usr/share/cursor/resources/app/out/vs/workbench/workbench.desktop.main.js (64)
[22325:0924/190706.567613:INFO:CONSOLE:64] "%c WARN color: #993 Missing property "isFileSyncClientEnabled" in oldValue. Filling with value from initValue. Please add a migration if necessary.", source: vscode-file://vscode-app/usr/share/cursor/resources/app/out/vs/workbench/workbench.desktop.main.js (64)
[22325:0924/190706.567809:INFO:CONSOLE:64] "%c WARN color: #993 Missing property "membershipType" in oldValue. Filling with value from initValue. Please add a migration if necessary.", source: vscode-file://vscode-app/usr/share/cursor/resources/app/out/vs/workbench/workbench.desktop.main.js (64)
[22325:0924/190706.567829:INFO:CONSOLE:64] "%c WARN color: #993 Missing property "fastApplyModelType" in oldValue. Filling with value from initValue. Please add a migration if necessary.", source: vscode-file://vscode-app/usr/share/cursor/resources/app/out/vs/workbench/workbench.desktop.main.js (64)
[22325:0924/190706.568139:INFO:CONSOLE:64] "%c WARN color: #993 Missing property "explicitlyEnableSemanticSearch" in oldValue. Filling with value from initValue. Please add a migration if necessary.", source: vscode-file://vscode-app/usr/share/cursor/resources/app/out/vs/workbench/workbench.desktop.main.js (64)
[22325:0924/190706.568166:INFO:CONSOLE:64] "%c WARN color: #993 Missing property "backgroundComposerEnv" in oldValue. Filling with value from initValue. Please add a migration if necessary.", source: vscode-file://vscode-app/usr/share/cursor/resources/app/out/vs/workbench/workbench.desktop.main.js (64)
[22325:0924/190706.568353:INFO:CONSOLE:64] "%c WARN color: #993 Missing property "preferredEmbeddingModel" in oldValue. Filling with value from initValue. Please add a migration if necessary.", source: vscode-file://vscode-app/usr/share/cursor/resources/app/out/vs/workbench/workbench.desktop.main.js (64)
[22325:0924/190706.568373:INFO:CONSOLE:64] "%c WARN color: #993 Missing property "oneTimeSettings" in oldValue. Filling with value from initValue. Please add a migration if necessary.", source: vscode-file://vscode-app/usr/share/cursor/resources/app/out/vs/workbench/workbench.desktop.main.js (64)
[22325:0924/190706.568608:INFO:CONSOLE:64] "%c WARN color: #993 Missing property "eligibleForSnippetLearning" in oldValue. Filling with value from initValue. Please add a migration if necessary.", source: vscode-file://vscode-app/usr/share/cursor/resources/app/out/vs/workbench/workbench.desktop.main.js (64)
[22325:0924/190706.568628:INFO:CONSOLE:64] "%c WARN color: #993 Missing property "goneThroughCodeSnippetOnboarding" in oldValue. Filling with value from initValue. Please add a migration if necessary.", source: vscode-file://vscode-app/usr/share/cursor/resources/app/out/vs/workbench/workbench.desktop.main.js (64)
[22325:0924/190706.568806:INFO:CONSOLE:64] "%c WARN color: #993 Missing property "goneThroughCodeSnippetChangeManagement" in oldValue. Filling with value from initValue. Please add a migration if necessary.", source: vscode-file://vscode-app/usr/share/cursor/resources/app/out/vs/workbench/workbench.desktop.main.js (64)
[22325:0924/190706.568830:INFO:CONSOLE:64] "%c WARN color: #993 Missing property "hasResetModelOnce" in oldValue. Filling with value from initValue. Please add a migration if necessary.", source: vscode-file://vscode-app/usr/share/cursor/resources/app/out/vs/workbench/workbench.desktop.main.js (64)
[22325:0924/190706.569064:INFO:CONSOLE:64] "%c WARN color: #993 Missing property "rpcFileLoggerEnabled" in oldValue. Filling with value from initValue. Please add a migration if necessary.", source: vscode-file://vscode-app/usr/share/cursor/resources/app/out/vs/workbench/workbench.desktop.main.js (64)
[22325:0924/190706.756945:INFO:CONSOLE:17393] "[layout] AgentLayoutService constructor initialized missing SIDEBAR_LOCATION from primary config fallback undefined [object Object]", source: vscode-file://vscode-app/usr/share/cursor/resources/app/out/vs/workbench/workbench.desktop.main.js (17393)
[22623:0924/190707.176487:WARNING:media/audio/linux/audio_manager_linux.cc:54] Falling back to ALSA for audio output. PulseAudio is not available or could not be initialized.
[22325:0924/190713.494841:INFO:CONSOLE:17393] "[github_auth] Provider registered [object Object]", source: vscode-file://vscode-app/usr/share/cursor/resources/app/out/vs/workbench/workbench.desktop.main.js (17393)
[22325:0924/190713.495473:INFO:CONSOLE:17393] "[github_auth] Provider registered [object Object]", source: vscode-file://vscode-app/usr/share/cursor/resources/app/out/vs/workbench/workbench.desktop.main.js (17393)
[22325:0924/190714.627861:INFO:CONSOLE:64] "%c  ERR color: #f33 [Extension Host:retrieval] (node:22748) [DEP0040] DeprecationWarning: The `punycode` module is deprecated. Please use a userland alternative instead.
(Use `exe --trace-deprecation ...` to show where the warning was created)", source: vscode-file://vscode-app/usr/share/cursor/resources/app/out/vs/workbench/workbench.desktop.main.js (64)
[22325:0924/190714.627998:INFO:CONSOLE:11845] "%c[Extension Host:retrieval] %c(node:22748) [DEP0040] DeprecationWarning: The `punycode` module is deprecated. Please use a userland alternative instead.
(Use `exe --trace-deprecation ...` to show where the warning was created) color: blue color: ", source: vscode-file://vscode-app/usr/share/cursor/resources/app/out/vs/workbench/workbench.desktop.main.js (11845)
[22325:0924/190714.949322:INFO:CONSOLE:17566] "Failed to get git telemetry attributes: Error: Failed to execute git", source: vscode-file://vscode-app/usr/share/cursor/resources/app/out/vs/workbench/workbench.desktop.main.js (17566)
[22325:0924/190715.050108:INFO:CONSOLE:7004] "[PluginsProviderService] getInstalledGitHubPlugins took 2642.2ms", source: vscode-file://vscode-app/usr/share/cursor/resources/app/out/vs/workbench/workbench.desktop.main.js (7004)
[22325:0924/190715.201479:INFO:CONSOLE:7004] "[PluginsProviderService] getPluginMcpServers took 8196.6ms", source: vscode-file://vscode-app/usr/share/cursor/resources/app/out/vs/workbench/workbench.desktop.main.js (7004)
[22325:0924/190715.201622:INFO:CONSOLE:7004] "[PluginsProviderService] getPluginHooks took 7342.7ms", source: vscode-file://vscode-app/usr/share/cursor/resources/app/out/vs/workbench/workbench.desktop.main.js (7004)
[22325:0924/190715.202787:INFO:CONSOLE:7004] "[PluginsProviderService] getPluginLoadFailures took 2791.9ms", source: vscode-file://vscode-app/usr/share/cursor/resources/app/out/vs/workbench/workbench.desktop.main.js (7004)
[22325:0924/190715.203001:INFO:CONSOLE:7004] "[PluginsProviderService] getPluginSetIncomplete took 2791.9ms", source: vscode-file://vscode-app/usr/share/cursor/resources/app/out/vs/workbench/workbench.desktop.main.js (7004)
[22325:0924/190715.203548:INFO:CONSOLE:7004] "[PluginsProviderService] getLoadedPluginsSummary took 2792.0ms", source: vscode-file://vscode-app/usr/share/cursor/resources/app/out/vs/workbench/workbench.desktop.main.js (7004)
[22325:0924/190715.278525:INFO:CONSOLE:7004] "[PluginsProviderService] getPluginComponentFiles took 2875.2ms", source: vscode-file://vscode-app/usr/share/cursor/resources/app/out/vs/workbench/workbench.desktop.main.js (7004)
[22325:0924/190715.354361:INFO:CONSOLE:64] "%c  ERR color: #f33 [Extension Host:user] 11:07:15.333 ERROR [sandboxPreflight] Preflight failed: Command failed: /usr/share/cursor/resources/app/resources/helpers/cursorsandbox --policy /root/build/proot-bench/home-r02-2-p0/.cursor/sandbox-policies/sandbox-policy-b403a3ac67fde70a --preflight-only -- /bin/true
Error: Failed to resolve Linux sandbox backend: Unsupported sandbox configuration: Linux auto backend selection failed. Landlock error: Unsupported sandbox configuration: Failed to apply Landlock: Step 5/7 (landlock) failed: Failed to apply Landlock: Landlock V3 filesystem restrictions not supported. Error: fully incompatible access-rights: BitFlags<AccessFs>(0b111111111110010, WriteFile | RemoveDir | RemoveFile | MakeChar | MakeDir | MakeReg | MakeSock | MakeFifo | MakeBlock | MakeSym | Refer | Truncate). Ensure Landlock LSM is enabled (CONFIG_SECURITY_LANDLOCK=y) on a kernel with V3 support.. Bubblewrap error: Unsupported sandbox configuration: Unsupported sandbox configuration: Bubblewrap preflight failed with exit code Some(1): bwrap: fchdir to oldroot: No such file or directory
", source: vscode-file://vscode-app/usr/share/cursor/resources/app/out/vs/workbench/workbench.desktop.main.js (64)
[22325:0924/190715.354586:INFO:CONSOLE:11845] "%c[Extension Host:user] %c11:07:15.333 ERROR [sandboxPreflight] Preflight failed: Command failed: /usr/share/cursor/resources/app/resources/helpers/cursorsandbox --policy /root/build/proot-bench/home-r02-2-p0/.cursor/sandbox-policies/sandbox-policy-b403a3ac67fde70a --preflight-only -- /bin/true
Error: Failed to resolve Linux sandbox backend: Unsupported sandbox configuration: Linux auto backend selection failed. Landlock error: Unsupported sandbox configuration: Failed to apply Landlock: Step 5/7 (landlock) failed: Failed to apply Landlock: Landlock V3 filesystem restrictions not supported. Error: fully incompatible access-rights: BitFlags<AccessFs>(0b111111111110010, WriteFile | RemoveDir | RemoveFile | MakeChar | MakeDir | MakeReg | MakeSock | MakeFifo | MakeBlock | MakeSym | Refer | Truncate). Ensure Landlock LSM is enabled (CONFIG_SECURITY_LANDLOCK=y) on a kernel with V3 support.. Bubblewrap error: Unsupported sandbox configuration: Unsupported sandbox configuration: Bubblewrap preflight failed with exit code Some(1): bwrap: fchdir to oldroot: No such file or directory
 color: blue color: ", source: vscode-file://vscode-app/usr/share/cursor/resources/app/out/vs/workbench/workbench.desktop.main.js (11845)
[22325:0924/190715.355249:INFO:CONSOLE:64] "%c  ERR color: #f33 [Extension Host:user] 11:07:15.334 ERROR [sandboxPreflight] Exit status: 2", source: vscode-file://vscode-app/usr/share/cursor/resources/app/out/vs/workbench/workbench.desktop.main.js (64)
[22325:0924/190715.355284:INFO:CONSOLE:11845] "%c[Extension Host:user] %c11:07:15.334 ERROR [sandboxPreflight] Exit status: 2 color: blue color: ", source: vscode-file://vscode-app/usr/share/cursor/resources/app/out/vs/workbench/workbench.desktop.main.js (11845)
[22325:0924/190715.356292:INFO:CONSOLE:64] "%c  ERR color: #f33 [Extension Host:user] 11:07:15.334 ERROR [sandboxPreflight] Stderr: Error: Failed to resolve Linux sandbox backend: Unsupported sandbox configuration: Linux auto backend selection failed. Landlock error: Unsupported sandbox configuration: Failed to apply Landlock: Step 5/7 (landlock) failed: Failed to apply Landlock: Landlock V3 filesystem restrictions not supported. Error: fully incompatible access-rights: BitFlags<AccessFs>(0b111111111110010, WriteFile | RemoveDir | RemoveFile | MakeChar | MakeDir | MakeReg | MakeSock | MakeFifo | MakeBlock | MakeSym | Refer | Truncate). Ensure Landlock LSM is enabled (CONFIG_SECURITY_LANDLOCK=y) on a kernel with V3 support.. Bubblewrap error: Unsupported sandbox configuration: Unsupported sandbox configuration: Bubblewrap preflight failed with exit code Some(1): bwrap: fchdir to oldroot: No such file or directory
", source: vscode-file://vscode-app/usr/share/cursor/resources/app/out/vs/workbench/workbench.desktop.main.js (64)
[22325:0924/190715.356718:INFO:CONSOLE:11845] "%c[Extension Host:user] %c11:07:15.334 ERROR [sandboxPreflight] Stderr: Error: Failed to resolve Linux sandbox backend: Unsupported sandbox configuration: Linux auto backend selection failed. Landlock error: Unsupported sandbox configuration: Failed to apply Landlock: Step 5/7 (landlock) failed: Failed to apply Landlock: Landlock V3 filesystem restrictions not supported. Error: fully incompatible access-rights: BitFlags<AccessFs>(0b111111111110010, WriteFile | RemoveDir | RemoveFile | MakeChar | MakeDir | MakeReg | MakeSock | MakeFifo | MakeBlock | MakeSym | Refer | Truncate). Ensure Landlock LSM is enabled (CONFIG_SECURITY_LANDLOCK=y) on a kernel with V3 support.. Bubblewrap error: Unsupported sandbox configuration: Unsupported sandbox configuration: Bubblewrap preflight failed with exit code Some(1): bwrap: fchdir to oldroot: No such file or directory
 color: blue color: ", source: vscode-file://vscode-app/usr/share/cursor/resources/app/out/vs/workbench/workbench.desktop.main.js (11845)
[22325:0924/190715.370855:INFO:CONSOLE:17393] "[background_composer] Refreshing background composers [object Object]", source: vscode-file://vscode-app/usr/share/cursor/resources/app/out/vs/workbench/workbench.desktop.main.js (17393)
[22325:0924/190715.371277:INFO:CONSOLE:17393] "[background_composer] Background composer disabled, not refreshing background composers [object Object]", source: vscode-file://vscode-app/usr/share/cursor/resources/app/out/vs/workbench/workbench.desktop.main.js (17393)
[22325:0924/190716.899675:INFO:CONSOLE:17393] "[transport] Connect error in unary AI connect ConnectError: [deadline_exceeded] the operation timed out [object Object]", source: vscode-file://vscode-app/usr/share/cursor/resources/app/out/vs/workbench/workbench.desktop.main.js (17393)
[22325:0924/190717.903973:INFO:CONSOLE:17393] "[transport] Connect error in unary AI connect ConnectError: [deadline_exceeded] the operation timed out [object Object]", source: vscode-file://vscode-app/usr/share/cursor/resources/app/out/vs/workbench/workbench.desktop.main.js (17393)
[22325:0924/190719.920926:INFO:CONSOLE:17393] "[transport] Connect error in unary AI connect ConnectError: [deadline_exceeded] the operation timed out [object Object]", source: vscode-file://vscode-app/usr/share/cursor/resources/app/out/vs/workbench/workbench.desktop.main.js (17393)
[22325:0924/190722.451796:INFO:CONSOLE:17393] "[transport] Connect error in unary AI connect ConnectError: [unauthenticated] No authorization header found [object Object]", source: vscode-file://vscode-app/usr/share/cursor/resources/app/out/vs/workbench/workbench.desktop.main.js (17393)
[22325:0924/190722.481327:INFO:CONSOLE:64] "%c  ERR color: #f33 [unauthenticated] No authorization header found: ConnectError: [unauthenticated] No authorization header found
    at t (vscode-file://vscode-app/usr/share/cursor/resources/app/out/vs/workbench/workbench.desktop.main.js:11881:598847)
    at async Object.cppConfig (vscode-file://vscode-app/usr/share/cursor/resources/app/out/vs/workbench/workbench.desktop.main.js:6752:60939)
    at async wKo.loadCppConfigIncludingHandlingProAccess (vscode-file://vscode-app/usr/share/cursor/resources/app/out/vs/workbench/workbench.desktop.main.js:19463:1305) ConnectError: [unauthenticated] No authorization header found", source: vscode-file://vscode-app/usr/share/cursor/resources/app/out/vs/workbench/workbench.desktop.main.js (64)
[22325:0924/190723.929079:INFO:CONSOLE:17393] "[transport] Connect error in unary AI connect ConnectError: [deadline_exceeded] the operation timed out [object Object]", source: vscode-file://vscode-app/usr/share/cursor/resources/app/out/vs/workbench/workbench.desktop.main.js (17393)
[22325:0924/190723.929306:INFO:CONSOLE:17438] "ConnectError: [deadline_exceeded] the operation timed out", source: vscode-file://vscode-app/usr/share/cursor/resources/app/out/vs/workbench/workbench.desktop.main.js (17438)
[22325:0924/190724.636545:INFO:CONSOLE:17393] "[transport] Connect error in unary AI connect ConnectError: [unauthenticated] No authorization header found [object Object]", source: vscode-file://vscode-app/usr/share/cursor/resources/app/out/vs/workbench/workbench.desktop.main.js (17393)
[22325:0924/190725.152443:INFO:CONSOLE:17393] "[transport] Connect error in unary AI connect ConnectError: [unauthenticated] Error [object Object]", source: vscode-file://vscode-app/usr/share/cursor/resources/app/out/vs/workbench/workbench.desktop.main.js (17393)
[22325:0924/190725.155051:INFO:CONSOLE:7004] "[MCPWellKnownDetection] Failed to fetch known servers for icon pre-resolution: ConnectError: [unauthenticated] Error", source: vscode-file://vscode-app/usr/share/cursor/resources/app/out/vs/workbench/workbench.desktop.main.js (7004)
[22325:0924/190726.231041:INFO:CONSOLE:17393] "[transport] Connect error in unary AI connect ConnectError: [unauthenticated] Error [object Object]", source: vscode-file://vscode-app/usr/share/cursor/resources/app/out/vs/workbench/workbench.desktop.main.js (17393)
[22325:0924/190726.254372:INFO:CONSOLE:17393] "[transport] Connect error in unary AI connect ConnectError: [unauthenticated] Error [object Object]", source: vscode-file://vscode-app/usr/share/cursor/resources/app/out/vs/workbench/workbench.desktop.main.js (17393)
[22325:0924/190726.254440:INFO:CONSOLE:8098] "[KnowledgeBaseService] Failed to fetch knowledge: ConnectError: [unauthenticated] Error", source: vscode-file://vscode-app/usr/share/cursor/resources/app/out/vs/workbench/workbench.desktop.main.js (8098)
[22325:0924/190726.836694:INFO:CONSOLE:6750] "[browser-bridge] Initialized OTEL provider with collector callback", source: vscode-file://vscode-app/usr/share/cursor/resources/app/out/vs/workbench/workbench.desktop.main.js (6750)
[90m[main 2026-09-24T11:07:26.846Z][0m [CursorProclistService] Config enabled feature (subsample every 10s; memoryPressureMonitorEnabled=true)
[90m[main 2026-09-24T11:07:26.893Z][0m [RendererPing] enabled (intervalMs=5000, blockThresholdMs=15000, stacks=true)
[90m[main 2026-09-24T11:07:37.623Z][0m [WorktreeCleanupMainService] Granted cleanup lease id=1 owner=window:1 reason="startup-catchup-worktree-cleanup"
[22325:0924/190742.661304:INFO:CONSOLE:64] "%c WARN color: #993 [WorktreeManager] Timed out after 5000ms waiting for local agent scan; orphan classification disabled this pass", source: vscode-file://vscode-app/usr/share/cursor/resources/app/out/vs/workbench/workbench.desktop.main.js (64)
[90m[main 2026-09-24T11:07:42.664Z][0m [WorktreeCleanupMainService] Releasing cleanup lease id=1 owner=window:1 reason="startup-catchup-worktree-cleanup" releaseReason="released" heldForMs=5041
[22325:0924/190743.998263:INFO:CONSOLE:17393] "[agent_exec] Agent data cleanup completed [object Object]", source: vscode-file://vscode-app/usr/share/cursor/resources/app/out/vs/workbench/workbench.desktop.main.js (17393)
[22325:0924/190836.613199:INFO:CONSOLE:17393] "[transport] Connect error in unary AI connect ConnectError: [unauthenticated] Error [object Object]", source: vscode-file://vscode-app/usr/share/cursor/resources/app/out/vs/workbench/workbench.desktop.main.js (17393)
[22325:0924/190933.999406:INFO:CONSOLE:17393] "[transport] Connect error in unary AI connect ConnectError: [unauthenticated] Error [object Object]", source: vscode-file://vscode-app/usr/share/cursor/resources/app/out/vs/workbench/workbench.desktop.main.js (17393)
proot info: vpid 1: terminated with signal 15
LAUNCH_EXIT rc=0
