dbus-daemon[9470]: [session uid=0 pid=9470] org.freedesktop.DBus.Error.AccessDenied: Failed to set fd limit to 65536: Operation not permitted
dbus-daemon[9470]: [session uid=0 pid=9470] Activating service name='org.xfce.Xfconf' requested by ':1.0' (uid=0 pid=9477 comm="xfce4-session" label="u:r:untrusted_app_27:s0:c109,c257,c512,c768")
dbus-daemon[9470]: [session uid=0 pid=9470] Successfully activated service 'org.xfce.Xfconf'
/usr/bin/iceauth:  creating new authority file /tmp/xfce-x3-run-20260926021915-7164/runtime/ICEauthority
dbus-daemon[9470]: [session uid=0 pid=9470] Activating service name='org.gtk.vfs.Daemon' requested by ':1.2' (uid=0 pid=9497 comm="xfwm4" label="u:r:untrusted_app_27:s0:c109,c257,c512,c768")
dbus-daemon[9470]: [session uid=0 pid=9470] Successfully activated service 'org.gtk.vfs.Daemon'

(xfsettingsd:9578): libupower-glib-WARNING **: 02:19:33.478: Couldn't connect to proxy: Could not connect: No such file or directory
dbus-daemon[9470]: [session uid=0 pid=9470] Activating service name='org.freedesktop.thumbnails.Thumbnailer1' requested by ':1.7' (uid=0 pid=9602 comm="xfdesktop" label="u:r:untrusted_app_27:s0:c109,c257,c512,c768")

(tumblerd:9673): tumblerd-WARNING **: 02:19:33.981: Couldn't change nice value of process.
libclock-Message: 02:19:34.092: could not get proxy for org.freedesktop.login1

(xfce4-panel:9584): libclock-WARNING **: 02:19:34.092: could not instantiate a sleep monitor
dbus-daemon[9470]: [session uid=0 pid=9470] Activating service name='org.gtk.vfs.UDisks2VolumeMonitor' requested by ':1.8' (uid=0 pid=9673 comm="/usr/lib/aarch64-linux-gnu/tumbler-1/tumblerd" label="u:r:untrusted_app_27:s0:c109,c257,c512,c768")

(process:10316): GVFS-UDisks2-WARNING **: 02:19:34.855: Failed to connect to UDisks: Could not connect: No such file or directory

(process:10316): GVFS-RemoteVolumeMonitorDaemon-WARNING **: 02:19:34.855: monitor says it's not supported
dbus-daemon[9470]: [session uid=0 pid=9470] Successfully activated service 'org.gtk.vfs.UDisks2VolumeMonitor'

(process:10316): GVFS-RemoteVolumeMonitorDaemon-WARNING **: 02:19:34.864: monitor says it's not supported

(tumblerd:9673): GVFS-RemoteVolumeMonitor-WARNING **: 02:19:34.864: remote volume monitor with dbus name org.gtk.vfs.UDisks2VolumeMonitor is not supported

(tumblerd:9673): GLib-GIO-WARNING **: 02:19:34.866: Error creating IO channel for /proc/self/mountinfo: Operation not permitted (g-io-error-quark, 14)

(xfce4-session:9477): xfce4-session-WARNING **: 02:19:34.869: failed to run script: Failed to execute child process “/usr/bin/pm-is-supported” (No such file or directory)
dbus-daemon[9470]: [session uid=0 pid=9470] Activating service name='org.gtk.vfs.AfcVolumeMonitor' requested by ':1.8' (uid=0 pid=9673 comm="/usr/lib/aarch64-linux-gnu/tumbler-1/tumblerd" label="u:r:untrusted_app_27:s0:c109,c257,c512,c768")

(xfce4-session:9477): xfce4-session-WARNING **: 02:19:34.878: failed to run script: Failed to execute child process “/usr/bin/pm-is-supported” (No such file or directory)
dbus-daemon[9470]: [session uid=0 pid=9470] Activating service name='org.xfce.Notifyd' requested by ':1.9' (uid=0 pid=9722 comm="/usr/lib/aarch64-linux-gnu/xfce4/panel/wrapper-2.0" label="u:r:untrusted_app_27:s0:c109,c257,c512,c768")

(xfce4-session:9477): xfce4-session-WARNING **: 02:19:34.888: failed to run script: Failed to execute child process “/usr/bin/pm-is-supported” (No such file or directory)
dbus-daemon[9470]: [session uid=0 pid=9470] Successfully activated service 'org.gtk.vfs.AfcVolumeMonitor'
dbus-daemon[9470]: [session uid=0 pid=9470] Activating service name='org.gtk.vfs.MTPVolumeMonitor' requested by ':1.8' (uid=0 pid=9673 comm="/usr/lib/aarch64-linux-gnu/tumbler-1/tumblerd" label="u:r:untrusted_app_27:s0:c109,c257,c512,c768")
dbus-daemon[9470]: [session uid=0 pid=9470] Successfully activated service 'org.gtk.vfs.MTPVolumeMonitor'
dbus-daemon[9470]: [session uid=0 pid=9470] Activating service name='org.gtk.vfs.GPhoto2VolumeMonitor' requested by ':1.8' (uid=0 pid=9673 comm="/usr/lib/aarch64-linux-gnu/tumbler-1/tumblerd" label="u:r:untrusted_app_27:s0:c109,c257,c512,c768")
dbus-daemon[9470]: [session uid=0 pid=9470] Successfully activated service 'org.gtk.vfs.GPhoto2VolumeMonitor'
dbus-daemon[9470]: [session uid=0 pid=9470] Activating service name='org.gtk.vfs.GoaVolumeMonitor' requested by ':1.8' (uid=0 pid=9673 comm="/usr/lib/aarch64-linux-gnu/tumbler-1/tumblerd" label="u:r:untrusted_app_27:s0:c109,c257,c512,c768")
dbus-daemon[9470]: [session uid=0 pid=9470] Successfully activated service 'org.gtk.vfs.GoaVolumeMonitor'
dbus-daemon[9470]: [session uid=0 pid=9470] Successfully activated service 'org.xfce.Notifyd'
dbus-daemon[9470]: [session uid=0 pid=9470] Successfully activated service 'org.freedesktop.thumbnails.Thumbnailer1'

(xfdesktop:9602): GLib-GObject-CRITICAL **: 02:19:35.039: g_object_unref: assertion 'G_IS_OBJECT (object)' failed

(process:10316): GVFS-RemoteVolumeMonitorDaemon-WARNING **: 02:19:35.052: monitor says it's not supported

(xfdesktop:9602): GVFS-RemoteVolumeMonitor-WARNING **: 02:19:35.053: remote volume monitor with dbus name org.gtk.vfs.UDisks2VolumeMonitor is not supported

(xfdesktop:9602): GLib-GIO-WARNING **: 02:19:35.055: Error creating IO channel for /proc/self/mountinfo: Operation not permitted (g-io-error-quark, 14)

(process:10458): GLib-GIO-WARNING **: 02:19:35.097: Error creating IO channel for /proc/self/mountinfo: Operation not permitted (g-io-error-quark, 14)
dbus-daemon[9470]: [session uid=0 pid=9470] Activating service name='org.gtk.vfs.Metadata' requested by ':1.7' (uid=0 pid=9602 comm="xfdesktop" label="u:r:untrusted_app_27:s0:c109,c257,c512,c768")
dbus-daemon[9470]: [session uid=0 pid=9470] Successfully activated service 'org.gtk.vfs.Metadata'

** (xfdesktop:9602): WARNING **: 02:19:35.246: Failed to get system bus: Could not connect: No such file or directory
A connection to the bus can't be made

(tumblerd:9673): tumblerd-CRITICAL **: 02:22:29.114: Name org.freedesktop.thumbnails.Cache1 lost on the message dbus, exiting.

(tumblerd:9673): tumblerd-CRITICAL **: 02:22:29.114: Name org.freedesktop.thumbnails.Manager1 lost on the message dbus, exiting.

(tumblerd:9673): tumblerd-CRITICAL **: 02:22:29.114: Name org.freedesktop.thumbnails.Thumbnailer1 lost on the message dbus, exiting.

(xfsettingsd:9578): GLib-GIO-WARNING **: 02:22:29.117: Error releasing name org.xfce.SettingsDaemon: The connection is closed

(xfconfd:9489): xfconfd-WARNING **: 02:22:29.114: Name org.xfce.Xfconf lost on the message dbus, exiting.
A connection to the bus can't be made
Another notification daemon is running, exiting
Another notification daemon is running, exiting
