proot warning: can't sanitize binding "/storage/self/primary": Permission denied
proot warning: can't sanitize binding "/storage/self/primary": Permission denied
proot warning: can't sanitize binding "/storage/self/primary": Permission denied
proot warning: can't sanitize binding "/storage/self/primary": Permission denied
dbus-daemon[18594]: [session uid=0 pid=18594] org.freedesktop.DBus.Error.AccessDenied: Failed to set fd limit to 65536: Operation not permitted
[18595:0924/204001.690529:ERROR:dbus/bus.cc:406] Failed to connect to the bus: Failed to connect to socket /run/dbus/system_bus_socket: No such file or directory
Error: Unable to retrieve mac address (unexpected format)
    at uJe (file:///usr/share/cursor/resources/app/out/main.js:385:1979)
    at mJe (file:///usr/share/cursor/resources/app/out/main.js:385:2071)
    at file:///usr/share/cursor/resources/app/out/main.js:385:7270
    at ModuleJob.run (node:internal/modules/esm/module_job:437:25)
    at process.processTicksAndRejections (node:internal/process/task_queues:104:5)
    at async onImport.tracePromise.__proto__ (node:internal/modules/esm/loader:639:26)
    at async node:electron/js2c/browser_init:2:144690
    at async asyncRunEntryPointWithESMLoader (node:internal/modules/run_main:116:5)
(node:18595) [DEP0040] DeprecationWarning: The `punycode` module is deprecated. Please use a userland alternative instead.
(Use `cursor --trace-deprecation ...` to show where the warning was created)
dbus-daemon[18594]: [session uid=0 pid=18594] Activating service name='org.gtk.vfs.Daemon' requested by ':1.0' (uid=0 pid=18595 comm="/usr/share/cursor/cursor --no-sandbox --disable-gp" label="u:r:runas_app:s0:c109,c257,c512,c768")
dbus-daemon[18594]: [session uid=0 pid=18594] Successfully activated service 'org.gtk.vfs.Daemon'
[18595:0924/204004.771844:ERROR:dbus/bus.cc:406] Failed to connect to the bus: Failed to connect to socket /run/dbus/system_bus_socket: No such file or directory
[18595:0924/204004.772437:ERROR:dbus/bus.cc:406] Failed to connect to the bus: Failed to connect to socket /run/dbus/system_bus_socket: No such file or directory
[18595:0924/204004.772907:ERROR:dbus/bus.cc:406] Failed to connect to the bus: Failed to connect to socket /run/dbus/system_bus_socket: No such file or directory
[18595:0924/204004.777484:ERROR:dbus/bus.cc:406] Failed to connect to the bus: Failed to connect to socket /run/dbus/system_bus_socket: No such file or directory
[18595:0924/204004.778026:ERROR:dbus/bus.cc:406] Failed to connect to the bus: Failed to connect to socket /run/dbus/system_bus_socket: No such file or directory
[18595:0924/204004.792318:ERROR:device/udev_linux/udev_watcher.cc:51] Failed to initialize a udev monitor.

DevTools listening on ws://127.0.0.1:9265/devtools/browser/5f86e6e3-602d-43e5-a6f9-643506894e5f
[18595:0924/204004.898483:WARNING:device/bluetooth/dbus/bluez_dbus_manager.cc:209] Floss manager service not available, cannot set Floss enable/disable.
[18595:0924/204004.898689:WARNING:electron/shell/browser/lib/power_observer_linux.cc:181] Failed to connect to PrepareForShutdown
[18595:0924/204004.898804:WARNING:electron/shell/browser/lib/power_observer_linux.cc:181] Failed to connect to PrepareForSleep
[18595:0924/204004.899013:WARNING:electron/shell/browser/lib/power_observer_linux.cc:70] org.freedesktop.login1 not available
dbus-daemon[18594]: [session uid=0 pid=18594] Activating service name='org.freedesktop.portal.Desktop' requested by ':1.3' (uid=0 pid=18595 comm="/usr/share/cursor/cursor --no-sandbox --disable-gp" label="u:r:runas_app:s0:c109,c257,c512,c768")
dbus-daemon[18594]: [session uid=0 pid=18594] Activating service name='org.freedesktop.portal.Documents' requested by ':1.4' (uid=0 pid=18812 comm="/usr/libexec/xdg-desktop-portal" label="u:r:runas_app:s0:c109,c257,c512,c768")
dbus-daemon[18594]: [session uid=0 pid=18594] Activating service name='org.freedesktop.impl.portal.PermissionStore' requested by ':1.5' (uid=0 pid=18833 comm="/usr/libexec/xdg-document-portal" label="u:r:runas_app:s0:c109,c257,c512,c768")
dbus-daemon[18594]: [session uid=0 pid=18594] Successfully activated service 'org.freedesktop.impl.portal.PermissionStore'
dbus-daemon[18594]: [session uid=0 pid=18594] Successfully activated service 'org.freedesktop.portal.Documents'
fusermount3: failed to open /dev/fuse: Permission denied
error: fuse init failed: Can't mount path /root/build/proot-bench/home-r02-2-p0/runtime/doc

(/usr/libexec/xdg-desktop-portal:18812): xdg-desktop-portal-WARNING **: 20:40:05.031: Choosing gtk.portal for org.freedesktop.impl.portal.Lockdown as a last-resort fallback

(/usr/libexec/xdg-desktop-portal:18812): xdg-desktop-portal-WARNING **: 20:40:05.031: The preferred method to match portal implementations to desktop environments is to use the portals.conf(5) configuration file
dbus-daemon[18594]: [session uid=0 pid=18594] Activating service name='org.freedesktop.impl.portal.desktop.gtk' requested by ':1.4' (uid=0 pid=18812 comm="/usr/libexec/xdg-desktop-portal" label="u:r:runas_app:s0:c109,c257,c512,c768")

(xdg-desktop-portal-gtk:18857): dbind-WARNING **: 20:40:05.084: Couldn't connect to accessibility bus: Failed to connect to socket /root/build/proot-bench/home-r02-1-pf/runtime/at-spi/bus_3: No such file or directory

(xdg-desktop-portal-gtk:18857): xdg-desktop-portal-gtk-WARNING **: 20:40:05.097: error: Could not connect: No such file or directory

Warning: 'remote-debugging-port' is not in the list of known options, but still passed to Electron/Chromium.
Warning: 'enable-logging' is not in the list of known options, but still passed to Electron/Chromium.
dbus-daemon[18594]: [session uid=0 pid=18594] Successfully activated service 'org.freedesktop.impl.portal.desktop.gtk'

(/usr/libexec/xdg-desktop-portal:18812): xdg-desktop-portal-WARNING **: 20:40:05.297: Failed to create RealtimeKit proxy: Could not connect: No such file or directory

(/usr/libexec/xdg-desktop-portal:18812): xdg-desktop-portal-WARNING **: 20:40:05.298: No skeleton to export

(/usr/libexec/xdg-desktop-portal:18812): xdg-desktop-portal-WARNING **: 20:40:05.298: Choosing gtk.portal for org.freedesktop.impl.portal.FileChooser as a last-resort fallback

(/usr/libexec/xdg-desktop-portal:18812): xdg-desktop-portal-WARNING **: 20:40:05.302: Choosing gtk.portal for org.freedesktop.impl.portal.AppChooser as a last-resort fallback

(/usr/libexec/xdg-desktop-portal:18812): xdg-desktop-portal-WARNING **: 20:40:05.305: Choosing gtk.portal for org.freedesktop.impl.portal.Print as a last-resort fallback

(/usr/libexec/xdg-desktop-portal:18812): xdg-desktop-portal-WARNING **: 20:40:05.309: Choosing gtk.portal for org.freedesktop.impl.portal.Notification as a last-resort fallback

(/usr/libexec/xdg-desktop-portal:18812): xdg-desktop-portal-WARNING **: 20:40:05.313: Choosing gtk.portal for org.freedesktop.impl.portal.Inhibit as a last-resort fallback

(/usr/libexec/xdg-desktop-portal:18812): xdg-desktop-portal-WARNING **: 20:40:05.316: Choosing gtk.portal for org.freedesktop.impl.portal.Access as a last-resort fallback
[W][09091.164081] pw.conf      | [          conf.c: 1031 try_load_conf()] can't load config client.conf: No such file or directory
[E][09091.164097] pw.conf      | [          conf.c: 1060 pw_conf_load_conf_for_context()] can't load config client.conf: No such file or directory

(/usr/libexec/xdg-desktop-portal:18812): xdg-desktop-portal-WARNING **: 20:40:05.328: Failed connect to PipeWire: Couldn't create PipeWire context

(/usr/libexec/xdg-desktop-portal:18812): xdg-desktop-portal-WARNING **: 20:40:05.328: Choosing gtk.portal for org.freedesktop.impl.portal.Account as a last-resort fallback

(/usr/libexec/xdg-desktop-portal:18812): xdg-desktop-portal-WARNING **: 20:40:05.331: Choosing gtk.portal for org.freedesktop.impl.portal.Email as a last-resort fallback

(/usr/libexec/xdg-desktop-portal:18812): xdg-desktop-portal-WARNING **: 20:40:05.335: Choosing gtk.portal for org.freedesktop.impl.portal.DynamicLauncher as a last-resort fallback
dbus-daemon[18594]: [session uid=0 pid=18594] Successfully activated service 'org.freedesktop.portal.Desktop'
[18595:0924/204005.354976:WARNING:components/dbus/xdg/portal.cc:122] Failed to register with org.freedesktop.host.portal.Registry
[18595:0924/204005.402595:ERROR:dbus/bus.cc:406] Failed to connect to the bus: Failed to connect to socket /run/dbus/system_bus_socket: No such file or directory
[91m[main 2026-09-24T12:40:05.408Z][0m [uncaught exception in main]: Error: write EFAULT Error: write EFAULT
    at afterWriteDispatched (node:internal/stream_base_commons:159:15)
    at writeGeneric (node:internal/stream_base_commons:150:3)
    at Socket._writeGeneric (node:net:1025:11)
    at Socket._write (node:net:1037:8)
    at writeOrBuffer (node:internal/streams/writable:570:12)
    at _write (node:internal/streams/writable:499:10)
    at Writable.write (node:internal/streams/writable:508:10)
    at execSync (node:child_process:1009:20)
    at K6 (file:///usr/share/cursor/resources/app/out/main.js:66:391)
    at $w._getTrueMachineId (file:///usr/share/cursor/resources/app/out/main.js:201:32229)
    at new $w (file:///usr/share/cursor/resources/app/out/main.js:201:31887)
    at GO._createInstance (file:///usr/share/cursor/resources/app/out/main.js:367:1498)
    at GO._createServiceInstance (file:///usr/share/cursor/resources/app/out/main.js:367:5220)
    at GO._createServiceInstanceWithOwner (file:///usr/share/cursor/resources/app/out/main.js:367:3719)
    at GO._createAndCacheServiceInstance (file:///usr/share/cursor/resources/app/out/main.js:367:3366)
    at GO._safeCreateAndCacheServiceInstance (file:///usr/share/cursor/resources/app/out/main.js:367:2413)
    at GO._getOrCreateServiceInstance (file:///usr/share/cursor/resources/app/out/main.js:367:2134)
    at Object.get (file:///usr/share/cursor/resources/app/out/main.js:367:552)
    at ou.initChannels (file:///usr/share/cursor/resources/app/out/main.js:331:19896)
    at file:///usr/share/cursor/resources/app/out/main.js:331:7827
    at GO.invokeFunction (file:///usr/share/cursor/resources/app/out/main.js:367:437)
    at ou.startup (file:///usr/share/cursor/resources/app/out/main.js:331:7804)
    at async sCe.startup (file:///usr/share/cursor/resources/app/out/main.js:371:43868) {
  errno: -14,
  code: 'EFAULT',
  syscall: 'write'
}
[18595:0924/204005.410865:ERROR:dbus/object_proxy.cc:573] Failed to call method: org.freedesktop.login1.Manager.Inhibit: object_path= /org/freedesktop/login1: unknown error type: 
dbus-daemon[18594]: [session uid=0 pid=18594] Activating service name='org.a11y.Bus' requested by ':1.0' (uid=0 pid=18595 comm="/usr/share/cursor/cursor --no-sandbox --disable-gp" label="u:r:runas_app:s0:c109,c257,c512,c768")
dbus-daemon[18594]: [session uid=0 pid=18594] Successfully activated service 'org.a11y.Bus'
[90m[main 2026-09-24T12:40:05.643Z][0m update#ctor - updates are managed by the deb package manager
[90m[main 2026-09-24T12:40:05.643Z][0m update#setState disabled
[90m[main 2026-09-24T12:40:05.643Z][0m update#ctor - updates are disabled by the platform installation method
[18595:0924/204007.193962:INFO:CONSOLE:702] "This document requires 'TrustedScript' assignment. The action has been blocked.", source: vscode-file://vscode-app/usr/share/cursor/resources/app/out/vs/workbench/workbench.desktop.main.js (702)
[18595:0924/204007.194051:INFO:CONSOLE:702] "The JavaScript Function constructor does not accept TrustedString arguments. See https://github.com/w3c/webappsec-trusted-types/wiki/Trusted-Types-for-function-constructor for more information.", source: vscode-file://vscode-app/usr/share/cursor/resources/app/out/vs/workbench/workbench.desktop.main.js (702)
[18595:0924/204007.403546:INFO:CONSOLE:6693] "This document requires 'TrustedScript' assignment. The action has been blocked.", source: vscode-file://vscode-app/usr/share/cursor/resources/app/out/vs/workbench/workbench.desktop.main.js (6693)
[18595:0924/204007.403629:INFO:CONSOLE:6693] "The JavaScript Function constructor does not accept TrustedString arguments. See https://github.com/w3c/webappsec-trusted-types/wiki/Trusted-Types-for-function-constructor for more information.", source: vscode-file://vscode-app/usr/share/cursor/resources/app/out/vs/workbench/workbench.desktop.main.js (6693)
[18595:0924/204008.312182:INFO:CONSOLE:64] "%c WARN color: #993 Missing property "alwaysKeepComposerInBound" in oldValue. Filling with value from initValue. Please add a migration if necessary.", source: vscode-file://vscode-app/usr/share/cursor/resources/app/out/vs/workbench/workbench.desktop.main.js (64)
[18595:0924/204008.312250:INFO:CONSOLE:64] "%c WARN color: #993 Missing property "defaultCapabilities" in oldValue. Filling with value from initValue. Please add a migration if necessary.", source: vscode-file://vscode-app/usr/share/cursor/resources/app/out/vs/workbench/workbench.desktop.main.js (64)
[18595:0924/204008.312788:INFO:CONSOLE:64] "%c WARN color: #993 Missing property "autoApplyFilesOutsideContext" in oldValue. Filling with value from initValue. Please add a migration if necessary.", source: vscode-file://vscode-app/usr/share/cursor/resources/app/out/vs/workbench/workbench.desktop.main.js (64)
[18595:0924/204008.312826:INFO:CONSOLE:64] "%c WARN color: #993 Missing property "yoloCommandAllowlist" in oldValue. Filling with value from initValue. Please add a migration if necessary.", source: vscode-file://vscode-app/usr/share/cursor/resources/app/out/vs/workbench/workbench.desktop.main.js (64)
[18595:0924/204008.313311:INFO:CONSOLE:64] "%c WARN color: #993 Missing property "yoloCommandDenylist" in oldValue. Filling with value from initValue. Please add a migration if necessary.", source: vscode-file://vscode-app/usr/share/cursor/resources/app/out/vs/workbench/workbench.desktop.main.js (64)
[18595:0924/204008.313358:INFO:CONSOLE:64] "%c WARN color: #993 Missing property "smartAllowlistDenylist" in oldValue. Filling with value from initValue. Please add a migration if necessary.", source: vscode-file://vscode-app/usr/share/cursor/resources/app/out/vs/workbench/workbench.desktop.main.js (64)
[18595:0924/204008.313756:INFO:CONSOLE:64] "%c WARN color: #993 Missing property "yoloMcpToolsDisabled" in oldValue. Filling with value from initValue. Please add a migration if necessary.", source: vscode-file://vscode-app/usr/share/cursor/resources/app/out/vs/workbench/workbench.desktop.main.js (64)
[18595:0924/204008.313795:INFO:CONSOLE:64] "%c WARN color: #993 Missing property "doNotShowYoloModeWarningAgain" in oldValue. Filling with value from initValue. Please add a migration if necessary.", source: vscode-file://vscode-app/usr/share/cursor/resources/app/out/vs/workbench/workbench.desktop.main.js (64)
[18595:0924/204008.314286:INFO:CONSOLE:64] "%c WARN color: #993 Missing property "doNotShowFullYoloModeWarningAgain" in oldValue. Filling with value from initValue. Please add a migration if necessary.", source: vscode-file://vscode-app/usr/share/cursor/resources/app/out/vs/workbench/workbench.desktop.main.js (64)
[18595:0924/204008.314327:INFO:CONSOLE:64] "%c WARN color: #993 Missing property "selectedFakeStreamerId" in oldValue. Filling with value from initValue. Please add a migration if necessary.", source: vscode-file://vscode-app/usr/share/cursor/resources/app/out/vs/workbench/workbench.desktop.main.js (64)
[18595:0924/204008.314704:INFO:CONSOLE:64] "%c WARN color: #993 Missing property "yoloDeleteFileDisabled" in oldValue. Filling with value from initValue. Please add a migration if necessary.", source: vscode-file://vscode-app/usr/share/cursor/resources/app/out/vs/workbench/workbench.desktop.main.js (64)
[18595:0924/204008.314756:INFO:CONSOLE:64] "%c WARN color: #993 Missing property "yoloOutsideWorkspaceDisabled" in oldValue. Filling with value from initValue. Please add a migration if necessary.", source: vscode-file://vscode-app/usr/share/cursor/resources/app/out/vs/workbench/workbench.desktop.main.js (64)
[18595:0924/204008.315350:INFO:CONSOLE:64] "%c WARN color: #993 Missing property "yoloEnableRunEverything" in oldValue. Filling with value from initValue. Please add a migration if necessary.", source: vscode-file://vscode-app/usr/share/cursor/resources/app/out/vs/workbench/workbench.desktop.main.js (64)
[18595:0924/204008.315384:INFO:CONSOLE:64] "%c WARN color: #993 Missing property "enableSmartAuto" in oldValue. Filling with value from initValue. Please add a migration if necessary.", source: vscode-file://vscode-app/usr/share/cursor/resources/app/out/vs/workbench/workbench.desktop.main.js (64)
[18595:0924/204008.315790:INFO:CONSOLE:64] "%c WARN color: #993 Missing property "isWebSearchToolEnabled" in oldValue. Filling with value from initValue. Please add a migration if necessary.", source: vscode-file://vscode-app/usr/share/cursor/resources/app/out/vs/workbench/workbench.desktop.main.js (64)
[18595:0924/204008.315824:INFO:CONSOLE:64] "%c WARN color: #993 Missing property "isWebSearchToolEnabled2" in oldValue. Filling with value from initValue. Please add a migration if necessary.", source: vscode-file://vscode-app/usr/share/cursor/resources/app/out/vs/workbench/workbench.desktop.main.js (64)
[18595:0924/204008.316229:INFO:CONSOLE:64] "%c WARN color: #993 Missing property "isWebSearchToolEnabled3" in oldValue. Filling with value from initValue. Please add a migration if necessary.", source: vscode-file://vscode-app/usr/share/cursor/resources/app/out/vs/workbench/workbench.desktop.main.js (64)
[18595:0924/204008.316265:INFO:CONSOLE:64] "%c WARN color: #993 Missing property "autoAcceptWebSearchTool" in oldValue. Filling with value from initValue. Please add a migration if necessary.", source: vscode-file://vscode-app/usr/share/cursor/resources/app/out/vs/workbench/workbench.desktop.main.js (64)
[18595:0924/204008.316515:INFO:CONSOLE:64] "%c WARN color: #993 Missing property "isWebFetchToolEnabled" in oldValue. Filling with value from initValue. Please add a migration if necessary.", source: vscode-file://vscode-app/usr/share/cursor/resources/app/out/vs/workbench/workbench.desktop.main.js (64)
[18595:0924/204008.316546:INFO:CONSOLE:64] "%c WARN color: #993 Missing property "webFetchDomainAllowlist" in oldValue. Filling with value from initValue. Please add a migration if necessary.", source: vscode-file://vscode-app/usr/share/cursor/resources/app/out/vs/workbench/workbench.desktop.main.js (64)
[18595:0924/204008.316826:INFO:CONSOLE:64] "%c WARN color: #993 Missing property "autoApproveModeTransitions" in oldValue. Filling with value from initValue. Please add a migration if necessary.", source: vscode-file://vscode-app/usr/share/cursor/resources/app/out/vs/workbench/workbench.desktop.main.js (64)
[18595:0924/204008.316866:INFO:CONSOLE:64] "%c WARN color: #993 Missing property "mcpAuthBlocking" in oldValue. Filling with value from initValue. Please add a migration if necessary.", source: vscode-file://vscode-app/usr/share/cursor/resources/app/out/vs/workbench/workbench.desktop.main.js (64)
[18595:0924/204008.317164:INFO:CONSOLE:64] "%c WARN color: #993 Missing property "autoApprovedModeTransitions" in oldValue. Filling with value from initValue. Please add a migration if necessary.", source: vscode-file://vscode-app/usr/share/cursor/resources/app/out/vs/workbench/workbench.desktop.main.js (64)
[18595:0924/204008.317207:INFO:CONSOLE:64] "%c WARN color: #993 Missing property "autoRejectedModeTransitions" in oldValue. Filling with value from initValue. Please add a migration if necessary.", source: vscode-file://vscode-app/usr/share/cursor/resources/app/out/vs/workbench/workbench.desktop.main.js (64)
[18595:0924/204008.317481:INFO:CONSOLE:64] "%c WARN color: #993 Missing property "backgroundComposerEnv" in oldValue. Filling with value from initValue. Please add a migration if necessary.", source: vscode-file://vscode-app/usr/share/cursor/resources/app/out/vs/workbench/workbench.desktop.main.js (64)
[18595:0924/204008.317512:INFO:CONSOLE:64] "%c WARN color: #993 Missing property "useLegacyTerminalTool" in oldValue. Filling with value from initValue. Please add a migration if necessary.", source: vscode-file://vscode-app/usr/share/cursor/resources/app/out/vs/workbench/workbench.desktop.main.js (64)
[18595:0924/204008.317815:INFO:CONSOLE:64] "%c WARN color: #993 Missing property "modes4" in oldValue. Filling with value from initValue. Please add a migration if necessary.", source: vscode-file://vscode-app/usr/share/cursor/resources/app/out/vs/workbench/workbench.desktop.main.js (64)
[18595:0924/204008.317854:INFO:CONSOLE:64] "%c WARN color: #993 Missing property "codeBlockDisplayPreference" in oldValue. Filling with value from initValue. Please add a migration if necessary.", source: vscode-file://vscode-app/usr/share/cursor/resources/app/out/vs/workbench/workbench.desktop.main.js (64)
[18595:0924/204008.318145:INFO:CONSOLE:64] "%c WARN color: #993 Missing property "thinkingLevel" in oldValue. Filling with value from initValue. Please add a migration if necessary.", source: vscode-file://vscode-app/usr/share/cursor/resources/app/out/vs/workbench/workbench.desktop.main.js (64)
[18595:0924/204008.318178:INFO:CONSOLE:64] "%c WARN color: #993 Missing property "composerMigrationVersion" in oldValue. Filling with value from initValue. Please add a migration if necessary.", source: vscode-file://vscode-app/usr/share/cursor/resources/app/out/vs/workbench/workbench.desktop.main.js (64)
[18595:0924/204008.318517:INFO:CONSOLE:64] "%c WARN color: #993 Missing property "mcpServers" in oldValue. Filling with value from initValue. Please add a migration if necessary.", source: vscode-file://vscode-app/usr/share/cursor/resources/app/out/vs/workbench/workbench.desktop.main.js (64)
[18595:0924/204008.318578:INFO:CONSOLE:64] "%c WARN color: #993 Missing property "mcpDisabledTools" in oldValue. Filling with value from initValue. Please add a migration if necessary.", source: vscode-file://vscode-app/usr/share/cursor/resources/app/out/vs/workbench/workbench.desktop.main.js (64)
[18595:0924/204008.318948:INFO:CONSOLE:64] "%c WARN color: #993 Missing property "availableDefaultModels2" in oldValue. Filling with value from initValue. Please add a migration if necessary.", source: vscode-file://vscode-app/usr/share/cursor/resources/app/out/vs/workbench/workbench.desktop.main.js (64)
[18595:0924/204008.318999:INFO:CONSOLE:64] "%c WARN color: #993 Missing property "featureModelConfigs" in oldValue. Filling with value from initValue. Please add a migration if necessary.", source: vscode-file://vscode-app/usr/share/cursor/resources/app/out/vs/workbench/workbench.desktop.main.js (64)
[18595:0924/204008.319280:INFO:CONSOLE:64] "%c WARN color: #993 Missing property "backgroundComposerState" in oldValue. Filling with value from initValue. Please add a migration if necessary.", source: vscode-file://vscode-app/usr/share/cursor/resources/app/out/vs/workbench/workbench.desktop.main.js (64)
[18595:0924/204008.319316:INFO:CONSOLE:64] "%c WARN color: #993 Missing property "dialogDontAskAgainPreferences" in oldValue. Filling with value from initValue. Please add a migration if necessary.", source: vscode-file://vscode-app/usr/share/cursor/resources/app/out/vs/workbench/workbench.desktop.main.js (64)
[18595:0924/204008.319620:INFO:CONSOLE:64] "%c WARN color: #993 Missing property "cursorIgnore" in oldValue. Filling with value from initValue. Please add a migration if necessary.", source: vscode-file://vscode-app/usr/share/cursor/resources/app/out/vs/workbench/workbench.desktop.main.js (64)
[18595:0924/204008.319662:INFO:CONSOLE:64] "%c WARN color: #993 Missing property "teamAdminSettings" in oldValue. Filling with value from initValue. Please add a migration if necessary.", source: vscode-file://vscode-app/usr/share/cursor/resources/app/out/vs/workbench/workbench.desktop.main.js (64)
[18595:0924/204008.319986:INFO:CONSOLE:64] "%c WARN color: #993 Missing property "shouldShowViewZoneWhenPreviewBoxIsClipped6" in oldValue. Filling with value from initValue. Please add a migration if necessary.", source: vscode-file://vscode-app/usr/share/cursor/resources/app/out/vs/workbench/workbench.desktop.main.js (64)
[18595:0924/204008.320915:INFO:CONSOLE:64] "%c WARN color: #993 Missing property "cppModelsState" in oldValue. Filling with value from initValue. Please add a migration if necessary.", source: vscode-file://vscode-app/usr/share/cursor/resources/app/out/vs/workbench/workbench.desktop.main.js (64)
[18595:0924/204008.320951:INFO:CONSOLE:64] "%c WARN color: #993 Missing property "aiSettings" in oldValue. Filling with value from initValue. Please add a migration if necessary.", source: vscode-file://vscode-app/usr/share/cursor/resources/app/out/vs/workbench/workbench.desktop.main.js (64)
[18595:0924/204008.321254:INFO:CONSOLE:64] "%c WARN color: #993 Missing property "authenticationSettings" in oldValue. Filling with value from initValue. Please add a migration if necessary.", source: vscode-file://vscode-app/usr/share/cursor/resources/app/out/vs/workbench/workbench.desktop.main.js (64)
[18595:0924/204008.321292:INFO:CONSOLE:64] "%c WARN color: #993 Missing property "websiteUrl" in oldValue. Filling with value from initValue. Please add a migration if necessary.", source: vscode-file://vscode-app/usr/share/cursor/resources/app/out/vs/workbench/workbench.desktop.main.js (64)
[18595:0924/204008.321573:INFO:CONSOLE:64] "%c WARN color: #993 Missing property "backendUrl" in oldValue. Filling with value from initValue. Please add a migration if necessary.", source: vscode-file://vscode-app/usr/share/cursor/resources/app/out/vs/workbench/workbench.desktop.main.js (64)
[18595:0924/204008.321611:INFO:CONSOLE:64] "%c WARN color: #993 Missing property "authClientId" in oldValue. Filling with value from initValue. Please add a migration if necessary.", source: vscode-file://vscode-app/usr/share/cursor/resources/app/out/vs/workbench/workbench.desktop.main.js (64)
[18595:0924/204008.321930:INFO:CONSOLE:64] "%c WARN color: #993 Missing property "authDomain" in oldValue. Filling with value from initValue. Please add a migration if necessary.", source: vscode-file://vscode-app/usr/share/cursor/resources/app/out/vs/workbench/workbench.desktop.main.js (64)
[18595:0924/204008.321964:INFO:CONSOLE:64] "%c WARN color: #993 Missing property "repoBackendUrl" in oldValue. Filling with value from initValue. Please add a migration if necessary.", source: vscode-file://vscode-app/usr/share/cursor/resources/app/out/vs/workbench/workbench.desktop.main.js (64)
[18595:0924/204008.322282:INFO:CONSOLE:64] "%c WARN color: #993 Missing property "telemBackendUrl" in oldValue. Filling with value from initValue. Please add a migration if necessary.", source: vscode-file://vscode-app/usr/share/cursor/resources/app/out/vs/workbench/workbench.desktop.main.js (64)
[18595:0924/204008.322311:INFO:CONSOLE:64] "%c WARN color: #993 Missing property "cmdkBackendUrl" in oldValue. Filling with value from initValue. Please add a migration if necessary.", source: vscode-file://vscode-app/usr/share/cursor/resources/app/out/vs/workbench/workbench.desktop.main.js (64)
[18595:0924/204008.322689:INFO:CONSOLE:64] "%c WARN color: #993 Missing property "geoCppBackendUrl" in oldValue. Filling with value from initValue. Please add a migration if necessary.", source: vscode-file://vscode-app/usr/share/cursor/resources/app/out/vs/workbench/workbench.desktop.main.js (64)
[18595:0924/204008.322728:INFO:CONSOLE:64] "%c WARN color: #993 Missing property "cppConfigBackendUrl" in oldValue. Filling with value from initValue. Please add a migration if necessary.", source: vscode-file://vscode-app/usr/share/cursor/resources/app/out/vs/workbench/workbench.desktop.main.js (64)
[18595:0924/204008.323030:INFO:CONSOLE:64] "%c WARN color: #993 Missing property "originBackendUrl" in oldValue. Filling with value from initValue. Please add a migration if necessary.", source: vscode-file://vscode-app/usr/share/cursor/resources/app/out/vs/workbench/workbench.desktop.main.js (64)
[18595:0924/204008.323070:INFO:CONSOLE:64] "%c WARN color: #993 Missing property "bcProxyUrl" in oldValue. Filling with value from initValue. Please add a migration if necessary.", source: vscode-file://vscode-app/usr/share/cursor/resources/app/out/vs/workbench/workbench.desktop.main.js (64)
[18595:0924/204008.323342:INFO:CONSOLE:64] "%c WARN color: #993 Missing property "agentBackendUrlPrivacy" in oldValue. Filling with value from initValue. Please add a migration if necessary.", source: vscode-file://vscode-app/usr/share/cursor/resources/app/out/vs/workbench/workbench.desktop.main.js (64)
[18595:0924/204008.323398:INFO:CONSOLE:64] "%c WARN color: #993 Missing property "agentBackendUrlNonPrivacy" in oldValue. Filling with value from initValue. Please add a migration if necessary.", source: vscode-file://vscode-app/usr/share/cursor/resources/app/out/vs/workbench/workbench.desktop.main.js (64)
[18595:0924/204008.323708:INFO:CONSOLE:64] "%c WARN color: #993 Missing property "credentialsDisplayName" in oldValue. Filling with value from initValue. Please add a migration if necessary.", source: vscode-file://vscode-app/usr/share/cursor/resources/app/out/vs/workbench/workbench.desktop.main.js (64)
[18595:0924/204008.323745:INFO:CONSOLE:64] "%c WARN color: #993 Missing property "cmdLineHookState" in oldValue. Filling with value from initValue. Please add a migration if necessary.", source: vscode-file://vscode-app/usr/share/cursor/resources/app/out/vs/workbench/workbench.desktop.main.js (64)
[18595:0924/204008.324030:INFO:CONSOLE:64] "%c WARN color: #993 Missing property "shouldOnlyImportOnAccept" in oldValue. Filling with value from initValue. Please add a migration if necessary.", source: vscode-file://vscode-app/usr/share/cursor/resources/app/out/vs/workbench/workbench.desktop.main.js (64)
[18595:0924/204008.324068:INFO:CONSOLE:64] "%c WARN color: #993 Missing property "cppAutoImportDecorationStyle" in oldValue. Filling with value from initValue. Please add a migration if necessary.", source: vscode-file://vscode-app/usr/share/cursor/resources/app/out/vs/workbench/workbench.desktop.main.js (64)
[18595:0924/204008.324346:INFO:CONSOLE:64] "%c WARN color: #993 Missing property "newUserData" in oldValue. Filling with value from initValue. Please add a migration if necessary.", source: vscode-file://vscode-app/usr/share/cursor/resources/app/out/vs/workbench/workbench.desktop.main.js (64)
[18595:0924/204008.324381:INFO:CONSOLE:64] "%c WARN color: #993 Missing property "azureState" in oldValue. Filling with value from initValue. Please add a migration if necessary.", source: vscode-file://vscode-app/usr/share/cursor/resources/app/out/vs/workbench/workbench.desktop.main.js (64)
[18595:0924/204008.324722:INFO:CONSOLE:64] "%c WARN color: #993 Missing property "personalDocs" in oldValue. Filling with value from initValue. Please add a migration if necessary.", source: vscode-file://vscode-app/usr/share/cursor/resources/app/out/vs/workbench/workbench.desktop.main.js (64)
[18595:0924/204008.324757:INFO:CONSOLE:64] "%c WARN color: #993 Missing property "cppInCmdF" in oldValue. Filling with value from initValue. Please add a migration if necessary.", source: vscode-file://vscode-app/usr/share/cursor/resources/app/out/vs/workbench/workbench.desktop.main.js (64)
[18595:0924/204008.324977:INFO:CONSOLE:64] "%c WARN color: #993 Missing property "cppTriggerInComments" in oldValue. Filling with value from initValue. Please add a migration if necessary.", source: vscode-file://vscode-app/usr/share/cursor/resources/app/out/vs/workbench/workbench.desktop.main.js (64)
[18595:0924/204008.325005:INFO:CONSOLE:64] "%c WARN color: #993 Missing property "cppShowWhitespaceOnlyChanges" in oldValue. Filling with value from initValue. Please add a migration if necessary.", source: vscode-file://vscode-app/usr/share/cursor/resources/app/out/vs/workbench/workbench.desktop.main.js (64)
[18595:0924/204008.325260:INFO:CONSOLE:64] "%c WARN color: #993 Missing property "cppConfig" in oldValue. Filling with value from initValue. Please add a migration if necessary.", source: vscode-file://vscode-app/usr/share/cursor/resources/app/out/vs/workbench/workbench.desktop.main.js (64)
[18595:0924/204008.325295:INFO:CONSOLE:64] "%c WARN color: #993 Missing property "indexRepository" in oldValue. Filling with value from initValue. Please add a migration if necessary.", source: vscode-file://vscode-app/usr/share/cursor/resources/app/out/vs/workbench/workbench.desktop.main.js (64)
[18595:0924/204008.325568:INFO:CONSOLE:64] "%c WARN color: #993 Missing property "haveNotImportedFromVSC" in oldValue. Filling with value from initValue. Please add a migration if necessary.", source: vscode-file://vscode-app/usr/share/cursor/resources/app/out/vs/workbench/workbench.desktop.main.js (64)
[18595:0924/204008.325608:INFO:CONSOLE:64] "%c WARN color: #993 Missing property "shouldAutoParseCmdKLinks" in oldValue. Filling with value from initValue. Please add a migration if necessary.", source: vscode-file://vscode-app/usr/share/cursor/resources/app/out/vs/workbench/workbench.desktop.main.js (64)
[18595:0924/204008.325871:INFO:CONSOLE:64] "%c WARN color: #993 Missing property "isFileSyncClientEnabled" in oldValue. Filling with value from initValue. Please add a migration if necessary.", source: vscode-file://vscode-app/usr/share/cursor/resources/app/out/vs/workbench/workbench.desktop.main.js (64)
[18595:0924/204008.325909:INFO:CONSOLE:64] "%c WARN color: #993 Missing property "membershipType" in oldValue. Filling with value from initValue. Please add a migration if necessary.", source: vscode-file://vscode-app/usr/share/cursor/resources/app/out/vs/workbench/workbench.desktop.main.js (64)
[18595:0924/204008.326219:INFO:CONSOLE:64] "%c WARN color: #993 Missing property "fastApplyModelType" in oldValue. Filling with value from initValue. Please add a migration if necessary.", source: vscode-file://vscode-app/usr/share/cursor/resources/app/out/vs/workbench/workbench.desktop.main.js (64)
[18595:0924/204008.326265:INFO:CONSOLE:64] "%c WARN color: #993 Missing property "explicitlyEnableSemanticSearch" in oldValue. Filling with value from initValue. Please add a migration if necessary.", source: vscode-file://vscode-app/usr/share/cursor/resources/app/out/vs/workbench/workbench.desktop.main.js (64)
[18595:0924/204008.326571:INFO:CONSOLE:64] "%c WARN color: #993 Missing property "backgroundComposerEnv" in oldValue. Filling with value from initValue. Please add a migration if necessary.", source: vscode-file://vscode-app/usr/share/cursor/resources/app/out/vs/workbench/workbench.desktop.main.js (64)
[18595:0924/204008.326609:INFO:CONSOLE:64] "%c WARN color: #993 Missing property "preferredEmbeddingModel" in oldValue. Filling with value from initValue. Please add a migration if necessary.", source: vscode-file://vscode-app/usr/share/cursor/resources/app/out/vs/workbench/workbench.desktop.main.js (64)
[18595:0924/204008.326963:INFO:CONSOLE:64] "%c WARN color: #993 Missing property "oneTimeSettings" in oldValue. Filling with value from initValue. Please add a migration if necessary.", source: vscode-file://vscode-app/usr/share/cursor/resources/app/out/vs/workbench/workbench.desktop.main.js (64)
[18595:0924/204008.327005:INFO:CONSOLE:64] "%c WARN color: #993 Missing property "eligibleForSnippetLearning" in oldValue. Filling with value from initValue. Please add a migration if necessary.", source: vscode-file://vscode-app/usr/share/cursor/resources/app/out/vs/workbench/workbench.desktop.main.js (64)
[18595:0924/204008.327315:INFO:CONSOLE:64] "%c WARN color: #993 Missing property "goneThroughCodeSnippetOnboarding" in oldValue. Filling with value from initValue. Please add a migration if necessary.", source: vscode-file://vscode-app/usr/share/cursor/resources/app/out/vs/workbench/workbench.desktop.main.js (64)
[18595:0924/204008.327351:INFO:CONSOLE:64] "%c WARN color: #993 Missing property "goneThroughCodeSnippetChangeManagement" in oldValue. Filling with value from initValue. Please add a migration if necessary.", source: vscode-file://vscode-app/usr/share/cursor/resources/app/out/vs/workbench/workbench.desktop.main.js (64)
[18595:0924/204008.327627:INFO:CONSOLE:64] "%c WARN color: #993 Missing property "hasResetModelOnce" in oldValue. Filling with value from initValue. Please add a migration if necessary.", source: vscode-file://vscode-app/usr/share/cursor/resources/app/out/vs/workbench/workbench.desktop.main.js (64)
[18595:0924/204008.327660:INFO:CONSOLE:64] "%c WARN color: #993 Missing property "rpcFileLoggerEnabled" in oldValue. Filling with value from initValue. Please add a migration if necessary.", source: vscode-file://vscode-app/usr/share/cursor/resources/app/out/vs/workbench/workbench.desktop.main.js (64)
[18595:0924/204008.417025:INFO:CONSOLE:64] "%c WARN color: #993 Creation of workbench contribution 'workbench.contrib.nativeWorkingCopyBackupTracker' took 25ms.", source: vscode-file://vscode-app/usr/share/cursor/resources/app/out/vs/workbench/workbench.desktop.main.js (64)
[18595:0924/204008.637792:INFO:CONSOLE:17393] "[layout] AgentLayoutService constructor initialized missing SIDEBAR_LOCATION from primary config fallback undefined [object Object]", source: vscode-file://vscode-app/usr/share/cursor/resources/app/out/vs/workbench/workbench.desktop.main.js (17393)
[19223:0924/204011.120530:WARNING:media/audio/linux/audio_manager_linux.cc:54] Falling back to ALSA for audio output. PulseAudio is not available or could not be initialized.
[18595:0924/204020.082680:INFO:CONSOLE:64] "%c WARN color: #993 [ExtensionService] No inspect port found for LocalProcess [role: user] pid: 19083 (tryEnableInspector=false).", source: vscode-file://vscode-app/usr/share/cursor/resources/app/out/vs/workbench/workbench.desktop.main.js (64)
[18595:0924/204020.104276:INFO:CONSOLE:17393] "[github_auth] Provider registered [object Object]", source: vscode-file://vscode-app/usr/share/cursor/resources/app/out/vs/workbench/workbench.desktop.main.js (17393)
[18595:0924/204020.104343:INFO:CONSOLE:17393] "[github_auth] Provider registered [object Object]", source: vscode-file://vscode-app/usr/share/cursor/resources/app/out/vs/workbench/workbench.desktop.main.js (17393)
[18595:0924/204020.370075:INFO:CONSOLE:64] "%c WARN color: #993 [ExtensionService] No inspect port found for LocalProcess [role: agent-exec] pid: 19386 (tryEnableInspector=false).", source: vscode-file://vscode-app/usr/share/cursor/resources/app/out/vs/workbench/workbench.desktop.main.js (64)
[18595:0924/204020.394803:INFO:CONSOLE:64] "%c WARN color: #993 [ExtensionService] No inspect port found for LocalProcess [role: always-local] pid: 19373 (tryEnableInspector=false).", source: vscode-file://vscode-app/usr/share/cursor/resources/app/out/vs/workbench/workbench.desktop.main.js (64)
[18595:0924/204020.797458:INFO:CONSOLE:64] "%c WARN color: #993 [ExtensionService] No inspect port found for LocalProcess [role: retrieval] pid: 19360 (tryEnableInspector=false).", source: vscode-file://vscode-app/usr/share/cursor/resources/app/out/vs/workbench/workbench.desktop.main.js (64)
[18595:0924/204020.799540:INFO:CONSOLE:17393] "[composer] Extension host became UNRESPONSIVE undefined [object Object]", source: vscode-file://vscode-app/usr/share/cursor/resources/app/out/vs/workbench/workbench.desktop.main.js (17393)
[18595:0924/204021.344295:INFO:CONSOLE:64] "%c  ERR color: #f33 [Extension Host:user] 12:40:21.225 ERROR [sandboxPreflight] Preflight failed: Command failed: /usr/share/cursor/resources/app/resources/helpers/cursorsandbox --policy /root/build/proot-bench/home-r02-2-p0/.cursor/sandbox-policies/sandbox-policy-44393fd81a3822de --preflight-only -- /bin/true
Error: Failed to resolve Linux sandbox backend: Unsupported sandbox configuration: Linux auto backend selection failed. Landlock error: Unsupported sandbox configuration: Failed to apply Landlock: Step 5/7 (landlock) failed: Failed to apply Landlock: Landlock V3 filesystem restrictions not supported. Error: fully incompatible access-rights: BitFlags<AccessFs>(0b111111111110010, WriteFile | RemoveDir | RemoveFile | MakeChar | MakeDir | MakeReg | MakeSock | MakeFifo | MakeBlock | MakeSym | Refer | Truncate). Ensure Landlock LSM is enabled (CONFIG_SECURITY_LANDLOCK=y) on a kernel with V3 support.. Bubblewrap error: Unsupported sandbox configuration: Unsupported sandbox configuration: Bubblewrap preflight failed with exit code Some(1): bwrap: fchdir to oldroot: No such file or directory
", source: vscode-file://vscode-app/usr/share/cursor/resources/app/out/vs/workbench/workbench.desktop.main.js (64)
[18595:0924/204021.344388:INFO:CONSOLE:11845] "%c[Extension Host:user] %c12:40:21.225 ERROR [sandboxPreflight] Preflight failed: Command failed: /usr/share/cursor/resources/app/resources/helpers/cursorsandbox --policy /root/build/proot-bench/home-r02-2-p0/.cursor/sandbox-policies/sandbox-policy-44393fd81a3822de --preflight-only -- /bin/true
Error: Failed to resolve Linux sandbox backend: Unsupported sandbox configuration: Linux auto backend selection failed. Landlock error: Unsupported sandbox configuration: Failed to apply Landlock: Step 5/7 (landlock) failed: Failed to apply Landlock: Landlock V3 filesystem restrictions not supported. Error: fully incompatible access-rights: BitFlags<AccessFs>(0b111111111110010, WriteFile | RemoveDir | RemoveFile | MakeChar | MakeDir | MakeReg | MakeSock | MakeFifo | MakeBlock | MakeSym | Refer | Truncate). Ensure Landlock LSM is enabled (CONFIG_SECURITY_LANDLOCK=y) on a kernel with V3 support.. Bubblewrap error: Unsupported sandbox configuration: Unsupported sandbox configuration: Bubblewrap preflight failed with exit code Some(1): bwrap: fchdir to oldroot: No such file or directory
 color: blue color: ", source: vscode-file://vscode-app/usr/share/cursor/resources/app/out/vs/workbench/workbench.desktop.main.js (11845)
[18595:0924/204021.348537:INFO:CONSOLE:64] "%c  ERR color: #f33 [Extension Host:user] 12:40:21.226 ERROR [sandboxPreflight] Exit status: 2", source: vscode-file://vscode-app/usr/share/cursor/resources/app/out/vs/workbench/workbench.desktop.main.js (64)
[18595:0924/204021.348985:INFO:CONSOLE:11845] "%c[Extension Host:user] %c12:40:21.226 ERROR [sandboxPreflight] Exit status: 2 color: blue color: ", source: vscode-file://vscode-app/usr/share/cursor/resources/app/out/vs/workbench/workbench.desktop.main.js (11845)
[18595:0924/204021.387288:INFO:CONSOLE:64] "%c  ERR color: #f33 [Extension Host:user] 12:40:21.226 ERROR [sandboxPreflight] Stderr: Error: Failed to resolve Linux sandbox backend: Unsupported sandbox configuration: Linux auto backend selection failed. Landlock error: Unsupported sandbox configuration: Failed to apply Landlock: Step 5/7 (landlock) failed: Failed to apply Landlock: Landlock V3 filesystem restrictions not supported. Error: fully incompatible access-rights: BitFlags<AccessFs>(0b111111111110010, WriteFile | RemoveDir | RemoveFile | MakeChar | MakeDir | MakeReg | MakeSock | MakeFifo | MakeBlock | MakeSym | Refer | Truncate). Ensure Landlock LSM is enabled (CONFIG_SECURITY_LANDLOCK=y) on a kernel with V3 support.. Bubblewrap error: Unsupported sandbox configuration: Unsupported sandbox configuration: Bubblewrap preflight failed with exit code Some(1): bwrap: fchdir to oldroot: No such file or directory
", source: vscode-file://vscode-app/usr/share/cursor/resources/app/out/vs/workbench/workbench.desktop.main.js (64)
[18595:0924/204021.387380:INFO:CONSOLE:11845] "%c[Extension Host:user] %c12:40:21.226 ERROR [sandboxPreflight] Stderr: Error: Failed to resolve Linux sandbox backend: Unsupported sandbox configuration: Linux auto backend selection failed. Landlock error: Unsupported sandbox configuration: Failed to apply Landlock: Step 5/7 (landlock) failed: Failed to apply Landlock: Landlock V3 filesystem restrictions not supported. Error: fully incompatible access-rights: BitFlags<AccessFs>(0b111111111110010, WriteFile | RemoveDir | RemoveFile | MakeChar | MakeDir | MakeReg | MakeSock | MakeFifo | MakeBlock | MakeSym | Refer | Truncate). Ensure Landlock LSM is enabled (CONFIG_SECURITY_LANDLOCK=y) on a kernel with V3 support.. Bubblewrap error: Unsupported sandbox configuration: Unsupported sandbox configuration: Bubblewrap preflight failed with exit code Some(1): bwrap: fchdir to oldroot: No such file or directory
 color: blue color: ", source: vscode-file://vscode-app/usr/share/cursor/resources/app/out/vs/workbench/workbench.desktop.main.js (11845)
[18595:0924/204021.451271:INFO:CONSOLE:64] "%c  ERR color: #f33 [Extension Host:retrieval] (node:19360) [DEP0040] DeprecationWarning: The `punycode` module is deprecated. Please use a userland alternative instead.
(Use `exe --trace-deprecation ...` to show where the warning was created)", source: vscode-file://vscode-app/usr/share/cursor/resources/app/out/vs/workbench/workbench.desktop.main.js (64)
[18595:0924/204021.452526:INFO:CONSOLE:11845] "%c[Extension Host:retrieval] %c(node:19360) [DEP0040] DeprecationWarning: The `punycode` module is deprecated. Please use a userland alternative instead.
(Use `exe --trace-deprecation ...` to show where the warning was created) color: blue color: ", source: vscode-file://vscode-app/usr/share/cursor/resources/app/out/vs/workbench/workbench.desktop.main.js (11845)
[18595:0924/204021.956506:INFO:CONSOLE:17566] "Failed to get git telemetry attributes: Error: Failed to execute git", source: vscode-file://vscode-app/usr/share/cursor/resources/app/out/vs/workbench/workbench.desktop.main.js (17566)
[18595:0924/204021.969540:INFO:CONSOLE:7004] "[PluginsProviderService] getInstalledGitHubPlugins took 9225.0ms", source: vscode-file://vscode-app/usr/share/cursor/resources/app/out/vs/workbench/workbench.desktop.main.js (7004)
[18595:0924/204022.052675:INFO:CONSOLE:7004] "[PluginsProviderService] getPluginMcpServers took 12568.7ms", source: vscode-file://vscode-app/usr/share/cursor/resources/app/out/vs/workbench/workbench.desktop.main.js (7004)
[18595:0924/204022.052739:INFO:CONSOLE:7004] "[PluginsProviderService] getPluginHooks took 8967.4ms", source: vscode-file://vscode-app/usr/share/cursor/resources/app/out/vs/workbench/workbench.desktop.main.js (7004)
[18595:0924/204022.052975:INFO:CONSOLE:7004] "[PluginsProviderService] getPluginLoadFailures took 9275.0ms", source: vscode-file://vscode-app/usr/share/cursor/resources/app/out/vs/workbench/workbench.desktop.main.js (7004)
[18595:0924/204022.053012:INFO:CONSOLE:7004] "[PluginsProviderService] getPluginSetIncomplete took 9275.1ms", source: vscode-file://vscode-app/usr/share/cursor/resources/app/out/vs/workbench/workbench.desktop.main.js (7004)
[18595:0924/204022.053186:INFO:CONSOLE:7004] "[PluginsProviderService] getLoadedPluginsSummary took 9275.2ms", source: vscode-file://vscode-app/usr/share/cursor/resources/app/out/vs/workbench/workbench.desktop.main.js (7004)
[18595:0924/204022.066538:INFO:CONSOLE:7004] "[PluginsProviderService] getPluginComponentFiles took 9371.0ms", source: vscode-file://vscode-app/usr/share/cursor/resources/app/out/vs/workbench/workbench.desktop.main.js (7004)
[18595:0924/204022.356380:INFO:CONSOLE:17393] "[background_composer] Refreshing background composers [object Object]", source: vscode-file://vscode-app/usr/share/cursor/resources/app/out/vs/workbench/workbench.desktop.main.js (17393)
[18595:0924/204022.356456:INFO:CONSOLE:17393] "[background_composer] Background composer disabled, not refreshing background composers [object Object]", source: vscode-file://vscode-app/usr/share/cursor/resources/app/out/vs/workbench/workbench.desktop.main.js (17393)
[18595:0924/204024.215575:INFO:CONSOLE:17393] "[transport] Connect error in unary AI connect ConnectError: [deadline_exceeded] the operation timed out [object Object]", source: vscode-file://vscode-app/usr/share/cursor/resources/app/out/vs/workbench/workbench.desktop.main.js (17393)
[18595:0924/204024.375012:INFO:CONSOLE:17393] "[transport] Connect error in unary AI connect ConnectError: [unauthenticated] No authorization header found [object Object]", source: vscode-file://vscode-app/usr/share/cursor/resources/app/out/vs/workbench/workbench.desktop.main.js (17393)
[18595:0924/204024.380825:INFO:CONSOLE:64] "%c  ERR color: #f33 [unauthenticated] No authorization header found: ConnectError: [unauthenticated] No authorization header found
    at t (vscode-file://vscode-app/usr/share/cursor/resources/app/out/vs/workbench/workbench.desktop.main.js:11881:598847)
    at async Object.cppConfig (vscode-file://vscode-app/usr/share/cursor/resources/app/out/vs/workbench/workbench.desktop.main.js:6752:60939)
    at async wKo.loadCppConfigIncludingHandlingProAccess (vscode-file://vscode-app/usr/share/cursor/resources/app/out/vs/workbench/workbench.desktop.main.js:19463:1305) ConnectError: [unauthenticated] No authorization header found", source: vscode-file://vscode-app/usr/share/cursor/resources/app/out/vs/workbench/workbench.desktop.main.js (64)
[18595:0924/204024.894193:INFO:CONSOLE:17393] "[transport] Connect error in unary AI connect ConnectError: [unauthenticated] Error [object Object]", source: vscode-file://vscode-app/usr/share/cursor/resources/app/out/vs/workbench/workbench.desktop.main.js (17393)
[18595:0924/204024.894288:INFO:CONSOLE:7004] "[MCPWellKnownDetection] Failed to fetch known servers for icon pre-resolution: ConnectError: [unauthenticated] Error", source: vscode-file://vscode-app/usr/share/cursor/resources/app/out/vs/workbench/workbench.desktop.main.js (7004)
[18595:0924/204024.897020:INFO:CONSOLE:17393] "[transport] Connect error in unary AI connect ConnectError: [unauthenticated] No authorization header found [object Object]", source: vscode-file://vscode-app/usr/share/cursor/resources/app/out/vs/workbench/workbench.desktop.main.js (17393)
[18595:0924/204024.980329:INFO:CONSOLE:17393] "[transport] Connect error in unary AI connect ConnectError: [unauthenticated] Error [object Object]", source: vscode-file://vscode-app/usr/share/cursor/resources/app/out/vs/workbench/workbench.desktop.main.js (17393)
[18595:0924/204025.111163:INFO:CONSOLE:17393] "[transport] Connect error in unary AI connect ConnectError: [unauthenticated] Error [object Object]", source: vscode-file://vscode-app/usr/share/cursor/resources/app/out/vs/workbench/workbench.desktop.main.js (17393)
[18595:0924/204025.112317:INFO:CONSOLE:8098] "[KnowledgeBaseService] Failed to fetch knowledge: ConnectError: [unauthenticated] Error", source: vscode-file://vscode-app/usr/share/cursor/resources/app/out/vs/workbench/workbench.desktop.main.js (8098)
[18595:0924/204025.606458:INFO:CONSOLE:6750] "[browser-bridge] Initialized OTEL provider with collector callback", source: vscode-file://vscode-app/usr/share/cursor/resources/app/out/vs/workbench/workbench.desktop.main.js (6750)
[90m[main 2026-09-24T12:40:25.617Z][0m [CursorProclistService] Config enabled feature (subsample every 10s; memoryPressureMonitorEnabled=true)
[90m[main 2026-09-24T12:40:25.683Z][0m [RendererPing] enabled (intervalMs=5000, blockThresholdMs=15000, stacks=true)
[90m[main 2026-09-24T12:40:41.386Z][0m [WorktreeCleanupMainService] Granted cleanup lease id=1 owner=window:1 reason="startup-catchup-worktree-cleanup"
[18595:0924/204046.399064:INFO:CONSOLE:64] "%c WARN color: #993 [WorktreeManager] Timed out after 5000ms waiting for local agent scan; orphan classification disabled this pass", source: vscode-file://vscode-app/usr/share/cursor/resources/app/out/vs/workbench/workbench.desktop.main.js (64)
[90m[main 2026-09-24T12:40:46.400Z][0m [WorktreeCleanupMainService] Releasing cleanup lease id=1 owner=window:1 reason="startup-catchup-worktree-cleanup" releaseReason="released" heldForMs=5014
[18595:0924/204051.261837:INFO:CONSOLE:17393] "[agent_exec] Agent data cleanup completed [object Object]", source: vscode-file://vscode-app/usr/share/cursor/resources/app/out/vs/workbench/workbench.desktop.main.js (17393)
[18595:0924/204127.316157:INFO:CONSOLE:17393] "[transport] Connect error in unary AI connect ConnectError: [unauthenticated] Error [object Object]", source: vscode-file://vscode-app/usr/share/cursor/resources/app/out/vs/workbench/workbench.desktop.main.js (17393)
[18595:0924/204226.513211:INFO:CONSOLE:17393] "[transport] Connect error in unary AI connect ConnectError: [unauthenticated] Error [object Object]", source: vscode-file://vscode-app/usr/share/cursor/resources/app/out/vs/workbench/workbench.desktop.main.js (17393)
proot info: vpid 1: terminated with signal 15
LAUNCH_EXIT rc=0
