RUN_BEGIN cells=20 noise=1 iters=20 warmup=3 every=25 1790158464.663195
MARK CELL_BEGIN N0000 1790158464.663280
MARK CELL_END N0000 1790158464.714648
CELL {"seq":0,"id":"N0000","group":"N","rw":1024,"rh":1024,"sw":1024,"sh":1024,"ratio":"1x","reuse":1,"batch":1,"residency":"warm","readback":"none","iters":20,"iter_ns_p50":881041,"iter_ns_p95":1038750,"per_op_ns_p50":881041,"x_cpu_ticks":2,"errors":0,"pixel_ok":true,"wall":[1790158464.663280,1790158464.714648],"iter_ns":[739791,574115,581979,597552,581511,588802,1038750,894740,936145,917761,882969,902813,925000,907239,881041,929115,798959,608750,622916,576719]}
MARK CELL_BEGIN A0114 1790158464.714692
MARK CELL_END A0114 1790158465.196220
CELL {"seq":1,"id":"A0114","group":"A","rw":1200,"rh":2608,"sw":1200,"sh":2608,"ratio":"1x","reuse":1,"batch":8,"residency":"warm","readback":"none","iters":20,"iter_ns_p50":12485625,"iter_ns_p95":13109114,"per_op_ns_p50":1560703,"x_cpu_ticks":32,"errors":0,"pixel_ok":true,"wall":[1790158464.714692,1790158465.196220],"iter_ns":[12596094,12440677,12983698,12793386,12366614,13109114,12273489,12485625,12458542,12331979,12451563,12266511,12266459,12534010,12517031,12410104,12833438,13088073,12591614,12433906]}
MARK CELL_BEGIN C0224 1790158465.196262
MARK CELL_END C0224 1790158465.212712
CELL {"seq":2,"id":"C0224","group":"C","rw":32,"rh":32,"sw":64,"sh":64,"ratio":"4x","reuse":1,"batch":16,"residency":"cold","readback":"none","iters":20,"iter_ns_p50":251979,"iter_ns_p95":384948,"per_op_ns_p50":15748,"x_cpu_ticks":0,"errors":0,"pixel_ok":true,"wall":[1790158465.196262,1790158465.212712],"iter_ns":[244896,228958,237865,233855,262291,384948,331719,209896,251979,346979,249791,254010,284271,253593,240625,212240,240417,353698,228646,284427]}
MARK CELL_BEGIN B0203 1790158465.212744
MARK CELL_END B0203 1790158465.249319
CELL {"seq":3,"id":"B0203","group":"B","rw":512,"rh":512,"sw":512,"sh":512,"ratio":"1x","reuse":1,"batch":1,"residency":"recreate","readback":"none","iters":20,"iter_ns_p50":1225937,"iter_ns_p95":3719375,"per_op_ns_p50":1225937,"x_cpu_ticks":3,"errors":0,"pixel_ok":true,"wall":[1790158465.212744,1790158465.249319],"iter_ns":[1143073,1232760,1361771,1290573,1209584,1165677,1043229,910469,3719375,1170782,1009427,1069010,1204687,1363541,1285260,1245625,1109948,1251823,1258594,1225937]}
MARK CELL_BEGIN B0172 1790158465.249359
MARK CELL_END B0172 1790158465.255147
CELL {"seq":4,"id":"B0172","group":"B","rw":64,"rh":64,"sw":64,"sh":64,"ratio":"1x","reuse":16,"batch":1,"residency":"warm","readback":"none","iters":20,"iter_ns_p50":109583,"iter_ns_p95":210365,"per_op_ns_p50":109583,"x_cpu_ticks":0,"errors":0,"pixel_ok":true,"wall":[1790158465.249359,1790158465.255147],"iter_ns":[140833,153073,162344,184427,210365,147344,198438,155677,64687,57500,65052,109583,91823,93750,64323,120260,82500,80729,75260,78385]}
MARK CELL_BEGIN A0037 1790158465.255167
MARK CELL_END A0037 1790158465.258483
CELL {"seq":5,"id":"A0037","group":"A","rw":32,"rh":32,"sw":32,"sh":32,"ratio":"1x","reuse":1,"batch":1,"residency":"warm","readback":"immediate","iters":20,"iter_ns_p50":90312,"iter_ns_p95":92344,"per_op_ns_p50":90312,"x_cpu_ticks":0,"errors":0,"pixel_ok":true,"wall":[1790158465.255167,1790158465.258483],"iter_ns":[90312,92344,89531,89843,89271,90573,89896,90989,90833,89844,90729,91354,89114,90469,90000,90364,90052,90677,89323,89687]}
MARK CELL_BEGIN B0151 1790158465.258497
MARK CELL_END B0151 1790158465.261324
CELL {"seq":6,"id":"B0151","group":"B","rw":16,"rh":16,"sw":64,"sh":64,"ratio":"16x","reuse":1,"batch":1,"residency":"warm","readback":"none","iters":20,"iter_ns_p50":68646,"iter_ns_p95":114635,"per_op_ns_p50":68646,"x_cpu_ticks":0,"errors":0,"pixel_ok":true,"wall":[1790158465.258497,1790158465.261324],"iter_ns":[69011,69115,65468,70261,70364,66563,68646,68802,63229,62239,65104,58229,114635,72187,74531,63073,94271,57760,59427,53281]}
MARK CELL_BEGIN A0063 1790158465.261337
MARK CELL_END A0063 1790158465.266711
CELL {"seq":7,"id":"A0063","group":"A","rw":128,"rh":128,"sw":128,"sh":128,"ratio":"1x","reuse":1,"batch":4,"residency":"warm","readback":"none","iters":20,"iter_ns_p50":149844,"iter_ns_p95":195573,"per_op_ns_p50":37461,"x_cpu_ticks":0,"errors":0,"pixel_ok":true,"wall":[1790158465.261337,1790158465.266711],"iter_ns":[147968,164062,163802,195573,183334,151562,162500,172187,149791,140781,133802,142864,158750,181041,142604,143906,144114,143385,143125,149844]}
MARK CELL_BEGIN C0237 1790158465.266743
MARK CELL_END C0237 1790158465.627179
CELL {"seq":8,"id":"C0237","group":"C","rw":1024,"rh":1024,"sw":1024,"sh":1024,"ratio":"1x","reuse":1,"batch":4,"residency":"cold","readback":"none","iters":20,"iter_ns_p50":3645781,"iter_ns_p95":3959688,"per_op_ns_p50":911445,"x_cpu_ticks":30,"errors":0,"pixel_ok":true,"wall":[1790158465.266743,1790158465.627179],"iter_ns":[1987396,2059531,2037604,3657760,3730417,3594844,3623021,3609792,3621146,3707656,3666407,3672760,3604531,3714375,3643125,3629844,3959688,3666666,3645781,3726250]}
MARK CELL_BEGIN B0182 1790158465.627232
MARK CELL_END B0182 1790158465.642090
CELL {"seq":9,"id":"B0182","group":"B","rw":128,"rh":128,"sw":128,"sh":128,"ratio":"1x","reuse":64,"batch":1,"residency":"warm","readback":"none","iters":20,"iter_ns_p50":82760,"iter_ns_p95":170053,"per_op_ns_p50":82760,"x_cpu_ticks":1,"errors":0,"pixel_ok":true,"wall":[1790158465.627232,1790158465.642090],"iter_ns":[80521,86406,89531,82291,85625,170053,122188,85730,81615,82761,82760,81666,87448,79635,79166,80104,80782,78594,84479,79271]}
MARK CELL_BEGIN A0030 1790158465.642114
MARK CELL_END A0030 1790158465.647157
CELL {"seq":10,"id":"A0030","group":"A","rw":16,"rh":16,"sw":16,"sh":16,"ratio":"1x","reuse":1,"batch":8,"residency":"warm","readback":"none","iters":20,"iter_ns_p50":143385,"iter_ns_p95":197500,"per_op_ns_p50":17923,"x_cpu_ticks":1,"errors":0,"pixel_ok":true,"wall":[1790158465.642114,1790158465.647157],"iter_ns":[173177,143385,144844,141198,142812,175261,136302,190260,197500,148854,126407,147083,139583,163750,138802,136250,141719,135677,136667,148282]}
MARK CELL_BEGIN B0159 1790158465.647176
MARK CELL_END B0159 1790158465.650189
CELL {"seq":11,"id":"B0159","group":"B","rw":32,"rh":32,"sw":64,"sh":64,"ratio":"4x","reuse":1,"batch":1,"residency":"warm","readback":"none","iters":20,"iter_ns_p50":70573,"iter_ns_p95":86875,"per_op_ns_p50":70573,"x_cpu_ticks":0,"errors":0,"pixel_ok":true,"wall":[1790158465.647176,1790158465.650189],"iter_ns":[63333,78334,67395,77604,86875,58906,70573,67812,68021,84323,70573,76667,70833,71823,66354,66354,69948,82396,66719,75052]}
MARK CELL_BEGIN A0082 1790158465.650205
MARK CELL_END A0082 1790158465.688494
CELL {"seq":12,"id":"A0082","group":"A","rw":256,"rh":256,"sw":256,"sh":256,"ratio":"1x","reuse":1,"batch":16,"residency":"warm","readback":"immediate","iters":20,"iter_ns_p50":1352500,"iter_ns_p95":4774271,"per_op_ns_p50":84531,"x_cpu_ticks":3,"errors":0,"pixel_ok":true,"wall":[1790158465.650205,1790158465.688494],"iter_ns":[1221770,1261875,1334427,1295885,1437448,1354583,1246198,1339271,1345730,1270938,1369844,1381458,4774271,1537448,1336250,1284323,1371146,1352500,1411198,1366303]}
MARK CELL_BEGIN A0118 1790158465.688523
MARK CELL_END A0118 1790158466.981907
CELL {"seq":13,"id":"A0118","group":"A","rw":1200,"rh":2608,"sw":1200,"sh":2608,"ratio":"1x","reuse":1,"batch":16,"residency":"warm","readback":"immediate","iters":20,"iter_ns_p50":50044531,"iter_ns_p95":67302188,"per_op_ns_p50":3127783,"x_cpu_ticks":122,"errors":0,"pixel_ok":true,"wall":[1790158465.688523,1790158466.981907],"iter_ns":[50505834,49325781,51259479,49894375,50044531,49546875,54472240,49916666,49862500,49262083,50088854,52912396,53304480,49584011,49822865,49388229,67302188,53767761,49785989,61141145]}
MARK CELL_BEGIN C0226 1790158466.981938
MARK CELL_END C0226 1790158466.993819
CELL {"seq":14,"id":"C0226","group":"C","rw":128,"rh":128,"sw":128,"sh":128,"ratio":"1x","reuse":1,"batch":1,"residency":"cold","readback":"delayed","iters":20,"iter_ns_p50":87552,"iter_ns_p95":274114,"per_op_ns_p50":87552,"x_cpu_ticks":0,"errors":0,"pixel_ok":true,"wall":[1790158466.981938,1790158466.993819],"iter_ns":[94688,84166,90729,151355,193438,104791,146250,274114,105937,74948,74531,68802,83489,87552,84583,215468,80677,78333,83021,76927]}
MARK CELL_BEGIN A0013 1790158466.993856
MARK CELL_END A0013 1790158466.997363
CELL {"seq":15,"id":"A0013","group":"A","rw":5,"rh":24,"sw":5,"sh":24,"ratio":"1x","reuse":1,"batch":1,"residency":"warm","readback":"immediate","iters":20,"iter_ns_p50":91354,"iter_ns_p95":173385,"per_op_ns_p50":91354,"x_cpu_ticks":0,"errors":0,"pixel_ok":true,"wall":[1790158466.993856,1790158466.997363],"iter_ns":[91354,69948,58333,55677,54114,129843,64844,97031,93541,135990,98073,173385,85208,94167,99792,74062,170365,70104,84375,74167]}
MARK CELL_BEGIN B0146 1790158466.997382
MARK CELL_END B0146 1790158467.001219
CELL {"seq":16,"id":"B0146","group":"B","rw":5,"rh":24,"sw":5,"sh":24,"ratio":"1x","reuse":64,"batch":1,"residency":"warm","readback":"none","iters":20,"iter_ns_p50":70052,"iter_ns_p95":82916,"per_op_ns_p50":70052,"x_cpu_ticks":0,"errors":0,"pixel_ok":true,"wall":[1790158466.997382,1790158467.001219],"iter_ns":[64531,70677,79427,73958,82916,76406,70052,68021,74271,69115,68646,72448,67760,68281,73698,67500,67553,75990,66771,66823]}
MARK CELL_BEGIN A0007 1790158467.001233
MARK CELL_END A0007 1790158467.005893
CELL {"seq":17,"id":"A0007","group":"A","rw":1,"rh":1,"sw":1,"sh":1,"ratio":"1x","reuse":1,"batch":8,"residency":"warm","readback":"immediate","iters":20,"iter_ns_p50":140364,"iter_ns_p95":254218,"per_op_ns_p50":17545,"x_cpu_ticks":0,"errors":0,"pixel_ok":true,"wall":[1790158467.001233,1790158467.005893],"iter_ns":[134895,134427,136042,138593,150469,144635,126510,126823,134218,165625,167291,155677,144270,149531,169687,254218,140312,140364,138750,138802]}
MARK CELL_BEGIN A0008 1790158467.005906
MARK CELL_END A0008 1790158467.010485
CELL {"seq":18,"id":"A0008","group":"A","rw":1,"rh":1,"sw":1,"sh":1,"ratio":"1x","reuse":1,"batch":8,"residency":"warm","readback":"delayed","iters":20,"iter_ns_p50":134948,"iter_ns_p95":193489,"per_op_ns_p50":16868,"x_cpu_ticks":1,"errors":0,"pixel_ok":true,"wall":[1790158467.005906,1790158467.010485],"iter_ns":[135000,141562,146979,134219,134115,139531,134219,193489,134948,138698,134271,130833,134948,139479,134375,192761,134219,139218,133230,132708]}
MARK CELL_BEGIN A0130 1790158467.010497
MARK CELL_END A0130 1790158469.145982
CELL {"seq":19,"id":"A0130","group":"A","rw":3440,"rh":1440,"sw":3440,"sh":1440,"ratio":"1x","reuse":1,"batch":16,"residency":"warm","readback":"immediate","iters":20,"iter_ns_p50":83611302,"iter_ns_p95":93710208,"per_op_ns_p50":5225706,"x_cpu_ticks":197,"errors":0,"pixel_ok":true,"wall":[1790158467.010497,1790158469.145982],"iter_ns":[93710208,59213802,86491927,83611302,82771562,83921927,82669271,82936302,86837709,83424323,82261354,82280990,82611145,83668854,83324896,83554219,86105156,84758646,86979323,85438750]}
MARK CELL_BEGIN B0152 1790158469.146019
MARK CELL_END B0152 1790158469.185968
CELL {"seq":20,"id":"B0152","group":"B","rw":16,"rh":16,"sw":1200,"sh":2191,"ratio":"redirected","reuse":1,"batch":1,"residency":"warm","readback":"none","iters":20,"iter_ns_p50":73906,"iter_ns_p95":118230,"per_op_ns_p50":73906,"x_cpu_ticks":2,"errors":0,"pixel_ok":true,"wall":[1790158469.146019,1790158469.185968],"iter_ns":[118230,83437,73854,69844,73906,66146,69844,89636,91875,61822,93021,118229,70833,76875,73750,68541,76250,68542,67709,74011]}
MARK CELL_BEGIN N0000 1790158469.186002
MARK CELL_END N0000 1790158469.237332
CELL {"seq":21,"id":"N0000","group":"N","rw":1024,"rh":1024,"sw":1024,"sh":1024,"ratio":"1x","reuse":1,"batch":1,"residency":"warm","readback":"none","iters":20,"iter_ns_p50":947187,"iter_ns_p95":1038594,"per_op_ns_p50":947187,"x_cpu_ticks":3,"errors":0,"pixel_ok":true,"wall":[1790158469.186002,1790158469.237332],"iter_ns":[947187,928646,939584,956562,956250,930104,924843,935573,926562,931979,926614,981562,976614,986510,1038594,1008958,929531,964375,934844,990625]}
RUN_END 1790158469.237371
