dbus-daemon[10370]: [session uid=0 pid=10370] org.freedesktop.DBus.Error.AccessDenied: Failed to set fd limit to 65536: Operation not permitted
dbus-daemon[10370]: [session uid=0 pid=10370] Activating service name='org.xfce.Xfconf' requested by ':1.0' (uid=0 pid=10375 comm="xfce4-session" label="u:r:untrusted_app_27:s0:c109,c257,c512,c768")
dbus-daemon[10370]: [session uid=0 pid=10370] Successfully activated service 'org.xfce.Xfconf'
/usr/bin/iceauth:  creating new authority file /tmp/xfce-x3-run-20260923151454-8412/runtime/ICEauthority
dbus-daemon[10370]: [session uid=0 pid=10370] Activating service name='org.gtk.vfs.Daemon' requested by ':1.2' (uid=0 pid=10393 comm="xfwm4" label="u:r:untrusted_app_27:s0:c109,c257,c512,c768")
dbus-daemon[10370]: [session uid=0 pid=10370] Successfully activated service 'org.gtk.vfs.Daemon'

(xfsettingsd:10702): libupower-glib-WARNING **: 15:15:11.818: Couldn't connect to proxy: Could not connect: No such file or directory
dbus-daemon[10370]: [session uid=0 pid=10370] Activating service name='org.freedesktop.thumbnails.Thumbnailer1' requested by ':1.7' (uid=0 pid=10743 comm="xfdesktop" label="u:r:untrusted_app_27:s0:c109,c257,c512,c768")

(tumblerd:10791): tumblerd-WARNING **: 15:15:12.858: Couldn't change nice value of process.
libclock-Message: 15:15:12.964: could not get proxy for org.freedesktop.login1

(xfce4-panel:10711): libclock-WARNING **: 15:15:12.965: could not instantiate a sleep monitor
dbus-daemon[10370]: [session uid=0 pid=10370] Activating service name='org.gtk.vfs.UDisks2VolumeMonitor' requested by ':1.8' (uid=0 pid=10791 comm="/usr/lib/aarch64-linux-gnu/tumbler-1/tumblerd" label="u:r:untrusted_app_27:s0:c109,c257,c512,c768")

(process:10837): GVFS-UDisks2-WARNING **: 15:15:14.092: Failed to connect to UDisks: Could not connect: No such file or directory

(process:10837): GVFS-RemoteVolumeMonitorDaemon-WARNING **: 15:15:14.092: monitor says it's not supported
dbus-daemon[10370]: [session uid=0 pid=10370] Successfully activated service 'org.gtk.vfs.UDisks2VolumeMonitor'

(process:10837): GVFS-RemoteVolumeMonitorDaemon-WARNING **: 15:15:14.098: monitor says it's not supported

(tumblerd:10791): GVFS-RemoteVolumeMonitor-WARNING **: 15:15:14.098: remote volume monitor with dbus name org.gtk.vfs.UDisks2VolumeMonitor is not supported

(tumblerd:10791): GLib-GIO-WARNING **: 15:15:14.101: Error creating IO channel for /proc/self/mountinfo: Operation not permitted (g-io-error-quark, 14)
dbus-daemon[10370]: [session uid=0 pid=10370] Activating service name='org.gtk.vfs.AfcVolumeMonitor' requested by ':1.8' (uid=0 pid=10791 comm="/usr/lib/aarch64-linux-gnu/tumbler-1/tumblerd" label="u:r:untrusted_app_27:s0:c109,c257,c512,c768")
dbus-daemon[10370]: [session uid=0 pid=10370] Successfully activated service 'org.gtk.vfs.AfcVolumeMonitor'
dbus-daemon[10370]: [session uid=0 pid=10370] Activating service name='org.gtk.vfs.MTPVolumeMonitor' requested by ':1.8' (uid=0 pid=10791 comm="/usr/lib/aarch64-linux-gnu/tumbler-1/tumblerd" label="u:r:untrusted_app_27:s0:c109,c257,c512,c768")
dbus-daemon[10370]: [session uid=0 pid=10370] Successfully activated service 'org.gtk.vfs.MTPVolumeMonitor'
dbus-daemon[10370]: [session uid=0 pid=10370] Activating service name='org.gtk.vfs.GPhoto2VolumeMonitor' requested by ':1.8' (uid=0 pid=10791 comm="/usr/lib/aarch64-linux-gnu/tumbler-1/tumblerd" label="u:r:untrusted_app_27:s0:c109,c257,c512,c768")
dbus-daemon[10370]: [session uid=0 pid=10370] Successfully activated service 'org.gtk.vfs.GPhoto2VolumeMonitor'
dbus-daemon[10370]: [session uid=0 pid=10370] Activating service name='org.gtk.vfs.GoaVolumeMonitor' requested by ':1.8' (uid=0 pid=10791 comm="/usr/lib/aarch64-linux-gnu/tumbler-1/tumblerd" label="u:r:untrusted_app_27:s0:c109,c257,c512,c768")
dbus-daemon[10370]: [session uid=0 pid=10370] Successfully activated service 'org.gtk.vfs.GoaVolumeMonitor'
dbus-daemon[10370]: [session uid=0 pid=10370] Successfully activated service 'org.freedesktop.thumbnails.Thumbnailer1'

(xfce4-session:10375): xfce4-session-WARNING **: 15:15:14.270: failed to run script: Failed to execute child process “/usr/bin/pm-is-supported” (No such file or directory)

(xfce4-session:10375): xfce4-session-WARNING **: 15:15:14.276: failed to run script: Failed to execute child process “/usr/bin/pm-is-supported” (No such file or directory)

(xfdesktop:10743): GLib-GObject-CRITICAL **: 15:15:14.283: g_object_unref: assertion 'G_IS_OBJECT (object)' failed

(xfce4-session:10375): xfce4-session-WARNING **: 15:15:14.286: failed to run script: Failed to execute child process “/usr/bin/pm-is-supported” (No such file or directory)

(process:10837): GVFS-RemoteVolumeMonitorDaemon-WARNING **: 15:15:14.317: monitor says it's not supported

(xfdesktop:10743): GVFS-RemoteVolumeMonitor-WARNING **: 15:15:14.319: remote volume monitor with dbus name org.gtk.vfs.UDisks2VolumeMonitor is not supported

(xfdesktop:10743): GLib-GIO-WARNING **: 15:15:14.324: Error creating IO channel for /proc/self/mountinfo: Operation not permitted (g-io-error-quark, 14)
dbus-daemon[10370]: [session uid=0 pid=10370] Activating service name='org.xfce.Notifyd' requested by ':1.9' (uid=0 pid=10797 comm="/usr/lib/aarch64-linux-gnu/xfce4/panel/wrapper-2.0" label="u:r:untrusted_app_27:s0:c109,c257,c512,c768")

(process:10903): GLib-GIO-WARNING **: 15:15:14.434: Error creating IO channel for /proc/self/mountinfo: Operation not permitted (g-io-error-quark, 14)
dbus-daemon[10370]: [session uid=0 pid=10370] Activating service name='org.gtk.vfs.Metadata' requested by ':1.7' (uid=0 pid=10743 comm="xfdesktop" label="u:r:untrusted_app_27:s0:c109,c257,c512,c768")
dbus-daemon[10370]: [session uid=0 pid=10370] Successfully activated service 'org.gtk.vfs.Metadata'
dbus-daemon[10370]: [session uid=0 pid=10370] Successfully activated service 'org.xfce.Notifyd'

** (xfdesktop:10743): WARNING **: 15:15:14.969: Failed to get system bus: Could not connect: No such file or directory

(xfconfd:10382): xfconfd-WARNING **: 15:18:08.903: Name org.xfce.Xfconf lost on the message dbus, exiting.
A connection to the bus can't be made

(tumblerd:10791): tumblerd-CRITICAL **: 15:18:08.906: Name org.freedesktop.thumbnails.Cache1 lost on the message dbus, exiting.

(tumblerd:10791): tumblerd-CRITICAL **: 15:18:08.906: Name org.freedesktop.thumbnails.Manager1 lost on the message dbus, exiting.

(tumblerd:10791): tumblerd-CRITICAL **: 15:18:08.906: Name org.freedesktop.thumbnails.Thumbnailer1 lost on the message dbus, exiting.
A connection to the bus can't be made
Another notification daemon is running, exiting
Another notification daemon is running, exiting
