--------- beginning of main
09-26 12:17:55.997  6297  6297 W libc    : Access denied finding property "persist.vendor.track.malloc.enable"
09-26 12:17:55.997  6297  6297 W libc    : Access denied finding property "persist.vendor.fd.monitor.enable"
09-26 12:17:56.009  6297  6297 W libc    : Access denied finding property "persist.vendor.track.malloc.enable"
09-26 12:17:56.009  6297  6297 W libc    : Access denied finding property "persist.vendor.fd.monitor.enable"
09-26 12:17:56.016  6297  6297 W libc    : Access denied finding property "persist.vendor.track.malloc.enable"
09-26 12:17:56.016  6297  6297 W libc    : Access denied finding property "persist.vendor.fd.monitor.enable"
09-26 12:17:56.133  6297  6297 W libc    : Access denied finding property "ro.debuggable"
09-26 12:17:56.133  6297  6297 W libc    : Access denied finding property "ro.debuggable"
09-26 12:17:56.133  6297  6297 W libc    : Access denied finding property "ro.debuggable"
09-26 12:17:56.134  6297  6297 D AndroidRuntime: >>>>>> START com.android.internal.os.RuntimeInit uid 10365 <<<<<<
09-26 12:17:56.134  6297  6297 W libc    : Access denied finding property "ro.debuggable"
09-26 12:17:56.139  6297  6297 I AndroidRuntime: Using default boot image
09-26 12:17:56.139  6297  6297 I AndroidRuntime: Leaving lock profiling enabled
09-26 12:17:56.139  6297  6297 W libc    : Access denied finding property "odsign.verification.success"
09-26 12:17:56.139  6297  6297 W libc    : Access denied finding property "ro.debuggable"
09-26 12:17:56.141  6297  6297 W termux-x11gpu com.waydefu.x11gpu :3 -noreset: ART APEX data files are untrusted.
09-26 12:17:56.141  6297  6297 I termux-x11gpu com.waydefu.x11gpu :3 -noreset: Using generational CollectorTypeCMC GC.
09-26 12:17:56.141  6297  6297 E termux-x11gpu com.waydefu.x11gpu :3 -noreset: Error reading named image component header for /system/framework/boot.art, error: Image header from "/system/framework/arm64/boot.art" is invalid
09-26 12:17:56.141  6297  6297 E termux-x11gpu com.waydefu.x11gpu :3 -noreset: Could not create image space with image file '/system/framework/boot.art!/apex/com.android.art/etc/boot-image.prof!/system/etc/boot-image.prof:/system/framework/boot-framework-adservices.art'. Attempting to fall back to imageless running. Error was: Image header from "/system/framework/arm64/boot.art" is invalid
09-26 12:17:56.466  6297  6297 D nativeloader: InitDefaultPublicLibraries for_preload=1: libandroid.so:libaaudio.so:libamidi.so:libbinder_ndk.so:libc.so:libcamera2ndk.so:libdl.so:libEGL.so:libGLESv1_CM.so:libGLESv2.so:libGLESv3.so:libicu.so:libicui18n.so:libicuuc.so:libjnigraphics.so:liblog.so:libmediandk.so:libm.so:libnativehelper.so:libnativewindow.so:libOpenMAXAL.so:libOpenSLES.so:libRS.so:libstdc++.so:libsync.so:libvulkan.so:libwebviewchromium_plat_support.so:libz.so
09-26 12:17:56.477  6297  6297 D nativeloader: Load libicu_jni.so using APEX ns com_android_art for caller /apex/com.android.art/javalib/core-oj.jar: ok
09-26 12:17:56.477  6297  6297 D termux-x11gpu com.waydefu.x11gpu :3 -noreset: u_setTimeZoneFilesDirectory("/apex/com.android.tzdata/etc/tz/versioned/9/icu") succeeded. 
09-26 12:17:56.478  6297  6297 D termux-x11gpu com.waydefu.x11gpu :3 -noreset: I18n APEX ICU file found: /apex/com.android.i18n/etc/icu/icudt76l.dat
09-26 12:17:56.478  6297  6297 D nativeloader: Load libjavacore.so using APEX ns com_android_art for caller /apex/com.android.art/javalib/core-oj.jar: ok
09-26 12:17:56.479  6297  6297 D nativeloader: Load libopenjdk.so using APEX ns com_android_art for caller /apex/com.android.art/javalib/core-oj.jar: ok
09-26 12:17:56.496  6297  6297 I termux-x11gpu com.waydefu.x11gpu :3 -noreset: Priority-to-niceness mapping: 19, 16, 13, 10, 0, -2, -4, -5, -6, -8
09-26 12:17:56.585  6297  6297 W libc    : Access denied finding property "ro.product.name_for_attestation"
09-26 12:17:56.585  6297  6297 W libc    : Access denied finding property "ro.product.device_for_attestation"
09-26 12:17:56.585  6297  6297 W libc    : Access denied finding property "ro.product.manufacturer_for_attestation"
09-26 12:17:56.585  6297  6297 W libc    : Access denied finding property "ro.product.brand_for_attestation"
09-26 12:17:56.585  6297  6297 W libc    : Access denied finding property "ro.product.model_for_attestation"
09-26 12:17:56.590  6297  6297 W libc    : Access denied finding property "ro.vendor.mtk.hbt_binfmt_misc_support"
09-26 12:17:56.590  6297  6297 W libc    : Access denied finding property "ro.vendor.mtk.app32_boost_support"
09-26 12:17:56.590  6297  6297 W libc    : Access denied finding property "ro.vendor.mtk.hbt_dyn_type"
09-26 12:17:56.590  6297  6297 W libc    : Access denied finding property "persist.vendor.mtk.hbt_dyn_type"
09-26 12:17:56.590  6297  6297 W libc    : Access denied finding property "ro.vendor.mi_fake_32bit_support"
09-26 12:17:56.591  6297  6297 W libc    : Access denied finding property "ro.debuggable"
09-26 12:17:56.628  6297  6297 D nativeloader: Load libframework-connectivity-tiramisu-jni.so using APEX ns com_android_tethering for caller /apex/com.android.tethering/javalib/framework-connectivity-t.jar: ok
09-26 12:17:56.630  6297  6297 D AndroidRuntime: Calling main entry com.termux.x11.Loader
09-26 12:17:56.648  6297  6297 W libc    : Access denied finding property "ro.debuggable"
09-26 12:17:56.653  6297  6297 I AconfigPackage: com.android.healthfitness.flags is mapped to com.android.healthfitness
09-26 12:17:56.653  6297  6297 I AconfigPackage: com.android.uwb.flags is mapped to com.android.uwb
09-26 12:17:56.653  6297  6297 I AconfigPackage: com.android.ranging.flags is mapped to com.android.uwb
09-26 12:17:56.653  6297  6297 I AconfigPackage: com.android.permission.flags is mapped to com.android.permission
09-26 12:17:56.653  6297  6297 I AconfigPackage: com.android.permissioncontroller.flags is mapped to com.android.permission
09-26 12:17:56.653  6297  6297 I AconfigPackage: android.provider.flags is mapped to com.android.configinfrastructure
09-26 12:17:56.653  6297  6297 I AconfigPackage: com.android.server.deviceconfig is mapped to com.android.configinfrastructure
09-26 12:17:56.653  6297  6297 I AconfigPackage: com.android.ipsec.flags is mapped to com.android.ipsec
09-26 12:17:56.653  6297  6297 I AconfigPackage: com.android.media.extractor.flags is mapped to com.android.media
09-26 12:17:56.653  6297  6297 I AconfigPackage: com.android.media.metrics.flags is mapped to com.android.media
09-26 12:17:56.653  6297  6297 I AconfigPackage: com.android.media.mainline.flags is mapped to com.android.media
09-26 12:17:56.653  6297  6297 I AconfigPackage: com.android.tethering.mainline.beta is mapped to com.android.tethering
09-26 12:17:56.653  6297  6297 I AconfigPackage: android.net.http is mapped to com.android.tethering
09-26 12:17:56.653  6297  6297 I AconfigPackage: com.android.tethering.readonly.flags is mapped to com.android.tethering
09-26 12:17:56.653  6297  6297 I AconfigPackage: android.net.vcn is mapped to com.android.tethering
09-26 12:17:56.653  6297  6297 I AconfigPackage: com.android.net.flags is mapped to com.android.tethering
09-26 12:17:56.653  6297  6297 I AconfigPackage: com.android.tethering.flags is mapped to com.android.tethering
09-26 12:17:56.653  6297  6297 I AconfigPackage: com.android.tethering.beta.test is mapped to com.android.tethering
09-26 12:17:56.653  6297  6297 I AconfigPackage: com.android.nearby.flags is mapped to com.android.tethering
09-26 12:17:56.653  6297  6297 I AconfigPackage: com.android.net.thread.flags is mapped to com.android.tethering
09-26 12:17:56.653  6297  6297 I AconfigPackage: com.android.net.ct.flags is mapped to com.android.tethering
09-26 12:17:56.653  6297  6297 I AconfigPackage: android.net.http.flags is mapped to com.android.tethering
09-26 12:17:56.654  6297  6297 I AconfigPackage: android.uprobestats.mainline.flags is mapped to com.android.uprobestats
09-26 12:17:56.654  6297  6297 I AconfigPackage: com.android.art.flags is mapped to com.android.art
09-26 12:17:56.654  6297  6297 I AconfigPackage: com.android.art.rw.flags is mapped to com.android.art
09-26 12:17:56.654  6297  6297 I AconfigPackage: com.android.libcore is mapped to com.android.art
09-26 12:17:56.654  6297  6297 I AconfigPackage: com.android.org.conscrypt.flags is mapped to com.android.conscrypt
09-26 12:17:56.654  6297  6297 I AconfigPackage: com.android.org.conscrypt.net.flags is mapped to com.android.conscrypt
09-26 12:17:56.654  6297  6297 I AconfigPackage: com.android.signature.flags is mapped to com.android.mediaprovider
09-26 12:17:56.654  6297  6297 I AconfigPackage: com.android.providers.media.flags is mapped to com.android.mediaprovider
09-26 12:17:56.654  6297  6297 I AconfigPackage: android.graphics.pdf.flags is mapped to com.android.mediaprovider
09-26 12:17:56.654  6297  6297 I AconfigPackage: android.graphics.pdf.flags.readonly is mapped to com.android.mediaprovider
09-26 12:17:56.654  6297  6297 I AconfigPackage: com.android.adservices.ondevicepersonalization.flags is mapped to com.android.ondevicepersonalization
09-26 12:17:56.654  6297  6297 I AconfigPackage: android.os.profiling is mapped to com.android.profiling
09-26 12:17:56.654  6297  6297 I AconfigPackage: com.android.cellbroadcastreceiver.flags is mapped to com.android.cellbroadcast
09-26 12:17:56.654  6297  6297 I AconfigPackage: com.android.wifi.flags is mapped to com.android.wifi
09-26 12:17:56.654  6297  6297 I AconfigPackage: com.android.appsearch.flags is mapped to com.android.appsearch
09-26 12:17:56.654  6297  6297 I AconfigPackage: com.android.adservices.flags is mapped to com.android.adservices
09-26 12:17:56.654  6297  6297 I AconfigPackage: com.android.sdksandbox.flags is mapped to com.android.adservices
09-26 12:17:56.654  6297  6297 I AconfigPackage: android.app.sdksandbox.flags is mapped to com.android.adservices
09-26 12:17:56.654  6297  6297 I AconfigPackage: com.android.rkpd.flags is mapped to com.android.rkpd
09-26 12:17:56.654  6297  6297 I AconfigPackage: android.media.swcodec.flags is mapped to com.android.media.swcodec
09-26 12:17:56.655  6297  6297 I AconfigPackage: com.android.system.virtualmachine.flags is mapped to com.android.virt
09-26 12:17:56.655  6297  6297 I AconfigPackage: com.android.devicelock.flags is mapped to com.android.devicelock
09-26 12:17:56.655  6297  6297 I AconfigPackage: com.android.bluetooth.flags is mapped to com.android.bt
09-26 12:17:56.655  6297  6297 I AconfigPackage: com.android.icu is mapped to com.android.i18n
09-26 12:17:56.655  6297  6297 I AconfigPackage: com.android.os.statsd.flags is mapped to com.android.os.statsd
09-26 12:17:56.655  6297  6297 I AconfigPackage: com.android.adbd.flags is mapped to com.android.adbd
09-26 12:17:56.655  6297  6297 E FeatureFlagsImplExport: android.os.flagging.AconfigStorageReadException: ERROR_PACKAGE_NOT_FOUND: package android.xr cannot be found on the device
09-26 12:17:56.661  6297  6297 I Termux:X11 loader: loading /data/app/~~c4-3tzkGAjjJrkvFPotT8A==/com.waydefu.x11gpu-LRG_nLJwUtdeZ1Qbse0OVA==/base.apk::com.termux.x11.CmdEntryPoint::main of com.waydefu.x11gpu application (commit c2ec25f184d569d9682244d16aaf450ffbd7b8d1)
09-26 12:17:56.685  6297  6297 I MessageMonitor: Load libmiui_runtime
09-26 12:17:56.685  6297  6297 D nativeloader: Load libmiui_runtime.so using system ns (caller=/system_ext/framework/miui-framework.jar): ok
09-26 12:17:56.685  6297  6297 E termux-x11gpu com.waydefu.x11gpu :3 -noreset: register_android_view_SurfaceRuntimeShader  
09-26 12:17:56.685  6297  6297 E termux-x11gpu com.waydefu.x11gpu :3 -noreset: register_android_view_SurfaceRuntimeShader  0
09-26 12:17:56.687  6297  6297 W libc    : Access denied finding property "qemu.sf.lcd_density"
09-26 12:17:56.687  6297  6297 W libc    : Access denied finding property "qemu.sf.lcd_density"
09-26 12:17:56.680  6297  6297 W main    : type=1400 audit(0.0:35446528): avc:  denied  { read } for  name="u:object_r:qemu_sf_lcd_density_prop:s0" dev="tmpfs" ino=365 scontext=u:r:untrusted_app_27:s0:c109,c257,c512,c768 tcontext=u:object_r:qemu_sf_lcd_density_prop:s0 tclass=file permissive=0 app=com.termux.api
09-26 12:17:56.680  6297  6297 W main    : type=1400 audit(0.0:35446529): avc:  denied  { read } for  name="u:object_r:qemu_sf_lcd_density_prop:s0" dev="tmpfs" ino=365 scontext=u:r:untrusted_app_27:s0:c109,c257,c512,c768 tcontext=u:object_r:qemu_sf_lcd_density_prop:s0 tclass=file permissive=0 app=com.termux.api
09-26 12:17:56.689  6297  6297 D ThemeCompatibility: START loading theme compatibility config.
09-26 12:17:56.689  6297  6297 D ThemeCompatibility: getVersion(): /data/system/theme_config/theme_compatibility.xml  java.io.FileNotFoundException: /data/system/theme_config/theme_compatibility.xml: open failed: ENOENT (No such file or directory)
09-26 12:17:56.689  6297  6297 D ThemeCompatibility: getConfigDocumentTree(): 140 vs -1
09-26 12:17:56.689  6297  6297 D ThemeCompatibility:     parse file: /product/media/theme/theme_compatibility.xml
09-26 12:17:56.692  6297  6297 D ThemeCompatibility: END loading: version=140 size=71
09-26 12:17:56.697  6297  6297 D nativeloader: Load libjavacrypto.so using APEX ns com_android_conscrypt for caller /apex/com.android.conscrypt/javalib/conscrypt.jar: ok
09-26 12:17:56.705  6297  6297 I OverlayConfig: Sorting partitions in the specified order from partitions_order.xml
09-26 12:17:56.700  6297  6297 W main    : type=1400 audit(0.0:35446530): avc:  denied  { read } for  name="apex-info-list.xml" dev="tmpfs" ino=81 scontext=u:r:untrusted_app_27:s0:c109,c257,c512,c768 tcontext=u:object_r:apex_info_file:s0 tclass=file permissive=0 app=com.termux.api
09-26 12:17:56.708  6297  6297 W main    : type=1400 audit(0.0:35446531): avc:  denied  { execute } for  name="idmap2" dev="dm-16" ino=8876225 scontext=u:r:untrusted_app_27:s0:c109,c257,c512,c768 tcontext=u:object_r:idmap_exec:s0 tclass=file permissive=0 app=com.termux.api
09-26 12:17:56.708  6297  6297 W main    : type=1400 audit(0.0:35446532): avc:  denied  { execute } for  name="idmap2" dev="dm-16" ino=8876225 scontext=u:r:untrusted_app_27:s0:c109,c257,c512,c768 tcontext=u:object_r:idmap_exec:s0 tclass=file permissive=0 app=com.termux.api
09-26 12:17:56.715  6297  6297 W termux-x11gpu com.waydefu.x11gpu :3 -noreset: unable to execute idmap2: Permission denied
09-26 12:17:56.715  6297  6297 W OverlayConfig: 'idmap2 create-multiple' failed: no mutable="false" overlays targeting "android" will be loaded
09-26 12:17:56.715  6297  6297 I AssetManagerImpl : Load libmiui_runtime
09-26 12:17:56.715  6297  6297 W asset   : unable to execute idmap2: Permission denied
09-26 12:17:56.715  6297  6297 W AssetManagerImpl : 'idmap2 --scan' failed: no static="true" overlays targeting "miui" will be loaded
09-26 12:17:56.716  6297  6297 I termux-x11gpu com.waydefu.x11gpu :3 -noreset: AssetManager2(0xb4000078ba811818) locale list changing from [] to [zh-TW]
09-26 12:17:56.724  6297  6297 D FeatureParser: praser device feature in /product/etc/device_features/myron.xml
09-26 12:17:56.728  6297  6297 D FeatureParser: praser device feature in /product/etc/removable_apk_info.xml
09-26 12:17:56.729  6297  6297 D FeatureParser: praser device feature in /mi_ext/product/etc/miext_removable_apk_info.xml
09-26 12:17:56.729  6297  6297 W libc    : Access denied finding property "ro.vendor.display.iris_x7.support"
09-26 12:17:56.729  6297  6297 I SystemServiceRegistry: regMtkService start
09-26 12:17:56.729  6297  6297 W System  : ClassLoader referenced unknown path: system/framework/mediatek-framework.jar
09-26 12:17:56.729  6297  6297 E SystemServiceRegistry: regMtkService:java.lang.ClassNotFoundException: mediatek.app.MtkSystemServiceRegistry
09-26 12:17:56.729  6297  6297 I SystemServiceRegistry: setMtkSystemServiceName start
09-26 12:17:56.729  6297  6297 I SystemServiceRegistry: registerAllMtkService start
09-26 12:17:56.736  6297  6297 D nativeloader: InitApexLibraries:
09-26 12:17:56.736  6297  6297 D nativeloader:   com_android_art: libnativehelper.so
09-26 12:17:56.736  6297  6297 D nativeloader:   com_android_i18n: libicui18n.so:libicuuc.so:libicu.so
09-26 12:17:56.736  6297  6297 D nativeloader:   com_android_neuralnetworks: libneuralnetworks.so
09-26 12:17:56.736  6297  6297 D nativeloader: InitDefaultPublicLibraries for_preload=0: libandroid.so:libaaudio.so:libamidi.so:libbinder_ndk.so:libc.so:libcamera2ndk.so:libclang_rt.hwasan-aarch64-android.so:libdl.so:libEGL.so:libGLESv1_CM.so:libGLESv2.so:libGLESv3.so:libjnigraphics.so:liblog.so:libmediandk.so:libm.so:libnativewindow.so:libOpenMAXAL.so:libOpenSLES.so:libRS.so:libstdc++.so:libsync.so:libvulkan.so:libwebviewchromium_plat_support.so:libz.so
09-26 12:17:56.736  6297  6297 D nativeloader: Configuring clns-1 for other apk . target_sdk_version=0, uses_libraries=ALL, library_path=, permitted_path=/data:/mnt/expand
09-26 12:17:56.736  6297  6297 D nativeloader: InitExtendedPublicLibraries: libbinauralrenderer_wrapper.qti.so:libhoaeffects.qti.so:libmisys_jni.xiaomi.so:libpag.hyperos.so:libffavc.hyperos.so:libxiaomi_modemdumpsdx55_jni.modem.so:libxiaomi_modemdump_jni.modem.so:libmodemsmartengine_jni.modem.so:libupdateprof.qti.so:libthermalclient.qti.so:libdiag_system.qti.so:libqape.qti.so:libqesdk_ndk_platform.qti.so:liblistenjni.qti.so:libautoui_image.xiaomi.so
09-26 12:17:56.736  6297  6297 D nativeloader: Extending system_exposed_libraries: libbinauralrenderer_wrapper.qti.so:libhoaeffects.qti.so:libmisys_jni.xiaomi.so:libpag.hyperos.so:libffavc.hyperos.so:libxiaomi_modemdumpsdx55_jni.modem.so:libxiaomi_modemdump_jni.modem.so:libmodemsmartengine_jni.modem.so:libupdateprof.qti.so:libthermalclient.qti.so:libdiag_system.qti.so:libqape.qti.so:libqesdk_ndk_platform.qti.so:liblistenjni.qti.so:libautoui_image.xiaomi.so
09-26 12:17:56.737  6297  6297 D nativeloader: InitApexLibraries:
09-26 12:17:56.737  6297  6297 D nativeloader:   
09-26 12:17:56.737  6297  6297 D nativeloader: InitVendorPublicLibraries: libAIHDIcon.so:libqti-perfd-client.so:libadsprpc.so:libcdsprpc.so:libsdsprpc.so:libfastcvopt.so:libOpenCL.so:libSNPE.so:libmialgo_utils.so:libxmi_slow_motion_mein.so:libmiocr.so:libmiphone_capture_bokeh.so:libanc_single_bokeh.so:libmiphone_dualcam_depth_aideploy.so:libSEGModel.so:libmi266.so
09-26 12:17:56.737  6297  6297 D nativeloader: InitProductPublicLibraries: 
09-26 12:17:56.737  6297  6297 D nativeloader: Load /data/app/~~c4-3tzkGAjjJrkvFPotT8A==/com.waydefu.x11gpu-LRG_nLJwUtdeZ1Qbse0OVA==/base.apk!/lib/arm64-v8a/libXlorie.so using isolated ns clns-1 (caller=/data/app/~~c4-3tzkGAjjJrkvFPotT8A==/com.waydefu.x11gpu-LRG_nLJwUtdeZ1Qbse0OVA==/base.apk): ok
09-26 12:17:56.737  6297  6297 I CmdEntryPoint: commit f592241dfab5ba2913a89d5d3b45f2b03ebffb65
09-26 12:17:56.740  6297  6297 V LorieNative: Using TMPDIR="/data/data/com.termux/files/usr/tmp"
09-26 12:17:56.742  6297  6757 I LorieNative: P2-A.3 diagnostic: D0-D3/E0/E1/Uctx; observe-only; GWP-ASan miss does not exclude heap overflow
09-26 12:17:56.747  6297  6297 D UnionPowerNotifier: check_union_power_ioctl -1
09-26 12:17:56.775  6297  6757 W libc    : Access denied finding property "vendor.migl.debug"
09-26 12:17:56.775  6297  6757 I libMiGL : EnableDR: 0
09-26 12:17:56.775  6297  6757 D libMiGL : mDFIInterval: -1
09-26 12:17:56.781  6297  6757 I AdrenoGLES-0: QUALCOMM build                   : 0a73ec43e7, I489da0dd30
09-26 12:17:56.781  6297  6757 I AdrenoGLES-0: Build Date                       : 02/03/26
09-26 12:17:56.781  6297  6757 I AdrenoGLES-0: OpenGL ES Shader Compiler Version: E031.50.19.18
09-26 12:17:56.781  6297  6757 I AdrenoGLES-0: Local Branch                     : 
09-26 12:17:56.781  6297  6757 I AdrenoGLES-0: Remote Branch                    : refs/tags/AU_LINUX_ANDROID_LA.VENDOR.16.2.0.11.00.00.1195.535
09-26 12:17:56.781  6297  6757 I AdrenoGLES-0: Remote Branch                    : NONE
09-26 12:17:56.781  6297  6757 I AdrenoGLES-0: Reconstruct Branch               : NOTHING
09-26 12:17:56.781  6297  6757 I AdrenoGLES-0: Build Config                     : C P 20.0.0 AArch64
09-26 12:17:56.781  6297  6757 I AdrenoGLES-0: Driver Path                      : /vendor/lib64/egl/libGLESv2_adreno.so
09-26 12:17:56.781  6297  6757 I AdrenoGLES-0: Driver Version                   : 0842.27.1
09-26 12:17:56.781  6297  6757 I AdrenoGLES-0: Process Name                     : termux-x11gpu com.waydefu.x11gpu :3 -noreset
09-26 12:17:56.784  6297  6757 D qdgralloc: Fetching IMapper5 from QtiMapper5
09-26 12:17:56.787  6297  6757 I SnapAlloc: Graphics lib is available
09-26 12:17:56.789  6297  6757 I AdrenoGLES-0: PFP: 0x01510094, ME: 0x01510025
09-26 12:17:56.791  6297  6757 I AdrenoUtils: <ReadGpuID:1333>: Reading chip ID through GSL
09-26 12:17:56.791  6297  6757 E gles-renderer: Xlorie: Initialized EGL version 1.5
09-26 12:17:56.797  6297  6757 I LorieNative: XRender histogram probe installed
09-26 12:17:56.814  6297  6757 D xkbcomp : "The XKEYBOARD keymap compiler (xkbcomp) reports:"
09-26 12:17:56.814  6297  6757 D xkbcomp : "> "Warning:          Multiple symbols for level 1/group 1 on key <FK23>
09-26 12:17:56.814  6297  6757 D xkbcomp : "> "                  Using F23, ignoring XF86TouchpadOff
09-26 12:17:56.814  6297  6757 D xkbcomp : "> "Warning:          Symbol map for key <FK23> redefined
09-26 12:17:56.814  6297  6757 D xkbcomp : "> "                  Using last definition for conflicting fields
09-26 12:17:56.814  6297  6757 D xkbcomp : "> "Warning:          Symbol map for key <FK24> redefined
09-26 12:17:56.814  6297  6757 D xkbcomp : "> "                  Using last definition for conflicting fields
09-26 12:17:56.814  6297  6757 D xkbcomp : "Errors from xkbcomp are not fatal to the X server"
09-26 12:17:56.815  6297  6757 I LorieNative: flight recorder installed path=/data/data/com.termux/files/usr/tmp/x11gpu-flight.ring cap=256
09-26 12:17:56.815  6297  6757 I LorieNative: Sent shared buffer width 1280 stride 1280 height 1024 format 2 type 3 id 0
09-26 12:17:56.815  6297  6757 D LorieNative: Requested stylus: 0, current loriePen 0x0, current lorieEraser 0x0
09-26 12:17:56.815  6297  6757 E tx11-request: window changed: 1200 2464 builtin
09-26 12:17:56.817  6297  6757 I LorieNative: Sent shared buffer width 1200 stride 1216 height 2464 format 2 type 3 id 4
09-26 12:17:56.819  6297  6757 V LorieNative: New reported framerate is 120
09-26 12:17:56.819  6297  6757 D LorieNative: Requested stylus: 0, current loriePen 0x0, current lorieEraser 0x0
09-26 12:17:56.829  6297  6757 D LorieNative: Requested stylus: 0, current loriePen 0x0, current lorieEraser 0x0
09-26 12:17:56.829  6297  6757 E tx11-request: window changed: 1200 2464 builtin
09-26 12:17:56.829  6297  6757 E tx11-request: window changed: 1200 2464 builtin
09-26 12:17:56.829  6297  6757 E tx11-request: window changed: 1200 2464 builtin
09-26 12:18:01.798  6297  6757 I LorieNative: 2 frames in 5.0 seconds = 0.4 FPS, 0/0 present copies offloaded to GPU, 0/0 EXA copies offloaded (0 CPU rects), exa_solid_prepare=10 exa_solid_gpu=0 exa_solid_fallback=10 solid_rects=0 cpu_solid_rects=0 renderer_solid_submits=0 renderer_solid_complete=0 xrender_ops=0 exa_comp_check=0/0 prepare=0/0 gpu_rects=0 cpu_rects=0 done=0
09-26 12:18:07.629  6297  6757 I LorieNative: DRI3: imported raw fd, modifier 0, 1200x1200 stride 4864
09-26 12:18:07.630  6297  6757 I LorieNative: DRI3: imported raw fd, modifier 0, 1200x1200 stride 4864
09-26 12:18:07.630  6297  6757 I LorieNative: DRI3: imported raw fd, modifier 0, 1200x1200 stride 4864
09-26 12:18:07.631  6297  6757 I LorieNative: DRI3: imported raw fd, modifier 0, 1200x1200 stride 4864
09-26 12:18:11.807  6297  6757 I LorieNative: 249 frames in 5.0 seconds = 49.8 FPS, 0/4756 present copies offloaded to GPU, 0/0 EXA copies offloaded (0 CPU rects), exa_solid_prepare=0 exa_solid_gpu=0 exa_solid_fallback=0 solid_rects=0 cpu_solid_rects=0 renderer_solid_submits=0 renderer_solid_complete=0 xrender_ops=0 exa_comp_check=0/0 prepare=0/0 gpu_rects=0 cpu_rects=0 done=0
09-26 12:18:16.818  6297  6757 I LorieNative: 299 frames in 5.0 seconds = 59.8 FPS, 0/5610 present copies offloaded to GPU, 0/0 EXA copies offloaded (0 CPU rects), exa_solid_prepare=0 exa_solid_gpu=0 exa_solid_fallback=0 solid_rects=0 cpu_solid_rects=0 renderer_solid_submits=0 renderer_solid_complete=0 xrender_ops=0 exa_comp_check=0/0 prepare=0/0 gpu_rects=0 cpu_rects=0 done=0
09-26 12:18:21.818  6297  6757 I LorieNative: 51 frames in 5.0 seconds = 10.2 FPS, 0/931 present copies offloaded to GPU, 0/0 EXA copies offloaded (0 CPU rects), exa_solid_prepare=2 exa_solid_gpu=0 exa_solid_fallback=2 solid_rects=0 cpu_solid_rects=0 renderer_solid_submits=0 renderer_solid_complete=0 xrender_ops=0 exa_comp_check=0/0 prepare=0/0 gpu_rects=0 cpu_rects=0 done=0
09-26 12:18:36.477  6297  6757 I LorieNative: DRI3: imported raw fd, modifier 0, 1200x1200 stride 4864
09-26 12:18:36.477  6297  6757 I LorieNative: DRI3: imported raw fd, modifier 0, 1200x1200 stride 4864
09-26 12:18:36.478  6297  6757 I LorieNative: DRI3: imported raw fd, modifier 0, 1200x1200 stride 4864
09-26 12:18:36.821  6297  6757 I LorieNative: 20 frames in 5.0 seconds = 4.0 FPS, 0/174 present copies offloaded to GPU, 0/0 EXA copies offloaded (0 CPU rects), exa_solid_prepare=0 exa_solid_gpu=0 exa_solid_fallback=0 solid_rects=0 cpu_solid_rects=0 renderer_solid_submits=0 renderer_solid_complete=0 xrender_ops=0 exa_comp_check=0/0 prepare=0/0 gpu_rects=0 cpu_rects=0 done=0
09-26 12:18:41.821  6297  6757 I LorieNative: 300 frames in 5.0 seconds = 60.0 FPS, 0/2631 present copies offloaded to GPU, 0/0 EXA copies offloaded (0 CPU rects), exa_solid_prepare=0 exa_solid_gpu=0 exa_solid_fallback=0 solid_rects=0 cpu_solid_rects=0 renderer_solid_submits=0 renderer_solid_complete=0 xrender_ops=0 exa_comp_check=0/0 prepare=0/0 gpu_rects=0 cpu_rects=0 done=0
09-26 12:18:46.821  6297  6757 I LorieNative: 281 frames in 5.0 seconds = 56.2 FPS, 0/2422 present copies offloaded to GPU, 0/0 EXA copies offloaded (0 CPU rects), exa_solid_prepare=2 exa_solid_gpu=0 exa_solid_fallback=2 solid_rects=0 cpu_solid_rects=0 renderer_solid_submits=0 renderer_solid_complete=0 xrender_ops=0 exa_comp_check=0/0 prepare=0/0 gpu_rects=0 cpu_rects=0 done=0
