dbus-daemon[17990]: [session uid=0 pid=17990] org.freedesktop.DBus.Error.AccessDenied: Failed to set fd limit to 65536: Operation not permitted
dbus-daemon[17990]: [session uid=0 pid=17990] Activating service name='org.xfce.Xfconf' requested by ':1.0' (uid=0 pid=17994 comm="xfce4-session" label="u:r:untrusted_app_27:s0:c109,c257,c512,c768")
dbus-daemon[17990]: [session uid=0 pid=17990] Successfully activated service 'org.xfce.Xfconf'
/usr/bin/iceauth:  creating new authority file /tmp/xfce-x3-run-20260926024515-16665/runtime/ICEauthority
dbus-daemon[17990]: [session uid=0 pid=17990] Activating service name='org.gtk.vfs.Daemon' requested by ':1.2' (uid=0 pid=18014 comm="xfwm4" label="u:r:untrusted_app_27:s0:c109,c257,c512,c768")
dbus-daemon[17990]: [session uid=0 pid=17990] Successfully activated service 'org.gtk.vfs.Daemon'

(xfsettingsd:18087): libupower-glib-WARNING **: 02:45:32.760: Couldn't connect to proxy: Could not connect: No such file or directory
dbus-daemon[17990]: [session uid=0 pid=17990] Activating service name='org.freedesktop.thumbnails.Thumbnailer1' requested by ':1.7' (uid=0 pid=18250 comm="xfdesktop" label="u:r:untrusted_app_27:s0:c109,c257,c512,c768")

(tumblerd:18305): tumblerd-WARNING **: 02:45:33.213: Couldn't change nice value of process.
libclock-Message: 02:45:33.357: could not get proxy for org.freedesktop.login1

(xfce4-panel:18205): libclock-WARNING **: 02:45:33.358: could not instantiate a sleep monitor
dbus-daemon[17990]: [session uid=0 pid=17990] Activating service name='org.gtk.vfs.UDisks2VolumeMonitor' requested by ':1.8' (uid=0 pid=18305 comm="/usr/lib/aarch64-linux-gnu/tumbler-1/tumblerd" label="u:r:untrusted_app_27:s0:c109,c257,c512,c768")

(process:19060): GVFS-UDisks2-WARNING **: 02:45:34.050: Failed to connect to UDisks: Could not connect: No such file or directory

(process:19060): GVFS-RemoteVolumeMonitorDaemon-WARNING **: 02:45:34.051: monitor says it's not supported
dbus-daemon[17990]: [session uid=0 pid=17990] Successfully activated service 'org.gtk.vfs.UDisks2VolumeMonitor'

(process:19060): GVFS-RemoteVolumeMonitorDaemon-WARNING **: 02:45:34.054: monitor says it's not supported

(tumblerd:18305): GVFS-RemoteVolumeMonitor-WARNING **: 02:45:34.054: remote volume monitor with dbus name org.gtk.vfs.UDisks2VolumeMonitor is not supported

(tumblerd:18305): GLib-GIO-WARNING **: 02:45:34.056: Error creating IO channel for /proc/self/mountinfo: Operation not permitted (g-io-error-quark, 14)
dbus-daemon[17990]: [session uid=0 pid=17990] Activating service name='org.gtk.vfs.AfcVolumeMonitor' requested by ':1.8' (uid=0 pid=18305 comm="/usr/lib/aarch64-linux-gnu/tumbler-1/tumblerd" label="u:r:untrusted_app_27:s0:c109,c257,c512,c768")
dbus-daemon[17990]: [session uid=0 pid=17990] Successfully activated service 'org.gtk.vfs.AfcVolumeMonitor'
dbus-daemon[17990]: [session uid=0 pid=17990] Activating service name='org.gtk.vfs.MTPVolumeMonitor' requested by ':1.8' (uid=0 pid=18305 comm="/usr/lib/aarch64-linux-gnu/tumbler-1/tumblerd" label="u:r:untrusted_app_27:s0:c109,c257,c512,c768")
dbus-daemon[17990]: [session uid=0 pid=17990] Successfully activated service 'org.gtk.vfs.MTPVolumeMonitor'
dbus-daemon[17990]: [session uid=0 pid=17990] Activating service name='org.gtk.vfs.GPhoto2VolumeMonitor' requested by ':1.8' (uid=0 pid=18305 comm="/usr/lib/aarch64-linux-gnu/tumbler-1/tumblerd" label="u:r:untrusted_app_27:s0:c109,c257,c512,c768")
dbus-daemon[17990]: [session uid=0 pid=17990] Successfully activated service 'org.gtk.vfs.GPhoto2VolumeMonitor'
dbus-daemon[17990]: [session uid=0 pid=17990] Activating service name='org.gtk.vfs.GoaVolumeMonitor' requested by ':1.8' (uid=0 pid=18305 comm="/usr/lib/aarch64-linux-gnu/tumbler-1/tumblerd" label="u:r:untrusted_app_27:s0:c109,c257,c512,c768")

(xfce4-session:17994): xfce4-session-WARNING **: 02:45:34.134: failed to run script: Failed to execute child process “/usr/bin/pm-is-supported” (No such file or directory)

(xfce4-session:17994): xfce4-session-WARNING **: 02:45:34.139: failed to run script: Failed to execute child process “/usr/bin/pm-is-supported” (No such file or directory)

(xfce4-session:17994): xfce4-session-WARNING **: 02:45:34.142: failed to run script: Failed to execute child process “/usr/bin/pm-is-supported” (No such file or directory)
dbus-daemon[17990]: [session uid=0 pid=17990] Successfully activated service 'org.gtk.vfs.GoaVolumeMonitor'
dbus-daemon[17990]: [session uid=0 pid=17990] Successfully activated service 'org.freedesktop.thumbnails.Thumbnailer1'
dbus-daemon[17990]: [session uid=0 pid=17990] Activating service name='org.xfce.Notifyd' requested by ':1.9' (uid=0 pid=18358 comm="/usr/lib/aarch64-linux-gnu/xfce4/panel/wrapper-2.0" label="u:r:untrusted_app_27:s0:c109,c257,c512,c768")

(xfdesktop:18250): GLib-GObject-CRITICAL **: 02:45:34.190: g_object_unref: assertion 'G_IS_OBJECT (object)' failed

(process:19060): GVFS-RemoteVolumeMonitorDaemon-WARNING **: 02:45:34.225: monitor says it's not supported

(xfdesktop:18250): GVFS-RemoteVolumeMonitor-WARNING **: 02:45:34.226: remote volume monitor with dbus name org.gtk.vfs.UDisks2VolumeMonitor is not supported

(xfdesktop:18250): GLib-GIO-WARNING **: 02:45:34.228: Error creating IO channel for /proc/self/mountinfo: Operation not permitted (g-io-error-quark, 14)
dbus-daemon[17990]: [session uid=0 pid=17990] Successfully activated service 'org.xfce.Notifyd'

(process:19187): GLib-GIO-WARNING **: 02:45:34.279: Error creating IO channel for /proc/self/mountinfo: Operation not permitted (g-io-error-quark, 14)
dbus-daemon[17990]: [session uid=0 pid=17990] Activating service name='org.gtk.vfs.Metadata' requested by ':1.7' (uid=0 pid=18250 comm="xfdesktop" label="u:r:untrusted_app_27:s0:c109,c257,c512,c768")
dbus-daemon[17990]: [session uid=0 pid=17990] Successfully activated service 'org.gtk.vfs.Metadata'

** (xfdesktop:18250): WARNING **: 02:45:34.450: Failed to get system bus: Could not connect: No such file or directory

(xfconfd:18006): xfconfd-WARNING **: 02:48:28.301: Name org.xfce.Xfconf lost on the message dbus, exiting.
A connection to the bus can't be made

(xfsettingsd:18087): xfconf-WARNING **: 02:48:28.304: Failed to set property "keyboards::/Default/Numlock": The connection is closed

(tumblerd:18305): tumblerd-CRITICAL **: 02:48:28.305: Name org.freedesktop.thumbnails.Cache1 lost on the message dbus, exiting.

(tumblerd:18305): tumblerd-CRITICAL **: 02:48:28.305: Name org.freedesktop.thumbnails.Manager1 lost on the message dbus, exiting.

(tumblerd:18305): tumblerd-CRITICAL **: 02:48:28.305: Name org.freedesktop.thumbnails.Thumbnailer1 lost on the message dbus, exiting.
A connection to the bus can't be made
Another notification daemon is running, exiting
Another notification daemon is running, exiting
