dbus-daemon[16659]: [session uid=0 pid=16659] org.freedesktop.DBus.Error.AccessDenied: Failed to set fd limit to 65536: Operation not permitted
dbus-daemon[16659]: [session uid=0 pid=16659] Activating service name='org.xfce.Xfconf' requested by ':1.0' (uid=0 pid=16671 comm="xfce4-session" label="u:r:untrusted_app_27:s0:c109,c257,c512,c768")
dbus-daemon[16659]: [session uid=0 pid=16659] Successfully activated service 'org.xfce.Xfconf'
/usr/bin/iceauth:  creating new authority file /tmp/xfce-x3-run-20260925171512-15400/runtime/ICEauthority
dbus-daemon[16659]: [session uid=0 pid=16659] Activating service name='org.gtk.vfs.Daemon' requested by ':1.2' (uid=0 pid=16684 comm="xfwm4" label="u:r:untrusted_app_27:s0:c109,c257,c512,c768")
dbus-daemon[16659]: [session uid=0 pid=16659] Successfully activated service 'org.gtk.vfs.Daemon'

(xfsettingsd:16742): libupower-glib-WARNING **: 17:15:30.054: Couldn't connect to proxy: Could not connect: No such file or directory
dbus-daemon[16659]: [session uid=0 pid=16659] Activating service name='org.freedesktop.thumbnails.Thumbnailer1' requested by ':1.7' (uid=0 pid=16767 comm="xfdesktop" label="u:r:untrusted_app_27:s0:c109,c257,c512,c768")

(tumblerd:16783): tumblerd-WARNING **: 17:15:30.575: Couldn't change nice value of process.
libclock-Message: 17:15:30.655: could not get proxy for org.freedesktop.login1

(xfce4-panel:16748): libclock-WARNING **: 17:15:30.656: could not instantiate a sleep monitor

(xfce4-session:16671): xfce4-session-WARNING **: 17:15:31.440: failed to run script: Failed to execute child process “/usr/bin/pm-is-supported” (No such file or directory)

(xfce4-session:16671): xfce4-session-WARNING **: 17:15:31.459: failed to run script: Failed to execute child process “/usr/bin/pm-is-supported” (No such file or directory)

(xfce4-session:16671): xfce4-session-WARNING **: 17:15:31.466: failed to run script: Failed to execute child process “/usr/bin/pm-is-supported” (No such file or directory)
dbus-daemon[16659]: [session uid=0 pid=16659] Activating service name='org.xfce.Notifyd' requested by ':1.9' (uid=0 pid=16788 comm="/usr/lib/aarch64-linux-gnu/xfce4/panel/wrapper-2.0" label="u:r:untrusted_app_27:s0:c109,c257,c512,c768")
dbus-daemon[16659]: [session uid=0 pid=16659] Successfully activated service 'org.xfce.Notifyd'
dbus-daemon[16659]: [session uid=0 pid=16659] Activating service name='org.gtk.vfs.UDisks2VolumeMonitor' requested by ':1.8' (uid=0 pid=16783 comm="/usr/lib/aarch64-linux-gnu/tumbler-1/tumblerd" label="u:r:untrusted_app_27:s0:c109,c257,c512,c768")

(process:17221): GVFS-UDisks2-WARNING **: 17:15:31.759: Failed to connect to UDisks: Could not connect: No such file or directory

(process:17221): GVFS-RemoteVolumeMonitorDaemon-WARNING **: 17:15:31.759: monitor says it's not supported
dbus-daemon[16659]: [session uid=0 pid=16659] Successfully activated service 'org.gtk.vfs.UDisks2VolumeMonitor'

(process:17221): GVFS-RemoteVolumeMonitorDaemon-WARNING **: 17:15:31.767: monitor says it's not supported

(tumblerd:16783): GVFS-RemoteVolumeMonitor-WARNING **: 17:15:31.768: remote volume monitor with dbus name org.gtk.vfs.UDisks2VolumeMonitor is not supported

(tumblerd:16783): GLib-GIO-WARNING **: 17:15:31.770: Error creating IO channel for /proc/self/mountinfo: Operation not permitted (g-io-error-quark, 14)
dbus-daemon[16659]: [session uid=0 pid=16659] Activating service name='org.gtk.vfs.AfcVolumeMonitor' requested by ':1.8' (uid=0 pid=16783 comm="/usr/lib/aarch64-linux-gnu/tumbler-1/tumblerd" label="u:r:untrusted_app_27:s0:c109,c257,c512,c768")
dbus-daemon[16659]: [session uid=0 pid=16659] Successfully activated service 'org.gtk.vfs.AfcVolumeMonitor'
dbus-daemon[16659]: [session uid=0 pid=16659] Activating service name='org.gtk.vfs.MTPVolumeMonitor' requested by ':1.8' (uid=0 pid=16783 comm="/usr/lib/aarch64-linux-gnu/tumbler-1/tumblerd" label="u:r:untrusted_app_27:s0:c109,c257,c512,c768")
dbus-daemon[16659]: [session uid=0 pid=16659] Successfully activated service 'org.gtk.vfs.MTPVolumeMonitor'
dbus-daemon[16659]: [session uid=0 pid=16659] Activating service name='org.gtk.vfs.GPhoto2VolumeMonitor' requested by ':1.8' (uid=0 pid=16783 comm="/usr/lib/aarch64-linux-gnu/tumbler-1/tumblerd" label="u:r:untrusted_app_27:s0:c109,c257,c512,c768")
dbus-daemon[16659]: [session uid=0 pid=16659] Successfully activated service 'org.gtk.vfs.GPhoto2VolumeMonitor'
dbus-daemon[16659]: [session uid=0 pid=16659] Activating service name='org.gtk.vfs.GoaVolumeMonitor' requested by ':1.8' (uid=0 pid=16783 comm="/usr/lib/aarch64-linux-gnu/tumbler-1/tumblerd" label="u:r:untrusted_app_27:s0:c109,c257,c512,c768")
dbus-daemon[16659]: [session uid=0 pid=16659] Successfully activated service 'org.gtk.vfs.GoaVolumeMonitor'
dbus-daemon[16659]: [session uid=0 pid=16659] Successfully activated service 'org.freedesktop.thumbnails.Thumbnailer1'

(xfdesktop:16767): GLib-GObject-CRITICAL **: 17:15:31.928: g_object_unref: assertion 'G_IS_OBJECT (object)' failed

(process:17221): GVFS-RemoteVolumeMonitorDaemon-WARNING **: 17:15:31.951: monitor says it's not supported

(xfdesktop:16767): GVFS-RemoteVolumeMonitor-WARNING **: 17:15:31.951: remote volume monitor with dbus name org.gtk.vfs.UDisks2VolumeMonitor is not supported

(xfdesktop:16767): GLib-GIO-WARNING **: 17:15:31.954: Error creating IO channel for /proc/self/mountinfo: Operation not permitted (g-io-error-quark, 14)

(process:17291): GLib-GIO-WARNING **: 17:15:32.009: Error creating IO channel for /proc/self/mountinfo: Operation not permitted (g-io-error-quark, 14)
dbus-daemon[16659]: [session uid=0 pid=16659] Activating service name='org.gtk.vfs.Metadata' requested by ':1.7' (uid=0 pid=16767 comm="xfdesktop" label="u:r:untrusted_app_27:s0:c109,c257,c512,c768")
dbus-daemon[16659]: [session uid=0 pid=16659] Successfully activated service 'org.gtk.vfs.Metadata'

** (xfdesktop:16767): WARNING **: 17:15:32.177: Failed to get system bus: Could not connect: No such file or directory
A connection to the bus can't be made

(tumblerd:16783): tumblerd-CRITICAL **: 17:18:25.956: Name org.freedesktop.thumbnails.Cache1 lost on the message dbus, exiting.

(tumblerd:16783): tumblerd-CRITICAL **: 17:18:25.956: Name org.freedesktop.thumbnails.Manager1 lost on the message dbus, exiting.

(tumblerd:16783): tumblerd-CRITICAL **: 17:18:25.957: Name org.freedesktop.thumbnails.Thumbnailer1 lost on the message dbus, exiting.

(xfconfd:16676): xfconfd-WARNING **: 17:18:25.963: Name org.xfce.Xfconf lost on the message dbus, exiting.
Another notification daemon is running, exiting
Another notification daemon is running, exiting
A connection to the bus can't be made
