dbus-daemon[29981]: [session uid=0 pid=29981] org.freedesktop.DBus.Error.AccessDenied: Failed to set fd limit to 65536: Operation not permitted
dbus-daemon[29981]: [session uid=0 pid=29981] Activating service name='org.xfce.Xfconf' requested by ':1.0' (uid=0 pid=29985 comm="xfce4-session" label="u:r:untrusted_app_27:s0:c109,c257,c512,c768")
dbus-daemon[29981]: [session uid=0 pid=29981] Successfully activated service 'org.xfce.Xfconf'
/usr/bin/iceauth:  creating new authority file /tmp/xfce-x3-run-20260923160711-28728/runtime/ICEauthority
dbus-daemon[29981]: [session uid=0 pid=29981] Activating service name='org.gtk.vfs.Daemon' requested by ':1.2' (uid=0 pid=29998 comm="xfwm4" label="u:r:untrusted_app_27:s0:c109,c257,c512,c768")
dbus-daemon[29981]: [session uid=0 pid=29981] Successfully activated service 'org.gtk.vfs.Daemon'

(xfsettingsd:30104): libupower-glib-WARNING **: 16:07:31.750: Couldn't connect to proxy: Could not connect: No such file or directory
dbus-daemon[29981]: [session uid=0 pid=29981] Activating service name='org.freedesktop.thumbnails.Thumbnailer1' requested by ':1.7' (uid=0 pid=30144 comm="xfdesktop" label="u:r:untrusted_app_27:s0:c109,c257,c512,c768")

(tumblerd:30156): tumblerd-WARNING **: 16:07:33.023: Couldn't change nice value of process.
libclock-Message: 16:07:33.275: could not get proxy for org.freedesktop.login1

(xfce4-panel:30131): libclock-WARNING **: 16:07:33.276: could not instantiate a sleep monitor
dbus-daemon[29981]: [session uid=0 pid=29981] Activating service name='org.gtk.vfs.UDisks2VolumeMonitor' requested by ':1.8' (uid=0 pid=30156 comm="/usr/lib/aarch64-linux-gnu/tumbler-1/tumblerd" label="u:r:untrusted_app_27:s0:c109,c257,c512,c768")

(process:30195): GVFS-UDisks2-WARNING **: 16:07:34.257: Failed to connect to UDisks: Could not connect: No such file or directory

(process:30195): GVFS-RemoteVolumeMonitorDaemon-WARNING **: 16:07:34.257: monitor says it's not supported
dbus-daemon[29981]: [session uid=0 pid=29981] Successfully activated service 'org.gtk.vfs.UDisks2VolumeMonitor'

(process:30195): GVFS-RemoteVolumeMonitorDaemon-WARNING **: 16:07:34.266: monitor says it's not supported

(tumblerd:30156): GVFS-RemoteVolumeMonitor-WARNING **: 16:07:34.267: remote volume monitor with dbus name org.gtk.vfs.UDisks2VolumeMonitor is not supported

(tumblerd:30156): GLib-GIO-WARNING **: 16:07:34.271: Error creating IO channel for /proc/self/mountinfo: Operation not permitted (g-io-error-quark, 14)
dbus-daemon[29981]: [session uid=0 pid=29981] Activating service name='org.gtk.vfs.AfcVolumeMonitor' requested by ':1.8' (uid=0 pid=30156 comm="/usr/lib/aarch64-linux-gnu/tumbler-1/tumblerd" label="u:r:untrusted_app_27:s0:c109,c257,c512,c768")
dbus-daemon[29981]: [session uid=0 pid=29981] Successfully activated service 'org.gtk.vfs.AfcVolumeMonitor'
dbus-daemon[29981]: [session uid=0 pid=29981] Activating service name='org.gtk.vfs.MTPVolumeMonitor' requested by ':1.8' (uid=0 pid=30156 comm="/usr/lib/aarch64-linux-gnu/tumbler-1/tumblerd" label="u:r:untrusted_app_27:s0:c109,c257,c512,c768")
dbus-daemon[29981]: [session uid=0 pid=29981] Successfully activated service 'org.gtk.vfs.MTPVolumeMonitor'
dbus-daemon[29981]: [session uid=0 pid=29981] Activating service name='org.gtk.vfs.GPhoto2VolumeMonitor' requested by ':1.8' (uid=0 pid=30156 comm="/usr/lib/aarch64-linux-gnu/tumbler-1/tumblerd" label="u:r:untrusted_app_27:s0:c109,c257,c512,c768")
dbus-daemon[29981]: [session uid=0 pid=29981] Successfully activated service 'org.gtk.vfs.GPhoto2VolumeMonitor'
dbus-daemon[29981]: [session uid=0 pid=29981] Activating service name='org.gtk.vfs.GoaVolumeMonitor' requested by ':1.8' (uid=0 pid=30156 comm="/usr/lib/aarch64-linux-gnu/tumbler-1/tumblerd" label="u:r:untrusted_app_27:s0:c109,c257,c512,c768")
dbus-daemon[29981]: [session uid=0 pid=29981] Successfully activated service 'org.gtk.vfs.GoaVolumeMonitor'

(xfce4-session:29985): xfce4-session-WARNING **: 16:07:34.573: failed to run script: Failed to execute child process “/usr/bin/pm-is-supported” (No such file or directory)

(xfce4-session:29985): xfce4-session-WARNING **: 16:07:34.594: failed to run script: Failed to execute child process “/usr/bin/pm-is-supported” (No such file or directory)
dbus-daemon[29981]: [session uid=0 pid=29981] Successfully activated service 'org.freedesktop.thumbnails.Thumbnailer1'

(xfce4-session:29985): xfce4-session-WARNING **: 16:07:34.603: failed to run script: Failed to execute child process “/usr/bin/pm-is-supported” (No such file or directory)

(xfdesktop:30144): GLib-GObject-CRITICAL **: 16:07:34.645: g_object_unref: assertion 'G_IS_OBJECT (object)' failed

(process:30195): GVFS-RemoteVolumeMonitorDaemon-WARNING **: 16:07:34.710: monitor says it's not supported

(xfdesktop:30144): GVFS-RemoteVolumeMonitor-WARNING **: 16:07:34.710: remote volume monitor with dbus name org.gtk.vfs.UDisks2VolumeMonitor is not supported

(xfdesktop:30144): GLib-GIO-WARNING **: 16:07:34.713: Error creating IO channel for /proc/self/mountinfo: Operation not permitted (g-io-error-quark, 14)

(process:30266): GLib-GIO-WARNING **: 16:07:34.790: Error creating IO channel for /proc/self/mountinfo: Operation not permitted (g-io-error-quark, 14)
dbus-daemon[29981]: [session uid=0 pid=29981] Activating service name='org.xfce.Notifyd' requested by ':1.9' (uid=0 pid=30166 comm="/usr/lib/aarch64-linux-gnu/xfce4/panel/wrapper-2.0" label="u:r:untrusted_app_27:s0:c109,c257,c512,c768")
dbus-daemon[29981]: [session uid=0 pid=29981] Activating service name='org.gtk.vfs.Metadata' requested by ':1.7' (uid=0 pid=30144 comm="xfdesktop" label="u:r:untrusted_app_27:s0:c109,c257,c512,c768")
dbus-daemon[29981]: [session uid=0 pid=29981] Successfully activated service 'org.gtk.vfs.Metadata'
dbus-daemon[29981]: [session uid=0 pid=29981] Successfully activated service 'org.xfce.Notifyd'

** (xfdesktop:30144): WARNING **: 16:07:35.192: Failed to get system bus: Could not connect: No such file or directory
A connection to the bus can't be made
A connection to the bus can't be made

(xfconfd:29990): xfconfd-WARNING **: 16:10:28.975: Name org.xfce.Xfconf lost on the message dbus, exiting.

(tumblerd:30156): tumblerd-CRITICAL **: 16:10:28.982: Name org.freedesktop.thumbnails.Cache1 lost on the message dbus, exiting.

(tumblerd:30156): tumblerd-CRITICAL **: 16:10:28.982: Name org.freedesktop.thumbnails.Manager1 lost on the message dbus, exiting.

(tumblerd:30156): tumblerd-CRITICAL **: 16:10:28.983: Name org.freedesktop.thumbnails.Thumbnailer1 lost on the message dbus, exiting.
Another notification daemon is running, exiting
Another notification daemon is running, exiting

(xfsettingsd:30104): xfconf-WARNING **: 16:10:28.997: Failed to set property "keyboards::/Default/Numlock": The connection is closed
