dbus-daemon[17029]: [session uid=0 pid=17029] org.freedesktop.DBus.Error.AccessDenied: Failed to set fd limit to 65536: Operation not permitted
dbus-daemon[17029]: [session uid=0 pid=17029] Activating service name='org.xfce.Xfconf' requested by ':1.0' (uid=0 pid=17039 comm="xfce4-session" label="u:r:untrusted_app_27:s0:c109,c257,c512,c768")
dbus-daemon[17029]: [session uid=0 pid=17029] Successfully activated service 'org.xfce.Xfconf'
/usr/bin/iceauth:  creating new authority file /tmp/xfce-x3-run-20260926021453-14870/runtime/ICEauthority
dbus-daemon[17029]: [session uid=0 pid=17029] Activating service name='org.gtk.vfs.Daemon' requested by ':1.2' (uid=0 pid=17101 comm="xfwm4" label="u:r:untrusted_app_27:s0:c109,c257,c512,c768")
dbus-daemon[17029]: [session uid=0 pid=17029] Successfully activated service 'org.gtk.vfs.Daemon'

(xfsettingsd:17179): libupower-glib-WARNING **: 02:15:12.771: Couldn't connect to proxy: Could not connect: No such file or directory
dbus-daemon[17029]: [session uid=0 pid=17029] Activating service name='org.freedesktop.thumbnails.Thumbnailer1' requested by ':1.7' (uid=0 pid=17201 comm="xfdesktop" label="u:r:untrusted_app_27:s0:c109,c257,c512,c768")

(tumblerd:17278): tumblerd-WARNING **: 02:15:13.293: Couldn't change nice value of process.
libclock-Message: 02:15:13.406: could not get proxy for org.freedesktop.login1

(xfce4-panel:17186): libclock-WARNING **: 02:15:13.406: could not instantiate a sleep monitor
dbus-daemon[17029]: [session uid=0 pid=17029] Activating service name='org.gtk.vfs.UDisks2VolumeMonitor' requested by ':1.8' (uid=0 pid=17278 comm="/usr/lib/aarch64-linux-gnu/tumbler-1/tumblerd" label="u:r:untrusted_app_27:s0:c109,c257,c512,c768")

(process:17513): GVFS-UDisks2-WARNING **: 02:15:14.076: Failed to connect to UDisks: Could not connect: No such file or directory

(process:17513): GVFS-RemoteVolumeMonitorDaemon-WARNING **: 02:15:14.076: monitor says it's not supported
dbus-daemon[17029]: [session uid=0 pid=17029] Successfully activated service 'org.gtk.vfs.UDisks2VolumeMonitor'

(process:17513): GVFS-RemoteVolumeMonitorDaemon-WARNING **: 02:15:14.079: monitor says it's not supported

(tumblerd:17278): GVFS-RemoteVolumeMonitor-WARNING **: 02:15:14.080: remote volume monitor with dbus name org.gtk.vfs.UDisks2VolumeMonitor is not supported

(tumblerd:17278): GLib-GIO-WARNING **: 02:15:14.082: Error creating IO channel for /proc/self/mountinfo: Operation not permitted (g-io-error-quark, 14)
dbus-daemon[17029]: [session uid=0 pid=17029] Activating service name='org.gtk.vfs.AfcVolumeMonitor' requested by ':1.8' (uid=0 pid=17278 comm="/usr/lib/aarch64-linux-gnu/tumbler-1/tumblerd" label="u:r:untrusted_app_27:s0:c109,c257,c512,c768")
dbus-daemon[17029]: [session uid=0 pid=17029] Successfully activated service 'org.gtk.vfs.AfcVolumeMonitor'
dbus-daemon[17029]: [session uid=0 pid=17029] Activating service name='org.gtk.vfs.MTPVolumeMonitor' requested by ':1.8' (uid=0 pid=17278 comm="/usr/lib/aarch64-linux-gnu/tumbler-1/tumblerd" label="u:r:untrusted_app_27:s0:c109,c257,c512,c768")
dbus-daemon[17029]: [session uid=0 pid=17029] Successfully activated service 'org.gtk.vfs.MTPVolumeMonitor'
dbus-daemon[17029]: [session uid=0 pid=17029] Activating service name='org.gtk.vfs.GPhoto2VolumeMonitor' requested by ':1.8' (uid=0 pid=17278 comm="/usr/lib/aarch64-linux-gnu/tumbler-1/tumblerd" label="u:r:untrusted_app_27:s0:c109,c257,c512,c768")
dbus-daemon[17029]: [session uid=0 pid=17029] Successfully activated service 'org.gtk.vfs.GPhoto2VolumeMonitor'
dbus-daemon[17029]: [session uid=0 pid=17029] Activating service name='org.gtk.vfs.GoaVolumeMonitor' requested by ':1.8' (uid=0 pid=17278 comm="/usr/lib/aarch64-linux-gnu/tumbler-1/tumblerd" label="u:r:untrusted_app_27:s0:c109,c257,c512,c768")

(xfce4-session:17039): xfce4-session-WARNING **: 02:15:14.184: failed to run script: Failed to execute child process “/usr/bin/pm-is-supported” (No such file or directory)
dbus-daemon[17029]: [session uid=0 pid=17029] Successfully activated service 'org.gtk.vfs.GoaVolumeMonitor'

(xfce4-session:17039): xfce4-session-WARNING **: 02:15:14.187: failed to run script: Failed to execute child process “/usr/bin/pm-is-supported” (No such file or directory)

(xfce4-session:17039): xfce4-session-WARNING **: 02:15:14.192: failed to run script: Failed to execute child process “/usr/bin/pm-is-supported” (No such file or directory)
dbus-daemon[17029]: [session uid=0 pid=17029] Successfully activated service 'org.freedesktop.thumbnails.Thumbnailer1'
dbus-daemon[17029]: [session uid=0 pid=17029] Activating service name='org.xfce.Notifyd' requested by ':1.9' (uid=0 pid=17301 comm="/usr/lib/aarch64-linux-gnu/xfce4/panel/wrapper-2.0" label="u:r:untrusted_app_27:s0:c109,c257,c512,c768")

(xfdesktop:17201): GLib-GObject-CRITICAL **: 02:15:14.228: g_object_unref: assertion 'G_IS_OBJECT (object)' failed

(process:17513): GVFS-RemoteVolumeMonitorDaemon-WARNING **: 02:15:14.267: monitor says it's not supported

(xfdesktop:17201): GVFS-RemoteVolumeMonitor-WARNING **: 02:15:14.268: remote volume monitor with dbus name org.gtk.vfs.UDisks2VolumeMonitor is not supported

(xfdesktop:17201): GLib-GIO-WARNING **: 02:15:14.272: Error creating IO channel for /proc/self/mountinfo: Operation not permitted (g-io-error-quark, 14)
dbus-daemon[17029]: [session uid=0 pid=17029] Successfully activated service 'org.xfce.Notifyd'

(process:17594): GLib-GIO-WARNING **: 02:15:14.328: Error creating IO channel for /proc/self/mountinfo: Operation not permitted (g-io-error-quark, 14)
dbus-daemon[17029]: [session uid=0 pid=17029] Activating service name='org.gtk.vfs.Metadata' requested by ':1.7' (uid=0 pid=17201 comm="xfdesktop" label="u:r:untrusted_app_27:s0:c109,c257,c512,c768")
dbus-daemon[17029]: [session uid=0 pid=17029] Successfully activated service 'org.gtk.vfs.Metadata'

** (xfdesktop:17201): WARNING **: 02:15:14.488: Failed to get system bus: Could not connect: No such file or directory

(xfconfd:17089): xfconfd-WARNING **: 02:18:08.422: Name org.xfce.Xfconf lost on the message dbus, exiting.

(xfsettingsd:17179): xfconf-WARNING **: 02:18:08.423: Failed to set property "keyboards::/Default/Numlock": The connection is closed
A connection to the bus can't be made

(tumblerd:17278): tumblerd-CRITICAL **: 02:18:08.426: Name org.freedesktop.thumbnails.Cache1 lost on the message dbus, exiting.

(tumblerd:17278): tumblerd-CRITICAL **: 02:18:08.426: Name org.freedesktop.thumbnails.Manager1 lost on the message dbus, exiting.

(tumblerd:17278): tumblerd-CRITICAL **: 02:18:08.426: Name org.freedesktop.thumbnails.Thumbnailer1 lost on the message dbus, exiting.
A connection to the bus can't be made
Another notification daemon is running, exiting
Another notification daemon is running, exiting
